127.0.0.1 - - [18/Apr/2023:23:40:15 +0000] "GET / HTTP/1.1" 200 4263 "-" "curl/7.68.0"
172.20.0.1 - - [18/Apr/2023:23:40:17 +0000] "PUT /api/v1/layouts/refactor HTTP/1.1" 200 7774 "http://localhost:8080/app/healthheroappsmith-2/doctor-page-2-643f284afbcecc56f0478b58/edit/widgets/hx5zv8dcpy?branch=master" "Mozilla/5.0 (Macintosh; Intel Mac OS X 10_15_7) AppleWebKit/537.36 (KHTML, like Gecko) Chrome/112.0.0.0 Safari/537.36"
172.20.0.1 - - [18/Apr/2023:23:40:17 +0000] "GET /api/v1/collections/actions?pageId=643f284afbcecc56f0478b58 HTTP/1.1" 200 101 "http://localhost:8080/app/healthheroappsmith-2/doctor-page-2-643f284afbcecc56f0478b58/edit?branch=master" "Mozilla/5.0 (Macintosh; Intel Mac OS X 10_15_7) AppleWebKit/537.36 (KHTML, like Gecko) Chrome/112.0.0.0 Safari/537.36"
172.20.0.1 - - [18/Apr/2023:23:40:17 +0000] "GET /api/v1/actions?pageId=643f284afbcecc56f0478b58 HTTP/1.1" 200 832 "http://localhost:8080/app/healthheroappsmith-2/doctor-page-2-643f284afbcecc56f0478b58/edit?branch=master" "Mozilla/5.0 (Macintosh; Intel Mac OS X 10_15_7) AppleWebKit/537.36 (KHTML, like Gecko) Chrome/112.0.0.0 Safari/537.36"
172.20.0.1 - - [18/Apr/2023:23:40:25 +0000] "GET /api/v1/git/status/app/643f2841fbcecc56f0478b4b?branchName=master HTTP/1.1" 200 421 "http://localhost:8080/app/healthheroappsmith-2/doctor-page-2-643f284afbcecc56f0478b58/edit?branch=master" "Mozilla/5.0 (Macintosh; Intel Mac OS X 10_15_7) AppleWebKit/537.36 (KHTML, like Gecko) Chrome/112.0.0.0 Safari/537.36"
127.0.0.1 - - [18/Apr/2023:23:40:30 +0000] "GET / HTTP/1.1" 200 4263 "-" "curl/7.68.0"
172.20.0.1 - - [18/Apr/2023:23:40:40 +0000] "POST /api/v1/git/commit/app/643f2841fbcecc56f0478b4b?branchName=master HTTP/1.1" 201 166 "http://localhost:8080/app/healthheroappsmith-2/doctor-page-2-643f284afbcecc56f0478b58/edit?branch=master" "Mozilla/5.0 (Macintosh; Intel Mac OS X 10_15_7) AppleWebKit/537.36 (KHTML, like Gecko) Chrome/112.0.0.0 Safari/537.36"
172.20.0.1 - - [18/Apr/2023:23:40:44 +0000] "GET /api/v1/git/status/app/643f2841fbcecc56f0478b4b?branchName=master HTTP/1.1" 200 296 "http://localhost:8080/app/healthheroappsmith-2/doctor-page-2-643f284afbcecc56f0478b58/edit?branch=master" "Mozilla/5.0 (Macintosh; Intel Mac OS X 10_15_7) AppleWebKit/537.36 (KHTML, like Gecko) Chrome/112.0.0.0 Safari/537.36"
172.20.0.1 - - [18/Apr/2023:23:40:44 +0000] "GET /api/v1/git/profile/default HTTP/1.1" 200 144 "http://localhost:8080/app/healthheroappsmith-2/doctor-page-2-643f284afbcecc56f0478b58/edit/widgets/hx5zv8dcpy?branch=master" "Mozilla/5.0 (Macintosh; Intel Mac OS X 10_15_7) AppleWebKit/537.36 (KHTML, like Gecko) Chrome/112.0.0.0 Safari/537.36"
172.20.0.1 - - [18/Apr/2023:23:40:44 +0000] "GET /api/v1/git/profile/app/643f2841fbcecc56f0478b4b HTTP/1.1" 200 134 "http://localhost:8080/app/healthheroappsmith-2/doctor-page-2-643f284afbcecc56f0478b58/edit/widgets/hx5zv8dcpy?branch=master" "Mozilla/5.0 (Macintosh; Intel Mac OS X 10_15_7) AppleWebKit/537.36 (KHTML, like Gecko) Chrome/112.0.0.0 Safari/537.36"
172.20.0.1 - - [18/Apr/2023:23:40:44 +0000] "GET /api/v1/applications/ssh-keypair/643f2841fbcecc56f0478b4b HTTP/1.1" 200 414 "http://localhost:8080/app/healthheroappsmith-2/doctor-page-2-643f284afbcecc56f0478b58/edit/widgets/hx5zv8dcpy?branch=master" "Mozilla/5.0 (Macintosh; Intel Mac OS X 10_15_7) AppleWebKit/537.36 (KHTML, like Gecko) Chrome/112.0.0.0 Safari/537.36"
127.0.0.1 - - [18/Apr/2023:23:40:45 +0000] "GET / HTTP/1.1" 200 4263 "-" "curl/7.68.0"
172.20.0.1 - - [18/Apr/2023:23:40:47 +0000] "PUT /api/v1/layouts/643f2849fbcecc56f0478b4e/pages/643f284afbcecc56f0478b58?applicationId=643f2841fbcecc56f0478b4b HTTP/1.1" 200 7774 "http://localhost:8080/app/healthheroappsmith-2/doctor-page-2-643f284afbcecc56f0478b58/edit/widgets/hx5zv8dcpy?branch=master" "Mozilla/5.0 (Macintosh; Intel Mac OS X 10_15_7) AppleWebKit/537.36 (KHTML, like Gecko) Chrome/112.0.0.0 Safari/537.36"
172.20.0.1 - - [18/Apr/2023:23:40:49 +0000] "PUT /api/v1/layouts/643f2849fbcecc56f0478b4e/pages/643f284afbcecc56f0478b58?applicationId=643f2841fbcecc56f0478b4b HTTP/1.1" 200 7687 "http://localhost:8080/app/healthheroappsmith-2/doctor-page-2-643f284afbcecc56f0478b58/edit?branch=master" "Mozilla/5.0 (Macintosh; Intel Mac OS X 10_15_7) AppleWebKit/537.36 (KHTML, like Gecko) Chrome/112.0.0.0 Safari/537.36"
172.20.0.1 - - [18/Apr/2023:23:40:58 +0000] "PUT /api/v1/layouts/643f2849fbcecc56f0478b4e/pages/643f284afbcecc56f0478b58?applicationId=643f2841fbcecc56f0478b4b HTTP/1.1" 200 7698 "http://localhost:8080/app/healthheroappsmith-2/doctor-page-2-643f284afbcecc56f0478b58/edit/widgets/w7c4cynj5v?branch=master" "Mozilla/5.0 (Macintosh; Intel Mac OS X 10_15_7) AppleWebKit/537.36 (KHTML, like Gecko) Chrome/112.0.0.0 Safari/537.36"
172.20.0.1 - - [18/Apr/2023:23:40:59 +0000] "PUT /api/v1/layouts/643f2849fbcecc56f0478b4e/pages/643f284afbcecc56f0478b58?applicationId=643f2841fbcecc56f0478b4b HTTP/1.1" 200 7699 "http://localhost:8080/app/healthheroappsmith-2/doctor-page-2-643f284afbcecc56f0478b58/edit?branch=master" "Mozilla/5.0 (Macintosh; Intel Mac OS X 10_15_7) AppleWebKit/537.36 (KHTML, like Gecko) Chrome/112.0.0.0 Safari/537.36"
127.0.0.1 - - [18/Apr/2023:23:41:00 +0000] "GET / HTTP/1.1" 200 4263 "-" "curl/7.68.0"
172.20.0.1 - - [18/Apr/2023:23:41:04 +0000] "PUT /api/v1/layouts/643f2849fbcecc56f0478b4e/pages/643f284afbcecc56f0478b58?applicationId=643f2841fbcecc56f0478b4b HTTP/1.1" 200 8587 "http://localhost:8080/app/healthheroappsmith-2/doctor-page-2-643f284afbcecc56f0478b58/edit/widgets/xbxmmlem11?branch=master" "Mozilla/5.0 (Macintosh; Intel Mac OS X 10_15_7) AppleWebKit/537.36 (KHTML, like Gecko) Chrome/112.0.0.0 Safari/537.36"
172.20.0.1 - - [18/Apr/2023:23:41:07 +0000] "PUT /api/v1/layouts/643f2849fbcecc56f0478b4e/pages/643f284afbcecc56f0478b58?applicationId=643f2841fbcecc56f0478b4b HTTP/1.1" 200 8577 "http://localhost:8080/app/healthheroappsmith-2/doctor-page-2-643f284afbcecc56f0478b58/edit/widgets/xbxmmlem11?branch=master" "Mozilla/5.0 (Macintosh; Intel Mac OS X 10_15_7) AppleWebKit/537.36 (KHTML, like Gecko) Chrome/112.0.0.0 Safari/537.36"
172.20.0.1 - - [18/Apr/2023:23:41:12 +0000] "PUT /api/v1/layouts/643f2849fbcecc56f0478b4e/pages/643f284afbcecc56f0478b58?applicationId=643f2841fbcecc56f0478b4b HTTP/1.1" 200 8768 "http://localhost:8080/app/healthheroappsmith-2/doctor-page-2-643f284afbcecc56f0478b58/edit/widgets/2inh6m5ojc?branch=master" "Mozilla/5.0 (Macintosh; Intel Mac OS X 10_15_7) AppleWebKit/537.36 (KHTML, like Gecko) Chrome/112.0.0.0 Safari/537.36"
127.0.0.1 - - [18/Apr/2023:23:41:16 +0000] "GET / HTTP/1.1" 200 4263 "-" "curl/7.68.0"
172.20.0.1 - - [18/Apr/2023:23:41:17 +0000] "PUT /api/v1/layouts/refactor HTTP/1.1" 200 8777 "http://localhost:8080/app/healthheroappsmith-2/doctor-page-2-643f284afbcecc56f0478b58/edit/widgets/2inh6m5ojc?branch=master" "Mozilla/5.0 (Macintosh; Intel Mac OS X 10_15_7) AppleWebKit/537.36 (KHTML, like Gecko) Chrome/112.0.0.0 Safari/537.36"
172.20.0.1 - - [18/Apr/2023:23:41:18 +0000] "GET /api/v1/collections/actions?pageId=643f284afbcecc56f0478b58 HTTP/1.1" 200 101 "http://localhost:8080/app/healthheroappsmith-2/doctor-page-2-643f284afbcecc56f0478b58/edit/widgets/2inh6m5ojc?branch=master" "Mozilla/5.0 (Macintosh; Intel Mac OS X 10_15_7) AppleWebKit/537.36 (KHTML, like Gecko) Chrome/112.0.0.0 Safari/537.36"
172.20.0.1 - - [18/Apr/2023:23:41:18 +0000] "GET /api/v1/actions?pageId=643f284afbcecc56f0478b58 HTTP/1.1" 200 843 "http://localhost:8080/app/healthheroappsmith-2/doctor-page-2-643f284afbcecc56f0478b58/edit/widgets/2inh6m5ojc?branch=master" "Mozilla/5.0 (Macintosh; Intel Mac OS X 10_15_7) AppleWebKit/537.36 (KHTML, like Gecko) Chrome/112.0.0.0 Safari/537.36"
172.20.0.1 - - [18/Apr/2023:23:41:21 +0000] "PUT /api/v1/layouts/643f2849fbcecc56f0478b4e/pages/643f284afbcecc56f0478b58?applicationId=643f2841fbcecc56f0478b4b HTTP/1.1" 200 8762 "http://localhost:8080/app/healthheroappsmith-2/doctor-page-2-643f284afbcecc56f0478b58/edit/widgets/2inh6m5ojc?branch=master" "Mozilla/5.0 (Macintosh; Intel Mac OS X 10_15_7) AppleWebKit/537.36 (KHTML, like Gecko) Chrome/112.0.0.0 Safari/537.36"
172.20.0.1 - - [18/Apr/2023:23:41:24 +0000] "POST /api/v1/usage-pulse HTTP/1.1" 201 76 "http://localhost:8080/app/healthheroappsmith-2/doctor-page-2-643f284afbcecc56f0478b58/edit?branch=master" "Mozilla/5.0 (Macintosh; Intel Mac OS X 10_15_7) AppleWebKit/537.36 (KHTML, like Gecko) Chrome/112.0.0.0 Safari/537.36"
172.20.0.1 - - [18/Apr/2023:23:41:26 +0000] "PUT /api/v1/layouts/643f2849fbcecc56f0478b4e/pages/643f284afbcecc56f0478b58?applicationId=643f2841fbcecc56f0478b4b HTTP/1.1" 200 8770 "http://localhost:8080/app/healthheroappsmith-2/doctor-page-2-643f284afbcecc56f0478b58/edit/widgets/2inh6m5ojc?branch=master" "Mozilla/5.0 (Macintosh; Intel Mac OS X 10_15_7) AppleWebKit/537.36 (KHTML, like Gecko) Chrome/112.0.0.0 Safari/537.36"
172.20.0.1 - - [18/Apr/2023:23:41:29 +0000] "PUT /api/v1/layouts/643f2849fbcecc56f0478b4e/pages/643f284afbcecc56f0478b58?applicationId=643f2841fbcecc56f0478b4b HTTP/1.1" 200 8856 "http://localhost:8080/app/healthheroappsmith-2/doctor-page-2-643f284afbcecc56f0478b58/edit?branch=master" "Mozilla/5.0 (Macintosh; Intel Mac OS X 10_15_7) AppleWebKit/537.36 (KHTML, like Gecko) Chrome/112.0.0.0 Safari/537.36"
127.0.0.1 - - [18/Apr/2023:23:41:31 +0000] "GET / HTTP/1.1" 200 4263 "-" "curl/7.68.0"
172.20.0.1 - - [18/Apr/2023:23:41:33 +0000] "PUT /api/v1/layouts/643f2849fbcecc56f0478b4e/pages/643f284afbcecc56f0478b58?applicationId=643f2841fbcecc56f0478b4b HTTP/1.1" 200 8842 "http://localhost:8080/app/healthheroappsmith-2/doctor-page-2-643f284afbcecc56f0478b58/edit/widgets/hx5zv8dcpy?branch=master" "Mozilla/5.0 (Macintosh; Intel Mac OS X 10_15_7) AppleWebKit/537.36 (KHTML, like Gecko) Chrome/112.0.0.0 Safari/537.36"
172.20.0.1 - - [18/Apr/2023:23:41:35 +0000] "PUT /api/v1/layouts/643f2849fbcecc56f0478b4e/pages/643f284afbcecc56f0478b58?applicationId=643f2841fbcecc56f0478b4b HTTP/1.1" 200 8851 "http://localhost:8080/app/healthheroappsmith-2/doctor-page-2-643f284afbcecc56f0478b58/edit/widgets/hx5zv8dcpy?branch=master" "Mozilla/5.0 (Macintosh; Intel Mac OS X 10_15_7) AppleWebKit/537.36 (KHTML, like Gecko) Chrome/112.0.0.0 Safari/537.36"
172.20.0.1 - - [18/Apr/2023:23:41:38 +0000] "PUT /api/v1/layouts/643f2849fbcecc56f0478b4e/pages/643f284afbcecc56f0478b58?applicationId=643f2841fbcecc56f0478b4b HTTP/1.1" 200 8855 "http://localhost:8080/app/healthheroappsmith-2/doctor-page-2-643f284afbcecc56f0478b58/edit/widgets/xbxmmlem11?branch=master" "Mozilla/5.0 (Macintosh; Intel Mac OS X 10_15_7) AppleWebKit/537.36 (KHTML, like Gecko) Chrome/112.0.0.0 Safari/537.36"
172.20.0.1 - - [18/Apr/2023:23:41:40 +0000] "PUT /api/v1/layouts/643f2849fbcecc56f0478b4e/pages/643f284afbcecc56f0478b58?applicationId=643f2841fbcecc56f0478b4b HTTP/1.1" 200 8854 "http://localhost:8080/app/healthheroappsmith-2/doctor-page-2-643f284afbcecc56f0478b58/edit/widgets/xbxmmlem11?branch=master" "Mozilla/5.0 (Macintosh; Intel Mac OS X 10_15_7) AppleWebKit/537.36 (KHTML, like Gecko) Chrome/112.0.0.0 Safari/537.36"
172.20.0.1 - - [18/Apr/2023:23:41:44 +0000] "PUT /api/v1/layouts/643f2849fbcecc56f0478b4e/pages/643f284afbcecc56f0478b58?applicationId=643f2841fbcecc56f0478b4b HTTP/1.1" 200 8884 "http://localhost:8080/app/healthheroappsmith-2/doctor-page-2-643f284afbcecc56f0478b58/edit/widgets/2inh6m5ojc?branch=master" "Mozilla/5.0 (Macintosh; Intel Mac OS X 10_15_7) AppleWebKit/537.36 (KHTML, like Gecko) Chrome/112.0.0.0 Safari/537.36"
172.20.0.1 - - [18/Apr/2023:23:41:46 +0000] "PUT /api/v1/layouts/643f2849fbcecc56f0478b4e/pages/643f284afbcecc56f0478b58?applicationId=643f2841fbcecc56f0478b4b HTTP/1.1" 200 8830 "http://localhost:8080/app/healthheroappsmith-2/doctor-page-2-643f284afbcecc56f0478b58/edit/widgets/bhewp3jot9?branch=master" "Mozilla/5.0 (Macintosh; Intel Mac OS X 10_15_7) AppleWebKit/537.36 (KHTML, like Gecko) Chrome/112.0.0.0 Safari/537.36"
127.0.0.1 - - [18/Apr/2023:23:41:46 +0000] "GET / HTTP/1.1" 200 4263 "-" "curl/7.68.0"
172.20.0.1 - - [18/Apr/2023:23:41:48 +0000] "PUT /api/v1/layouts/643f2849fbcecc56f0478b4e/pages/643f284afbcecc56f0478b58?applicationId=643f2841fbcecc56f0478b4b HTTP/1.1" 200 8819 "http://localhost:8080/app/healthheroappsmith-2/doctor-page-2-643f284afbcecc56f0478b58/edit/widgets/bhewp3jot9?branch=master" "Mozilla/5.0 (Macintosh; Intel Mac OS X 10_15_7) AppleWebKit/537.36 (KHTML, like Gecko) Chrome/112.0.0.0 Safari/537.36"
172.20.0.1 - - [18/Apr/2023:23:41:50 +0000] "PUT /api/v1/layouts/643f2849fbcecc56f0478b4e/pages/643f284afbcecc56f0478b58?applicationId=643f2841fbcecc56f0478b4b HTTP/1.1" 200 8819 "http://localhost:8080/app/healthheroappsmith-2/doctor-page-2-643f284afbcecc56f0478b58/edit/widgets/bhewp3jot9?branch=master" "Mozilla/5.0 (Macintosh; Intel Mac OS X 10_15_7) AppleWebKit/537.36 (KHTML, like Gecko) Chrome/112.0.0.0 Safari/537.36"
172.20.0.1 - - [18/Apr/2023:23:41:54 +0000] "PUT /api/v1/layouts/643f2849fbcecc56f0478b4e/pages/643f284afbcecc56f0478b58?applicationId=643f2841fbcecc56f0478b4b HTTP/1.1" 200 8823 "http://localhost:8080/app/healthheroappsmith-2/doctor-page-2-643f284afbcecc56f0478b58/edit?branch=master" "Mozilla/5.0 (Macintosh; Intel Mac OS X 10_15_7) AppleWebKit/537.36 (KHTML, like Gecko) Chrome/112.0.0.0 Safari/537.36"
127.0.0.1 - - [18/Apr/2023:23:42:01 +0000] "GET / HTTP/1.1" 200 4263 "-" "curl/7.68.0"
172.20.0.1 - - [18/Apr/2023:23:42:09 +0000] "POST /api/v1/actions HTTP/1.1" 201 1217 "http://localhost:8080/app/healthheroappsmith-2/doctor-page-2-643f284afbcecc56f0478b58/edit/widgets/bhewp3jot9?branch=master" "Mozilla/5.0 (Macintosh; Intel Mac OS X 10_15_7) AppleWebKit/537.36 (KHTML, like Gecko) Chrome/112.0.0.0 Safari/537.36"
172.20.0.1 - - [18/Apr/2023:23:42:15 +0000] "PUT /api/v1/actions/643f2ad1fbcecc56f0478b7a HTTP/1.1" 200 592 "http://localhost:8080/app/healthheroappsmith-2/doctor-page-2-643f284afbcecc56f0478b58/edit/api/643f2ad1fbcecc56f0478b7a?branch=master&editName=true&from=datasources" "Mozilla/5.0 (Macintosh; Intel Mac OS X 10_15_7) AppleWebKit/537.36 (KHTML, like Gecko) Chrome/112.0.0.0 Safari/537.36"
172.20.0.1 - - [18/Apr/2023:23:42:16 +0000] "PUT /api/v1/actions/643f2ad1fbcecc56f0478b7a HTTP/1.1" 200 601 "http://localhost:8080/app/healthheroappsmith-2/doctor-page-2-643f284afbcecc56f0478b58/edit/api/643f2ad1fbcecc56f0478b7a?branch=master&editName=true&from=datasources" "Mozilla/5.0 (Macintosh; Intel Mac OS X 10_15_7) AppleWebKit/537.36 (KHTML, like Gecko) Chrome/112.0.0.0 Safari/537.36"
127.0.0.1 - - [18/Apr/2023:23:42:17 +0000] "GET / HTTP/1.1" 200 4263 "-" "curl/7.68.0"
172.20.0.1 - - [18/Apr/2023:23:42:20 +0000] "GET /api/v1/pages/643f284afbcecc56f0478b58 HTTP/1.1" 200 8960 "http://localhost:8080/app/healthheroappsmith-2/doctor-page-2-643f284afbcecc56f0478b58/edit/api/643f2ad1fbcecc56f0478b7a?branch=master&editName=true&from=datasources" "Mozilla/5.0 (Macintosh; Intel Mac OS X 10_15_7) AppleWebKit/537.36 (KHTML, like Gecko) Chrome/112.0.0.0 Safari/537.36"
172.20.0.1 - - [18/Apr/2023:23:42:21 +0000] "PUT /api/v1/actions/643f2ad1fbcecc56f0478b7a HTTP/1.1" 200 614 "http://localhost:8080/app/healthheroappsmith-2/doctor-page-2-643f284afbcecc56f0478b58/edit/api/643f2ad1fbcecc56f0478b7a?branch=master&editName=true&from=datasources" "Mozilla/5.0 (Macintosh; Intel Mac OS X 10_15_7) AppleWebKit/537.36 (KHTML, like Gecko) Chrome/112.0.0.0 Safari/537.36"
172.20.0.1 - - [18/Apr/2023:23:42:21 +0000] "PUT /api/v1/actions/refactor HTTP/1.1" 200 8823 "http://localhost:8080/app/healthheroappsmith-2/doctor-page-2-643f284afbcecc56f0478b58/edit/api/643f2ad1fbcecc56f0478b7a?branch=master&editName=true&from=datasources" "Mozilla/5.0 (Macintosh; Intel Mac OS X 10_15_7) AppleWebKit/537.36 (KHTML, like Gecko) Chrome/112.0.0.0 Safari/537.36"
172.20.0.1 - - [18/Apr/2023:23:42:21 +0000] "GET /api/v1/collections/actions?pageId=643f284afbcecc56f0478b58 HTTP/1.1" 200 101 "http://localhost:8080/app/healthheroappsmith-2/doctor-page-2-643f284afbcecc56f0478b58/edit/api/643f2ad1fbcecc56f0478b7a?branch=master&editName=false&from=datasources" "Mozilla/5.0 (Macintosh; Intel Mac OS X 10_15_7) AppleWebKit/537.36 (KHTML, like Gecko) Chrome/112.0.0.0 Safari/537.36"
172.20.0.1 - - [18/Apr/2023:23:42:21 +0000] "GET /api/v1/actions?pageId=643f284afbcecc56f0478b58 HTTP/1.1" 200 898 "http://localhost:8080/app/healthheroappsmith-2/doctor-page-2-643f284afbcecc56f0478b58/edit/api/643f2ad1fbcecc56f0478b7a?branch=master&editName=false&from=datasources" "Mozilla/5.0 (Macintosh; Intel Mac OS X 10_15_7) AppleWebKit/537.36 (KHTML, like Gecko) Chrome/112.0.0.0 Safari/537.36"
172.20.0.1 - - [18/Apr/2023:23:42:21 +0000] "PUT /api/v1/actions/643f2ad1fbcecc56f0478b7a HTTP/1.1" 200 637 "http://localhost:8080/app/healthheroappsmith-2/doctor-page-2-643f284afbcecc56f0478b58/edit/api/643f2ad1fbcecc56f0478b7a?branch=master&editName=false&from=datasources" "Mozilla/5.0 (Macintosh; Intel Mac OS X 10_15_7) AppleWebKit/537.36 (KHTML, like Gecko) Chrome/112.0.0.0 Safari/537.36"
172.20.0.1 - - [18/Apr/2023:23:42:23 +0000] "PUT /api/v1/actions/643f2ad1fbcecc56f0478b7a HTTP/1.1" 200 658 "http://localhost:8080/app/healthheroappsmith-2/doctor-page-2-643f284afbcecc56f0478b58/edit/api/643f2ad1fbcecc56f0478b7a?branch=master&editName=false&from=datasources" "Mozilla/5.0 (Macintosh; Intel Mac OS X 10_15_7) AppleWebKit/537.36 (KHTML, like Gecko) Chrome/112.0.0.0 Safari/537.36"
172.20.0.1 - - [18/Apr/2023:23:42:25 +0000] "PUT /api/v1/actions/643f2ad1fbcecc56f0478b7a HTTP/1.1" 200 660 "http://localhost:8080/app/healthheroappsmith-2/doctor-page-2-643f284afbcecc56f0478b58/edit/api/643f2ad1fbcecc56f0478b7a?branch=master&editName=false&from=datasources" "Mozilla/5.0 (Macintosh; Intel Mac OS X 10_15_7) AppleWebKit/537.36 (KHTML, like Gecko) Chrome/112.0.0.0 Safari/537.36"
172.20.0.1 - - [18/Apr/2023:23:42:26 +0000] "PUT /api/v1/actions/643f2ad1fbcecc56f0478b7a HTTP/1.1" 200 658 "http://localhost:8080/app/healthheroappsmith-2/doctor-page-2-643f284afbcecc56f0478b58/edit/api/643f2ad1fbcecc56f0478b7a?branch=master&editName=false&from=datasources" "Mozilla/5.0 (Macintosh; Intel Mac OS X 10_15_7) AppleWebKit/537.36 (KHTML, like Gecko) Chrome/112.0.0.0 Safari/537.36"
172.20.0.1 - - [18/Apr/2023:23:42:27 +0000] "PUT /api/v1/actions/643f2ad1fbcecc56f0478b7a HTTP/1.1" 200 660 "http://localhost:8080/app/healthheroappsmith-2/doctor-page-2-643f284afbcecc56f0478b58/edit/api/643f2ad1fbcecc56f0478b7a?branch=master&editName=false&from=datasources" "Mozilla/5.0 (Macintosh; Intel Mac OS X 10_15_7) AppleWebKit/537.36 (KHTML, like Gecko) Chrome/112.0.0.0 Safari/537.36"
172.20.0.1 - - [18/Apr/2023:23:42:28 +0000] "PUT /api/v1/actions/643f2ad1fbcecc56f0478b7a HTTP/1.1" 200 667 "http://localhost:8080/app/healthheroappsmith-2/doctor-page-2-643f284afbcecc56f0478b58/edit/api/643f2ad1fbcecc56f0478b7a?branch=master&editName=false&from=datasources" "Mozilla/5.0 (Macintosh; Intel Mac OS X 10_15_7) AppleWebKit/537.36 (KHTML, like Gecko) Chrome/112.0.0.0 Safari/537.36"
127.0.0.1 - - [18/Apr/2023:23:42:32 +0000] "GET / HTTP/1.1" 200 4263 "-" "curl/7.68.0"
172.20.0.1 - - [18/Apr/2023:23:42:43 +0000] "PUT /api/v1/layouts/643f2849fbcecc56f0478b4e/pages/643f284afbcecc56f0478b58?applicationId=643f2841fbcecc56f0478b4b HTTP/1.1" 200 8858 "http://localhost:8080/app/healthheroappsmith-2/doctor-page-2-643f284afbcecc56f0478b58/edit/widgets/hx5zv8dcpy?branch=master" "Mozilla/5.0 (Macintosh; Intel Mac OS X 10_15_7) AppleWebKit/537.36 (KHTML, like Gecko) Chrome/112.0.0.0 Safari/537.36"
172.20.0.1 - - [18/Apr/2023:23:42:45 +0000] "PUT /api/v1/layouts/643f2849fbcecc56f0478b4e/pages/643f284afbcecc56f0478b58?applicationId=643f2841fbcecc56f0478b4b HTTP/1.1" 200 8855 "http://localhost:8080/app/healthheroappsmith-2/doctor-page-2-643f284afbcecc56f0478b58/edit/widgets/hx5zv8dcpy?branch=master" "Mozilla/5.0 (Macintosh; Intel Mac OS X 10_15_7) AppleWebKit/537.36 (KHTML, like Gecko) Chrome/112.0.0.0 Safari/537.36"
127.0.0.1 - - [18/Apr/2023:23:42:47 +0000] "GET / HTTP/1.1" 200 4263 "-" "curl/7.68.0"
172.20.0.1 - - [18/Apr/2023:23:42:50 +0000] "PUT /api/v1/layouts/643f2849fbcecc56f0478b4e/pages/643f284afbcecc56f0478b58?applicationId=643f2841fbcecc56f0478b4b HTTP/1.1" 200 8744 "http://localhost:8080/app/healthheroappsmith-2/doctor-page-2-643f284afbcecc56f0478b58/edit/widgets/xbxmmlem11?branch=master" "Mozilla/5.0 (Macintosh; Intel Mac OS X 10_15_7) AppleWebKit/537.36 (KHTML, like Gecko) Chrome/112.0.0.0 Safari/537.36"
172.20.0.1 - - [18/Apr/2023:23:42:53 +0000] "PUT /api/v1/actions/643f2ad1fbcecc56f0478b7a HTTP/1.1" 200 667 "http://localhost:8080/app/healthheroappsmith-2/doctor-page-2-643f284afbcecc56f0478b58/edit/api/643f2ad1fbcecc56f0478b7a?branch=master" "Mozilla/5.0 (Macintosh; Intel Mac OS X 10_15_7) AppleWebKit/537.36 (KHTML, like Gecko) Chrome/112.0.0.0 Safari/537.36"
172.20.0.1 - - [18/Apr/2023:23:42:58 +0000] "PUT /api/v1/actions/643f2ad1fbcecc56f0478b7a HTTP/1.1" 200 667 "http://localhost:8080/app/healthheroappsmith-2/doctor-page-2-643f284afbcecc56f0478b58/edit/api/643f2ad1fbcecc56f0478b7a?branch=master" "Mozilla/5.0 (Macintosh; Intel Mac OS X 10_15_7) AppleWebKit/537.36 (KHTML, like Gecko) Chrome/112.0.0.0 Safari/537.36"
127.0.0.1 - - [18/Apr/2023:23:43:02 +0000] "GET / HTTP/1.1" 200 4263 "-" "curl/7.68.0"
172.20.0.1 - - [18/Apr/2023:23:43:04 +0000] "GET /api/v1/pages/643f284afbcecc56f0478b58 HTTP/1.1" 200 8925 "http://localhost:8080/app/healthheroappsmith-2/doctor-page-2-643f284afbcecc56f0478b58/edit/api/643f2ad1fbcecc56f0478b7a?branch=master" "Mozilla/5.0 (Macintosh; Intel Mac OS X 10_15_7) AppleWebKit/537.36 (KHTML, like Gecko) Chrome/112.0.0.0 Safari/537.36"
172.20.0.1 - - [18/Apr/2023:23:43:05 +0000] "PUT /api/v1/actions/refactor HTTP/1.1" 200 8744 "http://localhost:8080/app/healthheroappsmith-2/doctor-page-2-643f284afbcecc56f0478b58/edit/api/643f2ad1fbcecc56f0478b7a?branch=master" "Mozilla/5.0 (Macintosh; Intel Mac OS X 10_15_7) AppleWebKit/537.36 (KHTML, like Gecko) Chrome/112.0.0.0 Safari/537.36"
172.20.0.1 - - [18/Apr/2023:23:43:05 +0000] "GET /api/v1/collections/actions?pageId=643f284afbcecc56f0478b58 HTTP/1.1" 200 101 "http://localhost:8080/app/healthheroappsmith-2/doctor-page-2-643f284afbcecc56f0478b58/edit?branch=master" "Mozilla/5.0 (Macintosh; Intel Mac OS X 10_15_7) AppleWebKit/537.36 (KHTML, like Gecko) Chrome/112.0.0.0 Safari/537.36"
172.20.0.1 - - [18/Apr/2023:23:43:05 +0000] "GET /api/v1/actions?pageId=643f284afbcecc56f0478b58 HTTP/1.1" 200 889 "http://localhost:8080/app/healthheroappsmith-2/doctor-page-2-643f284afbcecc56f0478b58/edit?branch=master" "Mozilla/5.0 (Macintosh; Intel Mac OS X 10_15_7) AppleWebKit/537.36 (KHTML, like Gecko) Chrome/112.0.0.0 Safari/537.36"
172.20.0.1 - - [18/Apr/2023:23:43:06 +0000] "PUT /api/v1/actions/643f2ad1fbcecc56f0478b7a HTTP/1.1" 200 673 "http://localhost:8080/app/healthheroappsmith-2/doctor-page-2-643f284afbcecc56f0478b58/edit/api/643f2ad1fbcecc56f0478b7a?branch=master" "Mozilla/5.0 (Macintosh; Intel Mac OS X 10_15_7) AppleWebKit/537.36 (KHTML, like Gecko) Chrome/112.0.0.0 Safari/537.36"
172.20.0.1 - - [18/Apr/2023:23:43:16 +0000] "PUT /api/v1/layouts/643f2849fbcecc56f0478b4e/pages/643f284afbcecc56f0478b58?applicationId=643f2841fbcecc56f0478b4b HTTP/1.1" 200 8761 "http://localhost:8080/app/healthheroappsmith-2/doctor-page-2-643f284afbcecc56f0478b58/edit/widgets/bhewp3jot9?branch=master" "Mozilla/5.0 (Macintosh; Intel Mac OS X 10_15_7) AppleWebKit/537.36 (KHTML, like Gecko) Chrome/112.0.0.0 Safari/537.36"
127.0.0.1 - - [18/Apr/2023:23:43:18 +0000] "GET / HTTP/1.1" 200 4263 "-" "curl/7.68.0"
172.20.0.1 - - [18/Apr/2023:23:43:20 +0000] "PUT /api/v1/layouts/643f2849fbcecc56f0478b4e/pages/643f284afbcecc56f0478b58?applicationId=643f2841fbcecc56f0478b4b HTTP/1.1" 200 8764 "http://localhost:8080/app/healthheroappsmith-2/doctor-page-2-643f284afbcecc56f0478b58/edit/widgets/xbxmmlem11?branch=master" "Mozilla/5.0 (Macintosh; Intel Mac OS X 10_15_7) AppleWebKit/537.36 (KHTML, like Gecko) Chrome/112.0.0.0 Safari/537.36"
172.20.0.1 - - [18/Apr/2023:23:43:22 +0000] "PUT /api/v1/layouts/643f2849fbcecc56f0478b4e/pages/643f284afbcecc56f0478b58?applicationId=643f2841fbcecc56f0478b4b HTTP/1.1" 200 8767 "http://localhost:8080/app/healthheroappsmith-2/doctor-page-2-643f284afbcecc56f0478b58/edit/widgets/xbxmmlem11?branch=master" "Mozilla/5.0 (Macintosh; Intel Mac OS X 10_15_7) AppleWebKit/537.36 (KHTML, like Gecko) Chrome/112.0.0.0 Safari/537.36"
172.20.0.1 - - [18/Apr/2023:23:43:23 +0000] "PUT /api/v1/layouts/643f2849fbcecc56f0478b4e/pages/643f284afbcecc56f0478b58?applicationId=643f2841fbcecc56f0478b4b HTTP/1.1" 200 8766 "http://localhost:8080/app/healthheroappsmith-2/doctor-page-2-643f284afbcecc56f0478b58/edit/widgets/xbxmmlem11?branch=master" "Mozilla/5.0 (Macintosh; Intel Mac OS X 10_15_7) AppleWebKit/537.36 (KHTML, like Gecko) Chrome/112.0.0.0 Safari/537.36"
172.20.0.1 - - [18/Apr/2023:23:43:24 +0000] "PUT /api/v1/layouts/643f2849fbcecc56f0478b4e/pages/643f284afbcecc56f0478b58?applicationId=643f2841fbcecc56f0478b4b HTTP/1.1" 200 8856 "http://localhost:8080/app/healthheroappsmith-2/doctor-page-2-643f284afbcecc56f0478b58/edit?branch=master" "Mozilla/5.0 (Macintosh; Intel Mac OS X 10_15_7) AppleWebKit/537.36 (KHTML, like Gecko) Chrome/112.0.0.0 Safari/537.36"
172.20.0.1 - - [18/Apr/2023:23:43:27 +0000] "POST /api/v1/actions/execute HTTP/1.1" 200 461 "http://localhost:8080/app/healthheroappsmith-2/doctor-page-2-643f284afbcecc56f0478b58/edit/widgets/bhewp3jot9?branch=master" "Mozilla/5.0 (Macintosh; Intel Mac OS X 10_15_7) AppleWebKit/537.36 (KHTML, like Gecko) Chrome/112.0.0.0 Safari/537.36"
172.20.0.1 - - [18/Apr/2023:23:43:30 +0000] "POST /api/v1/actions/execute HTTP/1.1" 200 615 "http://localhost:8080/app/healthheroappsmith-2/doctor-page-2-643f284afbcecc56f0478b58/edit/widgets/bhewp3jot9?branch=master" "Mozilla/5.0 (Macintosh; Intel Mac OS X 10_15_7) AppleWebKit/537.36 (KHTML, like Gecko) Chrome/112.0.0.0 Safari/537.36"
172.20.0.1 - - [18/Apr/2023:23:43:31 +0000] "PUT /api/v1/layouts/643f2849fbcecc56f0478b4e/pages/643f284afbcecc56f0478b58?applicationId=643f2841fbcecc56f0478b4b HTTP/1.1" 200 8442 "http://localhost:8080/app/healthheroappsmith-2/doctor-page-2-643f284afbcecc56f0478b58/edit/widgets/bhewp3jot9?branch=master" "Mozilla/5.0 (Macintosh; Intel Mac OS X 10_15_7) AppleWebKit/537.36 (KHTML, like Gecko) Chrome/112.0.0.0 Safari/537.36"
127.0.0.1 - - [18/Apr/2023:23:43:33 +0000] "GET / HTTP/1.1" 200 4263 "-" "curl/7.68.0"
172.20.0.1 - - [18/Apr/2023:23:43:35 +0000] "PUT /api/v1/layouts/643f2849fbcecc56f0478b4e/pages/643f284afbcecc56f0478b58?applicationId=643f2841fbcecc56f0478b4b HTTP/1.1" 200 8454 "http://localhost:8080/app/healthheroappsmith-2/doctor-page-2-643f284afbcecc56f0478b58/edit/widgets/bhewp3jot9?branch=master" "Mozilla/5.0 (Macintosh; Intel Mac OS X 10_15_7) AppleWebKit/537.36 (KHTML, like Gecko) Chrome/112.0.0.0 Safari/537.36"
172.20.0.1 - - [18/Apr/2023:23:43:38 +0000] "PUT /api/v1/layouts/643f2849fbcecc56f0478b4e/pages/643f284afbcecc56f0478b58?applicationId=643f2841fbcecc56f0478b4b HTTP/1.1" 200 8460 "http://localhost:8080/app/healthheroappsmith-2/doctor-page-2-643f284afbcecc56f0478b58/edit/widgets/bhewp3jot9?branch=master" "Mozilla/5.0 (Macintosh; Intel Mac OS X 10_15_7) AppleWebKit/537.36 (KHTML, like Gecko) Chrome/112.0.0.0 Safari/537.36"
172.20.0.1 - - [18/Apr/2023:23:43:39 +0000] "PUT /api/v1/layouts/643f2849fbcecc56f0478b4e/pages/643f284afbcecc56f0478b58?applicationId=643f2841fbcecc56f0478b4b HTTP/1.1" 200 8456 "http://localhost:8080/app/healthheroappsmith-2/doctor-page-2-643f284afbcecc56f0478b58/edit?branch=master" "Mozilla/5.0 (Macintosh; Intel Mac OS X 10_15_7) AppleWebKit/537.36 (KHTML, like Gecko) Chrome/112.0.0.0 Safari/537.36"
172.20.0.1 - - [18/Apr/2023:23:43:42 +0000] "POST /api/v1/actions/execute HTTP/1.1" 200 615 "http://localhost:8080/app/healthheroappsmith-2/doctor-page-2-643f284afbcecc56f0478b58/edit/widgets/bhewp3jot9?branch=master" "Mozilla/5.0 (Macintosh; Intel Mac OS X 10_15_7) AppleWebKit/537.36 (KHTML, like Gecko) Chrome/112.0.0.0 Safari/537.36"
127.0.0.1 - - [18/Apr/2023:23:43:48 +0000] "GET / HTTP/1.1" 200 4263 "-" "curl/7.68.0"
172.20.0.1 - - [18/Apr/2023:23:43:49 +0000] "PUT /api/v1/actions/643f2ad1fbcecc56f0478b7a HTTP/1.1" 200 672 "http://localhost:8080/app/healthheroappsmith-2/doctor-page-2-643f284afbcecc56f0478b58/edit/api/643f2ad1fbcecc56f0478b7a?branch=master" "Mozilla/5.0 (Macintosh; Intel Mac OS X 10_15_7) AppleWebKit/537.36 (KHTML, like Gecko) Chrome/112.0.0.0 Safari/537.36"
172.20.0.1 - - [18/Apr/2023:23:43:50 +0000] "PUT /api/v1/actions/executeOnLoad/643f2ad1fbcecc56f0478b7a?flag=false HTTP/1.1" 200 646 "http://localhost:8080/app/healthheroappsmith-2/doctor-page-2-643f284afbcecc56f0478b58/edit/api/643f2ad1fbcecc56f0478b7a?branch=master" "Mozilla/5.0 (Macintosh; Intel Mac OS X 10_15_7) AppleWebKit/537.36 (KHTML, like Gecko) Chrome/112.0.0.0 Safari/537.36"
172.20.0.1 - - [18/Apr/2023:23:43:56 +0000] "GET /api/v1/pages/643f284afbcecc56f0478b54 HTTP/1.1" 200 2399 "http://localhost:8080/app/healthheroappsmith-2/welcome-page-643f284afbcecc56f0478b54/edit?branch=master" "Mozilla/5.0 (Macintosh; Intel Mac OS X 10_15_7) AppleWebKit/537.36 (KHTML, like Gecko) Chrome/112.0.0.0 Safari/537.36"
172.20.0.1 - - [18/Apr/2023:23:43:58 +0000] "GET /api/v1/pages/643f284afbcecc56f0478b53 HTTP/1.1" 200 5822 "http://localhost:8080/app/healthheroappsmith-2/pharmacist-page-1-643f284afbcecc56f0478b53/edit?branch=master" "Mozilla/5.0 (Macintosh; Intel Mac OS X 10_15_7) AppleWebKit/537.36 (KHTML, like Gecko) Chrome/112.0.0.0 Safari/537.36"
127.0.0.1 - - [18/Apr/2023:23:44:03 +0000] "GET / HTTP/1.1" 200 4263 "-" "curl/7.68.0"
127.0.0.1 - - [18/Apr/2023:23:44:19 +0000] "GET / HTTP/1.1" 200 4263 "-" "curl/7.68.0"
127.0.0.1 - - [18/Apr/2023:23:44:34 +0000] "GET / HTTP/1.1" 200 4263 "-" "curl/7.68.0"
127.0.0.1 - - [18/Apr/2023:23:44:49 +0000] "GET / HTTP/1.1" 200 4263 "-" "curl/7.68.0"
127.0.0.1 - - [18/Apr/2023:23:45:04 +0000] "GET / HTTP/1.1" 200 4263 "-" "curl/7.68.0"
127.0.0.1 - - [18/Apr/2023:23:45:20 +0000] "GET / HTTP/1.1" 200 4263 "-" "curl/7.68.0"
127.0.0.1 - - [18/Apr/2023:23:45:35 +0000] "GET / HTTP/1.1" 200 4263 "-" "curl/7.68.0"
127.0.0.1 - - [18/Apr/2023:23:45:50 +0000] "GET / HTTP/1.1" 200 4263 "-" "curl/7.68.0"
127.0.0.1 - - [18/Apr/2023:23:46:05 +0000] "GET / HTTP/1.1" 200 4263 "-" "curl/7.68.0"
127.0.0.1 - - [18/Apr/2023:23:46:21 +0000] "GET / HTTP/1.1" 200 4263 "-" "curl/7.68.0"
127.0.0.1 - - [18/Apr/2023:23:46:36 +0000] "GET / HTTP/1.1" 200 4263 "-" "curl/7.68.0"
127.0.0.1 - - [18/Apr/2023:23:46:51 +0000] "GET / HTTP/1.1" 200 4263 "-" "curl/7.68.0"
127.0.0.1 - - [18/Apr/2023:23:47:06 +0000] "GET / HTTP/1.1" 200 4263 "-" "curl/7.68.0"
127.0.0.1 - - [18/Apr/2023:23:47:22 +0000] "GET / HTTP/1.1" 200 4263 "-" "curl/7.68.0"
127.0.0.1 - - [18/Apr/2023:23:47:37 +0000] "GET / HTTP/1.1" 200 4263 "-" "curl/7.68.0"
127.0.0.1 - - [18/Apr/2023:23:47:52 +0000] "GET / HTTP/1.1" 200 4263 "-" "curl/7.68.0"
127.0.0.1 - - [18/Apr/2023:23:48:07 +0000] "GET / HTTP/1.1" 200 4263 "-" "curl/7.68.0"
127.0.0.1 - - [18/Apr/2023:23:48:23 +0000] "GET / HTTP/1.1" 200 4263 "-" "curl/7.68.0"
127.0.0.1 - - [18/Apr/2023:23:48:38 +0000] "GET / HTTP/1.1" 200 4263 "-" "curl/7.68.0"
127.0.0.1 - - [18/Apr/2023:23:48:53 +0000] "GET / HTTP/1.1" 200 4263 "-" "curl/7.68.0"
127.0.0.1 - - [18/Apr/2023:23:49:09 +0000] "GET / HTTP/1.1" 200 4263 "-" "curl/7.68.0"
172.20.0.1 - - [18/Apr/2023:23:49:12 +0000] "POST /api/v1/usage-pulse HTTP/1.1" 201 76 "http://localhost:8080/app/healthheroappsmith-2/pharmacist-page-1-643f284afbcecc56f0478b53/edit?branch=master" "Mozilla/5.0 (Macintosh; Intel Mac OS X 10_15_7) AppleWebKit/537.36 (KHTML, like Gecko) Chrome/112.0.0.0 Safari/537.36"
172.20.0.1 - - [18/Apr/2023:23:49:16 +0000] "POST /api/v1/actions/execute HTTP/1.1" 200 881 "http://localhost:8080/app/healthheroappsmith-2/pharmacist-page-1-643f284afbcecc56f0478b53/edit/widgets/2a5plysabn?branch=master" "Mozilla/5.0 (Macintosh; Intel Mac OS X 10_15_7) AppleWebKit/537.36 (KHTML, like Gecko) Chrome/112.0.0.0 Safari/537.36"
172.20.0.1 - - [18/Apr/2023:23:49:17 +0000] "PUT /api/v1/layouts/643f2849fbcecc56f0478b52/pages/643f284afbcecc56f0478b53?applicationId=643f2841fbcecc56f0478b4b HTTP/1.1" 200 5669 "http://localhost:8080/app/healthheroappsmith-2/pharmacist-page-1-643f284afbcecc56f0478b53/edit/widgets/2a5plysabn?branch=master" "Mozilla/5.0 (Macintosh; Intel Mac OS X 10_15_7) AppleWebKit/537.36 (KHTML, like Gecko) Chrome/112.0.0.0 Safari/537.36"
127.0.0.1 - - [18/Apr/2023:23:49:24 +0000] "GET / HTTP/1.1" 200 4263 "-" "curl/7.68.0"
172.20.0.1 - - [18/Apr/2023:23:49:29 +0000] "PUT /api/v1/layouts/643f2849fbcecc56f0478b52/pages/643f284afbcecc56f0478b53?applicationId=643f2841fbcecc56f0478b4b HTTP/1.1" 200 5668 "http://localhost:8080/app/healthheroappsmith-2/pharmacist-page-1-643f284afbcecc56f0478b53/edit/widgets/1zy75biue9?branch=master" "Mozilla/5.0 (Macintosh; Intel Mac OS X 10_15_7) AppleWebKit/537.36 (KHTML, like Gecko) Chrome/112.0.0.0 Safari/537.36"
172.20.0.1 - - [18/Apr/2023:23:49:30 +0000] "PUT /api/v1/layouts/643f2849fbcecc56f0478b52/pages/643f284afbcecc56f0478b53?applicationId=643f2841fbcecc56f0478b4b HTTP/1.1" 200 5667 "http://localhost:8080/app/healthheroappsmith-2/pharmacist-page-1-643f284afbcecc56f0478b53/edit?branch=master" "Mozilla/5.0 (Macintosh; Intel Mac OS X 10_15_7) AppleWebKit/537.36 (KHTML, like Gecko) Chrome/112.0.0.0 Safari/537.36"
127.0.0.1 - - [18/Apr/2023:23:49:39 +0000] "GET / HTTP/1.1" 200 4263 "-" "curl/7.68.0"
172.20.0.1 - - [18/Apr/2023:23:49:39 +0000] "PUT /api/v1/layouts/643f2849fbcecc56f0478b52/pages/643f284afbcecc56f0478b53?applicationId=643f2841fbcecc56f0478b4b HTTP/1.1" 200 5666 "http://localhost:8080/app/healthheroappsmith-2/pharmacist-page-1-643f284afbcecc56f0478b53/edit?branch=master" "Mozilla/5.0 (Macintosh; Intel Mac OS X 10_15_7) AppleWebKit/537.36 (KHTML, like Gecko) Chrome/112.0.0.0 Safari/537.36"
172.20.0.1 - - [18/Apr/2023:23:49:44 +0000] "POST /api/v1/actions/execute HTTP/1.1" 200 568 "http://localhost:8080/app/healthheroappsmith-2/pharmacist-page-1-643f284afbcecc56f0478b53/edit/widgets/96klbc1hpm?branch=master" "Mozilla/5.0 (Macintosh; Intel Mac OS X 10_15_7) AppleWebKit/537.36 (KHTML, like Gecko) Chrome/112.0.0.0 Safari/537.36"
172.20.0.1 - - [18/Apr/2023:23:49:47 +0000] "POST /api/v1/actions/execute HTTP/1.1" 200 495 "http://localhost:8080/app/healthheroappsmith-2/pharmacist-page-1-643f284afbcecc56f0478b53/edit/widgets/2a5plysabn?branch=master" "Mozilla/5.0 (Macintosh; Intel Mac OS X 10_15_7) AppleWebKit/537.36 (KHTML, like Gecko) Chrome/112.0.0.0 Safari/537.36"
172.20.0.1 - - [18/Apr/2023:23:49:49 +0000] "POST /api/v1/actions/execute HTTP/1.1" 200 877 "http://localhost:8080/app/healthheroappsmith-2/pharmacist-page-1-643f284afbcecc56f0478b53/edit/widgets/2a5plysabn?branch=master" "Mozilla/5.0 (Macintosh; Intel Mac OS X 10_15_7) AppleWebKit/537.36 (KHTML, like Gecko) Chrome/112.0.0.0 Safari/537.36"
127.0.0.1 - - [18/Apr/2023:23:49:54 +0000] "GET / HTTP/1.1" 200 4263 "-" "curl/7.68.0"
172.20.0.1 - - [18/Apr/2023:23:50:03 +0000] "POST /api/v1/actions/execute HTTP/1.1" 200 523 "http://localhost:8080/app/healthheroappsmith-2/pharmacist-page-1-643f284afbcecc56f0478b53/edit/widgets/053ri4nx7a?branch=master" "Mozilla/5.0 (Macintosh; Intel Mac OS X 10_15_7) AppleWebKit/537.36 (KHTML, like Gecko) Chrome/112.0.0.0 Safari/537.36"
172.20.0.1 - - [18/Apr/2023:23:50:05 +0000] "POST /api/v1/actions/execute HTTP/1.1" 200 494 "http://localhost:8080/app/healthheroappsmith-2/pharmacist-page-1-643f284afbcecc56f0478b53/edit/widgets/2a5plysabn?branch=master" "Mozilla/5.0 (Macintosh; Intel Mac OS X 10_15_7) AppleWebKit/537.36 (KHTML, like Gecko) Chrome/112.0.0.0 Safari/537.36"
127.0.0.1 - - [18/Apr/2023:23:50:10 +0000] "GET / HTTP/1.1" 200 4263 "-" "curl/7.68.0"
172.20.0.1 - - [18/Apr/2023:23:50:12 +0000] "POST /api/v1/actions/execute HTTP/1.1" 200 527 "http://localhost:8080/app/healthheroappsmith-2/pharmacist-page-1-643f284afbcecc56f0478b53/edit/widgets/1q96w9s3j6?branch=master" "Mozilla/5.0 (Macintosh; Intel Mac OS X 10_15_7) AppleWebKit/537.36 (KHTML, like Gecko) Chrome/112.0.0.0 Safari/537.36"
172.20.0.1 - - [18/Apr/2023:23:50:15 +0000] "GET /api/v1/pages/643f284afbcecc56f0478b56 HTTP/1.1" 200 7336 "http://localhost:8080/app/healthheroappsmith-2/pharmacist-page-2-643f284afbcecc56f0478b56/edit?branch=master" "Mozilla/5.0 (Macintosh; Intel Mac OS X 10_15_7) AppleWebKit/537.36 (KHTML, like Gecko) Chrome/112.0.0.0 Safari/537.36"
127.0.0.1 - - [18/Apr/2023:23:50:25 +0000] "GET / HTTP/1.1" 200 4263 "-" "curl/7.68.0"
172.20.0.1 - - [18/Apr/2023:23:50:31 +0000] "POST /api/v1/actions/execute HTTP/1.1" 200 557 "http://localhost:8080/app/healthheroappsmith-2/pharmacist-page-2-643f284afbcecc56f0478b56/edit/widgets/4esko2oov5?branch=master" "Mozilla/5.0 (Macintosh; Intel Mac OS X 10_15_7) AppleWebKit/537.36 (KHTML, like Gecko) Chrome/112.0.0.0 Safari/537.36"
172.20.0.1 - - [18/Apr/2023:23:50:37 +0000] "POST /api/v1/actions/execute HTTP/1.1" 200 901 "http://localhost:8080/app/healthheroappsmith-2/pharmacist-page-2-643f284afbcecc56f0478b56/edit/widgets/hnkc7a4254?branch=master" "Mozilla/5.0 (Macintosh; Intel Mac OS X 10_15_7) AppleWebKit/537.36 (KHTML, like Gecko) Chrome/112.0.0.0 Safari/537.36"
127.0.0.1 - - [18/Apr/2023:23:50:40 +0000] "GET / HTTP/1.1" 200 4263 "-" "curl/7.68.0"
172.20.0.1 - - [18/Apr/2023:23:50:41 +0000] "POST /api/v1/actions/execute HTTP/1.1" 200 803 "http://localhost:8080/app/healthheroappsmith-2/pharmacist-page-2-643f284afbcecc56f0478b56/edit/widgets/d393bdhprr?branch=master" "Mozilla/5.0 (Macintosh; Intel Mac OS X 10_15_7) AppleWebKit/537.36 (KHTML, like Gecko) Chrome/112.0.0.0 Safari/537.36"
172.20.0.1 - - [18/Apr/2023:23:50:49 +0000] "POST /api/v1/actions/execute HTTP/1.1" 200 565 "http://localhost:8080/app/healthheroappsmith-2/pharmacist-page-2-643f284afbcecc56f0478b56/edit/widgets/jk9cauxnpc?branch=master" "Mozilla/5.0 (Macintosh; Intel Mac OS X 10_15_7) AppleWebKit/537.36 (KHTML, like Gecko) Chrome/112.0.0.0 Safari/537.36"
172.20.0.1 - - [18/Apr/2023:23:50:54 +0000] "POST /api/v1/actions/execute HTTP/1.1" 200 6848 "http://localhost:8080/app/healthheroappsmith-2/pharmacist-page-2-643f284afbcecc56f0478b56/edit/widgets/4esko2oov5?branch=master" "Mozilla/5.0 (Macintosh; Intel Mac OS X 10_15_7) AppleWebKit/537.36 (KHTML, like Gecko) Chrome/112.0.0.0 Safari/537.36"
127.0.0.1 - - [18/Apr/2023:23:50:56 +0000] "GET / HTTP/1.1" 200 4263 "-" "curl/7.68.0"
172.20.0.1 - - [18/Apr/2023:23:51:06 +0000] "PUT /api/v1/layouts/643f2849fbcecc56f0478b51/pages/643f284afbcecc56f0478b56?applicationId=643f2841fbcecc56f0478b4b HTTP/1.1" 200 6962 "http://localhost:8080/app/healthheroappsmith-2/pharmacist-page-2-643f284afbcecc56f0478b56/edit/widgets/4esko2oov5?branch=master" "Mozilla/5.0 (Macintosh; Intel Mac OS X 10_15_7) AppleWebKit/537.36 (KHTML, like Gecko) Chrome/112.0.0.0 Safari/537.36"
127.0.0.1 - - [18/Apr/2023:23:51:11 +0000] "GET / HTTP/1.1" 200 4263 "-" "curl/7.68.0"
172.20.0.1 - - [18/Apr/2023:23:51:14 +0000] "POST /api/v1/actions/execute HTTP/1.1" 200 6725 "http://localhost:8080/app/healthheroappsmith-2/pharmacist-page-2-643f284afbcecc56f0478b56/edit/widgets/d393bdhprr?branch=master" "Mozilla/5.0 (Macintosh; Intel Mac OS X 10_15_7) AppleWebKit/537.36 (KHTML, like Gecko) Chrome/112.0.0.0 Safari/537.36"
172.20.0.1 - - [18/Apr/2023:23:51:25 +0000] "PUT /api/v1/layouts/643f2849fbcecc56f0478b51/pages/643f284afbcecc56f0478b56?applicationId=643f2841fbcecc56f0478b4b HTTP/1.1" 200 6940 "http://localhost:8080/app/healthheroappsmith-2/pharmacist-page-2-643f284afbcecc56f0478b56/edit?branch=master" "Mozilla/5.0 (Macintosh; Intel Mac OS X 10_15_7) AppleWebKit/537.36 (KHTML, like Gecko) Chrome/112.0.0.0 Safari/537.36"
127.0.0.1 - - [18/Apr/2023:23:51:26 +0000] "GET / HTTP/1.1" 200 4263 "-" "curl/7.68.0"
172.20.0.1 - - [18/Apr/2023:23:51:29 +0000] "POST /api/v1/actions/execute HTTP/1.1" 200 6839 "http://localhost:8080/app/healthheroappsmith-2/pharmacist-page-2-643f284afbcecc56f0478b56/edit/widgets/4esko2oov5?branch=master" "Mozilla/5.0 (Macintosh; Intel Mac OS X 10_15_7) AppleWebKit/537.36 (KHTML, like Gecko) Chrome/112.0.0.0 Safari/537.36"
172.20.0.1 - - [18/Apr/2023:23:51:33 +0000] "PUT /api/v1/layouts/643f2849fbcecc56f0478b51/pages/643f284afbcecc56f0478b56?applicationId=643f2841fbcecc56f0478b4b HTTP/1.1" 200 7009 "http://localhost:8080/app/healthheroappsmith-2/pharmacist-page-2-643f284afbcecc56f0478b56/edit/widgets/4esko2oov5?branch=master" "Mozilla/5.0 (Macintosh; Intel Mac OS X 10_15_7) AppleWebKit/537.36 (KHTML, like Gecko) Chrome/112.0.0.0 Safari/537.36"
172.20.0.1 - - [18/Apr/2023:23:51:34 +0000] "PUT /api/v1/layouts/643f2849fbcecc56f0478b51/pages/643f284afbcecc56f0478b56?applicationId=643f2841fbcecc56f0478b4b HTTP/1.1" 200 6951 "http://localhost:8080/app/healthheroappsmith-2/pharmacist-page-2-643f284afbcecc56f0478b56/edit/widgets/4esko2oov5?branch=master" "Mozilla/5.0 (Macintosh; Intel Mac OS X 10_15_7) AppleWebKit/537.36 (KHTML, like Gecko) Chrome/112.0.0.0 Safari/537.36"
172.20.0.1 - - [18/Apr/2023:23:51:38 +0000] "PUT /api/v1/layouts/643f2849fbcecc56f0478b51/pages/643f284afbcecc56f0478b56?applicationId=643f2841fbcecc56f0478b4b HTTP/1.1" 200 7042 "http://localhost:8080/app/healthheroappsmith-2/pharmacist-page-2-643f284afbcecc56f0478b56/edit/widgets/4esko2oov5?branch=master" "Mozilla/5.0 (Macintosh; Intel Mac OS X 10_15_7) AppleWebKit/537.36 (KHTML, like Gecko) Chrome/112.0.0.0 Safari/537.36"
172.20.0.1 - - [18/Apr/2023:23:51:40 +0000] "POST /api/v1/actions/execute HTTP/1.1" 200 6837 "http://localhost:8080/app/healthheroappsmith-2/pharmacist-page-2-643f284afbcecc56f0478b56/edit/widgets/hnkc7a4254?branch=master" "Mozilla/5.0 (Macintosh; Intel Mac OS X 10_15_7) AppleWebKit/537.36 (KHTML, like Gecko) Chrome/112.0.0.0 Safari/537.36"
127.0.0.1 - - [18/Apr/2023:23:51:41 +0000] "GET / HTTP/1.1" 200 4263 "-" "curl/7.68.0"
172.20.0.1 - - [18/Apr/2023:23:51:47 +0000] "PUT /api/v1/layouts/643f2849fbcecc56f0478b51/pages/643f284afbcecc56f0478b56?applicationId=643f2841fbcecc56f0478b4b HTTP/1.1" 200 6953 "http://localhost:8080/app/healthheroappsmith-2/pharmacist-page-2-643f284afbcecc56f0478b56/edit/widgets/hnkc7a4254?branch=master" "Mozilla/5.0 (Macintosh; Intel Mac OS X 10_15_7) AppleWebKit/537.36 (KHTML, like Gecko) Chrome/112.0.0.0 Safari/537.36"
172.20.0.1 - - [18/Apr/2023:23:51:49 +0000] "POST /api/v1/actions/execute HTTP/1.1" 200 6894 "http://localhost:8080/app/healthheroappsmith-2/pharmacist-page-2-643f284afbcecc56f0478b56/edit/widgets/jk9cauxnpc?branch=master" "Mozilla/5.0 (Macintosh; Intel Mac OS X 10_15_7) AppleWebKit/537.36 (KHTML, like Gecko) Chrome/112.0.0.0 Safari/537.36"
172.20.0.1 - - [18/Apr/2023:23:51:54 +0000] "PUT /api/v1/layouts/643f2849fbcecc56f0478b51/pages/643f284afbcecc56f0478b56?applicationId=643f2841fbcecc56f0478b4b HTTP/1.1" 200 6958 "http://localhost:8080/app/healthheroappsmith-2/pharmacist-page-2-643f284afbcecc56f0478b56/edit/widgets/jk9cauxnpc?branch=master" "Mozilla/5.0 (Macintosh; Intel Mac OS X 10_15_7) AppleWebKit/537.36 (KHTML, like Gecko) Chrome/112.0.0.0 Safari/537.36"
172.20.0.1 - - [18/Apr/2023:23:51:56 +0000] "POST /api/v1/actions/execute HTTP/1.1" 200 6749 "http://localhost:8080/app/healthheroappsmith-2/pharmacist-page-2-643f284afbcecc56f0478b56/edit/widgets/d393bdhprr?branch=master" "Mozilla/5.0 (Macintosh; Intel Mac OS X 10_15_7) AppleWebKit/537.36 (KHTML, like Gecko) Chrome/112.0.0.0 Safari/537.36"
127.0.0.1 - - [18/Apr/2023:23:51:57 +0000] "GET / HTTP/1.1" 200 4263 "-" "curl/7.68.0"
172.20.0.1 - - [18/Apr/2023:23:52:00 +0000] "PUT /api/v1/layouts/643f2849fbcecc56f0478b51/pages/643f284afbcecc56f0478b56?applicationId=643f2841fbcecc56f0478b4b HTTP/1.1" 200 6920 "http://localhost:8080/app/healthheroappsmith-2/pharmacist-page-2-643f284afbcecc56f0478b56/edit/widgets/d393bdhprr?branch=master" "Mozilla/5.0 (Macintosh; Intel Mac OS X 10_15_7) AppleWebKit/537.36 (KHTML, like Gecko) Chrome/112.0.0.0 Safari/537.36"
172.20.0.1 - - [18/Apr/2023:23:52:04 +0000] "POST /api/v1/actions/execute HTTP/1.1" 200 802 "http://localhost:8080/app/healthheroappsmith-2/pharmacist-page-2-643f284afbcecc56f0478b56/edit/widgets/d393bdhprr?branch=master" "Mozilla/5.0 (Macintosh; Intel Mac OS X 10_15_7) AppleWebKit/537.36 (KHTML, like Gecko) Chrome/112.0.0.0 Safari/537.36"
172.20.0.1 - - [18/Apr/2023:23:52:11 +0000] "GET /api/v1/pages/643f284afbcecc56f0478b53 HTTP/1.1" 200 5849 "http://localhost:8080/app/healthheroappsmith-2/pharmacist-page-1-643f284afbcecc56f0478b53/edit?branch=master" "Mozilla/5.0 (Macintosh; Intel Mac OS X 10_15_7) AppleWebKit/537.36 (KHTML, like Gecko) Chrome/112.0.0.0 Safari/537.36"
127.0.0.1 - - [18/Apr/2023:23:52:12 +0000] "GET / HTTP/1.1" 200 4263 "-" "curl/7.68.0"
172.20.0.1 - - [18/Apr/2023:23:52:13 +0000] "POST /api/v1/actions/execute HTTP/1.1" 200 6833 "http://localhost:8080/app/healthheroappsmith-2/pharmacist-page-1-643f284afbcecc56f0478b53/edit/widgets/2a5plysabn?branch=master" "Mozilla/5.0 (Macintosh; Intel Mac OS X 10_15_7) AppleWebKit/537.36 (KHTML, like Gecko) Chrome/112.0.0.0 Safari/537.36"
172.20.0.1 - - [18/Apr/2023:23:52:24 +0000] "PUT /api/v1/layouts/643f2849fbcecc56f0478b52/pages/643f284afbcecc56f0478b53?applicationId=643f2841fbcecc56f0478b4b HTTP/1.1" 200 5664 "http://localhost:8080/app/healthheroappsmith-2/pharmacist-page-1-643f284afbcecc56f0478b53/edit/widgets/2a5plysabn?branch=master" "Mozilla/5.0 (Macintosh; Intel Mac OS X 10_15_7) AppleWebKit/537.36 (KHTML, like Gecko) Chrome/112.0.0.0 Safari/537.36"
172.20.0.1 - - [18/Apr/2023:23:52:26 +0000] "POST /api/v1/actions/execute HTTP/1.1" 200 6688 "http://localhost:8080/app/healthheroappsmith-2/pharmacist-page-1-643f284afbcecc56f0478b53/edit/widgets/053ri4nx7a?branch=master" "Mozilla/5.0 (Macintosh; Intel Mac OS X 10_15_7) AppleWebKit/537.36 (KHTML, like Gecko) Chrome/112.0.0.0 Safari/537.36"
127.0.0.1 - - [18/Apr/2023:23:52:27 +0000] "GET / HTTP/1.1" 200 4263 "-" "curl/7.68.0"
172.20.0.1 - - [18/Apr/2023:23:52:31 +0000] "PUT /api/v1/layouts/643f2849fbcecc56f0478b52/pages/643f284afbcecc56f0478b53?applicationId=643f2841fbcecc56f0478b4b HTTP/1.1" 200 5675 "http://localhost:8080/app/healthheroappsmith-2/pharmacist-page-1-643f284afbcecc56f0478b53/edit?branch=master" "Mozilla/5.0 (Macintosh; Intel Mac OS X 10_15_7) AppleWebKit/537.36 (KHTML, like Gecko) Chrome/112.0.0.0 Safari/537.36"
172.20.0.1 - - [18/Apr/2023:23:52:32 +0000] "POST /api/v1/actions/execute HTTP/1.1" 200 6823 "http://localhost:8080/app/healthheroappsmith-2/pharmacist-page-1-643f284afbcecc56f0478b53/edit/widgets/96klbc1hpm?branch=master" "Mozilla/5.0 (Macintosh; Intel Mac OS X 10_15_7) AppleWebKit/537.36 (KHTML, like Gecko) Chrome/112.0.0.0 Safari/537.36"
172.20.0.1 - - [18/Apr/2023:23:52:38 +0000] "PUT /api/v1/layouts/643f2849fbcecc56f0478b52/pages/643f284afbcecc56f0478b53?applicationId=643f2841fbcecc56f0478b4b HTTP/1.1" 200 5637 "http://localhost:8080/app/healthheroappsmith-2/pharmacist-page-1-643f284afbcecc56f0478b53/edit?branch=master" "Mozilla/5.0 (Macintosh; Intel Mac OS X 10_15_7) AppleWebKit/537.36 (KHTML, like Gecko) Chrome/112.0.0.0 Safari/537.36"
172.20.0.1 - - [18/Apr/2023:23:52:39 +0000] "POST /api/v1/actions/execute HTTP/1.1" 200 6694 "http://localhost:8080/app/healthheroappsmith-2/pharmacist-page-1-643f284afbcecc56f0478b53/edit/widgets/1q96w9s3j6?branch=master" "Mozilla/5.0 (Macintosh; Intel Mac OS X 10_15_7) AppleWebKit/537.36 (KHTML, like Gecko) Chrome/112.0.0.0 Safari/537.36"
127.0.0.1 - - [18/Apr/2023:23:52:43 +0000] "GET / HTTP/1.1" 200 4263 "-" "curl/7.68.0"
172.20.0.1 - - [18/Apr/2023:23:52:45 +0000] "PUT /api/v1/layouts/643f2849fbcecc56f0478b52/pages/643f284afbcecc56f0478b53?applicationId=643f2841fbcecc56f0478b4b HTTP/1.1" 200 5622 "http://localhost:8080/app/healthheroappsmith-2/pharmacist-page-1-643f284afbcecc56f0478b53/edit/widgets/1q96w9s3j6?branch=master" "Mozilla/5.0 (Macintosh; Intel Mac OS X 10_15_7) AppleWebKit/537.36 (KHTML, like Gecko) Chrome/112.0.0.0 Safari/537.36"
172.20.0.1 - - [18/Apr/2023:23:52:48 +0000] "GET /api/v1/pages/643f284afbcecc56f0478b56 HTTP/1.1" 200 7087 "http://localhost:8080/app/healthheroappsmith-2/pharmacist-page-2-643f284afbcecc56f0478b56/edit?branch=master" "Mozilla/5.0 (Macintosh; Intel Mac OS X 10_15_7) AppleWebKit/537.36 (KHTML, like Gecko) Chrome/112.0.0.0 Safari/537.36"
172.20.0.1 - - [18/Apr/2023:23:52:52 +0000] "GET /api/v1/pages/643f284afbcecc56f0478b53 HTTP/1.1" 200 5807 "http://localhost:8080/app/healthheroappsmith-2/pharmacist-page-1-643f284afbcecc56f0478b53/edit?branch=master" "Mozilla/5.0 (Macintosh; Intel Mac OS X 10_15_7) AppleWebKit/537.36 (KHTML, like Gecko) Chrome/112.0.0.0 Safari/537.36"
127.0.0.1 - - [18/Apr/2023:23:52:58 +0000] "GET / HTTP/1.1" 200 4263 "-" "curl/7.68.0"
172.20.0.1 - - [18/Apr/2023:23:53:01 +0000] "PUT /api/v1/layouts/643f2849fbcecc56f0478b52/pages/643f284afbcecc56f0478b53?applicationId=643f2841fbcecc56f0478b4b HTTP/1.1" 200 5662 "http://localhost:8080/app/healthheroappsmith-2/pharmacist-page-1-643f284afbcecc56f0478b53/edit/widgets/j4zeaixtst?branch=master" "Mozilla/5.0 (Macintosh; Intel Mac OS X 10_15_7) AppleWebKit/537.36 (KHTML, like Gecko) Chrome/112.0.0.0 Safari/537.36"
172.20.0.1 - - [18/Apr/2023:23:53:04 +0000] "PUT /api/v1/layouts/643f2849fbcecc56f0478b52/pages/643f284afbcecc56f0478b53?applicationId=643f2841fbcecc56f0478b4b HTTP/1.1" 200 5623 "http://localhost:8080/app/healthheroappsmith-2/pharmacist-page-1-643f284afbcecc56f0478b53/edit/widgets/j4zeaixtst?branch=master" "Mozilla/5.0 (Macintosh; Intel Mac OS X 10_15_7) AppleWebKit/537.36 (KHTML, like Gecko) Chrome/112.0.0.0 Safari/537.36"
172.20.0.1 - - [18/Apr/2023:23:53:07 +0000] "GET /api/v1/pages/643f284afbcecc56f0478b56 HTTP/1.1" 200 7087 "http://localhost:8080/app/healthheroappsmith-2/pharmacist-page-2-643f284afbcecc56f0478b56/edit?branch=master" "Mozilla/5.0 (Macintosh; Intel Mac OS X 10_15_7) AppleWebKit/537.36 (KHTML, like Gecko) Chrome/112.0.0.0 Safari/537.36"
