172.21.0.1 - - [19/Apr/2023:01:50:16 +0000] "GET /api/v1/pages/643f284afbcecc56f0478b57/view?v=1681869015994 HTTP/1.1" 200 6876 "http://localhost:8080/app/healthheroappsmith-2/welcome-page-643f284afbcecc56f0478b54?branch=master" "Mozilla/5.0 (Macintosh; Intel Mac OS X 10_15_7) AppleWebKit/537.36 (KHTML, like Gecko) Chrome/112.0.0.0 Safari/537.36"
172.21.0.1 - - [19/Apr/2023:01:50:16 +0000] "GET /api/v1/pages/643f284afbcecc56f0478b54/view?v=1681869015993 HTTP/1.1" 200 2375 "http://localhost:8080/app/healthheroappsmith-2/welcome-page-643f284afbcecc56f0478b54?branch=master" "Mozilla/5.0 (Macintosh; Intel Mac OS X 10_15_7) AppleWebKit/537.36 (KHTML, like Gecko) Chrome/112.0.0.0 Safari/537.36"
172.21.0.1 - - [19/Apr/2023:01:50:16 +0000] "GET /api/v1/pages/643f284afbcecc56f0478b53/view?v=1681869015994 HTTP/1.1" 200 5790 "http://localhost:8080/app/healthheroappsmith-2/welcome-page-643f284afbcecc56f0478b54?branch=master" "Mozilla/5.0 (Macintosh; Intel Mac OS X 10_15_7) AppleWebKit/537.36 (KHTML, like Gecko) Chrome/112.0.0.0 Safari/537.36"
172.21.0.1 - - [19/Apr/2023:01:50:16 +0000] "GET /api/v1/pages/643f284afbcecc56f0478b56/view?v=1681869015994 HTTP/1.1" 200 7067 "http://localhost:8080/app/healthheroappsmith-2/welcome-page-643f284afbcecc56f0478b54?branch=master" "Mozilla/5.0 (Macintosh; Intel Mac OS X 10_15_7) AppleWebKit/537.36 (KHTML, like Gecko) Chrome/112.0.0.0 Safari/537.36"
172.21.0.1 - - [19/Apr/2023:01:50:16 +0000] "GET /rts/?EIO=4&transport=websocket HTTP/1.1" 101 228 "-" "Mozilla/5.0 (Macintosh; Intel Mac OS X 10_15_7) AppleWebKit/537.36 (KHTML, like Gecko) Chrome/112.0.0.0 Safari/537.36"
172.21.0.1 - - [19/Apr/2023:01:50:17 +0000] "GET /api/v1/git/status/app/643f2841fbcecc56f0478b4b?branchName=master HTTP/1.1" 200 327 "http://localhost:8080/app/healthheroappsmith-2/welcome-page-643f284afbcecc56f0478b54/edit?branch=master" "Mozilla/5.0 (Macintosh; Intel Mac OS X 10_15_7) AppleWebKit/537.36 (KHTML, like Gecko) Chrome/112.0.0.0 Safari/537.36"
172.21.0.1 - - [19/Apr/2023:01:50:17 +0000] "GET /pageService.js HTTP/1.1" 304 0 "http://localhost:8080/pageService.js" "Mozilla/5.0 (Macintosh; Intel Mac OS X 10_15_7) AppleWebKit/537.36 (KHTML, like Gecko) Chrome/112.0.0.0 Safari/537.36"
127.0.0.1 - - [19/Apr/2023:01:50:23 +0000] "GET / HTTP/1.1" 200 4263 "-" "curl/7.68.0"
172.21.0.1 - - [19/Apr/2023:01:50:31 +0000] "POST /api/v1/git/commit/app/643f2841fbcecc56f0478b4b?branchName=master HTTP/1.1" 201 166 "http://localhost:8080/app/healthheroappsmith-2/welcome-page-643f284afbcecc56f0478b54/edit?branch=master" "Mozilla/5.0 (Macintosh; Intel Mac OS X 10_15_7) AppleWebKit/537.36 (KHTML, like Gecko) Chrome/112.0.0.0 Safari/537.36"
172.21.0.1 - - [19/Apr/2023:01:50:35 +0000] "GET /api/v1/git/status/app/643f2841fbcecc56f0478b4b?branchName=master HTTP/1.1" 200 296 "http://localhost:8080/app/healthheroappsmith-2/welcome-page-643f284afbcecc56f0478b54/edit?branch=master" "Mozilla/5.0 (Macintosh; Intel Mac OS X 10_15_7) AppleWebKit/537.36 (KHTML, like Gecko) Chrome/112.0.0.0 Safari/537.36"
172.21.0.1 - - [19/Apr/2023:01:50:38 +0000] "GET /api/v1/users/features HTTP/1.1" 200 254 "http://localhost:8080/app/healthheroappsmith-2/welcome-page-643f284afbcecc56f0478b54?branch=master" "Mozilla/5.0 (Macintosh; Intel Mac OS X 10_15_7) AppleWebKit/537.36 (KHTML, like Gecko) Chrome/112.0.0.0 Safari/537.36"
172.21.0.1 - - [19/Apr/2023:01:50:38 +0000] "GET /api/v1/tenants/current HTTP/1.1" 200 166 "http://localhost:8080/app/healthheroappsmith-2/welcome-page-643f284afbcecc56f0478b54?branch=master" "Mozilla/5.0 (Macintosh; Intel Mac OS X 10_15_7) AppleWebKit/537.36 (KHTML, like Gecko) Chrome/112.0.0.0 Safari/537.36"
172.21.0.1 - - [19/Apr/2023:01:50:38 +0000] "GET /api/v1/users/me HTTP/1.1" 200 289 "http://localhost:8080/app/healthheroappsmith-2/welcome-page-643f284afbcecc56f0478b54?branch=master" "Mozilla/5.0 (Macintosh; Intel Mac OS X 10_15_7) AppleWebKit/537.36 (KHTML, like Gecko) Chrome/112.0.0.0 Safari/537.36"
172.21.0.1 - - [19/Apr/2023:01:50:38 +0000] "POST /api/v1/usage-pulse HTTP/1.1" 201 76 "http://localhost:8080/app/healthheroappsmith-2/welcome-page-643f284afbcecc56f0478b54?branch=master" "Mozilla/5.0 (Macintosh; Intel Mac OS X 10_15_7) AppleWebKit/537.36 (KHTML, like Gecko) Chrome/112.0.0.0 Safari/537.36"
172.21.0.1 - - [19/Apr/2023:01:50:38 +0000] "GET /api/v1/pages?pageId=643f284afbcecc56f0478b54&mode=PUBLISHED HTTP/1.1" 200 791 "http://localhost:8080/app/healthheroappsmith-2/welcome-page-643f284afbcecc56f0478b54?branch=master" "Mozilla/5.0 (Macintosh; Intel Mac OS X 10_15_7) AppleWebKit/537.36 (KHTML, like Gecko) Chrome/112.0.0.0 Safari/537.36"
172.21.0.1 - - [19/Apr/2023:01:50:39 +0000] "GET /api/v1/libraries/643f2841fbcecc56f0478b4b/view HTTP/1.1" 200 101 "http://localhost:8080/app/healthheroappsmith-2/welcome-page-643f284afbcecc56f0478b54?branch=master" "Mozilla/5.0 (Macintosh; Intel Mac OS X 10_15_7) AppleWebKit/537.36 (KHTML, like Gecko) Chrome/112.0.0.0 Safari/537.36"
172.21.0.1 - - [19/Apr/2023:01:50:39 +0000] "GET /api/v1/collections/actions/view?applicationId=643f2841fbcecc56f0478b4b HTTP/1.1" 200 101 "http://localhost:8080/app/healthheroappsmith-2/welcome-page-643f284afbcecc56f0478b54?branch=master" "Mozilla/5.0 (Macintosh; Intel Mac OS X 10_15_7) AppleWebKit/537.36 (KHTML, like Gecko) Chrome/112.0.0.0 Safari/537.36"
172.21.0.1 - - [19/Apr/2023:01:50:39 +0000] "GET /api/v1/pages/643f284afbcecc56f0478b54/view?v=1681869038951 HTTP/1.1" 200 2393 "http://localhost:8080/app/healthheroappsmith-2/welcome-page-643f284afbcecc56f0478b54?branch=master" "Mozilla/5.0 (Macintosh; Intel Mac OS X 10_15_7) AppleWebKit/537.36 (KHTML, like Gecko) Chrome/112.0.0.0 Safari/537.36"
127.0.0.1 - - [19/Apr/2023:01:50:39 +0000] "GET / HTTP/1.1" 200 4263 "-" "curl/7.68.0"
172.21.0.1 - - [19/Apr/2023:01:50:39 +0000] "GET /api/v1/themes/applications/643f2841fbcecc56f0478b4b/current?mode=PUBLISHED HTTP/1.1" 200 1443 "http://localhost:8080/app/healthheroappsmith-2/welcome-page-643f284afbcecc56f0478b54?branch=master" "Mozilla/5.0 (Macintosh; Intel Mac OS X 10_15_7) AppleWebKit/537.36 (KHTML, like Gecko) Chrome/112.0.0.0 Safari/537.36"
172.21.0.1 - - [19/Apr/2023:01:50:39 +0000] "GET /api/v1/themes/applications/643f2841fbcecc56f0478b4b HTTP/1.1" 200 4657 "http://localhost:8080/app/healthheroappsmith-2/welcome-page-643f284afbcecc56f0478b54?branch=master" "Mozilla/5.0 (Macintosh; Intel Mac OS X 10_15_7) AppleWebKit/537.36 (KHTML, like Gecko) Chrome/112.0.0.0 Safari/537.36"
172.21.0.1 - - [19/Apr/2023:01:50:39 +0000] "GET /api/v1/actions/view?applicationId=643f2841fbcecc56f0478b4b HTTP/1.1" 200 804 "http://localhost:8080/app/healthheroappsmith-2/welcome-page-643f284afbcecc56f0478b54?branch=master" "Mozilla/5.0 (Macintosh; Intel Mac OS X 10_15_7) AppleWebKit/537.36 (KHTML, like Gecko) Chrome/112.0.0.0 Safari/537.36"
172.21.0.1 - - [19/Apr/2023:01:50:39 +0000] "GET /api/v1/pages/643f284afbcecc56f0478b54/view?v=1681869039161 HTTP/1.1" 200 2393 "http://localhost:8080/app/healthheroappsmith-2/welcome-page-643f284afbcecc56f0478b54?branch=master" "Mozilla/5.0 (Macintosh; Intel Mac OS X 10_15_7) AppleWebKit/537.36 (KHTML, like Gecko) Chrome/112.0.0.0 Safari/537.36"
172.21.0.1 - - [19/Apr/2023:01:50:39 +0000] "GET /api/v1/pages/643f284afbcecc56f0478b53/view?v=1681869039162 HTTP/1.1" 200 5790 "http://localhost:8080/app/healthheroappsmith-2/welcome-page-643f284afbcecc56f0478b54?branch=master" "Mozilla/5.0 (Macintosh; Intel Mac OS X 10_15_7) AppleWebKit/537.36 (KHTML, like Gecko) Chrome/112.0.0.0 Safari/537.36"
172.21.0.1 - - [19/Apr/2023:01:50:39 +0000] "GET /api/v1/pages/643f284afbcecc56f0478b55/view?v=1681869039162 HTTP/1.1" 200 6289 "http://localhost:8080/app/healthheroappsmith-2/welcome-page-643f284afbcecc56f0478b54?branch=master" "Mozilla/5.0 (Macintosh; Intel Mac OS X 10_15_7) AppleWebKit/537.36 (KHTML, like Gecko) Chrome/112.0.0.0 Safari/537.36"
172.21.0.1 - - [19/Apr/2023:01:50:39 +0000] "GET /api/v1/pages/643f284afbcecc56f0478b57/view?v=1681869039162 HTTP/1.1" 200 6876 "http://localhost:8080/app/healthheroappsmith-2/welcome-page-643f284afbcecc56f0478b54?branch=master" "Mozilla/5.0 (Macintosh; Intel Mac OS X 10_15_7) AppleWebKit/537.36 (KHTML, like Gecko) Chrome/112.0.0.0 Safari/537.36"
172.21.0.1 - - [19/Apr/2023:01:50:39 +0000] "GET /api/v1/pages/643f284afbcecc56f0478b58/view?v=1681869039162 HTTP/1.1" 200 8562 "http://localhost:8080/app/healthheroappsmith-2/welcome-page-643f284afbcecc56f0478b54?branch=master" "Mozilla/5.0 (Macintosh; Intel Mac OS X 10_15_7) AppleWebKit/537.36 (KHTML, like Gecko) Chrome/112.0.0.0 Safari/537.36"
172.21.0.1 - - [19/Apr/2023:01:50:39 +0000] "GET /api/v1/pages/643f284afbcecc56f0478b59/view?v=1681869039162 HTTP/1.1" 200 6301 "http://localhost:8080/app/healthheroappsmith-2/welcome-page-643f284afbcecc56f0478b54?branch=master" "Mozilla/5.0 (Macintosh; Intel Mac OS X 10_15_7) AppleWebKit/537.36 (KHTML, like Gecko) Chrome/112.0.0.0 Safari/537.36"
172.21.0.1 - - [19/Apr/2023:01:50:39 +0000] "GET /api/v1/pages/643f284afbcecc56f0478b56/view?v=1681869039162 HTTP/1.1" 200 7067 "http://localhost:8080/app/healthheroappsmith-2/welcome-page-643f284afbcecc56f0478b54?branch=master" "Mozilla/5.0 (Macintosh; Intel Mac OS X 10_15_7) AppleWebKit/537.36 (KHTML, like Gecko) Chrome/112.0.0.0 Safari/537.36"
172.21.0.1 - - [19/Apr/2023:01:50:40 +0000] "GET /pageService.js HTTP/1.1" 304 0 "http://localhost:8080/pageService.js" "Mozilla/5.0 (Macintosh; Intel Mac OS X 10_15_7) AppleWebKit/537.36 (KHTML, like Gecko) Chrome/112.0.0.0 Safari/537.36"
172.21.0.1 - - [19/Apr/2023:01:50:45 +0000] "GET /rts/?EIO=4&transport=websocket HTTP/1.1" 101 228 "-" "Mozilla/5.0 (Macintosh; Intel Mac OS X 10_15_7) AppleWebKit/537.36 (KHTML, like Gecko) Chrome/112.0.0.0 Safari/537.36"
172.21.0.1 - - [19/Apr/2023:01:50:47 +0000] "GET /api/v1/git/profile/default HTTP/1.1" 200 144 "http://localhost:8080/app/healthheroappsmith-2/welcome-page-643f284afbcecc56f0478b54/edit?branch=master" "Mozilla/5.0 (Macintosh; Intel Mac OS X 10_15_7) AppleWebKit/537.36 (KHTML, like Gecko) Chrome/112.0.0.0 Safari/537.36"
172.21.0.1 - - [19/Apr/2023:01:50:47 +0000] "GET /api/v1/git/profile/app/643f2841fbcecc56f0478b4b HTTP/1.1" 200 134 "http://localhost:8080/app/healthheroappsmith-2/welcome-page-643f284afbcecc56f0478b54/edit?branch=master" "Mozilla/5.0 (Macintosh; Intel Mac OS X 10_15_7) AppleWebKit/537.36 (KHTML, like Gecko) Chrome/112.0.0.0 Safari/537.36"
172.21.0.1 - - [19/Apr/2023:01:50:47 +0000] "GET /api/v1/applications/ssh-keypair/643f2841fbcecc56f0478b4b HTTP/1.1" 200 414 "http://localhost:8080/app/healthheroappsmith-2/welcome-page-643f284afbcecc56f0478b54/edit?branch=master" "Mozilla/5.0 (Macintosh; Intel Mac OS X 10_15_7) AppleWebKit/537.36 (KHTML, like Gecko) Chrome/112.0.0.0 Safari/537.36"
172.21.0.1 - - [19/Apr/2023:01:50:50 +0000] "PUT /api/v1/layouts/643f2849fbcecc56f0478b4f/pages/643f284afbcecc56f0478b54?applicationId=643f2841fbcecc56f0478b4b HTTP/1.1" 200 2275 "http://localhost:8080/app/healthheroappsmith-2/welcome-page-643f284afbcecc56f0478b54/edit/widgets/fwym1ldk4s?branch=master" "Mozilla/5.0 (Macintosh; Intel Mac OS X 10_15_7) AppleWebKit/537.36 (KHTML, like Gecko) Chrome/112.0.0.0 Safari/537.36"
127.0.0.1 - - [19/Apr/2023:01:50:54 +0000] "GET / HTTP/1.1" 200 4263 "-" "curl/7.68.0"
172.21.0.1 - - [19/Apr/2023:01:50:57 +0000] "PUT /api/v1/layouts/643f2849fbcecc56f0478b4f/pages/643f284afbcecc56f0478b54?applicationId=643f2841fbcecc56f0478b4b HTTP/1.1" 200 2273 "http://localhost:8080/app/healthheroappsmith-2/welcome-page-643f284afbcecc56f0478b54/edit?branch=master" "Mozilla/5.0 (Macintosh; Intel Mac OS X 10_15_7) AppleWebKit/537.36 (KHTML, like Gecko) Chrome/112.0.0.0 Safari/537.36"
172.21.0.1 - - [19/Apr/2023:01:51:03 +0000] "GET /api/v1/git/status/app/643f2841fbcecc56f0478b4b?branchName=master HTTP/1.1" 200 327 "http://localhost:8080/app/healthheroappsmith-2/welcome-page-643f284afbcecc56f0478b54/edit?branch=master" "Mozilla/5.0 (Macintosh; Intel Mac OS X 10_15_7) AppleWebKit/537.36 (KHTML, like Gecko) Chrome/112.0.0.0 Safari/537.36"
127.0.0.1 - - [19/Apr/2023:01:51:09 +0000] "GET / HTTP/1.1" 200 4263 "-" "curl/7.68.0"
172.21.0.1 - - [19/Apr/2023:01:51:11 +0000] "POST /api/v1/git/commit/app/643f2841fbcecc56f0478b4b?branchName=master HTTP/1.1" 201 166 "http://localhost:8080/app/healthheroappsmith-2/welcome-page-643f284afbcecc56f0478b54/edit?branch=master" "Mozilla/5.0 (Macintosh; Intel Mac OS X 10_15_7) AppleWebKit/537.36 (KHTML, like Gecko) Chrome/112.0.0.0 Safari/537.36"
172.21.0.1 - - [19/Apr/2023:01:51:13 +0000] "GET /app/healthheroappsmith-2/welcome-page-643f284afbcecc56f0478b54?branch=master HTTP/1.1" 304 0 "http://localhost:8080/app/healthheroappsmith-2/welcome-page-643f284afbcecc56f0478b54/edit?branch=master" "Mozilla/5.0 (Macintosh; Intel Mac OS X 10_15_7) AppleWebKit/537.36 (KHTML, like Gecko) Chrome/112.0.0.0 Safari/537.36"
172.21.0.1 - - [19/Apr/2023:01:51:13 +0000] "GET /api/v1/tenants/current HTTP/1.1" 200 166 "http://localhost:8080/app/healthheroappsmith-2/welcome-page-643f284afbcecc56f0478b54?branch=master" "Mozilla/5.0 (Macintosh; Intel Mac OS X 10_15_7) AppleWebKit/537.36 (KHTML, like Gecko) Chrome/112.0.0.0 Safari/537.36"
172.21.0.1 - - [19/Apr/2023:01:51:13 +0000] "GET /api/v1/users/features HTTP/1.1" 200 254 "http://localhost:8080/app/healthheroappsmith-2/welcome-page-643f284afbcecc56f0478b54?branch=master" "Mozilla/5.0 (Macintosh; Intel Mac OS X 10_15_7) AppleWebKit/537.36 (KHTML, like Gecko) Chrome/112.0.0.0 Safari/537.36"
172.21.0.1 - - [19/Apr/2023:01:51:13 +0000] "GET /api/v1/users/me HTTP/1.1" 200 289 "http://localhost:8080/app/healthheroappsmith-2/welcome-page-643f284afbcecc56f0478b54?branch=master" "Mozilla/5.0 (Macintosh; Intel Mac OS X 10_15_7) AppleWebKit/537.36 (KHTML, like Gecko) Chrome/112.0.0.0 Safari/537.36"
172.21.0.1 - - [19/Apr/2023:01:51:14 +0000] "GET /api/v1/pages?pageId=643f284afbcecc56f0478b54&mode=PUBLISHED HTTP/1.1" 200 792 "http://localhost:8080/app/healthheroappsmith-2/welcome-page-643f284afbcecc56f0478b54?branch=master" "Mozilla/5.0 (Macintosh; Intel Mac OS X 10_15_7) AppleWebKit/537.36 (KHTML, like Gecko) Chrome/112.0.0.0 Safari/537.36"
172.21.0.1 - - [19/Apr/2023:01:51:14 +0000] "POST /api/v1/usage-pulse HTTP/1.1" 201 76 "http://localhost:8080/app/healthheroappsmith-2/welcome-page-643f284afbcecc56f0478b54?branch=master" "Mozilla/5.0 (Macintosh; Intel Mac OS X 10_15_7) AppleWebKit/537.36 (KHTML, like Gecko) Chrome/112.0.0.0 Safari/537.36"
172.21.0.1 - - [19/Apr/2023:01:51:14 +0000] "GET /api/v1/collections/actions/view?applicationId=643f2841fbcecc56f0478b4b HTTP/1.1" 200 101 "http://localhost:8080/app/healthheroappsmith-2/welcome-page-643f284afbcecc56f0478b54?branch=master" "Mozilla/5.0 (Macintosh; Intel Mac OS X 10_15_7) AppleWebKit/537.36 (KHTML, like Gecko) Chrome/112.0.0.0 Safari/537.36"
172.21.0.1 - - [19/Apr/2023:01:51:14 +0000] "GET /api/v1/themes/applications/643f2841fbcecc56f0478b4b/current?mode=PUBLISHED HTTP/1.1" 200 1443 "http://localhost:8080/app/healthheroappsmith-2/welcome-page-643f284afbcecc56f0478b54?branch=master" "Mozilla/5.0 (Macintosh; Intel Mac OS X 10_15_7) AppleWebKit/537.36 (KHTML, like Gecko) Chrome/112.0.0.0 Safari/537.36"
172.21.0.1 - - [19/Apr/2023:01:51:14 +0000] "GET /api/v1/pages/643f284afbcecc56f0478b54/view?v=1681869074641 HTTP/1.1" 200 2395 "http://localhost:8080/app/healthheroappsmith-2/welcome-page-643f284afbcecc56f0478b54?branch=master" "Mozilla/5.0 (Macintosh; Intel Mac OS X 10_15_7) AppleWebKit/537.36 (KHTML, like Gecko) Chrome/112.0.0.0 Safari/537.36"
172.21.0.1 - - [19/Apr/2023:01:51:14 +0000] "GET /api/v1/libraries/643f2841fbcecc56f0478b4b/view HTTP/1.1" 200 101 "http://localhost:8080/app/healthheroappsmith-2/welcome-page-643f284afbcecc56f0478b54?branch=master" "Mozilla/5.0 (Macintosh; Intel Mac OS X 10_15_7) AppleWebKit/537.36 (KHTML, like Gecko) Chrome/112.0.0.0 Safari/537.36"
172.21.0.1 - - [19/Apr/2023:01:51:14 +0000] "GET /api/v1/themes/applications/643f2841fbcecc56f0478b4b HTTP/1.1" 200 4657 "http://localhost:8080/app/healthheroappsmith-2/welcome-page-643f284afbcecc56f0478b54?branch=master" "Mozilla/5.0 (Macintosh; Intel Mac OS X 10_15_7) AppleWebKit/537.36 (KHTML, like Gecko) Chrome/112.0.0.0 Safari/537.36"
172.21.0.1 - - [19/Apr/2023:01:51:14 +0000] "GET /api/v1/actions/view?applicationId=643f2841fbcecc56f0478b4b HTTP/1.1" 200 804 "http://localhost:8080/app/healthheroappsmith-2/welcome-page-643f284afbcecc56f0478b54?branch=master" "Mozilla/5.0 (Macintosh; Intel Mac OS X 10_15_7) AppleWebKit/537.36 (KHTML, like Gecko) Chrome/112.0.0.0 Safari/537.36"
172.21.0.1 - - [19/Apr/2023:01:51:15 +0000] "GET /api/v1/pages/643f284afbcecc56f0478b54/view?v=1681869074987 HTTP/1.1" 200 2395 "http://localhost:8080/app/healthheroappsmith-2/welcome-page-643f284afbcecc56f0478b54?branch=master" "Mozilla/5.0 (Macintosh; Intel Mac OS X 10_15_7) AppleWebKit/537.36 (KHTML, like Gecko) Chrome/112.0.0.0 Safari/537.36"
172.21.0.1 - - [19/Apr/2023:01:51:15 +0000] "GET /api/v1/pages/643f284afbcecc56f0478b55/view?v=1681869074988 HTTP/1.1" 200 6289 "http://localhost:8080/app/healthheroappsmith-2/welcome-page-643f284afbcecc56f0478b54?branch=master" "Mozilla/5.0 (Macintosh; Intel Mac OS X 10_15_7) AppleWebKit/537.36 (KHTML, like Gecko) Chrome/112.0.0.0 Safari/537.36"
172.21.0.1 - - [19/Apr/2023:01:51:15 +0000] "GET /api/v1/pages/643f284afbcecc56f0478b59/view?v=1681869074988 HTTP/1.1" 200 6301 "http://localhost:8080/app/healthheroappsmith-2/welcome-page-643f284afbcecc56f0478b54?branch=master" "Mozilla/5.0 (Macintosh; Intel Mac OS X 10_15_7) AppleWebKit/537.36 (KHTML, like Gecko) Chrome/112.0.0.0 Safari/537.36"
172.21.0.1 - - [19/Apr/2023:01:51:15 +0000] "GET /api/v1/pages/643f284afbcecc56f0478b57/view?v=1681869074988 HTTP/1.1" 200 6876 "http://localhost:8080/app/healthheroappsmith-2/welcome-page-643f284afbcecc56f0478b54?branch=master" "Mozilla/5.0 (Macintosh; Intel Mac OS X 10_15_7) AppleWebKit/537.36 (KHTML, like Gecko) Chrome/112.0.0.0 Safari/537.36"
172.21.0.1 - - [19/Apr/2023:01:51:15 +0000] "GET /api/v1/pages/643f284afbcecc56f0478b58/view?v=1681869074988 HTTP/1.1" 200 8562 "http://localhost:8080/app/healthheroappsmith-2/welcome-page-643f284afbcecc56f0478b54?branch=master" "Mozilla/5.0 (Macintosh; Intel Mac OS X 10_15_7) AppleWebKit/537.36 (KHTML, like Gecko) Chrome/112.0.0.0 Safari/537.36"
172.21.0.1 - - [19/Apr/2023:01:51:15 +0000] "GET /api/v1/pages/643f284afbcecc56f0478b53/view?v=1681869074988 HTTP/1.1" 200 5790 "http://localhost:8080/app/healthheroappsmith-2/welcome-page-643f284afbcecc56f0478b54?branch=master" "Mozilla/5.0 (Macintosh; Intel Mac OS X 10_15_7) AppleWebKit/537.36 (KHTML, like Gecko) Chrome/112.0.0.0 Safari/537.36"
172.21.0.1 - - [19/Apr/2023:01:51:15 +0000] "GET /api/v1/pages/643f284afbcecc56f0478b56/view?v=1681869074988 HTTP/1.1" 200 7067 "http://localhost:8080/app/healthheroappsmith-2/welcome-page-643f284afbcecc56f0478b54?branch=master" "Mozilla/5.0 (Macintosh; Intel Mac OS X 10_15_7) AppleWebKit/537.36 (KHTML, like Gecko) Chrome/112.0.0.0 Safari/537.36"
172.21.0.1 - - [19/Apr/2023:01:51:16 +0000] "GET /rts/?EIO=4&transport=websocket HTTP/1.1" 101 3667 "-" "Mozilla/5.0 (Macintosh; Intel Mac OS X 10_15_7) AppleWebKit/537.36 (KHTML, like Gecko) Chrome/112.0.0.0 Safari/537.36"
172.21.0.1 - - [19/Apr/2023:01:51:16 +0000] "GET /api/v1/git/status/app/643f2841fbcecc56f0478b4b?branchName=master HTTP/1.1" 200 296 "http://localhost:8080/app/healthheroappsmith-2/welcome-page-643f284afbcecc56f0478b54/edit?branch=master" "Mozilla/5.0 (Macintosh; Intel Mac OS X 10_15_7) AppleWebKit/537.36 (KHTML, like Gecko) Chrome/112.0.0.0 Safari/537.36"
172.21.0.1 - - [19/Apr/2023:01:51:16 +0000] "GET /rts/?EIO=4&transport=websocket HTTP/1.1" 101 690 "-" "Mozilla/5.0 (Macintosh; Intel Mac OS X 10_15_7) AppleWebKit/537.36 (KHTML, like Gecko) Chrome/112.0.0.0 Safari/537.36"
172.21.0.1 - - [19/Apr/2023:01:51:17 +0000] "GET /pageService.js HTTP/1.1" 304 0 "http://localhost:8080/pageService.js" "Mozilla/5.0 (Macintosh; Intel Mac OS X 10_15_7) AppleWebKit/537.36 (KHTML, like Gecko) Chrome/112.0.0.0 Safari/537.36"
172.21.0.1 - - [19/Apr/2023:01:51:22 +0000] "GET /api/v1/pages/643f284afbcecc56f0478b55/view?v=1681869082519 HTTP/1.1" 200 6289 "http://localhost:8080/app/healthheroappsmith-2/doctor-page-1-643f284afbcecc56f0478b55?branch=master" "Mozilla/5.0 (Macintosh; Intel Mac OS X 10_15_7) AppleWebKit/537.36 (KHTML, like Gecko) Chrome/112.0.0.0 Safari/537.36"
127.0.0.1 - - [19/Apr/2023:01:51:25 +0000] "GET / HTTP/1.1" 200 4263 "-" "curl/7.68.0"
172.21.0.1 - - [19/Apr/2023:01:51:33 +0000] "POST /api/v1/actions/execute HTTP/1.1" 200 472 "http://localhost:8080/app/healthheroappsmith-2/doctor-page-1-643f284afbcecc56f0478b55?branch=master" "Mozilla/5.0 (Macintosh; Intel Mac OS X 10_15_7) AppleWebKit/537.36 (KHTML, like Gecko) Chrome/112.0.0.0 Safari/537.36"
127.0.0.1 - - [19/Apr/2023:01:51:40 +0000] "GET / HTTP/1.1" 200 4263 "-" "curl/7.68.0"
172.21.0.1 - - [19/Apr/2023:01:51:43 +0000] "POST /api/v1/actions/execute HTTP/1.1" 200 342 "http://localhost:8080/app/healthheroappsmith-2/doctor-page-1-643f284afbcecc56f0478b55?branch=master" "Mozilla/5.0 (Macintosh; Intel Mac OS X 10_15_7) AppleWebKit/537.36 (KHTML, like Gecko) Chrome/112.0.0.0 Safari/537.36"
127.0.0.1 - - [19/Apr/2023:01:51:55 +0000] "GET / HTTP/1.1" 200 4263 "-" "curl/7.68.0"
172.21.0.1 - - [19/Apr/2023:01:51:57 +0000] "POST /api/v1/actions/execute HTTP/1.1" 200 334 "http://localhost:8080/app/healthheroappsmith-2/doctor-page-1-643f284afbcecc56f0478b55?branch=master" "Mozilla/5.0 (Macintosh; Intel Mac OS X 10_15_7) AppleWebKit/537.36 (KHTML, like Gecko) Chrome/112.0.0.0 Safari/537.36"
172.21.0.1 - - [19/Apr/2023:01:52:01 +0000] "POST /api/v1/actions/execute HTTP/1.1" 200 410 "http://localhost:8080/app/healthheroappsmith-2/doctor-page-1-643f284afbcecc56f0478b55?branch=master" "Mozilla/5.0 (Macintosh; Intel Mac OS X 10_15_7) AppleWebKit/537.36 (KHTML, like Gecko) Chrome/112.0.0.0 Safari/537.36"
172.21.0.1 - - [19/Apr/2023:01:52:08 +0000] "POST /api/v1/actions/execute HTTP/1.1" 200 481 "http://localhost:8080/app/healthheroappsmith-2/doctor-page-1-643f284afbcecc56f0478b55?branch=master" "Mozilla/5.0 (Macintosh; Intel Mac OS X 10_15_7) AppleWebKit/537.36 (KHTML, like Gecko) Chrome/112.0.0.0 Safari/537.36"
127.0.0.1 - - [19/Apr/2023:01:52:10 +0000] "GET / HTTP/1.1" 200 4263 "-" "curl/7.68.0"
172.21.0.1 - - [19/Apr/2023:01:52:12 +0000] "GET /api/v1/pages/643f284afbcecc56f0478b58/view?v=1681869132717 HTTP/1.1" 200 8562 "http://localhost:8080/app/healthheroappsmith-2/doctor-page-2-643f284afbcecc56f0478b58?branch=master" "Mozilla/5.0 (Macintosh; Intel Mac OS X 10_15_7) AppleWebKit/537.36 (KHTML, like Gecko) Chrome/112.0.0.0 Safari/537.36"
172.21.0.1 - - [19/Apr/2023:01:52:13 +0000] "POST /api/v1/actions/execute HTTP/1.1" 200 7236 "http://localhost:8080/app/healthheroappsmith-2/doctor-page-2-643f284afbcecc56f0478b58?branch=master" "Mozilla/5.0 (Macintosh; Intel Mac OS X 10_15_7) AppleWebKit/537.36 (KHTML, like Gecko) Chrome/112.0.0.0 Safari/537.36"
172.21.0.1 - - [19/Apr/2023:01:52:22 +0000] "POST /api/v1/actions/execute HTTP/1.1" 200 8708 "http://localhost:8080/app/healthheroappsmith-2/doctor-page-2-643f284afbcecc56f0478b58?branch=master" "Mozilla/5.0 (Macintosh; Intel Mac OS X 10_15_7) AppleWebKit/537.36 (KHTML, like Gecko) Chrome/112.0.0.0 Safari/537.36"
127.0.0.1 - - [19/Apr/2023:01:52:26 +0000] "GET / HTTP/1.1" 200 4263 "-" "curl/7.68.0"
172.21.0.1 - - [19/Apr/2023:01:52:40 +0000] "POST /api/v1/actions/execute HTTP/1.1" 200 458 "http://localhost:8080/app/healthheroappsmith-2/doctor-page-2-643f284afbcecc56f0478b58?branch=master" "Mozilla/5.0 (Macintosh; Intel Mac OS X 10_15_7) AppleWebKit/537.36 (KHTML, like Gecko) Chrome/112.0.0.0 Safari/537.36"
127.0.0.1 - - [19/Apr/2023:01:52:41 +0000] "GET / HTTP/1.1" 200 4263 "-" "curl/7.68.0"
172.21.0.1 - - [19/Apr/2023:01:52:43 +0000] "POST /api/v1/actions/execute HTTP/1.1" 200 7233 "http://localhost:8080/app/healthheroappsmith-2/doctor-page-2-643f284afbcecc56f0478b58?branch=master" "Mozilla/5.0 (Macintosh; Intel Mac OS X 10_15_7) AppleWebKit/537.36 (KHTML, like Gecko) Chrome/112.0.0.0 Safari/537.36"
127.0.0.1 - - [19/Apr/2023:01:52:56 +0000] "GET / HTTP/1.1" 200 4263 "-" "curl/7.68.0"
172.21.0.1 - - [19/Apr/2023:01:53:11 +0000] "POST /api/v1/actions/execute HTTP/1.1" 200 346 "http://localhost:8080/app/healthheroappsmith-2/doctor-page-2-643f284afbcecc56f0478b58?branch=master" "Mozilla/5.0 (Macintosh; Intel Mac OS X 10_15_7) AppleWebKit/537.36 (KHTML, like Gecko) Chrome/112.0.0.0 Safari/537.36"
127.0.0.1 - - [19/Apr/2023:01:53:12 +0000] "GET / HTTP/1.1" 200 4263 "-" "curl/7.68.0"
172.21.0.1 - - [19/Apr/2023:01:53:25 +0000] "POST /api/v1/actions/execute HTTP/1.1" 200 523 "http://localhost:8080/app/healthheroappsmith-2/doctor-page-2-643f284afbcecc56f0478b58?branch=master" "Mozilla/5.0 (Macintosh; Intel Mac OS X 10_15_7) AppleWebKit/537.36 (KHTML, like Gecko) Chrome/112.0.0.0 Safari/537.36"
127.0.0.1 - - [19/Apr/2023:01:53:27 +0000] "GET / HTTP/1.1" 200 4263 "-" "curl/7.68.0"
172.21.0.1 - - [19/Apr/2023:01:53:33 +0000] "POST /api/v1/actions/execute HTTP/1.1" 200 380 "http://localhost:8080/app/healthheroappsmith-2/doctor-page-2-643f284afbcecc56f0478b58?branch=master" "Mozilla/5.0 (Macintosh; Intel Mac OS X 10_15_7) AppleWebKit/537.36 (KHTML, like Gecko) Chrome/112.0.0.0 Safari/537.36"
172.21.0.1 - - [19/Apr/2023:01:53:37 +0000] "GET /api/v1/pages/643f284afbcecc56f0478b54/view?v=1681869217153 HTTP/1.1" 200 2395 "http://localhost:8080/app/healthheroappsmith-2/welcome-page-643f284afbcecc56f0478b54?branch=master" "Mozilla/5.0 (Macintosh; Intel Mac OS X 10_15_7) AppleWebKit/537.36 (KHTML, like Gecko) Chrome/112.0.0.0 Safari/537.36"
172.21.0.1 - - [19/Apr/2023:01:53:38 +0000] "GET /api/v1/pages/643f284afbcecc56f0478b57/view?v=1681869218763 HTTP/1.1" 200 6876 "http://localhost:8080/app/healthheroappsmith-2/patient-page-1-643f284afbcecc56f0478b57?branch=master" "Mozilla/5.0 (Macintosh; Intel Mac OS X 10_15_7) AppleWebKit/537.36 (KHTML, like Gecko) Chrome/112.0.0.0 Safari/537.36"
172.21.0.1 - - [19/Apr/2023:01:53:39 +0000] "POST /api/v1/actions/execute HTTP/1.1" 200 3128 "http://localhost:8080/app/healthheroappsmith-2/patient-page-1-643f284afbcecc56f0478b57?branch=master" "Mozilla/5.0 (Macintosh; Intel Mac OS X 10_15_7) AppleWebKit/537.36 (KHTML, like Gecko) Chrome/112.0.0.0 Safari/537.36"
127.0.0.1 - - [19/Apr/2023:01:53:42 +0000] "GET / HTTP/1.1" 200 4263 "-" "curl/7.68.0"
172.21.0.1 - - [19/Apr/2023:01:53:44 +0000] "POST /api/v1/actions/execute HTTP/1.1" 200 378 "http://localhost:8080/app/healthheroappsmith-2/patient-page-1-643f284afbcecc56f0478b57?branch=master" "Mozilla/5.0 (Macintosh; Intel Mac OS X 10_15_7) AppleWebKit/537.36 (KHTML, like Gecko) Chrome/112.0.0.0 Safari/537.36"
172.21.0.1 - - [19/Apr/2023:01:53:50 +0000] "POST /api/v1/actions/execute HTTP/1.1" 200 450 "http://localhost:8080/app/healthheroappsmith-2/patient-page-1-643f284afbcecc56f0478b57?branch=master" "Mozilla/5.0 (Macintosh; Intel Mac OS X 10_15_7) AppleWebKit/537.36 (KHTML, like Gecko) Chrome/112.0.0.0 Safari/537.36"
127.0.0.1 - - [19/Apr/2023:01:53:58 +0000] "GET / HTTP/1.1" 200 4263 "-" "curl/7.68.0"
172.21.0.1 - - [19/Apr/2023:01:54:01 +0000] "POST /api/v1/actions/execute HTTP/1.1" 200 356 "http://localhost:8080/app/healthheroappsmith-2/patient-page-1-643f284afbcecc56f0478b57?branch=master" "Mozilla/5.0 (Macintosh; Intel Mac OS X 10_15_7) AppleWebKit/537.36 (KHTML, like Gecko) Chrome/112.0.0.0 Safari/537.36"
172.21.0.1 - - [19/Apr/2023:01:54:04 +0000] "POST /api/v1/actions/execute HTTP/1.1" 200 494 "http://localhost:8080/app/healthheroappsmith-2/patient-page-1-643f284afbcecc56f0478b57?branch=master" "Mozilla/5.0 (Macintosh; Intel Mac OS X 10_15_7) AppleWebKit/537.36 (KHTML, like Gecko) Chrome/112.0.0.0 Safari/537.36"
172.21.0.1 - - [19/Apr/2023:01:54:10 +0000] "POST /api/v1/actions/execute HTTP/1.1" 200 333 "http://localhost:8080/app/healthheroappsmith-2/patient-page-1-643f284afbcecc56f0478b57?branch=master" "Mozilla/5.0 (Macintosh; Intel Mac OS X 10_15_7) AppleWebKit/537.36 (KHTML, like Gecko) Chrome/112.0.0.0 Safari/537.36"
172.21.0.1 - - [19/Apr/2023:01:54:13 +0000] "POST /api/v1/actions/execute HTTP/1.1" 200 450 "http://localhost:8080/app/healthheroappsmith-2/patient-page-1-643f284afbcecc56f0478b57?branch=master" "Mozilla/5.0 (Macintosh; Intel Mac OS X 10_15_7) AppleWebKit/537.36 (KHTML, like Gecko) Chrome/112.0.0.0 Safari/537.36"
127.0.0.1 - - [19/Apr/2023:01:54:13 +0000] "GET / HTTP/1.1" 200 4263 "-" "curl/7.68.0"
172.21.0.1 - - [19/Apr/2023:01:54:16 +0000] "POST /api/v1/actions/execute HTTP/1.1" 200 3128 "http://localhost:8080/app/healthheroappsmith-2/patient-page-1-643f284afbcecc56f0478b57?branch=master" "Mozilla/5.0 (Macintosh; Intel Mac OS X 10_15_7) AppleWebKit/537.36 (KHTML, like Gecko) Chrome/112.0.0.0 Safari/537.36"
172.21.0.1 - - [19/Apr/2023:01:54:19 +0000] "GET /api/v1/pages/643f284afbcecc56f0478b59/view?v=1681869258956 HTTP/1.1" 200 6301 "http://localhost:8080/app/healthheroappsmith-2/patient-page-2-643f284afbcecc56f0478b59?branch=master" "Mozilla/5.0 (Macintosh; Intel Mac OS X 10_15_7) AppleWebKit/537.36 (KHTML, like Gecko) Chrome/112.0.0.0 Safari/537.36"
172.21.0.1 - - [19/Apr/2023:01:54:24 +0000] "POST /api/v1/actions/execute HTTP/1.1" 200 490 "http://localhost:8080/app/healthheroappsmith-2/patient-page-2-643f284afbcecc56f0478b59?branch=master" "Mozilla/5.0 (Macintosh; Intel Mac OS X 10_15_7) AppleWebKit/537.36 (KHTML, like Gecko) Chrome/112.0.0.0 Safari/537.36"
172.21.0.1 - - [19/Apr/2023:01:54:27 +0000] "POST /api/v1/actions/execute HTTP/1.1" 200 388 "http://localhost:8080/app/healthheroappsmith-2/patient-page-2-643f284afbcecc56f0478b59?branch=master" "Mozilla/5.0 (Macintosh; Intel Mac OS X 10_15_7) AppleWebKit/537.36 (KHTML, like Gecko) Chrome/112.0.0.0 Safari/537.36"
127.0.0.1 - - [19/Apr/2023:01:54:28 +0000] "GET / HTTP/1.1" 200 4263 "-" "curl/7.68.0"
127.0.0.1 - - [19/Apr/2023:01:54:44 +0000] "GET / HTTP/1.1" 200 4263 "-" "curl/7.68.0"
172.21.0.1 - - [19/Apr/2023:01:54:56 +0000] "GET /api/v1/pages/643f284afbcecc56f0478b54/view?v=1681869295939 HTTP/1.1" 200 2395 "http://localhost:8080/app/healthheroappsmith-2/welcome-page-643f284afbcecc56f0478b54?branch=master" "Mozilla/5.0 (Macintosh; Intel Mac OS X 10_15_7) AppleWebKit/537.36 (KHTML, like Gecko) Chrome/112.0.0.0 Safari/537.36"
172.21.0.1 - - [19/Apr/2023:01:54:57 +0000] "GET /api/v1/pages/643f284afbcecc56f0478b55/view?v=1681869297249 HTTP/1.1" 200 6289 "http://localhost:8080/app/healthheroappsmith-2/doctor-page-1-643f284afbcecc56f0478b55?branch=master" "Mozilla/5.0 (Macintosh; Intel Mac OS X 10_15_7) AppleWebKit/537.36 (KHTML, like Gecko) Chrome/112.0.0.0 Safari/537.36"
127.0.0.1 - - [19/Apr/2023:01:54:59 +0000] "GET / HTTP/1.1" 200 4263 "-" "curl/7.68.0"
172.21.0.1 - - [19/Apr/2023:01:55:02 +0000] "POST /api/v1/actions/execute HTTP/1.1" 200 312 "http://localhost:8080/app/healthheroappsmith-2/doctor-page-1-643f284afbcecc56f0478b55?branch=master" "Mozilla/5.0 (Macintosh; Intel Mac OS X 10_15_7) AppleWebKit/537.36 (KHTML, like Gecko) Chrome/112.0.0.0 Safari/537.36"
172.21.0.1 - - [19/Apr/2023:01:55:09 +0000] "POST /api/v1/actions/execute HTTP/1.1" 200 400 "http://localhost:8080/app/healthheroappsmith-2/doctor-page-1-643f284afbcecc56f0478b55?branch=master" "Mozilla/5.0 (Macintosh; Intel Mac OS X 10_15_7) AppleWebKit/537.36 (KHTML, like Gecko) Chrome/112.0.0.0 Safari/537.36"
127.0.0.1 - - [19/Apr/2023:01:55:14 +0000] "GET / HTTP/1.1" 200 4263 "-" "curl/7.68.0"
127.0.0.1 - - [19/Apr/2023:01:55:29 +0000] "GET / HTTP/1.1" 200 4263 "-" "curl/7.68.0"
172.21.0.1 - - [19/Apr/2023:01:55:43 +0000] "GET /api/v1/pages/643f284afbcecc56f0478b54/view?v=1681869343286 HTTP/1.1" 200 2395 "http://localhost:8080/app/healthheroappsmith-2/welcome-page-643f284afbcecc56f0478b54?branch=master" "Mozilla/5.0 (Macintosh; Intel Mac OS X 10_15_7) AppleWebKit/537.36 (KHTML, like Gecko) Chrome/112.0.0.0 Safari/537.36"
172.21.0.1 - - [19/Apr/2023:01:55:44 +0000] "GET /api/v1/pages/643f284afbcecc56f0478b57/view?v=1681869344510 HTTP/1.1" 200 6876 "http://localhost:8080/app/healthheroappsmith-2/patient-page-1-643f284afbcecc56f0478b57?branch=master" "Mozilla/5.0 (Macintosh; Intel Mac OS X 10_15_7) AppleWebKit/537.36 (KHTML, like Gecko) Chrome/112.0.0.0 Safari/537.36"
172.21.0.1 - - [19/Apr/2023:01:55:45 +0000] "POST /api/v1/actions/execute HTTP/1.1" 200 3128 "http://localhost:8080/app/healthheroappsmith-2/patient-page-1-643f284afbcecc56f0478b57?branch=master" "Mozilla/5.0 (Macintosh; Intel Mac OS X 10_15_7) AppleWebKit/537.36 (KHTML, like Gecko) Chrome/112.0.0.0 Safari/537.36"
127.0.0.1 - - [19/Apr/2023:01:55:45 +0000] "GET / HTTP/1.1" 200 4263 "-" "curl/7.68.0"
172.21.0.1 - - [19/Apr/2023:01:55:46 +0000] "GET /api/v1/pages/643f284afbcecc56f0478b59/view?v=1681869346034 HTTP/1.1" 200 6301 "http://localhost:8080/app/healthheroappsmith-2/patient-page-2-643f284afbcecc56f0478b59?branch=master" "Mozilla/5.0 (Macintosh; Intel Mac OS X 10_15_7) AppleWebKit/537.36 (KHTML, like Gecko) Chrome/112.0.0.0 Safari/537.36"
127.0.0.1 - - [19/Apr/2023:01:56:00 +0000] "GET / HTTP/1.1" 200 4263 "-" "curl/7.68.0"
172.21.0.1 - - [19/Apr/2023:01:56:04 +0000] "POST /api/v1/actions/execute HTTP/1.1" 200 327 "http://localhost:8080/app/healthheroappsmith-2/patient-page-2-643f284afbcecc56f0478b59?branch=master" "Mozilla/5.0 (Macintosh; Intel Mac OS X 10_15_7) AppleWebKit/537.36 (KHTML, like Gecko) Chrome/112.0.0.0 Safari/537.36"
172.21.0.1 - - [19/Apr/2023:01:56:06 +0000] "GET /api/v1/pages/643f284afbcecc56f0478b54/view?v=1681869366865 HTTP/1.1" 200 2395 "http://localhost:8080/app/healthheroappsmith-2/welcome-page-643f284afbcecc56f0478b54?branch=master" "Mozilla/5.0 (Macintosh; Intel Mac OS X 10_15_7) AppleWebKit/537.36 (KHTML, like Gecko) Chrome/112.0.0.0 Safari/537.36"
172.21.0.1 - - [19/Apr/2023:01:56:08 +0000] "GET /api/v1/pages/643f284afbcecc56f0478b55/view?v=1681869368460 HTTP/1.1" 200 6289 "http://localhost:8080/app/healthheroappsmith-2/doctor-page-1-643f284afbcecc56f0478b55?branch=master" "Mozilla/5.0 (Macintosh; Intel Mac OS X 10_15_7) AppleWebKit/537.36 (KHTML, like Gecko) Chrome/112.0.0.0 Safari/537.36"
172.21.0.1 - - [19/Apr/2023:01:56:13 +0000] "POST /api/v1/actions/execute HTTP/1.1" 200 397 "http://localhost:8080/app/healthheroappsmith-2/doctor-page-1-643f284afbcecc56f0478b55?branch=master" "Mozilla/5.0 (Macintosh; Intel Mac OS X 10_15_7) AppleWebKit/537.36 (KHTML, like Gecko) Chrome/112.0.0.0 Safari/537.36"
127.0.0.1 - - [19/Apr/2023:01:56:15 +0000] "GET / HTTP/1.1" 200 4263 "-" "curl/7.68.0"
172.21.0.1 - - [19/Apr/2023:01:56:17 +0000] "POST /api/v1/usage-pulse HTTP/1.1" 201 76 "http://localhost:8080/app/healthheroappsmith-2/doctor-page-1-643f284afbcecc56f0478b55?branch=master" "Mozilla/5.0 (Macintosh; Intel Mac OS X 10_15_7) AppleWebKit/537.36 (KHTML, like Gecko) Chrome/112.0.0.0 Safari/537.36"
172.21.0.1 - - [19/Apr/2023:01:56:17 +0000] "GET /api/v1/pages/643f284afbcecc56f0478b54/view?v=1681869377133 HTTP/1.1" 200 2395 "http://localhost:8080/app/healthheroappsmith-2/welcome-page-643f284afbcecc56f0478b54?branch=master" "Mozilla/5.0 (Macintosh; Intel Mac OS X 10_15_7) AppleWebKit/537.36 (KHTML, like Gecko) Chrome/112.0.0.0 Safari/537.36"
172.21.0.1 - - [19/Apr/2023:01:56:18 +0000] "GET /api/v1/pages/643f284afbcecc56f0478b57/view?v=1681869378868 HTTP/1.1" 200 6876 "http://localhost:8080/app/healthheroappsmith-2/patient-page-1-643f284afbcecc56f0478b57?branch=master" "Mozilla/5.0 (Macintosh; Intel Mac OS X 10_15_7) AppleWebKit/537.36 (KHTML, like Gecko) Chrome/112.0.0.0 Safari/537.36"
172.21.0.1 - - [19/Apr/2023:01:56:19 +0000] "POST /api/v1/actions/execute HTTP/1.1" 200 3127 "http://localhost:8080/app/healthheroappsmith-2/patient-page-1-643f284afbcecc56f0478b57?branch=master" "Mozilla/5.0 (Macintosh; Intel Mac OS X 10_15_7) AppleWebKit/537.36 (KHTML, like Gecko) Chrome/112.0.0.0 Safari/537.36"
172.21.0.1 - - [19/Apr/2023:01:56:22 +0000] "GET /api/v1/pages/643f284afbcecc56f0478b59/view?v=1681869382247 HTTP/1.1" 200 6301 "http://localhost:8080/app/healthheroappsmith-2/patient-page-2-643f284afbcecc56f0478b59?branch=master" "Mozilla/5.0 (Macintosh; Intel Mac OS X 10_15_7) AppleWebKit/537.36 (KHTML, like Gecko) Chrome/112.0.0.0 Safari/537.36"
127.0.0.1 - - [19/Apr/2023:01:56:31 +0000] "GET / HTTP/1.1" 200 4263 "-" "curl/7.68.0"
172.21.0.1 - - [19/Apr/2023:01:56:37 +0000] "POST /api/v1/actions/execute HTTP/1.1" 200 330 "http://localhost:8080/app/healthheroappsmith-2/patient-page-2-643f284afbcecc56f0478b59?branch=master" "Mozilla/5.0 (Macintosh; Intel Mac OS X 10_15_7) AppleWebKit/537.36 (KHTML, like Gecko) Chrome/112.0.0.0 Safari/537.36"
172.21.0.1 - - [19/Apr/2023:01:56:39 +0000] "GET /api/v1/pages/643f284afbcecc56f0478b54/view?v=1681869399464 HTTP/1.1" 200 2395 "http://localhost:8080/app/healthheroappsmith-2/welcome-page-643f284afbcecc56f0478b54?branch=master" "Mozilla/5.0 (Macintosh; Intel Mac OS X 10_15_7) AppleWebKit/537.36 (KHTML, like Gecko) Chrome/112.0.0.0 Safari/537.36"
172.21.0.1 - - [19/Apr/2023:01:56:41 +0000] "GET /api/v1/pages/643f284afbcecc56f0478b55/view?v=1681869401189 HTTP/1.1" 200 6289 "http://localhost:8080/app/healthheroappsmith-2/doctor-page-1-643f284afbcecc56f0478b55?branch=master" "Mozilla/5.0 (Macintosh; Intel Mac OS X 10_15_7) AppleWebKit/537.36 (KHTML, like Gecko) Chrome/112.0.0.0 Safari/537.36"
172.21.0.1 - - [19/Apr/2023:01:56:42 +0000] "GET /api/v1/pages/643f284afbcecc56f0478b58/view?v=1681869402546 HTTP/1.1" 200 8562 "http://localhost:8080/app/healthheroappsmith-2/doctor-page-2-643f284afbcecc56f0478b58?branch=master" "Mozilla/5.0 (Macintosh; Intel Mac OS X 10_15_7) AppleWebKit/537.36 (KHTML, like Gecko) Chrome/112.0.0.0 Safari/537.36"
172.21.0.1 - - [19/Apr/2023:01:56:43 +0000] "POST /api/v1/actions/execute HTTP/1.1" 200 7230 "http://localhost:8080/app/healthheroappsmith-2/doctor-page-2-643f284afbcecc56f0478b58?branch=master" "Mozilla/5.0 (Macintosh; Intel Mac OS X 10_15_7) AppleWebKit/537.36 (KHTML, like Gecko) Chrome/112.0.0.0 Safari/537.36"
127.0.0.1 - - [19/Apr/2023:01:56:46 +0000] "GET / HTTP/1.1" 200 4263 "-" "curl/7.68.0"
172.21.0.1 - - [19/Apr/2023:01:56:47 +0000] "POST /api/v1/actions/execute HTTP/1.1" 200 385 "http://localhost:8080/app/healthheroappsmith-2/doctor-page-2-643f284afbcecc56f0478b58?branch=master" "Mozilla/5.0 (Macintosh; Intel Mac OS X 10_15_7) AppleWebKit/537.36 (KHTML, like Gecko) Chrome/112.0.0.0 Safari/537.36"
172.21.0.1 - - [19/Apr/2023:01:56:52 +0000] "GET /api/v1/pages/643f284afbcecc56f0478b54/view?v=1681869412210 HTTP/1.1" 200 2395 "http://localhost:8080/app/healthheroappsmith-2/welcome-page-643f284afbcecc56f0478b54?branch=master" "Mozilla/5.0 (Macintosh; Intel Mac OS X 10_15_7) AppleWebKit/537.36 (KHTML, like Gecko) Chrome/112.0.0.0 Safari/537.36"
172.21.0.1 - - [19/Apr/2023:01:56:53 +0000] "GET /api/v1/pages/643f284afbcecc56f0478b53/view?v=1681869413687 HTTP/1.1" 200 5790 "http://localhost:8080/app/healthheroappsmith-2/pharmacist-page-1-643f284afbcecc56f0478b53?branch=master" "Mozilla/5.0 (Macintosh; Intel Mac OS X 10_15_7) AppleWebKit/537.36 (KHTML, like Gecko) Chrome/112.0.0.0 Safari/537.36"
172.21.0.1 - - [19/Apr/2023:01:56:56 +0000] "POST /api/v1/actions/execute HTTP/1.1" 200 313 "http://localhost:8080/app/healthheroappsmith-2/pharmacist-page-1-643f284afbcecc56f0478b53?branch=master" "Mozilla/5.0 (Macintosh; Intel Mac OS X 10_15_7) AppleWebKit/537.36 (KHTML, like Gecko) Chrome/112.0.0.0 Safari/537.36"
172.21.0.1 - - [19/Apr/2023:01:56:59 +0000] "POST /api/v1/actions/execute HTTP/1.1" 200 582 "http://localhost:8080/app/healthheroappsmith-2/pharmacist-page-1-643f284afbcecc56f0478b53?branch=master" "Mozilla/5.0 (Macintosh; Intel Mac OS X 10_15_7) AppleWebKit/537.36 (KHTML, like Gecko) Chrome/112.0.0.0 Safari/537.36"
127.0.0.1 - - [19/Apr/2023:01:57:01 +0000] "GET / HTTP/1.1" 200 4263 "-" "curl/7.68.0"
172.21.0.1 - - [19/Apr/2023:01:57:13 +0000] "POST /api/v1/actions/execute HTTP/1.1" 200 332 "http://localhost:8080/app/healthheroappsmith-2/pharmacist-page-1-643f284afbcecc56f0478b53?branch=master" "Mozilla/5.0 (Macintosh; Intel Mac OS X 10_15_7) AppleWebKit/537.36 (KHTML, like Gecko) Chrome/112.0.0.0 Safari/537.36"
172.21.0.1 - - [19/Apr/2023:01:57:16 +0000] "POST /api/v1/actions/execute HTTP/1.1" 200 580 "http://localhost:8080/app/healthheroappsmith-2/pharmacist-page-1-643f284afbcecc56f0478b53?branch=master" "Mozilla/5.0 (Macintosh; Intel Mac OS X 10_15_7) AppleWebKit/537.36 (KHTML, like Gecko) Chrome/112.0.0.0 Safari/537.36"
127.0.0.1 - - [19/Apr/2023:01:57:17 +0000] "GET / HTTP/1.1" 200 4263 "-" "curl/7.68.0"
172.21.0.1 - - [19/Apr/2023:01:57:23 +0000] "POST /api/v1/actions/execute HTTP/1.1" 200 330 "http://localhost:8080/app/healthheroappsmith-2/pharmacist-page-1-643f284afbcecc56f0478b53?branch=master" "Mozilla/5.0 (Macintosh; Intel Mac OS X 10_15_7) AppleWebKit/537.36 (KHTML, like Gecko) Chrome/112.0.0.0 Safari/537.36"
172.21.0.1 - - [19/Apr/2023:01:57:25 +0000] "POST /api/v1/actions/execute HTTP/1.1" 200 529 "http://localhost:8080/app/healthheroappsmith-2/pharmacist-page-1-643f284afbcecc56f0478b53?branch=master" "Mozilla/5.0 (Macintosh; Intel Mac OS X 10_15_7) AppleWebKit/537.36 (KHTML, like Gecko) Chrome/112.0.0.0 Safari/537.36"
127.0.0.1 - - [19/Apr/2023:01:57:32 +0000] "GET / HTTP/1.1" 200 4263 "-" "curl/7.68.0"
172.21.0.1 - - [19/Apr/2023:01:57:40 +0000] "POST /api/v1/actions/execute HTTP/1.1" 200 332 "http://localhost:8080/app/healthheroappsmith-2/pharmacist-page-1-643f284afbcecc56f0478b53?branch=master" "Mozilla/5.0 (Macintosh; Intel Mac OS X 10_15_7) AppleWebKit/537.36 (KHTML, like Gecko) Chrome/112.0.0.0 Safari/537.36"
172.21.0.1 - - [19/Apr/2023:01:57:43 +0000] "GET /api/v1/pages/643f284afbcecc56f0478b56/view?v=1681869462926 HTTP/1.1" 200 7067 "http://localhost:8080/app/healthheroappsmith-2/pharmacist-page-2-643f284afbcecc56f0478b56?branch=master" "Mozilla/5.0 (Macintosh; Intel Mac OS X 10_15_7) AppleWebKit/537.36 (KHTML, like Gecko) Chrome/112.0.0.0 Safari/537.36"
127.0.0.1 - - [19/Apr/2023:01:57:47 +0000] "GET / HTTP/1.1" 200 4263 "-" "curl/7.68.0"
172.21.0.1 - - [19/Apr/2023:01:57:54 +0000] "POST /api/v1/actions/execute HTTP/1.1" 200 328 "http://localhost:8080/app/healthheroappsmith-2/pharmacist-page-2-643f284afbcecc56f0478b56?branch=master" "Mozilla/5.0 (Macintosh; Intel Mac OS X 10_15_7) AppleWebKit/537.36 (KHTML, like Gecko) Chrome/112.0.0.0 Safari/537.36"
172.21.0.1 - - [19/Apr/2023:01:58:00 +0000] "POST /api/v1/actions/execute HTTP/1.1" 200 612 "http://localhost:8080/app/healthheroappsmith-2/pharmacist-page-2-643f284afbcecc56f0478b56?branch=master" "Mozilla/5.0 (Macintosh; Intel Mac OS X 10_15_7) AppleWebKit/537.36 (KHTML, like Gecko) Chrome/112.0.0.0 Safari/537.36"
127.0.0.1 - - [19/Apr/2023:01:58:03 +0000] "GET / HTTP/1.1" 200 4263 "-" "curl/7.68.0"
172.21.0.1 - - [19/Apr/2023:01:58:06 +0000] "POST /api/v1/actions/execute HTTP/1.1" 200 326 "http://localhost:8080/app/healthheroappsmith-2/pharmacist-page-2-643f284afbcecc56f0478b56?branch=master" "Mozilla/5.0 (Macintosh; Intel Mac OS X 10_15_7) AppleWebKit/537.36 (KHTML, like Gecko) Chrome/112.0.0.0 Safari/537.36"
172.21.0.1 - - [19/Apr/2023:01:58:09 +0000] "POST /api/v1/actions/execute HTTP/1.1" 200 494 "http://localhost:8080/app/healthheroappsmith-2/pharmacist-page-2-643f284afbcecc56f0478b56?branch=master" "Mozilla/5.0 (Macintosh; Intel Mac OS X 10_15_7) AppleWebKit/537.36 (KHTML, like Gecko) Chrome/112.0.0.0 Safari/537.36"
127.0.0.1 - - [19/Apr/2023:01:58:18 +0000] "GET / HTTP/1.1" 200 4263 "-" "curl/7.68.0"
127.0.0.1 - - [19/Apr/2023:01:58:33 +0000] "GET / HTTP/1.1" 200 4263 "-" "curl/7.68.0"
172.21.0.1 - - [19/Apr/2023:01:58:42 +0000] "GET /api/v1/pages/643f284afbcecc56f0478b53/view?v=1681869522804 HTTP/1.1" 200 5790 "http://localhost:8080/app/healthheroappsmith-2/pharmacist-page-1-643f284afbcecc56f0478b53?branch=master" "Mozilla/5.0 (Macintosh; Intel Mac OS X 10_15_7) AppleWebKit/537.36 (KHTML, like Gecko) Chrome/112.0.0.0 Safari/537.36"
127.0.0.1 - - [19/Apr/2023:01:58:49 +0000] "GET / HTTP/1.1" 200 4263 "-" "curl/7.68.0"
172.21.0.1 - - [19/Apr/2023:01:58:52 +0000] "GET /api/v1/pages/643f284afbcecc56f0478b56/view?v=1681869532836 HTTP/1.1" 200 7067 "http://localhost:8080/app/healthheroappsmith-2/pharmacist-page-2-643f284afbcecc56f0478b56?branch=master" "Mozilla/5.0 (Macintosh; Intel Mac OS X 10_15_7) AppleWebKit/537.36 (KHTML, like Gecko) Chrome/112.0.0.0 Safari/537.36"
172.21.0.1 - - [19/Apr/2023:01:59:02 +0000] "POST /api/v1/actions/execute HTTP/1.1" 200 613 "http://localhost:8080/app/healthheroappsmith-2/pharmacist-page-2-643f284afbcecc56f0478b56?branch=master" "Mozilla/5.0 (Macintosh; Intel Mac OS X 10_15_7) AppleWebKit/537.36 (KHTML, like Gecko) Chrome/112.0.0.0 Safari/537.36"
127.0.0.1 - - [19/Apr/2023:01:59:04 +0000] "GET / HTTP/1.1" 200 4263 "-" "curl/7.68.0"
172.21.0.1 - - [19/Apr/2023:01:59:11 +0000] "POST /api/v1/actions/execute HTTP/1.1" 200 613 "http://localhost:8080/app/healthheroappsmith-2/pharmacist-page-2-643f284afbcecc56f0478b56?branch=master" "Mozilla/5.0 (Macintosh; Intel Mac OS X 10_15_7) AppleWebKit/537.36 (KHTML, like Gecko) Chrome/112.0.0.0 Safari/537.36"
172.21.0.1 - - [19/Apr/2023:01:59:15 +0000] "GET /api/v1/pages/643f284afbcecc56f0478b53/view?v=1681869555510 HTTP/1.1" 200 5790 "http://localhost:8080/app/healthheroappsmith-2/pharmacist-page-1-643f284afbcecc56f0478b53?branch=master" "Mozilla/5.0 (Macintosh; Intel Mac OS X 10_15_7) AppleWebKit/537.36 (KHTML, like Gecko) Chrome/112.0.0.0 Safari/537.36"
127.0.0.1 - - [19/Apr/2023:01:59:19 +0000] "GET / HTTP/1.1" 200 4263 "-" "curl/7.68.0"
172.21.0.1 - - [19/Apr/2023:01:59:20 +0000] "POST /api/v1/actions/execute HTTP/1.1" 200 332 "http://localhost:8080/app/healthheroappsmith-2/pharmacist-page-1-643f284afbcecc56f0478b53?branch=master" "Mozilla/5.0 (Macintosh; Intel Mac OS X 10_15_7) AppleWebKit/537.36 (KHTML, like Gecko) Chrome/112.0.0.0 Safari/537.36"
172.21.0.1 - - [19/Apr/2023:01:59:22 +0000] "GET /api/v1/pages/643f284afbcecc56f0478b56/view?v=1681869562463 HTTP/1.1" 200 7067 "http://localhost:8080/app/healthheroappsmith-2/pharmacist-page-2-643f284afbcecc56f0478b56?branch=master" "Mozilla/5.0 (Macintosh; Intel Mac OS X 10_15_7) AppleWebKit/537.36 (KHTML, like Gecko) Chrome/112.0.0.0 Safari/537.36"
172.21.0.1 - - [19/Apr/2023:01:59:26 +0000] "POST /api/v1/actions/execute HTTP/1.1" 200 495 "http://localhost:8080/app/healthheroappsmith-2/pharmacist-page-2-643f284afbcecc56f0478b56?branch=master" "Mozilla/5.0 (Macintosh; Intel Mac OS X 10_15_7) AppleWebKit/537.36 (KHTML, like Gecko) Chrome/112.0.0.0 Safari/537.36"
127.0.0.1 - - [19/Apr/2023:01:59:34 +0000] "GET / HTTP/1.1" 200 4263 "-" "curl/7.68.0"
127.0.0.1 - - [19/Apr/2023:01:59:50 +0000] "GET / HTTP/1.1" 200 4263 "-" "curl/7.68.0"
172.21.0.1 - - [19/Apr/2023:01:59:57 +0000] "GET /api/v1/pages/643f284afbcecc56f0478b53/view?v=1681869597566 HTTP/1.1" 200 5790 "http://localhost:8080/app/healthheroappsmith-2/pharmacist-page-1-643f284afbcecc56f0478b53?branch=master" "Mozilla/5.0 (Macintosh; Intel Mac OS X 10_15_7) AppleWebKit/537.36 (KHTML, like Gecko) Chrome/112.0.0.0 Safari/537.36"
127.0.0.1 - - [19/Apr/2023:02:00:05 +0000] "GET / HTTP/1.1" 200 4263 "-" "curl/7.68.0"
172.21.0.1 - - [19/Apr/2023:02:00:08 +0000] "POST /api/v1/actions/execute HTTP/1.1" 200 331 "http://localhost:8080/app/healthheroappsmith-2/pharmacist-page-1-643f284afbcecc56f0478b53?branch=master" "Mozilla/5.0 (Macintosh; Intel Mac OS X 10_15_7) AppleWebKit/537.36 (KHTML, like Gecko) Chrome/112.0.0.0 Safari/537.36"
172.21.0.1 - - [19/Apr/2023:02:00:09 +0000] "GET /api/v1/pages/643f284afbcecc56f0478b56/view?v=1681869609689 HTTP/1.1" 200 7067 "http://localhost:8080/app/healthheroappsmith-2/pharmacist-page-2-643f284afbcecc56f0478b56?branch=master" "Mozilla/5.0 (Macintosh; Intel Mac OS X 10_15_7) AppleWebKit/537.36 (KHTML, like Gecko) Chrome/112.0.0.0 Safari/537.36"
172.21.0.1 - - [19/Apr/2023:02:00:15 +0000] "GET /api/v1/pages/643f284afbcecc56f0478b53/view?v=1681869615214 HTTP/1.1" 200 5790 "http://localhost:8080/app/healthheroappsmith-2/pharmacist-page-1-643f284afbcecc56f0478b53?branch=master" "Mozilla/5.0 (Macintosh; Intel Mac OS X 10_15_7) AppleWebKit/537.36 (KHTML, like Gecko) Chrome/112.0.0.0 Safari/537.36"
172.21.0.1 - - [19/Apr/2023:02:00:18 +0000] "POST /api/v1/actions/execute HTTP/1.1" 200 331 "http://localhost:8080/app/healthheroappsmith-2/pharmacist-page-1-643f284afbcecc56f0478b53?branch=master" "Mozilla/5.0 (Macintosh; Intel Mac OS X 10_15_7) AppleWebKit/537.36 (KHTML, like Gecko) Chrome/112.0.0.0 Safari/537.36"
172.21.0.1 - - [19/Apr/2023:02:00:19 +0000] "GET /api/v1/pages/643f284afbcecc56f0478b56/view?v=1681869619735 HTTP/1.1" 200 7067 "http://localhost:8080/app/healthheroappsmith-2/pharmacist-page-2-643f284afbcecc56f0478b56?branch=master" "Mozilla/5.0 (Macintosh; Intel Mac OS X 10_15_7) AppleWebKit/537.36 (KHTML, like Gecko) Chrome/112.0.0.0 Safari/537.36"
127.0.0.1 - - [19/Apr/2023:02:00:20 +0000] "GET / HTTP/1.1" 200 4263 "-" "curl/7.68.0"
172.21.0.1 - - [19/Apr/2023:02:00:25 +0000] "POST /api/v1/actions/execute HTTP/1.1" 200 312 "http://localhost:8080/app/healthheroappsmith-2/pharmacist-page-2-643f284afbcecc56f0478b56?branch=master" "Mozilla/5.0 (Macintosh; Intel Mac OS X 10_15_7) AppleWebKit/537.36 (KHTML, like Gecko) Chrome/112.0.0.0 Safari/537.36"
172.21.0.1 - - [19/Apr/2023:02:00:34 +0000] "POST /api/v1/actions/execute HTTP/1.1" 200 312 "http://localhost:8080/app/healthheroappsmith-2/pharmacist-page-2-643f284afbcecc56f0478b56?branch=master" "Mozilla/5.0 (Macintosh; Intel Mac OS X 10_15_7) AppleWebKit/537.36 (KHTML, like Gecko) Chrome/112.0.0.0 Safari/537.36"
127.0.0.1 - - [19/Apr/2023:02:00:35 +0000] "GET / HTTP/1.1" 200 4263 "-" "curl/7.68.0"
172.21.0.1 - - [19/Apr/2023:02:00:37 +0000] "POST /api/v1/actions/execute HTTP/1.1" 200 312 "http://localhost:8080/app/healthheroappsmith-2/pharmacist-page-2-643f284afbcecc56f0478b56?branch=master" "Mozilla/5.0 (Macintosh; Intel Mac OS X 10_15_7) AppleWebKit/537.36 (KHTML, like Gecko) Chrome/112.0.0.0 Safari/537.36"
