172.18.0.1 - - [18/Apr/2023:16:25:37 +0000] "GET /api/v1/collections/actions?pageId=643ebc2d180a343b72610041 HTTP/1.1" 200 101 "http://localhost:8080/app/healthheroappsmith/pharmacist-page-2-643ebc2d180a343b72610041/edit/widgets/57sueva119?branch=master" "Mozilla/5.0 (Macintosh; Intel Mac OS X 10_15_7) AppleWebKit/537.36 (KHTML, like Gecko) Chrome/112.0.0.0 Safari/537.36"
172.18.0.1 - - [18/Apr/2023:16:25:37 +0000] "GET /api/v1/actions?pageId=643ebc2d180a343b72610041 HTTP/1.1" 200 101 "http://localhost:8080/app/healthheroappsmith/pharmacist-page-2-643ebc2d180a343b72610041/edit/widgets/57sueva119?branch=master" "Mozilla/5.0 (Macintosh; Intel Mac OS X 10_15_7) AppleWebKit/537.36 (KHTML, like Gecko) Chrome/112.0.0.0 Safari/537.36"
127.0.0.1 - - [18/Apr/2023:16:25:37 +0000] "GET / HTTP/1.1" 200 4263 "-" "curl/7.68.0"
172.18.0.1 - - [18/Apr/2023:16:25:38 +0000] "POST /api/v1/usage-pulse HTTP/1.1" 201 76 "http://localhost:8080/app/healthheroappsmith/pharmacist-page-2-643ebc2d180a343b72610041/edit/widgets/57sueva119?branch=master" "Mozilla/5.0 (Macintosh; Intel Mac OS X 10_15_7) AppleWebKit/537.36 (KHTML, like Gecko) Chrome/112.0.0.0 Safari/537.36"
172.18.0.1 - - [18/Apr/2023:16:25:42 +0000] "PUT /api/v1/layouts/643ebc2d180a343b72610039/pages/643ebc2d180a343b72610041?applicationId=643ebc26180a343b72610033 HTTP/1.1" 200 3763 "http://localhost:8080/app/healthheroappsmith/pharmacist-page-2-643ebc2d180a343b72610041/edit/widgets/57sueva119?branch=master" "Mozilla/5.0 (Macintosh; Intel Mac OS X 10_15_7) AppleWebKit/537.36 (KHTML, like Gecko) Chrome/112.0.0.0 Safari/537.36"
127.0.0.1 - - [18/Apr/2023:16:25:53 +0000] "GET / HTTP/1.1" 200 4263 "-" "curl/7.68.0"
172.18.0.1 - - [18/Apr/2023:16:25:57 +0000] "PUT /api/v1/layouts/refactor HTTP/1.1" 200 3772 "http://localhost:8080/app/healthheroappsmith/pharmacist-page-2-643ebc2d180a343b72610041/edit/widgets/ec047k5xqa?branch=master" "Mozilla/5.0 (Macintosh; Intel Mac OS X 10_15_7) AppleWebKit/537.36 (KHTML, like Gecko) Chrome/112.0.0.0 Safari/537.36"
172.18.0.1 - - [18/Apr/2023:16:25:58 +0000] "GET /api/v1/collections/actions?pageId=643ebc2d180a343b72610041 HTTP/1.1" 200 101 "http://localhost:8080/app/healthheroappsmith/pharmacist-page-2-643ebc2d180a343b72610041/edit/widgets/ec047k5xqa?branch=master" "Mozilla/5.0 (Macintosh; Intel Mac OS X 10_15_7) AppleWebKit/537.36 (KHTML, like Gecko) Chrome/112.0.0.0 Safari/537.36"
172.18.0.1 - - [18/Apr/2023:16:25:58 +0000] "GET /api/v1/actions?pageId=643ebc2d180a343b72610041 HTTP/1.1" 200 101 "http://localhost:8080/app/healthheroappsmith/pharmacist-page-2-643ebc2d180a343b72610041/edit/widgets/ec047k5xqa?branch=master" "Mozilla/5.0 (Macintosh; Intel Mac OS X 10_15_7) AppleWebKit/537.36 (KHTML, like Gecko) Chrome/112.0.0.0 Safari/537.36"
172.18.0.1 - - [18/Apr/2023:16:26:00 +0000] "PUT /api/v1/layouts/643ebc2d180a343b72610039/pages/643ebc2d180a343b72610041?applicationId=643ebc26180a343b72610033 HTTP/1.1" 200 3768 "http://localhost:8080/app/healthheroappsmith/pharmacist-page-2-643ebc2d180a343b72610041/edit/widgets/ec047k5xqa?branch=master" "Mozilla/5.0 (Macintosh; Intel Mac OS X 10_15_7) AppleWebKit/537.36 (KHTML, like Gecko) Chrome/112.0.0.0 Safari/537.36"
172.18.0.1 - - [18/Apr/2023:16:26:04 +0000] "PUT /api/v1/layouts/643ebc2d180a343b72610039/pages/643ebc2d180a343b72610041?applicationId=643ebc26180a343b72610033 HTTP/1.1" 200 3772 "http://localhost:8080/app/healthheroappsmith/pharmacist-page-2-643ebc2d180a343b72610041/edit?branch=master" "Mozilla/5.0 (Macintosh; Intel Mac OS X 10_15_7) AppleWebKit/537.36 (KHTML, like Gecko) Chrome/112.0.0.0 Safari/537.36"
172.18.0.1 - - [18/Apr/2023:16:26:08 +0000] "PUT /api/v1/layouts/643ebc2d180a343b72610039/pages/643ebc2d180a343b72610041?applicationId=643ebc26180a343b72610033 HTTP/1.1" 200 3750 "http://localhost:8080/app/healthheroappsmith/pharmacist-page-2-643ebc2d180a343b72610041/edit/widgets/26wjxowqf1?branch=master" "Mozilla/5.0 (Macintosh; Intel Mac OS X 10_15_7) AppleWebKit/537.36 (KHTML, like Gecko) Chrome/112.0.0.0 Safari/537.36"
127.0.0.1 - - [18/Apr/2023:16:26:08 +0000] "GET / HTTP/1.1" 200 4263 "-" "curl/7.68.0"
172.18.0.1 - - [18/Apr/2023:16:26:11 +0000] "PUT /api/v1/layouts/643ebc2d180a343b72610039/pages/643ebc2d180a343b72610041?applicationId=643ebc26180a343b72610033 HTTP/1.1" 200 3751 "http://localhost:8080/app/healthheroappsmith/pharmacist-page-2-643ebc2d180a343b72610041/edit/widgets/ec047k5xqa?branch=master" "Mozilla/5.0 (Macintosh; Intel Mac OS X 10_15_7) AppleWebKit/537.36 (KHTML, like Gecko) Chrome/112.0.0.0 Safari/537.36"
172.18.0.1 - - [18/Apr/2023:16:26:13 +0000] "PUT /api/v1/layouts/643ebc2d180a343b72610039/pages/643ebc2d180a343b72610041?applicationId=643ebc26180a343b72610033 HTTP/1.1" 200 3739 "http://localhost:8080/app/healthheroappsmith/pharmacist-page-2-643ebc2d180a343b72610041/edit/widgets/ec047k5xqa?branch=master" "Mozilla/5.0 (Macintosh; Intel Mac OS X 10_15_7) AppleWebKit/537.36 (KHTML, like Gecko) Chrome/112.0.0.0 Safari/537.36"
172.18.0.1 - - [18/Apr/2023:16:26:16 +0000] "PUT /api/v1/layouts/643ebc2d180a343b72610039/pages/643ebc2d180a343b72610041?applicationId=643ebc26180a343b72610033 HTTP/1.1" 200 3750 "http://localhost:8080/app/healthheroappsmith/pharmacist-page-2-643ebc2d180a343b72610041/edit/widgets/4esko2oov5?branch=master" "Mozilla/5.0 (Macintosh; Intel Mac OS X 10_15_7) AppleWebKit/537.36 (KHTML, like Gecko) Chrome/112.0.0.0 Safari/537.36"
172.18.0.1 - - [18/Apr/2023:16:26:17 +0000] "PUT /api/v1/layouts/643ebc2d180a343b72610039/pages/643ebc2d180a343b72610041?applicationId=643ebc26180a343b72610033 HTTP/1.1" 200 3749 "http://localhost:8080/app/healthheroappsmith/pharmacist-page-2-643ebc2d180a343b72610041/edit/widgets/4esko2oov5?branch=master" "Mozilla/5.0 (Macintosh; Intel Mac OS X 10_15_7) AppleWebKit/537.36 (KHTML, like Gecko) Chrome/112.0.0.0 Safari/537.36"
172.18.0.1 - - [18/Apr/2023:16:26:19 +0000] "PUT /api/v1/layouts/643ebc2d180a343b72610039/pages/643ebc2d180a343b72610041?applicationId=643ebc26180a343b72610033 HTTP/1.1" 200 3739 "http://localhost:8080/app/healthheroappsmith/pharmacist-page-2-643ebc2d180a343b72610041/edit/widgets/pqahtcrusy?branch=master" "Mozilla/5.0 (Macintosh; Intel Mac OS X 10_15_7) AppleWebKit/537.36 (KHTML, like Gecko) Chrome/112.0.0.0 Safari/537.36"
172.18.0.1 - - [18/Apr/2023:16:26:22 +0000] "PUT /api/v1/layouts/643ebc2d180a343b72610039/pages/643ebc2d180a343b72610041?applicationId=643ebc26180a343b72610033 HTTP/1.1" 200 3751 "http://localhost:8080/app/healthheroappsmith/pharmacist-page-2-643ebc2d180a343b72610041/edit/widgets/ec047k5xqa?branch=master" "Mozilla/5.0 (Macintosh; Intel Mac OS X 10_15_7) AppleWebKit/537.36 (KHTML, like Gecko) Chrome/112.0.0.0 Safari/537.36"
127.0.0.1 - - [18/Apr/2023:16:26:23 +0000] "GET / HTTP/1.1" 200 4263 "-" "curl/7.68.0"
172.18.0.1 - - [18/Apr/2023:16:26:29 +0000] "PUT /api/v1/layouts/643ebc2d180a343b72610039/pages/643ebc2d180a343b72610041?applicationId=643ebc26180a343b72610033 HTTP/1.1" 200 3737 "http://localhost:8080/app/healthheroappsmith/pharmacist-page-2-643ebc2d180a343b72610041/edit/widgets/un50qk7e2x?branch=master" "Mozilla/5.0 (Macintosh; Intel Mac OS X 10_15_7) AppleWebKit/537.36 (KHTML, like Gecko) Chrome/112.0.0.0 Safari/537.36"
172.18.0.1 - - [18/Apr/2023:16:26:32 +0000] "PUT /api/v1/layouts/643ebc2d180a343b72610039/pages/643ebc2d180a343b72610041?applicationId=643ebc26180a343b72610033 HTTP/1.1" 200 3734 "http://localhost:8080/app/healthheroappsmith/pharmacist-page-2-643ebc2d180a343b72610041/edit/widgets/57sueva119?branch=master" "Mozilla/5.0 (Macintosh; Intel Mac OS X 10_15_7) AppleWebKit/537.36 (KHTML, like Gecko) Chrome/112.0.0.0 Safari/537.36"
127.0.0.1 - - [18/Apr/2023:16:26:38 +0000] "GET / HTTP/1.1" 200 4263 "-" "curl/7.68.0"
172.18.0.1 - - [18/Apr/2023:16:26:44 +0000] "POST /api/v1/actions HTTP/1.1" 201 1217 "http://localhost:8080/app/healthheroappsmith/pharmacist-page-2-643ebc2d180a343b72610041/edit/widgets/4esko2oov5?branch=master" "Mozilla/5.0 (Macintosh; Intel Mac OS X 10_15_7) AppleWebKit/537.36 (KHTML, like Gecko) Chrome/112.0.0.0 Safari/537.36"
172.18.0.1 - - [18/Apr/2023:16:26:52 +0000] "GET /api/v1/pages/643ebc2d180a343b72610041 HTTP/1.1" 200 3881 "http://localhost:8080/app/healthheroappsmith/pharmacist-page-2-643ebc2d180a343b72610041/edit/api/643ec4c4180a343b72610061?branch=master&editName=true&from=datasources" "Mozilla/5.0 (Macintosh; Intel Mac OS X 10_15_7) AppleWebKit/537.36 (KHTML, like Gecko) Chrome/112.0.0.0 Safari/537.36"
172.18.0.1 - - [18/Apr/2023:16:26:52 +0000] "PUT /api/v1/actions/refactor HTTP/1.1" 200 3734 "http://localhost:8080/app/healthheroappsmith/pharmacist-page-2-643ebc2d180a343b72610041/edit/api/643ec4c4180a343b72610061?branch=master&editName=true&from=datasources" "Mozilla/5.0 (Macintosh; Intel Mac OS X 10_15_7) AppleWebKit/537.36 (KHTML, like Gecko) Chrome/112.0.0.0 Safari/537.36"
172.18.0.1 - - [18/Apr/2023:16:26:52 +0000] "GET /api/v1/collections/actions?pageId=643ebc2d180a343b72610041 HTTP/1.1" 200 101 "http://localhost:8080/app/healthheroappsmith/pharmacist-page-2-643ebc2d180a343b72610041/edit/api/643ec4c4180a343b72610061?branch=master&editName=false&from=datasources" "Mozilla/5.0 (Macintosh; Intel Mac OS X 10_15_7) AppleWebKit/537.36 (KHTML, like Gecko) Chrome/112.0.0.0 Safari/537.36"
172.18.0.1 - - [18/Apr/2023:16:26:52 +0000] "GET /api/v1/actions?pageId=643ebc2d180a343b72610041 HTTP/1.1" 200 598 "http://localhost:8080/app/healthheroappsmith/pharmacist-page-2-643ebc2d180a343b72610041/edit/api/643ec4c4180a343b72610061?branch=master&editName=false&from=datasources" "Mozilla/5.0 (Macintosh; Intel Mac OS X 10_15_7) AppleWebKit/537.36 (KHTML, like Gecko) Chrome/112.0.0.0 Safari/537.36"
127.0.0.1 - - [18/Apr/2023:16:26:54 +0000] "GET / HTTP/1.1" 200 4263 "-" "curl/7.68.0"
172.18.0.1 - - [18/Apr/2023:16:26:56 +0000] "PUT /api/v1/actions/643ec4c4180a343b72610061 HTTP/1.1" 200 598 "http://localhost:8080/app/healthheroappsmith/pharmacist-page-2-643ebc2d180a343b72610041/edit/api/643ec4c4180a343b72610061?branch=master&editName=false&from=datasources" "Mozilla/5.0 (Macintosh; Intel Mac OS X 10_15_7) AppleWebKit/537.36 (KHTML, like Gecko) Chrome/112.0.0.0 Safari/537.36"
172.18.0.1 - - [18/Apr/2023:16:26:56 +0000] "PUT /api/v1/actions/643ec4c4180a343b72610061 HTTP/1.1" 200 609 "http://localhost:8080/app/healthheroappsmith/pharmacist-page-2-643ebc2d180a343b72610041/edit/api/643ec4c4180a343b72610061?branch=master&editName=false&from=datasources" "Mozilla/5.0 (Macintosh; Intel Mac OS X 10_15_7) AppleWebKit/537.36 (KHTML, like Gecko) Chrome/112.0.0.0 Safari/537.36"
172.18.0.1 - - [18/Apr/2023:16:26:57 +0000] "PUT /api/v1/actions/643ec4c4180a343b72610061 HTTP/1.1" 200 633 "http://localhost:8080/app/healthheroappsmith/pharmacist-page-2-643ebc2d180a343b72610041/edit/api/643ec4c4180a343b72610061?branch=master&editName=false&from=datasources" "Mozilla/5.0 (Macintosh; Intel Mac OS X 10_15_7) AppleWebKit/537.36 (KHTML, like Gecko) Chrome/112.0.0.0 Safari/537.36"
172.18.0.1 - - [18/Apr/2023:16:26:58 +0000] "PUT /api/v1/actions/643ec4c4180a343b72610061 HTTP/1.1" 200 649 "http://localhost:8080/app/healthheroappsmith/pharmacist-page-2-643ebc2d180a343b72610041/edit/api/643ec4c4180a343b72610061?branch=master&editName=false&from=datasources" "Mozilla/5.0 (Macintosh; Intel Mac OS X 10_15_7) AppleWebKit/537.36 (KHTML, like Gecko) Chrome/112.0.0.0 Safari/537.36"
172.18.0.1 - - [18/Apr/2023:16:27:00 +0000] "PUT /api/v1/actions/643ec4c4180a343b72610061 HTTP/1.1" 200 663 "http://localhost:8080/app/healthheroappsmith/pharmacist-page-2-643ebc2d180a343b72610041/edit/api/643ec4c4180a343b72610061?branch=master&editName=false&from=datasources" "Mozilla/5.0 (Macintosh; Intel Mac OS X 10_15_7) AppleWebKit/537.36 (KHTML, like Gecko) Chrome/112.0.0.0 Safari/537.36"
172.18.0.1 - - [18/Apr/2023:16:27:05 +0000] "PUT /api/v1/layouts/643ebc2d180a343b72610039/pages/643ebc2d180a343b72610041?applicationId=643ebc26180a343b72610033 HTTP/1.1" 200 3772 "http://localhost:8080/app/healthheroappsmith/pharmacist-page-2-643ebc2d180a343b72610041/edit/widgets/4esko2oov5?branch=master" "Mozilla/5.0 (Macintosh; Intel Mac OS X 10_15_7) AppleWebKit/537.36 (KHTML, like Gecko) Chrome/112.0.0.0 Safari/537.36"
172.18.0.1 - - [18/Apr/2023:16:27:07 +0000] "PUT /api/v1/layouts/643ebc2d180a343b72610039/pages/643ebc2d180a343b72610041?applicationId=643ebc26180a343b72610033 HTTP/1.1" 200 3791 "http://localhost:8080/app/healthheroappsmith/pharmacist-page-2-643ebc2d180a343b72610041/edit/widgets/4esko2oov5?branch=master" "Mozilla/5.0 (Macintosh; Intel Mac OS X 10_15_7) AppleWebKit/537.36 (KHTML, like Gecko) Chrome/112.0.0.0 Safari/537.36"
127.0.0.1 - - [18/Apr/2023:16:27:09 +0000] "GET / HTTP/1.1" 200 4263 "-" "curl/7.68.0"
172.18.0.1 - - [18/Apr/2023:16:27:10 +0000] "PUT /api/v1/layouts/643ebc2d180a343b72610039/pages/643ebc2d180a343b72610041?applicationId=643ebc26180a343b72610033 HTTP/1.1" 200 3796 "http://localhost:8080/app/healthheroappsmith/pharmacist-page-2-643ebc2d180a343b72610041/edit/widgets/4esko2oov5?branch=master" "Mozilla/5.0 (Macintosh; Intel Mac OS X 10_15_7) AppleWebKit/537.36 (KHTML, like Gecko) Chrome/112.0.0.0 Safari/537.36"
172.18.0.1 - - [18/Apr/2023:16:27:10 +0000] "PUT /api/v1/layouts/643ebc2d180a343b72610039/pages/643ebc2d180a343b72610041?applicationId=643ebc26180a343b72610033 HTTP/1.1" 200 3797 "http://localhost:8080/app/healthheroappsmith/pharmacist-page-2-643ebc2d180a343b72610041/edit/widgets/4esko2oov5?branch=master" "Mozilla/5.0 (Macintosh; Intel Mac OS X 10_15_7) AppleWebKit/537.36 (KHTML, like Gecko) Chrome/112.0.0.0 Safari/537.36"
172.18.0.1 - - [18/Apr/2023:16:27:12 +0000] "PUT /api/v1/layouts/643ebc2d180a343b72610039/pages/643ebc2d180a343b72610041?applicationId=643ebc26180a343b72610033 HTTP/1.1" 200 3798 "http://localhost:8080/app/healthheroappsmith/pharmacist-page-2-643ebc2d180a343b72610041/edit/widgets/4esko2oov5?branch=master" "Mozilla/5.0 (Macintosh; Intel Mac OS X 10_15_7) AppleWebKit/537.36 (KHTML, like Gecko) Chrome/112.0.0.0 Safari/537.36"
172.18.0.1 - - [18/Apr/2023:16:27:13 +0000] "PUT /api/v1/layouts/643ebc2d180a343b72610039/pages/643ebc2d180a343b72610041?applicationId=643ebc26180a343b72610033 HTTP/1.1" 200 3802 "http://localhost:8080/app/healthheroappsmith/pharmacist-page-2-643ebc2d180a343b72610041/edit/widgets/4esko2oov5?branch=master" "Mozilla/5.0 (Macintosh; Intel Mac OS X 10_15_7) AppleWebKit/537.36 (KHTML, like Gecko) Chrome/112.0.0.0 Safari/537.36"
172.18.0.1 - - [18/Apr/2023:16:27:14 +0000] "PUT /api/v1/layouts/643ebc2d180a343b72610039/pages/643ebc2d180a343b72610041?applicationId=643ebc26180a343b72610033 HTTP/1.1" 200 3804 "http://localhost:8080/app/healthheroappsmith/pharmacist-page-2-643ebc2d180a343b72610041/edit/widgets/4esko2oov5?branch=master" "Mozilla/5.0 (Macintosh; Intel Mac OS X 10_15_7) AppleWebKit/537.36 (KHTML, like Gecko) Chrome/112.0.0.0 Safari/537.36"
172.18.0.1 - - [18/Apr/2023:16:27:18 +0000] "PUT /api/v1/layouts/643ebc2d180a343b72610039/pages/643ebc2d180a343b72610041?applicationId=643ebc26180a343b72610033 HTTP/1.1" 200 3810 "http://localhost:8080/app/healthheroappsmith/pharmacist-page-2-643ebc2d180a343b72610041/edit/widgets/4esko2oov5?branch=master" "Mozilla/5.0 (Macintosh; Intel Mac OS X 10_15_7) AppleWebKit/537.36 (KHTML, like Gecko) Chrome/112.0.0.0 Safari/537.36"
172.18.0.1 - - [18/Apr/2023:16:27:20 +0000] "PUT /api/v1/layouts/643ebc2d180a343b72610039/pages/643ebc2d180a343b72610041?applicationId=643ebc26180a343b72610033 HTTP/1.1" 200 3815 "http://localhost:8080/app/healthheroappsmith/pharmacist-page-2-643ebc2d180a343b72610041/edit/widgets/4esko2oov5?branch=master" "Mozilla/5.0 (Macintosh; Intel Mac OS X 10_15_7) AppleWebKit/537.36 (KHTML, like Gecko) Chrome/112.0.0.0 Safari/537.36"
172.18.0.1 - - [18/Apr/2023:16:27:21 +0000] "PUT /api/v1/layouts/643ebc2d180a343b72610039/pages/643ebc2d180a343b72610041?applicationId=643ebc26180a343b72610033 HTTP/1.1" 200 3813 "http://localhost:8080/app/healthheroappsmith/pharmacist-page-2-643ebc2d180a343b72610041/edit/widgets/4esko2oov5?branch=master" "Mozilla/5.0 (Macintosh; Intel Mac OS X 10_15_7) AppleWebKit/537.36 (KHTML, like Gecko) Chrome/112.0.0.0 Safari/537.36"
127.0.0.1 - - [18/Apr/2023:16:27:24 +0000] "GET / HTTP/1.1" 200 4263 "-" "curl/7.68.0"
172.18.0.1 - - [18/Apr/2023:16:27:33 +0000] "PUT /api/v1/layouts/643ebc2d180a343b72610039/pages/643ebc2d180a343b72610041?applicationId=643ebc26180a343b72610033 HTTP/1.1" 200 3801 "http://localhost:8080/app/healthheroappsmith/pharmacist-page-2-643ebc2d180a343b72610041/edit/widgets/ec047k5xqa?branch=master" "Mozilla/5.0 (Macintosh; Intel Mac OS X 10_15_7) AppleWebKit/537.36 (KHTML, like Gecko) Chrome/112.0.0.0 Safari/537.36"
172.18.0.1 - - [18/Apr/2023:16:27:36 +0000] "POST /api/v1/actions/execute HTTP/1.1" 200 793 "http://localhost:8080/app/healthheroappsmith/pharmacist-page-2-643ebc2d180a343b72610041/edit/widgets/4esko2oov5?branch=master" "Mozilla/5.0 (Macintosh; Intel Mac OS X 10_15_7) AppleWebKit/537.36 (KHTML, like Gecko) Chrome/112.0.0.0 Safari/537.36"
172.18.0.1 - - [18/Apr/2023:16:27:39 +0000] "PUT /api/v1/actions/643ec4c4180a343b72610061 HTTP/1.1" 200 663 "http://localhost:8080/app/healthheroappsmith/pharmacist-page-2-643ebc2d180a343b72610041/edit/api/643ec4c4180a343b72610061?branch=master" "Mozilla/5.0 (Macintosh; Intel Mac OS X 10_15_7) AppleWebKit/537.36 (KHTML, like Gecko) Chrome/112.0.0.0 Safari/537.36"
127.0.0.1 - - [18/Apr/2023:16:27:40 +0000] "GET / HTTP/1.1" 200 4263 "-" "curl/7.68.0"
172.18.0.1 - - [18/Apr/2023:16:27:41 +0000] "PUT /api/v1/actions/643ec4c4180a343b72610061 HTTP/1.1" 200 663 "http://localhost:8080/app/healthheroappsmith/pharmacist-page-2-643ebc2d180a343b72610041/edit/api/643ec4c4180a343b72610061?branch=master" "Mozilla/5.0 (Macintosh; Intel Mac OS X 10_15_7) AppleWebKit/537.36 (KHTML, like Gecko) Chrome/112.0.0.0 Safari/537.36"
127.0.0.1 - - [18/Apr/2023:16:27:55 +0000] "GET / HTTP/1.1" 200 4263 "-" "curl/7.68.0"
172.18.0.1 - - [18/Apr/2023:16:27:58 +0000] "POST /api/v1/actions/execute HTTP/1.1" 200 562 "http://localhost:8080/app/healthheroappsmith/pharmacist-page-2-643ebc2d180a343b72610041/edit/widgets/4esko2oov5?branch=master" "Mozilla/5.0 (Macintosh; Intel Mac OS X 10_15_7) AppleWebKit/537.36 (KHTML, like Gecko) Chrome/112.0.0.0 Safari/537.36"
172.18.0.1 - - [18/Apr/2023:16:28:03 +0000] "PUT /api/v1/layouts/643ebc2d180a343b72610039/pages/643ebc2d180a343b72610041?applicationId=643ebc26180a343b72610033 HTTP/1.1" 200 3808 "http://localhost:8080/app/healthheroappsmith/pharmacist-page-2-643ebc2d180a343b72610041/edit/widgets/4esko2oov5?branch=master" "Mozilla/5.0 (Macintosh; Intel Mac OS X 10_15_7) AppleWebKit/537.36 (KHTML, like Gecko) Chrome/112.0.0.0 Safari/537.36"
127.0.0.1 - - [18/Apr/2023:16:28:10 +0000] "GET / HTTP/1.1" 200 4263 "-" "curl/7.68.0"
172.18.0.1 - - [18/Apr/2023:16:28:22 +0000] "PUT /api/v1/layouts/643ebc2d180a343b72610039/pages/643ebc2d180a343b72610041?applicationId=643ebc26180a343b72610033 HTTP/1.1" 200 3777 "http://localhost:8080/app/healthheroappsmith/pharmacist-page-2-643ebc2d180a343b72610041/edit?branch=master" "Mozilla/5.0 (Macintosh; Intel Mac OS X 10_15_7) AppleWebKit/537.36 (KHTML, like Gecko) Chrome/112.0.0.0 Safari/537.36"
127.0.0.1 - - [18/Apr/2023:16:28:25 +0000] "GET / HTTP/1.1" 200 4263 "-" "curl/7.68.0"
172.18.0.1 - - [18/Apr/2023:16:28:31 +0000] "PUT /api/v1/layouts/643ebc2d180a343b72610039/pages/643ebc2d180a343b72610041?applicationId=643ebc26180a343b72610033 HTTP/1.1" 200 3852 "http://localhost:8080/app/healthheroappsmith/pharmacist-page-2-643ebc2d180a343b72610041/edit/widgets/8585myruh5?branch=master" "Mozilla/5.0 (Macintosh; Intel Mac OS X 10_15_7) AppleWebKit/537.36 (KHTML, like Gecko) Chrome/112.0.0.0 Safari/537.36"
172.18.0.1 - - [18/Apr/2023:16:28:35 +0000] "PUT /api/v1/layouts/refactor HTTP/1.1" 200 3883 "http://localhost:8080/app/healthheroappsmith/pharmacist-page-2-643ebc2d180a343b72610041/edit/widgets/8585myruh5?branch=master" "Mozilla/5.0 (Macintosh; Intel Mac OS X 10_15_7) AppleWebKit/537.36 (KHTML, like Gecko) Chrome/112.0.0.0 Safari/537.36"
172.18.0.1 - - [18/Apr/2023:16:28:35 +0000] "GET /api/v1/collections/actions?pageId=643ebc2d180a343b72610041 HTTP/1.1" 200 101 "http://localhost:8080/app/healthheroappsmith/pharmacist-page-2-643ebc2d180a343b72610041/edit/widgets/8585myruh5?branch=master" "Mozilla/5.0 (Macintosh; Intel Mac OS X 10_15_7) AppleWebKit/537.36 (KHTML, like Gecko) Chrome/112.0.0.0 Safari/537.36"
172.18.0.1 - - [18/Apr/2023:16:28:35 +0000] "GET /api/v1/actions?pageId=643ebc2d180a343b72610041 HTTP/1.1" 200 643 "http://localhost:8080/app/healthheroappsmith/pharmacist-page-2-643ebc2d180a343b72610041/edit/widgets/8585myruh5?branch=master" "Mozilla/5.0 (Macintosh; Intel Mac OS X 10_15_7) AppleWebKit/537.36 (KHTML, like Gecko) Chrome/112.0.0.0 Safari/537.36"
127.0.0.1 - - [18/Apr/2023:16:28:41 +0000] "GET / HTTP/1.1" 200 4263 "-" "curl/7.68.0"
172.18.0.1 - - [18/Apr/2023:16:28:42 +0000] "PUT /api/v1/layouts/refactor HTTP/1.1" 200 3887 "http://localhost:8080/app/healthheroappsmith/pharmacist-page-2-643ebc2d180a343b72610041/edit/widgets/8585myruh5?branch=master" "Mozilla/5.0 (Macintosh; Intel Mac OS X 10_15_7) AppleWebKit/537.36 (KHTML, like Gecko) Chrome/112.0.0.0 Safari/537.36"
172.18.0.1 - - [18/Apr/2023:16:28:42 +0000] "GET /api/v1/collections/actions?pageId=643ebc2d180a343b72610041 HTTP/1.1" 200 101 "http://localhost:8080/app/healthheroappsmith/pharmacist-page-2-643ebc2d180a343b72610041/edit/widgets/5u1c5mo8j9?branch=master" "Mozilla/5.0 (Macintosh; Intel Mac OS X 10_15_7) AppleWebKit/537.36 (KHTML, like Gecko) Chrome/112.0.0.0 Safari/537.36"
172.18.0.1 - - [18/Apr/2023:16:28:42 +0000] "GET /api/v1/actions?pageId=643ebc2d180a343b72610041 HTTP/1.1" 200 643 "http://localhost:8080/app/healthheroappsmith/pharmacist-page-2-643ebc2d180a343b72610041/edit/widgets/5u1c5mo8j9?branch=master" "Mozilla/5.0 (Macintosh; Intel Mac OS X 10_15_7) AppleWebKit/537.36 (KHTML, like Gecko) Chrome/112.0.0.0 Safari/537.36"
172.18.0.1 - - [18/Apr/2023:16:28:48 +0000] "PUT /api/v1/layouts/refactor HTTP/1.1" 200 3899 "http://localhost:8080/app/healthheroappsmith/pharmacist-page-2-643ebc2d180a343b72610041/edit/widgets/5u1c5mo8j9?branch=master" "Mozilla/5.0 (Macintosh; Intel Mac OS X 10_15_7) AppleWebKit/537.36 (KHTML, like Gecko) Chrome/112.0.0.0 Safari/537.36"
172.18.0.1 - - [18/Apr/2023:16:28:48 +0000] "GET /api/v1/collections/actions?pageId=643ebc2d180a343b72610041 HTTP/1.1" 200 101 "http://localhost:8080/app/healthheroappsmith/pharmacist-page-2-643ebc2d180a343b72610041/edit/widgets/5u1c5mo8j9?branch=master" "Mozilla/5.0 (Macintosh; Intel Mac OS X 10_15_7) AppleWebKit/537.36 (KHTML, like Gecko) Chrome/112.0.0.0 Safari/537.36"
172.18.0.1 - - [18/Apr/2023:16:28:48 +0000] "GET /api/v1/actions?pageId=643ebc2d180a343b72610041 HTTP/1.1" 200 643 "http://localhost:8080/app/healthheroappsmith/pharmacist-page-2-643ebc2d180a343b72610041/edit/widgets/5u1c5mo8j9?branch=master" "Mozilla/5.0 (Macintosh; Intel Mac OS X 10_15_7) AppleWebKit/537.36 (KHTML, like Gecko) Chrome/112.0.0.0 Safari/537.36"
172.18.0.1 - - [18/Apr/2023:16:28:56 +0000] "PUT /api/v1/layouts/643ebc2d180a343b72610039/pages/643ebc2d180a343b72610041?applicationId=643ebc26180a343b72610033 HTTP/1.1" 200 3975 "http://localhost:8080/app/healthheroappsmith/pharmacist-page-2-643ebc2d180a343b72610041/edit/widgets/0ni9lp07m0?branch=master" "Mozilla/5.0 (Macintosh; Intel Mac OS X 10_15_7) AppleWebKit/537.36 (KHTML, like Gecko) Chrome/112.0.0.0 Safari/537.36"
127.0.0.1 - - [18/Apr/2023:16:28:56 +0000] "GET / HTTP/1.1" 200 4263 "-" "curl/7.68.0"
172.18.0.1 - - [18/Apr/2023:16:28:59 +0000] "PUT /api/v1/layouts/643ebc2d180a343b72610039/pages/643ebc2d180a343b72610041?applicationId=643ebc26180a343b72610033 HTTP/1.1" 200 4000 "http://localhost:8080/app/healthheroappsmith/pharmacist-page-2-643ebc2d180a343b72610041/edit/widgets/0ni9lp07m0?branch=master" "Mozilla/5.0 (Macintosh; Intel Mac OS X 10_15_7) AppleWebKit/537.36 (KHTML, like Gecko) Chrome/112.0.0.0 Safari/537.36"
172.18.0.1 - - [18/Apr/2023:16:29:11 +0000] "PUT /api/v1/layouts/refactor HTTP/1.1" 200 4003 "http://localhost:8080/app/healthheroappsmith/pharmacist-page-2-643ebc2d180a343b72610041/edit/widgets/0ni9lp07m0?branch=master" "Mozilla/5.0 (Macintosh; Intel Mac OS X 10_15_7) AppleWebKit/537.36 (KHTML, like Gecko) Chrome/112.0.0.0 Safari/537.36"
127.0.0.1 - - [18/Apr/2023:16:29:11 +0000] "GET / HTTP/1.1" 200 4263 "-" "curl/7.68.0"
172.18.0.1 - - [18/Apr/2023:16:29:11 +0000] "GET /api/v1/collections/actions?pageId=643ebc2d180a343b72610041 HTTP/1.1" 200 101 "http://localhost:8080/app/healthheroappsmith/pharmacist-page-2-643ebc2d180a343b72610041/edit/widgets/0ni9lp07m0?branch=master" "Mozilla/5.0 (Macintosh; Intel Mac OS X 10_15_7) AppleWebKit/537.36 (KHTML, like Gecko) Chrome/112.0.0.0 Safari/537.36"
172.18.0.1 - - [18/Apr/2023:16:29:11 +0000] "GET /api/v1/actions?pageId=643ebc2d180a343b72610041 HTTP/1.1" 200 643 "http://localhost:8080/app/healthheroappsmith/pharmacist-page-2-643ebc2d180a343b72610041/edit/widgets/0ni9lp07m0?branch=master" "Mozilla/5.0 (Macintosh; Intel Mac OS X 10_15_7) AppleWebKit/537.36 (KHTML, like Gecko) Chrome/112.0.0.0 Safari/537.36"
172.18.0.1 - - [18/Apr/2023:16:29:16 +0000] "PUT /api/v1/layouts/643ebc2d180a343b72610039/pages/643ebc2d180a343b72610041?applicationId=643ebc26180a343b72610033 HTTP/1.1" 200 3982 "http://localhost:8080/app/healthheroappsmith/pharmacist-page-2-643ebc2d180a343b72610041/edit/widgets/0ni9lp07m0?branch=master" "Mozilla/5.0 (Macintosh; Intel Mac OS X 10_15_7) AppleWebKit/537.36 (KHTML, like Gecko) Chrome/112.0.0.0 Safari/537.36"
172.18.0.1 - - [18/Apr/2023:16:29:20 +0000] "PUT /api/v1/layouts/643ebc2d180a343b72610039/pages/643ebc2d180a343b72610041?applicationId=643ebc26180a343b72610033 HTTP/1.1" 200 3977 "http://localhost:8080/app/healthheroappsmith/pharmacist-page-2-643ebc2d180a343b72610041/edit/widgets/hnkc7a4254?branch=master" "Mozilla/5.0 (Macintosh; Intel Mac OS X 10_15_7) AppleWebKit/537.36 (KHTML, like Gecko) Chrome/112.0.0.0 Safari/537.36"
172.18.0.1 - - [18/Apr/2023:16:29:24 +0000] "PUT /api/v1/layouts/643ebc2d180a343b72610039/pages/643ebc2d180a343b72610041?applicationId=643ebc26180a343b72610033 HTTP/1.1" 200 3981 "http://localhost:8080/app/healthheroappsmith/pharmacist-page-2-643ebc2d180a343b72610041/edit/widgets/0ni9lp07m0?branch=master" "Mozilla/5.0 (Macintosh; Intel Mac OS X 10_15_7) AppleWebKit/537.36 (KHTML, like Gecko) Chrome/112.0.0.0 Safari/537.36"
127.0.0.1 - - [18/Apr/2023:16:29:27 +0000] "GET / HTTP/1.1" 200 4263 "-" "curl/7.68.0"
172.18.0.1 - - [18/Apr/2023:16:29:27 +0000] "PUT /api/v1/layouts/643ebc2d180a343b72610039/pages/643ebc2d180a343b72610041?applicationId=643ebc26180a343b72610033 HTTP/1.1" 200 3980 "http://localhost:8080/app/healthheroappsmith/pharmacist-page-2-643ebc2d180a343b72610041/edit/widgets/ixr4c9haqj?branch=master" "Mozilla/5.0 (Macintosh; Intel Mac OS X 10_15_7) AppleWebKit/537.36 (KHTML, like Gecko) Chrome/112.0.0.0 Safari/537.36"
172.18.0.1 - - [18/Apr/2023:16:29:29 +0000] "PUT /api/v1/layouts/643ebc2d180a343b72610039/pages/643ebc2d180a343b72610041?applicationId=643ebc26180a343b72610033 HTTP/1.1" 200 3984 "http://localhost:8080/app/healthheroappsmith/pharmacist-page-2-643ebc2d180a343b72610041/edit/widgets/0ni9lp07m0?branch=master" "Mozilla/5.0 (Macintosh; Intel Mac OS X 10_15_7) AppleWebKit/537.36 (KHTML, like Gecko) Chrome/112.0.0.0 Safari/537.36"
172.18.0.1 - - [18/Apr/2023:16:29:37 +0000] "PUT /api/v1/layouts/643ebc2d180a343b72610039/pages/643ebc2d180a343b72610041?applicationId=643ebc26180a343b72610033 HTTP/1.1" 200 5386 "http://localhost:8080/app/healthheroappsmith/pharmacist-page-2-643ebc2d180a343b72610041/edit/widgets/m8zvo46j5w?branch=master" "Mozilla/5.0 (Macintosh; Intel Mac OS X 10_15_7) AppleWebKit/537.36 (KHTML, like Gecko) Chrome/112.0.0.0 Safari/537.36"
172.18.0.1 - - [18/Apr/2023:16:29:41 +0000] "PUT /api/v1/layouts/643ebc2d180a343b72610039/pages/643ebc2d180a343b72610041?applicationId=643ebc26180a343b72610033 HTTP/1.1" 200 5386 "http://localhost:8080/app/healthheroappsmith/pharmacist-page-2-643ebc2d180a343b72610041/edit/widgets/m8zvo46j5w?branch=master" "Mozilla/5.0 (Macintosh; Intel Mac OS X 10_15_7) AppleWebKit/537.36 (KHTML, like Gecko) Chrome/112.0.0.0 Safari/537.36"
127.0.0.1 - - [18/Apr/2023:16:29:42 +0000] "GET / HTTP/1.1" 200 4263 "-" "curl/7.68.0"
172.18.0.1 - - [18/Apr/2023:16:29:44 +0000] "PUT /api/v1/layouts/643ebc2d180a343b72610039/pages/643ebc2d180a343b72610041?applicationId=643ebc26180a343b72610033 HTTP/1.1" 200 5388 "http://localhost:8080/app/healthheroappsmith/pharmacist-page-2-643ebc2d180a343b72610041/edit/widgets/0ni9lp07m0?branch=master" "Mozilla/5.0 (Macintosh; Intel Mac OS X 10_15_7) AppleWebKit/537.36 (KHTML, like Gecko) Chrome/112.0.0.0 Safari/537.36"
172.18.0.1 - - [18/Apr/2023:16:29:51 +0000] "POST /api/v1/actions HTTP/1.1" 201 1217 "http://localhost:8080/app/healthheroappsmith/pharmacist-page-2-643ebc2d180a343b72610041/edit/widgets/hnkc7a4254?branch=master" "Mozilla/5.0 (Macintosh; Intel Mac OS X 10_15_7) AppleWebKit/537.36 (KHTML, like Gecko) Chrome/112.0.0.0 Safari/537.36"
172.18.0.1 - - [18/Apr/2023:16:29:51 +0000] "PUT /api/v1/actions/643ec57f180a343b72610063 HTTP/1.1" 200 618 "http://localhost:8080/app/healthheroappsmith/pharmacist-page-2-643ebc2d180a343b72610041/edit/api/643ec57f180a343b72610063?branch=master&editName=true&from=datasources" "Mozilla/5.0 (Macintosh; Intel Mac OS X 10_15_7) AppleWebKit/537.36 (KHTML, like Gecko) Chrome/112.0.0.0 Safari/537.36"
172.18.0.1 - - [18/Apr/2023:16:29:56 +0000] "GET /api/v1/pages/643ebc2d180a343b72610041 HTTP/1.1" 200 5522 "http://localhost:8080/app/healthheroappsmith/pharmacist-page-2-643ebc2d180a343b72610041/edit/api/643ec57f180a343b72610063?branch=master&editName=true&from=datasources" "Mozilla/5.0 (Macintosh; Intel Mac OS X 10_15_7) AppleWebKit/537.36 (KHTML, like Gecko) Chrome/112.0.0.0 Safari/537.36"
172.18.0.1 - - [18/Apr/2023:16:29:56 +0000] "PUT /api/v1/actions/refactor HTTP/1.1" 200 5388 "http://localhost:8080/app/healthheroappsmith/pharmacist-page-2-643ebc2d180a343b72610041/edit/api/643ec57f180a343b72610063?branch=master&editName=true&from=datasources" "Mozilla/5.0 (Macintosh; Intel Mac OS X 10_15_7) AppleWebKit/537.36 (KHTML, like Gecko) Chrome/112.0.0.0 Safari/537.36"
172.18.0.1 - - [18/Apr/2023:16:29:56 +0000] "GET /api/v1/collections/actions?pageId=643ebc2d180a343b72610041 HTTP/1.1" 200 101 "http://localhost:8080/app/healthheroappsmith/pharmacist-page-2-643ebc2d180a343b72610041/edit/api/643ec57f180a343b72610063?branch=master&editName=false&from=datasources" "Mozilla/5.0 (Macintosh; Intel Mac OS X 10_15_7) AppleWebKit/537.36 (KHTML, like Gecko) Chrome/112.0.0.0 Safari/537.36"
172.18.0.1 - - [18/Apr/2023:16:29:56 +0000] "GET /api/v1/actions?pageId=643ebc2d180a343b72610041 HTTP/1.1" 200 767 "http://localhost:8080/app/healthheroappsmith/pharmacist-page-2-643ebc2d180a343b72610041/edit/api/643ec57f180a343b72610063?branch=master&editName=false&from=datasources" "Mozilla/5.0 (Macintosh; Intel Mac OS X 10_15_7) AppleWebKit/537.36 (KHTML, like Gecko) Chrome/112.0.0.0 Safari/537.36"
127.0.0.1 - - [18/Apr/2023:16:29:57 +0000] "GET / HTTP/1.1" 200 4263 "-" "curl/7.68.0"
172.18.0.1 - - [18/Apr/2023:16:30:00 +0000] "PUT /api/v1/actions/643ec57f180a343b72610063 HTTP/1.1" 200 614 "http://localhost:8080/app/healthheroappsmith/pharmacist-page-2-643ebc2d180a343b72610041/edit/api/643ec57f180a343b72610063?branch=master&editName=false&from=datasources" "Mozilla/5.0 (Macintosh; Intel Mac OS X 10_15_7) AppleWebKit/537.36 (KHTML, like Gecko) Chrome/112.0.0.0 Safari/537.36"
172.18.0.1 - - [18/Apr/2023:16:30:00 +0000] "PUT /api/v1/actions/643ec57f180a343b72610063 HTTP/1.1" 200 614 "http://localhost:8080/app/healthheroappsmith/pharmacist-page-2-643ebc2d180a343b72610041/edit/api/643ec57f180a343b72610063?branch=master&editName=false&from=datasources" "Mozilla/5.0 (Macintosh; Intel Mac OS X 10_15_7) AppleWebKit/537.36 (KHTML, like Gecko) Chrome/112.0.0.0 Safari/537.36"
172.18.0.1 - - [18/Apr/2023:16:30:01 +0000] "PUT /api/v1/actions/643ec57f180a343b72610063 HTTP/1.1" 200 637 "http://localhost:8080/app/healthheroappsmith/pharmacist-page-2-643ebc2d180a343b72610041/edit/api/643ec57f180a343b72610063?branch=master&editName=false&from=datasources" "Mozilla/5.0 (Macintosh; Intel Mac OS X 10_15_7) AppleWebKit/537.36 (KHTML, like Gecko) Chrome/112.0.0.0 Safari/537.36"
172.18.0.1 - - [18/Apr/2023:16:30:03 +0000] "PUT /api/v1/actions/643ec57f180a343b72610063 HTTP/1.1" 200 646 "http://localhost:8080/app/healthheroappsmith/pharmacist-page-2-643ebc2d180a343b72610041/edit/api/643ec57f180a343b72610063?branch=master&editName=false&from=datasources" "Mozilla/5.0 (Macintosh; Intel Mac OS X 10_15_7) AppleWebKit/537.36 (KHTML, like Gecko) Chrome/112.0.0.0 Safari/537.36"
172.18.0.1 - - [18/Apr/2023:16:30:04 +0000] "PUT /api/v1/actions/643ec57f180a343b72610063 HTTP/1.1" 200 642 "http://localhost:8080/app/healthheroappsmith/pharmacist-page-2-643ebc2d180a343b72610041/edit/api/643ec57f180a343b72610063?branch=master&editName=false&from=datasources" "Mozilla/5.0 (Macintosh; Intel Mac OS X 10_15_7) AppleWebKit/537.36 (KHTML, like Gecko) Chrome/112.0.0.0 Safari/537.36"
172.18.0.1 - - [18/Apr/2023:16:30:05 +0000] "PUT /api/v1/actions/643ec57f180a343b72610063 HTTP/1.1" 200 654 "http://localhost:8080/app/healthheroappsmith/pharmacist-page-2-643ebc2d180a343b72610041/edit/api/643ec57f180a343b72610063?branch=master&editName=false&from=datasources" "Mozilla/5.0 (Macintosh; Intel Mac OS X 10_15_7) AppleWebKit/537.36 (KHTML, like Gecko) Chrome/112.0.0.0 Safari/537.36"
172.18.0.1 - - [18/Apr/2023:16:30:09 +0000] "PUT /api/v1/actions/643ec57f180a343b72610063 HTTP/1.1" 200 659 "http://localhost:8080/app/healthheroappsmith/pharmacist-page-2-643ebc2d180a343b72610041/edit/api/643ec57f180a343b72610063?branch=master&editName=false&from=datasources" "Mozilla/5.0 (Macintosh; Intel Mac OS X 10_15_7) AppleWebKit/537.36 (KHTML, like Gecko) Chrome/112.0.0.0 Safari/537.36"
172.18.0.1 - - [18/Apr/2023:16:30:11 +0000] "PUT /api/v1/actions/643ec57f180a343b72610063 HTTP/1.1" 200 666 "http://localhost:8080/app/healthheroappsmith/pharmacist-page-2-643ebc2d180a343b72610041/edit/api/643ec57f180a343b72610063?branch=master&editName=false&from=datasources" "Mozilla/5.0 (Macintosh; Intel Mac OS X 10_15_7) AppleWebKit/537.36 (KHTML, like Gecko) Chrome/112.0.0.0 Safari/537.36"
127.0.0.1 - - [18/Apr/2023:16:30:13 +0000] "GET / HTTP/1.1" 200 4263 "-" "curl/7.68.0"
172.18.0.1 - - [18/Apr/2023:16:30:20 +0000] "PUT /api/v1/layouts/643ebc2d180a343b72610039/pages/643ebc2d180a343b72610041?applicationId=643ebc26180a343b72610033 HTTP/1.1" 200 5283 "http://localhost:8080/app/healthheroappsmith/pharmacist-page-2-643ebc2d180a343b72610041/edit/widgets/m8zvo46j5w?branch=master" "Mozilla/5.0 (Macintosh; Intel Mac OS X 10_15_7) AppleWebKit/537.36 (KHTML, like Gecko) Chrome/112.0.0.0 Safari/537.36"
172.18.0.1 - - [18/Apr/2023:16:30:22 +0000] "PUT /api/v1/layouts/643ebc2d180a343b72610039/pages/643ebc2d180a343b72610041?applicationId=643ebc26180a343b72610033 HTTP/1.1" 200 5284 "http://localhost:8080/app/healthheroappsmith/pharmacist-page-2-643ebc2d180a343b72610041/edit/widgets/m8zvo46j5w?branch=master" "Mozilla/5.0 (Macintosh; Intel Mac OS X 10_15_7) AppleWebKit/537.36 (KHTML, like Gecko) Chrome/112.0.0.0 Safari/537.36"
172.18.0.1 - - [18/Apr/2023:16:30:24 +0000] "PUT /api/v1/layouts/643ebc2d180a343b72610039/pages/643ebc2d180a343b72610041?applicationId=643ebc26180a343b72610033 HTTP/1.1" 200 5445 "http://localhost:8080/app/healthheroappsmith/pharmacist-page-2-643ebc2d180a343b72610041/edit/widgets/m8zvo46j5w?branch=master" "Mozilla/5.0 (Macintosh; Intel Mac OS X 10_15_7) AppleWebKit/537.36 (KHTML, like Gecko) Chrome/112.0.0.0 Safari/537.36"
127.0.0.1 - - [18/Apr/2023:16:30:28 +0000] "GET / HTTP/1.1" 200 4263 "-" "curl/7.68.0"
172.18.0.1 - - [18/Apr/2023:16:30:34 +0000] "PUT /api/v1/actions/643ec57f180a343b72610063 HTTP/1.1" 200 666 "http://localhost:8080/app/healthheroappsmith/pharmacist-page-2-643ebc2d180a343b72610041/edit/api/643ec57f180a343b72610063?branch=master" "Mozilla/5.0 (Macintosh; Intel Mac OS X 10_15_7) AppleWebKit/537.36 (KHTML, like Gecko) Chrome/112.0.0.0 Safari/537.36"
172.18.0.1 - - [18/Apr/2023:16:30:36 +0000] "PUT /api/v1/actions/643ec57f180a343b72610063 HTTP/1.1" 200 620 "http://localhost:8080/app/healthheroappsmith/pharmacist-page-2-643ebc2d180a343b72610041/edit/api/643ec57f180a343b72610063?branch=master" "Mozilla/5.0 (Macintosh; Intel Mac OS X 10_15_7) AppleWebKit/537.36 (KHTML, like Gecko) Chrome/112.0.0.0 Safari/537.36"
172.18.0.1 - - [18/Apr/2023:16:30:36 +0000] "PUT /api/v1/actions/643ec57f180a343b72610063 HTTP/1.1" 200 620 "http://localhost:8080/app/healthheroappsmith/pharmacist-page-2-643ebc2d180a343b72610041/edit/api/643ec57f180a343b72610063?branch=master" "Mozilla/5.0 (Macintosh; Intel Mac OS X 10_15_7) AppleWebKit/537.36 (KHTML, like Gecko) Chrome/112.0.0.0 Safari/537.36"
172.18.0.1 - - [18/Apr/2023:16:30:41 +0000] "POST /api/v1/usage-pulse HTTP/1.1" 201 76 "http://localhost:8080/app/healthheroappsmith/pharmacist-page-2-643ebc2d180a343b72610041/edit/api/643ec57f180a343b72610063?branch=master" "Mozilla/5.0 (Macintosh; Intel Mac OS X 10_15_7) AppleWebKit/537.36 (KHTML, like Gecko) Chrome/112.0.0.0 Safari/537.36"
127.0.0.1 - - [18/Apr/2023:16:30:43 +0000] "GET / HTTP/1.1" 200 4263 "-" "curl/7.68.0"
172.18.0.1 - - [18/Apr/2023:16:30:47 +0000] "PUT /api/v1/layouts/643ebc2d180a343b72610039/pages/643ebc2d180a343b72610041?applicationId=643ebc26180a343b72610033 HTTP/1.1" 200 5356 "http://localhost:8080/app/healthheroappsmith/pharmacist-page-2-643ebc2d180a343b72610041/edit/widgets/hnkc7a4254?branch=master" "Mozilla/5.0 (Macintosh; Intel Mac OS X 10_15_7) AppleWebKit/537.36 (KHTML, like Gecko) Chrome/112.0.0.0 Safari/537.36"
172.18.0.1 - - [18/Apr/2023:16:30:49 +0000] "PUT /api/v1/layouts/643ebc2d180a343b72610039/pages/643ebc2d180a343b72610041?applicationId=643ebc26180a343b72610033 HTTP/1.1" 200 5357 "http://localhost:8080/app/healthheroappsmith/pharmacist-page-2-643ebc2d180a343b72610041/edit/widgets/hnkc7a4254?branch=master" "Mozilla/5.0 (Macintosh; Intel Mac OS X 10_15_7) AppleWebKit/537.36 (KHTML, like Gecko) Chrome/112.0.0.0 Safari/537.36"
172.18.0.1 - - [18/Apr/2023:16:30:51 +0000] "PUT /api/v1/layouts/643ebc2d180a343b72610039/pages/643ebc2d180a343b72610041?applicationId=643ebc26180a343b72610033 HTTP/1.1" 200 5357 "http://localhost:8080/app/healthheroappsmith/pharmacist-page-2-643ebc2d180a343b72610041/edit/widgets/hnkc7a4254?branch=master" "Mozilla/5.0 (Macintosh; Intel Mac OS X 10_15_7) AppleWebKit/537.36 (KHTML, like Gecko) Chrome/112.0.0.0 Safari/537.36"
172.18.0.1 - - [18/Apr/2023:16:30:53 +0000] "PUT /api/v1/layouts/643ebc2d180a343b72610039/pages/643ebc2d180a343b72610041?applicationId=643ebc26180a343b72610033 HTTP/1.1" 200 5357 "http://localhost:8080/app/healthheroappsmith/pharmacist-page-2-643ebc2d180a343b72610041/edit/widgets/hnkc7a4254?branch=master" "Mozilla/5.0 (Macintosh; Intel Mac OS X 10_15_7) AppleWebKit/537.36 (KHTML, like Gecko) Chrome/112.0.0.0 Safari/537.36"
172.18.0.1 - - [18/Apr/2023:16:30:53 +0000] "PUT /api/v1/layouts/643ebc2d180a343b72610039/pages/643ebc2d180a343b72610041?applicationId=643ebc26180a343b72610033 HTTP/1.1" 200 5357 "http://localhost:8080/app/healthheroappsmith/pharmacist-page-2-643ebc2d180a343b72610041/edit/widgets/hnkc7a4254?branch=master" "Mozilla/5.0 (Macintosh; Intel Mac OS X 10_15_7) AppleWebKit/537.36 (KHTML, like Gecko) Chrome/112.0.0.0 Safari/537.36"
172.18.0.1 - - [18/Apr/2023:16:30:55 +0000] "PUT /api/v1/layouts/643ebc2d180a343b72610039/pages/643ebc2d180a343b72610041?applicationId=643ebc26180a343b72610033 HTTP/1.1" 200 5357 "http://localhost:8080/app/healthheroappsmith/pharmacist-page-2-643ebc2d180a343b72610041/edit/widgets/hnkc7a4254?branch=master" "Mozilla/5.0 (Macintosh; Intel Mac OS X 10_15_7) AppleWebKit/537.36 (KHTML, like Gecko) Chrome/112.0.0.0 Safari/537.36"
172.18.0.1 - - [18/Apr/2023:16:30:56 +0000] "PUT /api/v1/layouts/643ebc2d180a343b72610039/pages/643ebc2d180a343b72610041?applicationId=643ebc26180a343b72610033 HTTP/1.1" 200 5357 "http://localhost:8080/app/healthheroappsmith/pharmacist-page-2-643ebc2d180a343b72610041/edit/widgets/hnkc7a4254?branch=master" "Mozilla/5.0 (Macintosh; Intel Mac OS X 10_15_7) AppleWebKit/537.36 (KHTML, like Gecko) Chrome/112.0.0.0 Safari/537.36"
127.0.0.1 - - [18/Apr/2023:16:30:59 +0000] "GET / HTTP/1.1" 200 4263 "-" "curl/7.68.0"
172.18.0.1 - - [18/Apr/2023:16:31:04 +0000] "PUT /api/v1/layouts/643ebc2d180a343b72610039/pages/643ebc2d180a343b72610041?applicationId=643ebc26180a343b72610033 HTTP/1.1" 200 5362 "http://localhost:8080/app/healthheroappsmith/pharmacist-page-2-643ebc2d180a343b72610041/edit/widgets/hnkc7a4254?branch=master" "Mozilla/5.0 (Macintosh; Intel Mac OS X 10_15_7) AppleWebKit/537.36 (KHTML, like Gecko) Chrome/112.0.0.0 Safari/537.36"
172.18.0.1 - - [18/Apr/2023:16:31:05 +0000] "PUT /api/v1/layouts/643ebc2d180a343b72610039/pages/643ebc2d180a343b72610041?applicationId=643ebc26180a343b72610033 HTTP/1.1" 200 5362 "http://localhost:8080/app/healthheroappsmith/pharmacist-page-2-643ebc2d180a343b72610041/edit/widgets/hnkc7a4254?branch=master" "Mozilla/5.0 (Macintosh; Intel Mac OS X 10_15_7) AppleWebKit/537.36 (KHTML, like Gecko) Chrome/112.0.0.0 Safari/537.36"
172.18.0.1 - - [18/Apr/2023:16:31:09 +0000] "PUT /api/v1/layouts/643ebc2d180a343b72610039/pages/643ebc2d180a343b72610041?applicationId=643ebc26180a343b72610033 HTTP/1.1" 200 5369 "http://localhost:8080/app/healthheroappsmith/pharmacist-page-2-643ebc2d180a343b72610041/edit/widgets/hnkc7a4254?branch=master" "Mozilla/5.0 (Macintosh; Intel Mac OS X 10_15_7) AppleWebKit/537.36 (KHTML, like Gecko) Chrome/112.0.0.0 Safari/537.36"
172.18.0.1 - - [18/Apr/2023:16:31:10 +0000] "PUT /api/v1/layouts/643ebc2d180a343b72610039/pages/643ebc2d180a343b72610041?applicationId=643ebc26180a343b72610033 HTTP/1.1" 200 5374 "http://localhost:8080/app/healthheroappsmith/pharmacist-page-2-643ebc2d180a343b72610041/edit/widgets/hnkc7a4254?branch=master" "Mozilla/5.0 (Macintosh; Intel Mac OS X 10_15_7) AppleWebKit/537.36 (KHTML, like Gecko) Chrome/112.0.0.0 Safari/537.36"
172.18.0.1 - - [18/Apr/2023:16:31:11 +0000] "PUT /api/v1/layouts/643ebc2d180a343b72610039/pages/643ebc2d180a343b72610041?applicationId=643ebc26180a343b72610033 HTTP/1.1" 200 5374 "http://localhost:8080/app/healthheroappsmith/pharmacist-page-2-643ebc2d180a343b72610041/edit/widgets/hnkc7a4254?branch=master" "Mozilla/5.0 (Macintosh; Intel Mac OS X 10_15_7) AppleWebKit/537.36 (KHTML, like Gecko) Chrome/112.0.0.0 Safari/537.36"
172.18.0.1 - - [18/Apr/2023:16:31:13 +0000] "PUT /api/v1/layouts/643ebc2d180a343b72610039/pages/643ebc2d180a343b72610041?applicationId=643ebc26180a343b72610033 HTTP/1.1" 200 5377 "http://localhost:8080/app/healthheroappsmith/pharmacist-page-2-643ebc2d180a343b72610041/edit/widgets/hnkc7a4254?branch=master" "Mozilla/5.0 (Macintosh; Intel Mac OS X 10_15_7) AppleWebKit/537.36 (KHTML, like Gecko) Chrome/112.0.0.0 Safari/537.36"
127.0.0.1 - - [18/Apr/2023:16:31:14 +0000] "GET / HTTP/1.1" 200 4263 "-" "curl/7.68.0"
172.18.0.1 - - [18/Apr/2023:16:31:18 +0000] "PUT /api/v1/layouts/643ebc2d180a343b72610039/pages/643ebc2d180a343b72610041?applicationId=643ebc26180a343b72610033 HTTP/1.1" 200 5385 "http://localhost:8080/app/healthheroappsmith/pharmacist-page-2-643ebc2d180a343b72610041/edit/widgets/hnkc7a4254?branch=master" "Mozilla/5.0 (Macintosh; Intel Mac OS X 10_15_7) AppleWebKit/537.36 (KHTML, like Gecko) Chrome/112.0.0.0 Safari/537.36"
172.18.0.1 - - [18/Apr/2023:16:31:19 +0000] "PUT /api/v1/layouts/643ebc2d180a343b72610039/pages/643ebc2d180a343b72610041?applicationId=643ebc26180a343b72610033 HTTP/1.1" 200 5387 "http://localhost:8080/app/healthheroappsmith/pharmacist-page-2-643ebc2d180a343b72610041/edit/widgets/hnkc7a4254?branch=master" "Mozilla/5.0 (Macintosh; Intel Mac OS X 10_15_7) AppleWebKit/537.36 (KHTML, like Gecko) Chrome/112.0.0.0 Safari/537.36"
172.18.0.1 - - [18/Apr/2023:16:31:21 +0000] "PUT /api/v1/layouts/643ebc2d180a343b72610039/pages/643ebc2d180a343b72610041?applicationId=643ebc26180a343b72610033 HTTP/1.1" 200 5386 "http://localhost:8080/app/healthheroappsmith/pharmacist-page-2-643ebc2d180a343b72610041/edit/widgets/hnkc7a4254?branch=master" "Mozilla/5.0 (Macintosh; Intel Mac OS X 10_15_7) AppleWebKit/537.36 (KHTML, like Gecko) Chrome/112.0.0.0 Safari/537.36"
172.18.0.1 - - [18/Apr/2023:16:31:23 +0000] "POST /api/v1/actions/execute HTTP/1.1" 200 698 "http://localhost:8080/app/healthheroappsmith/pharmacist-page-2-643ebc2d180a343b72610041/edit/widgets/hnkc7a4254?branch=master" "Mozilla/5.0 (Macintosh; Intel Mac OS X 10_15_7) AppleWebKit/537.36 (KHTML, like Gecko) Chrome/112.0.0.0 Safari/537.36"
172.18.0.1 - - [18/Apr/2023:16:31:27 +0000] "PUT /api/v1/actions/643ec57f180a343b72610063 HTTP/1.1" 200 620 "http://localhost:8080/app/healthheroappsmith/pharmacist-page-2-643ebc2d180a343b72610041/edit/api/643ec57f180a343b72610063?branch=master" "Mozilla/5.0 (Macintosh; Intel Mac OS X 10_15_7) AppleWebKit/537.36 (KHTML, like Gecko) Chrome/112.0.0.0 Safari/537.36"
127.0.0.1 - - [18/Apr/2023:16:31:29 +0000] "GET / HTTP/1.1" 200 4263 "-" "curl/7.68.0"
172.18.0.1 - - [18/Apr/2023:16:31:30 +0000] "PUT /api/v1/actions/643ec57f180a343b72610063 HTTP/1.1" 200 620 "http://localhost:8080/app/healthheroappsmith/pharmacist-page-2-643ebc2d180a343b72610041/edit/api/643ec57f180a343b72610063?branch=master" "Mozilla/5.0 (Macintosh; Intel Mac OS X 10_15_7) AppleWebKit/537.36 (KHTML, like Gecko) Chrome/112.0.0.0 Safari/537.36"
172.18.0.1 - - [18/Apr/2023:16:31:31 +0000] "PUT /api/v1/actions/643ec57f180a343b72610063 HTTP/1.1" 200 643 "http://localhost:8080/app/healthheroappsmith/pharmacist-page-2-643ebc2d180a343b72610041/edit/api/643ec57f180a343b72610063?branch=master" "Mozilla/5.0 (Macintosh; Intel Mac OS X 10_15_7) AppleWebKit/537.36 (KHTML, like Gecko) Chrome/112.0.0.0 Safari/537.36"
172.18.0.1 - - [18/Apr/2023:16:31:41 +0000] "PUT /api/v1/actions/643ec57f180a343b72610063 HTTP/1.1" 200 643 "http://localhost:8080/app/healthheroappsmith/pharmacist-page-2-643ebc2d180a343b72610041/edit/api/643ec57f180a343b72610063?branch=master" "Mozilla/5.0 (Macintosh; Intel Mac OS X 10_15_7) AppleWebKit/537.36 (KHTML, like Gecko) Chrome/112.0.0.0 Safari/537.36"
172.18.0.1 - - [18/Apr/2023:16:31:44 +0000] "PUT /api/v1/actions/643ec57f180a343b72610063 HTTP/1.1" 200 663 "http://localhost:8080/app/healthheroappsmith/pharmacist-page-2-643ebc2d180a343b72610041/edit/api/643ec57f180a343b72610063?branch=master" "Mozilla/5.0 (Macintosh; Intel Mac OS X 10_15_7) AppleWebKit/537.36 (KHTML, like Gecko) Chrome/112.0.0.0 Safari/537.36"
127.0.0.1 - - [18/Apr/2023:16:31:44 +0000] "GET / HTTP/1.1" 200 4263 "-" "curl/7.68.0"
172.18.0.1 - - [18/Apr/2023:16:31:45 +0000] "PUT /api/v1/actions/643ec57f180a343b72610063 HTTP/1.1" 200 666 "http://localhost:8080/app/healthheroappsmith/pharmacist-page-2-643ebc2d180a343b72610041/edit/api/643ec57f180a343b72610063?branch=master" "Mozilla/5.0 (Macintosh; Intel Mac OS X 10_15_7) AppleWebKit/537.36 (KHTML, like Gecko) Chrome/112.0.0.0 Safari/537.36"
172.18.0.1 - - [18/Apr/2023:16:31:49 +0000] "POST /api/v1/actions/execute HTTP/1.1" 200 853 "http://localhost:8080/app/healthheroappsmith/pharmacist-page-2-643ebc2d180a343b72610041/edit/widgets/hnkc7a4254?branch=master" "Mozilla/5.0 (Macintosh; Intel Mac OS X 10_15_7) AppleWebKit/537.36 (KHTML, like Gecko) Chrome/112.0.0.0 Safari/537.36"
172.18.0.1 - - [18/Apr/2023:16:31:51 +0000] "PUT /api/v1/layouts/643ebc2d180a343b72610039/pages/643ebc2d180a343b72610041?applicationId=643ebc26180a343b72610033 HTTP/1.1" 200 5745 "http://localhost:8080/app/healthheroappsmith/pharmacist-page-2-643ebc2d180a343b72610041/edit/widgets/hnkc7a4254?branch=master" "Mozilla/5.0 (Macintosh; Intel Mac OS X 10_15_7) AppleWebKit/537.36 (KHTML, like Gecko) Chrome/112.0.0.0 Safari/537.36"
172.18.0.1 - - [18/Apr/2023:16:31:52 +0000] "POST /api/v1/actions/execute HTTP/1.1" 200 784 "http://localhost:8080/app/healthheroappsmith/pharmacist-page-2-643ebc2d180a343b72610041/edit/widgets/hnkc7a4254?branch=master" "Mozilla/5.0 (Macintosh; Intel Mac OS X 10_15_7) AppleWebKit/537.36 (KHTML, like Gecko) Chrome/112.0.0.0 Safari/537.36"
172.18.0.1 - - [18/Apr/2023:16:31:55 +0000] "PUT /api/v1/layouts/643ebc2d180a343b72610039/pages/643ebc2d180a343b72610041?applicationId=643ebc26180a343b72610033 HTTP/1.1" 200 5748 "http://localhost:8080/app/healthheroappsmith/pharmacist-page-2-643ebc2d180a343b72610041/edit/widgets/0ni9lp07m0?branch=master" "Mozilla/5.0 (Macintosh; Intel Mac OS X 10_15_7) AppleWebKit/537.36 (KHTML, like Gecko) Chrome/112.0.0.0 Safari/537.36"
172.18.0.1 - - [18/Apr/2023:16:31:56 +0000] "PUT /api/v1/layouts/643ebc2d180a343b72610039/pages/643ebc2d180a343b72610041?applicationId=643ebc26180a343b72610033 HTTP/1.1" 200 5745 "http://localhost:8080/app/healthheroappsmith/pharmacist-page-2-643ebc2d180a343b72610041/edit/widgets/v4gco3rsil?branch=master" "Mozilla/5.0 (Macintosh; Intel Mac OS X 10_15_7) AppleWebKit/537.36 (KHTML, like Gecko) Chrome/112.0.0.0 Safari/537.36"
127.0.0.1 - - [18/Apr/2023:16:32:00 +0000] "GET / HTTP/1.1" 200 4263 "-" "curl/7.68.0"
172.18.0.1 - - [18/Apr/2023:16:32:05 +0000] "PUT /api/v1/layouts/643ebc2d180a343b72610039/pages/643ebc2d180a343b72610041?applicationId=643ebc26180a343b72610033 HTTP/1.1" 200 5747 "http://localhost:8080/app/healthheroappsmith/pharmacist-page-2-643ebc2d180a343b72610041/edit/widgets/m8zvo46j5w?branch=master" "Mozilla/5.0 (Macintosh; Intel Mac OS X 10_15_7) AppleWebKit/537.36 (KHTML, like Gecko) Chrome/112.0.0.0 Safari/537.36"
172.18.0.1 - - [18/Apr/2023:16:32:06 +0000] "PUT /api/v1/layouts/643ebc2d180a343b72610039/pages/643ebc2d180a343b72610041?applicationId=643ebc26180a343b72610033 HTTP/1.1" 200 5748 "http://localhost:8080/app/healthheroappsmith/pharmacist-page-2-643ebc2d180a343b72610041/edit/widgets/m8zvo46j5w?branch=master" "Mozilla/5.0 (Macintosh; Intel Mac OS X 10_15_7) AppleWebKit/537.36 (KHTML, like Gecko) Chrome/112.0.0.0 Safari/537.36"
