Load environment configuration
'/opt/appsmith/editor/index.html' -> '/opt/appsmith/index.html.original'
127.0.0.1 - - [18/Apr/2023:23:30:07 +0000] "GET /rts-api/v1/health-check HTTP/1.1" 200 16 "-" "curl/7.68.0"
127.0.0.1 - - [18/Apr/2023:23:30:18 +0000] "GET / HTTP/1.1" 200 4263 "-" "curl/7.68.0"
172.20.0.1 - - [18/Apr/2023:23:30:30 +0000] "GET / HTTP/1.1" 200 1860 "-" "Mozilla/5.0 (Macintosh; Intel Mac OS X 10_15_7) AppleWebKit/537.36 (KHTML, like Gecko) Chrome/112.0.0.0 Safari/537.36"
172.20.0.1 - - [18/Apr/2023:23:30:31 +0000] "GET /api/v1/users/features HTTP/1.1" 200 254 "http://localhost:8080/" "Mozilla/5.0 (Macintosh; Intel Mac OS X 10_15_7) AppleWebKit/537.36 (KHTML, like Gecko) Chrome/112.0.0.0 Safari/537.36"
172.20.0.1 - - [18/Apr/2023:23:30:31 +0000] "GET /api/v1/tenants/current HTTP/1.1" 200 166 "http://localhost:8080/" "Mozilla/5.0 (Macintosh; Intel Mac OS X 10_15_7) AppleWebKit/537.36 (KHTML, like Gecko) Chrome/112.0.0.0 Safari/537.36"
172.20.0.1 - - [18/Apr/2023:23:30:31 +0000] "GET /api/v1/users/me HTTP/1.1" 200 289 "http://localhost:8080/" "Mozilla/5.0 (Macintosh; Intel Mac OS X 10_15_7) AppleWebKit/537.36 (KHTML, like Gecko) Chrome/112.0.0.0 Safari/537.36"
172.20.0.1 - - [18/Apr/2023:23:30:32 +0000] "GET /api/v1/applications/new HTTP/1.1" 200 1206 "http://localhost:8080/applications" "Mozilla/5.0 (Macintosh; Intel Mac OS X 10_15_7) AppleWebKit/537.36 (KHTML, like Gecko) Chrome/112.0.0.0 Safari/537.36"
172.20.0.1 - - [18/Apr/2023:23:30:33 +0000] "GET /api/v1/applications/releaseItems HTTP/1.1" 200 13454 "http://localhost:8080/applications" "Mozilla/5.0 (Macintosh; Intel Mac OS X 10_15_7) AppleWebKit/537.36 (KHTML, like Gecko) Chrome/112.0.0.0 Safari/537.36"
172.20.0.1 - - [18/Apr/2023:23:30:33 +0000] "GET /pageService.js HTTP/1.1" 304 0 "http://localhost:8080/pageService.js" "Mozilla/5.0 (Macintosh; Intel Mac OS X 10_15_7) AppleWebKit/537.36 (KHTML, like Gecko) Chrome/112.0.0.0 Safari/537.36"
127.0.0.1 - - [18/Apr/2023:23:30:33 +0000] "GET / HTTP/1.1" 200 4263 "-" "curl/7.68.0"
172.20.0.1 - - [18/Apr/2023:23:30:38 +0000] "GET /api/v1/git/profile/default HTTP/1.1" 200 144 "http://localhost:8080/applications" "Mozilla/5.0 (Macintosh; Intel Mac OS X 10_15_7) AppleWebKit/537.36 (KHTML, like Gecko) Chrome/112.0.0.0 Safari/537.36"
172.20.0.1 - - [18/Apr/2023:23:30:38 +0000] "GET /api/v1/git/profile/app/ HTTP/1.1" 404 124 "http://localhost:8080/applications" "Mozilla/5.0 (Macintosh; Intel Mac OS X 10_15_7) AppleWebKit/537.36 (KHTML, like Gecko) Chrome/112.0.0.0 Safari/537.36"
127.0.0.1 - - [18/Apr/2023:23:30:49 +0000] "GET / HTTP/1.1" 200 4263 "-" "curl/7.68.0"
172.20.0.1 - - [18/Apr/2023:23:30:50 +0000] "GET /api/v1/git/import/keys?keyType=ECDSA HTTP/1.1" 200 342 "http://localhost:8080/applications" "Mozilla/5.0 (Macintosh; Intel Mac OS X 10_15_7) AppleWebKit/537.36 (KHTML, like Gecko) Chrome/112.0.0.0 Safari/537.36"
127.0.0.1 - - [18/Apr/2023:23:31:04 +0000] "GET / HTTP/1.1" 200 4263 "-" "curl/7.68.0"
127.0.0.1 - - [18/Apr/2023:23:31:19 +0000] "GET / HTTP/1.1" 200 4263 "-" "curl/7.68.0"
172.20.0.1 - - [18/Apr/2023:23:31:22 +0000] "POST /api/v1/git/import/643ebbc9180a343b72610026 HTTP/1.1" 200 682 "http://localhost:8080/applications" "Mozilla/5.0 (Macintosh; Intel Mac OS X 10_15_7) AppleWebKit/537.36 (KHTML, like Gecko) Chrome/112.0.0.0 Safari/537.36"
172.20.0.1 - - [18/Apr/2023:23:31:22 +0000] "GET /api/v1/git/profile/default HTTP/1.1" 200 144 "http://localhost:8080/app/application/page-643f284afbcecc56f0478b54/edit" "Mozilla/5.0 (Macintosh; Intel Mac OS X 10_15_7) AppleWebKit/537.36 (KHTML, like Gecko) Chrome/112.0.0.0 Safari/537.36"
172.20.0.1 - - [18/Apr/2023:23:31:23 +0000] "GET /api/v1/git/profile/app/ HTTP/1.1" 404 124 "http://localhost:8080/app/application/page-643f284afbcecc56f0478b54/edit" "Mozilla/5.0 (Macintosh; Intel Mac OS X 10_15_7) AppleWebKit/537.36 (KHTML, like Gecko) Chrome/112.0.0.0 Safari/537.36"
172.20.0.1 - - [18/Apr/2023:23:31:23 +0000] "POST /api/v1/usage-pulse HTTP/1.1" 201 76 "http://localhost:8080/app/application/page-643f284afbcecc56f0478b54/edit" "Mozilla/5.0 (Macintosh; Intel Mac OS X 10_15_7) AppleWebKit/537.36 (KHTML, like Gecko) Chrome/112.0.0.0 Safari/537.36"
172.20.0.1 - - [18/Apr/2023:23:31:23 +0000] "GET /api/v1/pages?pageId=643f284afbcecc56f0478b54&mode=EDIT HTTP/1.1" 200 775 "http://localhost:8080/app/application/page-643f284afbcecc56f0478b54/edit" "Mozilla/5.0 (Macintosh; Intel Mac OS X 10_15_7) AppleWebKit/537.36 (KHTML, like Gecko) Chrome/112.0.0.0 Safari/537.36"
172.20.0.1 - - [18/Apr/2023:23:31:23 +0000] "GET /api/v1/libraries/643f2841fbcecc56f0478b4b HTTP/1.1" 200 101 "http://localhost:8080/app/healthheroappsmith-2/welcome-page-643f284afbcecc56f0478b54/edit" "Mozilla/5.0 (Macintosh; Intel Mac OS X 10_15_7) AppleWebKit/537.36 (KHTML, like Gecko) Chrome/112.0.0.0 Safari/537.36"
172.20.0.1 - - [18/Apr/2023:23:31:23 +0000] "GET /api/v1/collections/actions?applicationId=643f2841fbcecc56f0478b4b HTTP/1.1" 200 101 "http://localhost:8080/app/healthheroappsmith-2/welcome-page-643f284afbcecc56f0478b54/edit" "Mozilla/5.0 (Macintosh; Intel Mac OS X 10_15_7) AppleWebKit/537.36 (KHTML, like Gecko) Chrome/112.0.0.0 Safari/537.36"
172.20.0.1 - - [18/Apr/2023:23:31:23 +0000] "GET /api/v1/themes/applications/643f2841fbcecc56f0478b4b/current?mode=EDIT HTTP/1.1" 200 1443 "http://localhost:8080/app/healthheroappsmith-2/welcome-page-643f284afbcecc56f0478b54/edit" "Mozilla/5.0 (Macintosh; Intel Mac OS X 10_15_7) AppleWebKit/537.36 (KHTML, like Gecko) Chrome/112.0.0.0 Safari/537.36"
172.20.0.1 - - [18/Apr/2023:23:31:23 +0000] "GET /api/v1/pages/643f284afbcecc56f0478b54 HTTP/1.1" 200 2412 "http://localhost:8080/app/healthheroappsmith-2/welcome-page-643f284afbcecc56f0478b54/edit" "Mozilla/5.0 (Macintosh; Intel Mac OS X 10_15_7) AppleWebKit/537.36 (KHTML, like Gecko) Chrome/112.0.0.0 Safari/537.36"
172.20.0.1 - - [18/Apr/2023:23:31:23 +0000] "GET /api/v1/themes/applications/643f2841fbcecc56f0478b4b HTTP/1.1" 200 4657 "http://localhost:8080/app/healthheroappsmith-2/welcome-page-643f284afbcecc56f0478b54/edit" "Mozilla/5.0 (Macintosh; Intel Mac OS X 10_15_7) AppleWebKit/537.36 (KHTML, like Gecko) Chrome/112.0.0.0 Safari/537.36"
172.20.0.1 - - [18/Apr/2023:23:31:23 +0000] "GET /api/v1/workspaces/643ebbc9180a343b72610026/members HTTP/1.1" 200 211 "http://localhost:8080/app/healthheroappsmith-2/welcome-page-643f284afbcecc56f0478b54/edit" "Mozilla/5.0 (Macintosh; Intel Mac OS X 10_15_7) AppleWebKit/537.36 (KHTML, like Gecko) Chrome/112.0.0.0 Safari/537.36"
172.20.0.1 - - [18/Apr/2023:23:31:23 +0000] "GET /api/v1/actions?applicationId=643f2841fbcecc56f0478b4b HTTP/1.1" 200 1859 "http://localhost:8080/app/healthheroappsmith-2/welcome-page-643f284afbcecc56f0478b54/edit" "Mozilla/5.0 (Macintosh; Intel Mac OS X 10_15_7) AppleWebKit/537.36 (KHTML, like Gecko) Chrome/112.0.0.0 Safari/537.36"
172.20.0.1 - - [18/Apr/2023:23:31:24 +0000] "GET /api/v1/datasources?workspaceId=643ebbc9180a343b72610026 HTTP/1.1" 200 101 "http://localhost:8080/app/healthheroappsmith-2/welcome-page-643f284afbcecc56f0478b54/edit" "Mozilla/5.0 (Macintosh; Intel Mac OS X 10_15_7) AppleWebKit/537.36 (KHTML, like Gecko) Chrome/112.0.0.0 Safari/537.36"
172.20.0.1 - - [18/Apr/2023:23:31:24 +0000] "GET /api/v1/pages/643f284afbcecc56f0478b54 HTTP/1.1" 200 2412 "http://localhost:8080/app/healthheroappsmith-2/welcome-page-643f284afbcecc56f0478b54/edit" "Mozilla/5.0 (Macintosh; Intel Mac OS X 10_15_7) AppleWebKit/537.36 (KHTML, like Gecko) Chrome/112.0.0.0 Safari/537.36"
172.20.0.1 - - [18/Apr/2023:23:31:24 +0000] "GET /api/v1/datasources/mocks HTTP/1.1" 200 202 "http://localhost:8080/app/healthheroappsmith-2/welcome-page-643f284afbcecc56f0478b54/edit" "Mozilla/5.0 (Macintosh; Intel Mac OS X 10_15_7) AppleWebKit/537.36 (KHTML, like Gecko) Chrome/112.0.0.0 Safari/537.36"
172.20.0.1 - - [18/Apr/2023:23:31:24 +0000] "GET /api/v1/pages/643f284afbcecc56f0478b55 HTTP/1.1" 200 6277 "http://localhost:8080/app/healthheroappsmith-2/welcome-page-643f284afbcecc56f0478b54/edit" "Mozilla/5.0 (Macintosh; Intel Mac OS X 10_15_7) AppleWebKit/537.36 (KHTML, like Gecko) Chrome/112.0.0.0 Safari/537.36"
172.20.0.1 - - [18/Apr/2023:23:31:24 +0000] "GET /api/v1/pages/643f284afbcecc56f0478b58 HTTP/1.1" 200 7673 "http://localhost:8080/app/healthheroappsmith-2/welcome-page-643f284afbcecc56f0478b54/edit" "Mozilla/5.0 (Macintosh; Intel Mac OS X 10_15_7) AppleWebKit/537.36 (KHTML, like Gecko) Chrome/112.0.0.0 Safari/537.36"
172.20.0.1 - - [18/Apr/2023:23:31:24 +0000] "GET /api/v1/pages/643f284afbcecc56f0478b59 HTTP/1.1" 200 5745 "http://localhost:8080/app/healthheroappsmith-2/welcome-page-643f284afbcecc56f0478b54/edit" "Mozilla/5.0 (Macintosh; Intel Mac OS X 10_15_7) AppleWebKit/537.36 (KHTML, like Gecko) Chrome/112.0.0.0 Safari/537.36"
172.20.0.1 - - [18/Apr/2023:23:31:24 +0000] "GET /api/v1/pages/643f284afbcecc56f0478b53 HTTP/1.1" 200 5823 "http://localhost:8080/app/healthheroappsmith-2/welcome-page-643f284afbcecc56f0478b54/edit" "Mozilla/5.0 (Macintosh; Intel Mac OS X 10_15_7) AppleWebKit/537.36 (KHTML, like Gecko) Chrome/112.0.0.0 Safari/537.36"
172.20.0.1 - - [18/Apr/2023:23:31:24 +0000] "GET /api/v1/pages/643f284afbcecc56f0478b57 HTTP/1.1" 200 6896 "http://localhost:8080/app/healthheroappsmith-2/welcome-page-643f284afbcecc56f0478b54/edit" "Mozilla/5.0 (Macintosh; Intel Mac OS X 10_15_7) AppleWebKit/537.36 (KHTML, like Gecko) Chrome/112.0.0.0 Safari/537.36"
172.20.0.1 - - [18/Apr/2023:23:31:24 +0000] "GET /api/v1/plugins?workspaceId=643ebbc9180a343b72610026 HTTP/1.1" 200 23693 "http://localhost:8080/app/healthheroappsmith-2/welcome-page-643f284afbcecc56f0478b54/edit" "Mozilla/5.0 (Macintosh; Intel Mac OS X 10_15_7) AppleWebKit/537.36 (KHTML, like Gecko) Chrome/112.0.0.0 Safari/537.36"
172.20.0.1 - - [18/Apr/2023:23:31:24 +0000] "GET /api/v1/pages/643f284afbcecc56f0478b56 HTTP/1.1" 200 7337 "http://localhost:8080/app/healthheroappsmith-2/welcome-page-643f284afbcecc56f0478b54/edit" "Mozilla/5.0 (Macintosh; Intel Mac OS X 10_15_7) AppleWebKit/537.36 (KHTML, like Gecko) Chrome/112.0.0.0 Safari/537.36"
172.20.0.1 - - [18/Apr/2023:23:31:24 +0000] "GET /api/v1/plugins/643ebba8180a343b72610002/form HTTP/1.1" 200 1033 "http://localhost:8080/app/healthheroappsmith-2/welcome-page-643f284afbcecc56f0478b54/edit" "Mozilla/5.0 (Macintosh; Intel Mac OS X 10_15_7) AppleWebKit/537.36 (KHTML, like Gecko) Chrome/112.0.0.0 Safari/537.36"
172.20.0.1 - - [18/Apr/2023:23:31:24 +0000] "GET /api/v1/plugins/643ebbae180a343b72610023/form HTTP/1.1" 200 1956 "http://localhost:8080/app/healthheroappsmith-2/welcome-page-643f284afbcecc56f0478b54/edit" "Mozilla/5.0 (Macintosh; Intel Mac OS X 10_15_7) AppleWebKit/537.36 (KHTML, like Gecko) Chrome/112.0.0.0 Safari/537.36"
172.20.0.1 - - [18/Apr/2023:23:31:24 +0000] "GET /api/v1/workspaces/643ebbc9180a343b72610026 HTTP/1.1" 200 521 "http://localhost:8080/app/healthheroappsmith-2/welcome-page-643f284afbcecc56f0478b54/edit?branch=master" "Mozilla/5.0 (Macintosh; Intel Mac OS X 10_15_7) AppleWebKit/537.36 (KHTML, like Gecko) Chrome/112.0.0.0 Safari/537.36"
172.20.0.1 - - [18/Apr/2023:23:31:24 +0000] "GET /api/v1/app-templates/filters HTTP/1.1" 200 970 "http://localhost:8080/app/healthheroappsmith-2/welcome-page-643f284afbcecc56f0478b54/edit?branch=master" "Mozilla/5.0 (Macintosh; Intel Mac OS X 10_15_7) AppleWebKit/537.36 (KHTML, like Gecko) Chrome/112.0.0.0 Safari/537.36"
172.20.0.1 - - [18/Apr/2023:23:31:24 +0000] "GET /api/v1/plugins/default/icons HTTP/1.1" 200 761 "http://localhost:8080/app/healthheroappsmith-2/welcome-page-643f284afbcecc56f0478b54/edit?branch=master" "Mozilla/5.0 (Macintosh; Intel Mac OS X 10_15_7) AppleWebKit/537.36 (KHTML, like Gecko) Chrome/112.0.0.0 Safari/537.36"
172.20.0.1 - - [18/Apr/2023:23:31:28 +0000] "GET /api/v1/git/status/app/643f2841fbcecc56f0478b4b?branchName=master HTTP/1.1" 200 296 "http://localhost:8080/app/healthheroappsmith-2/welcome-page-643f284afbcecc56f0478b54/edit?branch=master" "Mozilla/5.0 (Macintosh; Intel Mac OS X 10_15_7) AppleWebKit/537.36 (KHTML, like Gecko) Chrome/112.0.0.0 Safari/537.36"
172.20.0.1 - - [18/Apr/2023:23:31:28 +0000] "GET /api/v1/git/branch/app/643f2841fbcecc56f0478b4b? HTTP/1.1" 200 158 "http://localhost:8080/app/healthheroappsmith-2/welcome-page-643f284afbcecc56f0478b54/edit?branch=master" "Mozilla/5.0 (Macintosh; Intel Mac OS X 10_15_7) AppleWebKit/537.36 (KHTML, like Gecko) Chrome/112.0.0.0 Safari/537.36"
127.0.0.1 - - [18/Apr/2023:23:31:34 +0000] "GET / HTTP/1.1" 200 4263 "-" "curl/7.68.0"
172.20.0.1 - - [18/Apr/2023:23:31:38 +0000] "GET /api/v1/pages/643f284afbcecc56f0478b57 HTTP/1.1" 200 6896 "http://localhost:8080/app/healthheroappsmith-2/patient-page-1-643f284afbcecc56f0478b57/edit?branch=master" "Mozilla/5.0 (Macintosh; Intel Mac OS X 10_15_7) AppleWebKit/537.36 (KHTML, like Gecko) Chrome/112.0.0.0 Safari/537.36"
172.20.0.1 - - [18/Apr/2023:23:31:43 +0000] "GET /api/v1/pages/643f284afbcecc56f0478b54 HTTP/1.1" 200 2412 "http://localhost:8080/app/healthheroappsmith-2/welcome-page-643f284afbcecc56f0478b54/edit?branch=master" "Mozilla/5.0 (Macintosh; Intel Mac OS X 10_15_7) AppleWebKit/537.36 (KHTML, like Gecko) Chrome/112.0.0.0 Safari/537.36"
127.0.0.1 - - [18/Apr/2023:23:31:50 +0000] "GET / HTTP/1.1" 200 4263 "-" "curl/7.68.0"
172.20.0.1 - - [18/Apr/2023:23:31:57 +0000] "PUT /api/v1/layouts/643f2849fbcecc56f0478b4f/pages/643f284afbcecc56f0478b54?applicationId=643f2841fbcecc56f0478b4b HTTP/1.1" 200 2257 "http://localhost:8080/app/healthheroappsmith-2/welcome-page-643f284afbcecc56f0478b54/edit?branch=master" "Mozilla/5.0 (Macintosh; Intel Mac OS X 10_15_7) AppleWebKit/537.36 (KHTML, like Gecko) Chrome/112.0.0.0 Safari/537.36"
172.20.0.1 - - [18/Apr/2023:23:31:58 +0000] "GET /api/v1/pages/643f284afbcecc56f0478b55 HTTP/1.1" 200 6277 "http://localhost:8080/app/healthheroappsmith-2/doctor-page-1-643f284afbcecc56f0478b55/edit?branch=master" "Mozilla/5.0 (Macintosh; Intel Mac OS X 10_15_7) AppleWebKit/537.36 (KHTML, like Gecko) Chrome/112.0.0.0 Safari/537.36"
172.20.0.1 - - [18/Apr/2023:23:32:04 +0000] "POST /api/v1/actions/execute HTTP/1.1" 200 488 "http://localhost:8080/app/healthheroappsmith-2/doctor-page-1-643f284afbcecc56f0478b55/edit/widgets/9whdqzdr0a?branch=master" "Mozilla/5.0 (Macintosh; Intel Mac OS X 10_15_7) AppleWebKit/537.36 (KHTML, like Gecko) Chrome/112.0.0.0 Safari/537.36"
127.0.0.1 - - [18/Apr/2023:23:32:05 +0000] "GET / HTTP/1.1" 200 4263 "-" "curl/7.68.0"
172.20.0.1 - - [18/Apr/2023:23:32:07 +0000] "POST /api/v1/actions/execute HTTP/1.1" 200 695 "http://localhost:8080/app/healthheroappsmith-2/doctor-page-1-643f284afbcecc56f0478b55/edit/widgets/9whdqzdr0a?branch=master" "Mozilla/5.0 (Macintosh; Intel Mac OS X 10_15_7) AppleWebKit/537.36 (KHTML, like Gecko) Chrome/112.0.0.0 Safari/537.36"
172.20.0.1 - - [18/Apr/2023:23:32:13 +0000] "POST /api/v1/actions/execute HTTP/1.1" 200 554 "http://localhost:8080/app/healthheroappsmith-2/doctor-page-1-643f284afbcecc56f0478b55/edit/widgets/cdzm2g9diu?branch=master" "Mozilla/5.0 (Macintosh; Intel Mac OS X 10_15_7) AppleWebKit/537.36 (KHTML, like Gecko) Chrome/112.0.0.0 Safari/537.36"
172.20.0.1 - - [18/Apr/2023:23:32:17 +0000] "POST /api/v1/actions/execute HTTP/1.1" 200 6795 "http://localhost:8080/app/healthheroappsmith-2/doctor-page-1-643f284afbcecc56f0478b55/edit/widgets/9whdqzdr0a?branch=master" "Mozilla/5.0 (Macintosh; Intel Mac OS X 10_15_7) AppleWebKit/537.36 (KHTML, like Gecko) Chrome/112.0.0.0 Safari/537.36"
127.0.0.1 - - [18/Apr/2023:23:32:20 +0000] "GET / HTTP/1.1" 200 4263 "-" "curl/7.68.0"
172.20.0.1 - - [18/Apr/2023:23:32:21 +0000] "POST /api/v1/actions/execute HTTP/1.1" 200 6850 "http://localhost:8080/app/healthheroappsmith-2/doctor-page-1-643f284afbcecc56f0478b55/edit/widgets/9whdqzdr0a?branch=master" "Mozilla/5.0 (Macintosh; Intel Mac OS X 10_15_7) AppleWebKit/537.36 (KHTML, like Gecko) Chrome/112.0.0.0 Safari/537.36"
172.20.0.1 - - [18/Apr/2023:23:32:26 +0000] "POST /api/v1/actions/execute HTTP/1.1" 200 4133 "http://localhost:8080/app/healthheroappsmith-2/doctor-page-1-643f284afbcecc56f0478b55/edit/widgets/84iebf5znr?branch=master" "Mozilla/5.0 (Macintosh; Intel Mac OS X 10_15_7) AppleWebKit/537.36 (KHTML, like Gecko) Chrome/112.0.0.0 Safari/537.36"
172.20.0.1 - - [18/Apr/2023:23:32:29 +0000] "POST /api/v1/actions/execute HTTP/1.1" 200 697 "http://localhost:8080/app/healthheroappsmith-2/doctor-page-1-643f284afbcecc56f0478b55/edit/widgets/9whdqzdr0a?branch=master" "Mozilla/5.0 (Macintosh; Intel Mac OS X 10_15_7) AppleWebKit/537.36 (KHTML, like Gecko) Chrome/112.0.0.0 Safari/537.36"
127.0.0.1 - - [18/Apr/2023:23:32:36 +0000] "GET / HTTP/1.1" 200 4263 "-" "curl/7.68.0"
172.20.0.1 - - [18/Apr/2023:23:32:46 +0000] "POST /api/v1/actions/execute HTTP/1.1" 200 572 "http://localhost:8080/app/healthheroappsmith-2/doctor-page-1-643f284afbcecc56f0478b55/edit/widgets/84iebf5znr?branch=master" "Mozilla/5.0 (Macintosh; Intel Mac OS X 10_15_7) AppleWebKit/537.36 (KHTML, like Gecko) Chrome/112.0.0.0 Safari/537.36"
172.20.0.1 - - [18/Apr/2023:23:32:50 +0000] "POST /api/v1/actions/execute HTTP/1.1" 200 695 "http://localhost:8080/app/healthheroappsmith-2/doctor-page-1-643f284afbcecc56f0478b55/edit/widgets/9whdqzdr0a?branch=master" "Mozilla/5.0 (Macintosh; Intel Mac OS X 10_15_7) AppleWebKit/537.36 (KHTML, like Gecko) Chrome/112.0.0.0 Safari/537.36"
127.0.0.1 - - [18/Apr/2023:23:32:51 +0000] "GET / HTTP/1.1" 200 4263 "-" "curl/7.68.0"
172.20.0.1 - - [18/Apr/2023:23:32:52 +0000] "POST /api/v1/actions/execute HTTP/1.1" 200 488 "http://localhost:8080/app/healthheroappsmith-2/doctor-page-1-643f284afbcecc56f0478b55/edit/widgets/9whdqzdr0a?branch=master" "Mozilla/5.0 (Macintosh; Intel Mac OS X 10_15_7) AppleWebKit/537.36 (KHTML, like Gecko) Chrome/112.0.0.0 Safari/537.36"
172.20.0.1 - - [18/Apr/2023:23:32:53 +0000] "POST /api/v1/actions/execute HTTP/1.1" 200 696 "http://localhost:8080/app/healthheroappsmith-2/doctor-page-1-643f284afbcecc56f0478b55/edit/widgets/9whdqzdr0a?branch=master" "Mozilla/5.0 (Macintosh; Intel Mac OS X 10_15_7) AppleWebKit/537.36 (KHTML, like Gecko) Chrome/112.0.0.0 Safari/537.36"
172.20.0.1 - - [18/Apr/2023:23:32:56 +0000] "POST /api/v1/actions/execute HTTP/1.1" 200 701 "http://localhost:8080/app/healthheroappsmith-2/doctor-page-1-643f284afbcecc56f0478b55/edit/widgets/9whdqzdr0a?branch=master" "Mozilla/5.0 (Macintosh; Intel Mac OS X 10_15_7) AppleWebKit/537.36 (KHTML, like Gecko) Chrome/112.0.0.0 Safari/537.36"
127.0.0.1 - - [18/Apr/2023:23:33:06 +0000] "GET / HTTP/1.1" 200 4263 "-" "curl/7.68.0"
172.20.0.1 - - [18/Apr/2023:23:33:16 +0000] "POST /api/v1/actions/execute HTTP/1.1" 200 6753 "http://localhost:8080/app/healthheroappsmith-2/doctor-page-1-643f284afbcecc56f0478b55/edit/widgets/84iebf5znr?branch=master" "Mozilla/5.0 (Macintosh; Intel Mac OS X 10_15_7) AppleWebKit/537.36 (KHTML, like Gecko) Chrome/112.0.0.0 Safari/537.36"
172.20.0.1 - - [18/Apr/2023:23:33:21 +0000] "POST /api/v1/actions/execute HTTP/1.1" 200 696 "http://localhost:8080/app/healthheroappsmith-2/doctor-page-1-643f284afbcecc56f0478b55/edit/widgets/9whdqzdr0a?branch=master" "Mozilla/5.0 (Macintosh; Intel Mac OS X 10_15_7) AppleWebKit/537.36 (KHTML, like Gecko) Chrome/112.0.0.0 Safari/537.36"
127.0.0.1 - - [18/Apr/2023:23:33:22 +0000] "GET / HTTP/1.1" 200 4263 "-" "curl/7.68.0"
172.20.0.1 - - [18/Apr/2023:23:33:28 +0000] "PUT /api/v1/actions/643f284afbcecc56f0478b5d HTTP/1.1" 200 674 "http://localhost:8080/app/healthheroappsmith-2/doctor-page-1-643f284afbcecc56f0478b55/edit/api/643f284afbcecc56f0478b5d?branch=master" "Mozilla/5.0 (Macintosh; Intel Mac OS X 10_15_7) AppleWebKit/537.36 (KHTML, like Gecko) Chrome/112.0.0.0 Safari/537.36"
127.0.0.1 - - [18/Apr/2023:23:33:37 +0000] "GET / HTTP/1.1" 200 4263 "-" "curl/7.68.0"
172.20.0.1 - - [18/Apr/2023:23:33:47 +0000] "GET /api/v1/pages/643f284afbcecc56f0478b58 HTTP/1.1" 200 7673 "http://localhost:8080/app/healthheroappsmith-2/doctor-page-2-643f284afbcecc56f0478b58/edit?branch=master" "Mozilla/5.0 (Macintosh; Intel Mac OS X 10_15_7) AppleWebKit/537.36 (KHTML, like Gecko) Chrome/112.0.0.0 Safari/537.36"
172.20.0.1 - - [18/Apr/2023:23:33:48 +0000] "POST /api/v1/actions/execute HTTP/1.1" 200 7571 "http://localhost:8080/app/healthheroappsmith-2/doctor-page-2-643f284afbcecc56f0478b58/edit?branch=master" "Mozilla/5.0 (Macintosh; Intel Mac OS X 10_15_7) AppleWebKit/537.36 (KHTML, like Gecko) Chrome/112.0.0.0 Safari/537.36"
172.20.0.1 - - [18/Apr/2023:23:33:49 +0000] "GET /api/v1/pages/643f284afbcecc56f0478b55 HTTP/1.1" 200 6277 "http://localhost:8080/app/healthheroappsmith-2/doctor-page-1-643f284afbcecc56f0478b55/edit?branch=master" "Mozilla/5.0 (Macintosh; Intel Mac OS X 10_15_7) AppleWebKit/537.36 (KHTML, like Gecko) Chrome/112.0.0.0 Safari/537.36"
172.20.0.1 - - [18/Apr/2023:23:33:49 +0000] "PUT /api/v1/actions/643f284afbcecc56f0478b5d HTTP/1.1" 200 674 "http://localhost:8080/app/healthheroappsmith-2/doctor-page-1-643f284afbcecc56f0478b55/edit/api/643f284afbcecc56f0478b5d?branch=master" "Mozilla/5.0 (Macintosh; Intel Mac OS X 10_15_7) AppleWebKit/537.36 (KHTML, like Gecko) Chrome/112.0.0.0 Safari/537.36"
127.0.0.1 - - [18/Apr/2023:23:33:52 +0000] "GET / HTTP/1.1" 200 4263 "-" "curl/7.68.0"
172.20.0.1 - - [18/Apr/2023:23:33:59 +0000] "POST /api/v1/actions/execute HTTP/1.1" 200 697 "http://localhost:8080/app/healthheroappsmith-2/doctor-page-1-643f284afbcecc56f0478b55/edit/widgets/9whdqzdr0a?branch=master" "Mozilla/5.0 (Macintosh; Intel Mac OS X 10_15_7) AppleWebKit/537.36 (KHTML, like Gecko) Chrome/112.0.0.0 Safari/537.36"
127.0.0.1 - - [18/Apr/2023:23:34:07 +0000] "GET / HTTP/1.1" 200 4263 "-" "curl/7.68.0"
172.20.0.1 - - [18/Apr/2023:23:34:17 +0000] "POST /api/v1/actions/execute HTTP/1.1" 200 572 "http://localhost:8080/app/healthheroappsmith-2/doctor-page-1-643f284afbcecc56f0478b55/edit/widgets/84iebf5znr?branch=master" "Mozilla/5.0 (Macintosh; Intel Mac OS X 10_15_7) AppleWebKit/537.36 (KHTML, like Gecko) Chrome/112.0.0.0 Safari/537.36"
172.20.0.1 - - [18/Apr/2023:23:34:20 +0000] "POST /api/v1/actions/execute HTTP/1.1" 200 486 "http://localhost:8080/app/healthheroappsmith-2/doctor-page-1-643f284afbcecc56f0478b55/edit/widgets/9whdqzdr0a?branch=master" "Mozilla/5.0 (Macintosh; Intel Mac OS X 10_15_7) AppleWebKit/537.36 (KHTML, like Gecko) Chrome/112.0.0.0 Safari/537.36"
127.0.0.1 - - [18/Apr/2023:23:34:23 +0000] "GET / HTTP/1.1" 200 4263 "-" "curl/7.68.0"
172.20.0.1 - - [18/Apr/2023:23:34:29 +0000] "GET /api/v1/pages/643f284afbcecc56f0478b58 HTTP/1.1" 200 7673 "http://localhost:8080/app/healthheroappsmith-2/doctor-page-2-643f284afbcecc56f0478b58/edit?branch=master" "Mozilla/5.0 (Macintosh; Intel Mac OS X 10_15_7) AppleWebKit/537.36 (KHTML, like Gecko) Chrome/112.0.0.0 Safari/537.36"
172.20.0.1 - - [18/Apr/2023:23:34:30 +0000] "POST /api/v1/actions/execute HTTP/1.1" 200 7570 "http://localhost:8080/app/healthheroappsmith-2/doctor-page-2-643f284afbcecc56f0478b58/edit?branch=master" "Mozilla/5.0 (Macintosh; Intel Mac OS X 10_15_7) AppleWebKit/537.36 (KHTML, like Gecko) Chrome/112.0.0.0 Safari/537.36"
172.20.0.1 - - [18/Apr/2023:23:34:35 +0000] "POST /api/v1/actions HTTP/1.1" 201 1317 "http://localhost:8080/app/healthheroappsmith-2/doctor-page-2-643f284afbcecc56f0478b58/edit?branch=master" "Mozilla/5.0 (Macintosh; Intel Mac OS X 10_15_7) AppleWebKit/537.36 (KHTML, like Gecko) Chrome/112.0.0.0 Safari/537.36"
172.20.0.1 - - [18/Apr/2023:23:34:35 +0000] "GET /api/v1/pages/643f284afbcecc56f0478b55 HTTP/1.1" 200 6277 "http://localhost:8080/app/healthheroappsmith-2/doctor-page-1-643f284afbcecc56f0478b55/edit/api/643f290bfbcecc56f0478b74?branch=master" "Mozilla/5.0 (Macintosh; Intel Mac OS X 10_15_7) AppleWebKit/537.36 (KHTML, like Gecko) Chrome/112.0.0.0 Safari/537.36"
172.20.0.1 - - [18/Apr/2023:23:34:36 +0000] "PUT /api/v1/actions/643f290bfbcecc56f0478b74 HTTP/1.1" 200 671 "http://localhost:8080/app/healthheroappsmith-2/doctor-page-1-643f284afbcecc56f0478b55/edit/api/643f290bfbcecc56f0478b74?branch=master" "Mozilla/5.0 (Macintosh; Intel Mac OS X 10_15_7) AppleWebKit/537.36 (KHTML, like Gecko) Chrome/112.0.0.0 Safari/537.36"
127.0.0.1 - - [18/Apr/2023:23:34:38 +0000] "GET / HTTP/1.1" 200 4263 "-" "curl/7.68.0"
172.20.0.1 - - [18/Apr/2023:23:34:40 +0000] "POST /api/v1/actions/execute HTTP/1.1" 200 511 "http://localhost:8080/app/healthheroappsmith-2/doctor-page-1-643f284afbcecc56f0478b55/edit/widgets/86yfria7jc?branch=master" "Mozilla/5.0 (Macintosh; Intel Mac OS X 10_15_7) AppleWebKit/537.36 (KHTML, like Gecko) Chrome/112.0.0.0 Safari/537.36"
172.20.0.1 - - [18/Apr/2023:23:34:42 +0000] "POST /api/v1/actions/execute HTTP/1.1" 200 509 "http://localhost:8080/app/healthheroappsmith-2/doctor-page-1-643f284afbcecc56f0478b55/edit/widgets/86yfria7jc?branch=master" "Mozilla/5.0 (Macintosh; Intel Mac OS X 10_15_7) AppleWebKit/537.36 (KHTML, like Gecko) Chrome/112.0.0.0 Safari/537.36"
172.20.0.1 - - [18/Apr/2023:23:34:45 +0000] "POST /api/v1/actions/execute HTTP/1.1" 200 510 "http://localhost:8080/app/healthheroappsmith-2/doctor-page-1-643f284afbcecc56f0478b55/edit/widgets/86yfria7jc?branch=master" "Mozilla/5.0 (Macintosh; Intel Mac OS X 10_15_7) AppleWebKit/537.36 (KHTML, like Gecko) Chrome/112.0.0.0 Safari/537.36"
172.20.0.1 - - [18/Apr/2023:23:34:47 +0000] "POST /api/v1/actions/execute HTTP/1.1" 200 4092 "http://localhost:8080/app/healthheroappsmith-2/doctor-page-1-643f284afbcecc56f0478b55/edit/widgets/86yfria7jc?branch=master" "Mozilla/5.0 (Macintosh; Intel Mac OS X 10_15_7) AppleWebKit/537.36 (KHTML, like Gecko) Chrome/112.0.0.0 Safari/537.36"
172.20.0.1 - - [18/Apr/2023:23:34:51 +0000] "POST /api/v1/actions/execute HTTP/1.1" 200 511 "http://localhost:8080/app/healthheroappsmith-2/doctor-page-1-643f284afbcecc56f0478b55/edit/widgets/86yfria7jc?branch=master" "Mozilla/5.0 (Macintosh; Intel Mac OS X 10_15_7) AppleWebKit/537.36 (KHTML, like Gecko) Chrome/112.0.0.0 Safari/537.36"
172.20.0.1 - - [18/Apr/2023:23:34:52 +0000] "POST /api/v1/actions/execute HTTP/1.1" 200 511 "http://localhost:8080/app/healthheroappsmith-2/doctor-page-1-643f284afbcecc56f0478b55/edit/widgets/86yfria7jc?branch=master" "Mozilla/5.0 (Macintosh; Intel Mac OS X 10_15_7) AppleWebKit/537.36 (KHTML, like Gecko) Chrome/112.0.0.0 Safari/537.36"
127.0.0.1 - - [18/Apr/2023:23:34:53 +0000] "GET / HTTP/1.1" 200 4263 "-" "curl/7.68.0"
172.20.0.1 - - [18/Apr/2023:23:34:55 +0000] "POST /api/v1/actions/execute HTTP/1.1" 200 701 "http://localhost:8080/app/healthheroappsmith-2/doctor-page-1-643f284afbcecc56f0478b55/edit/widgets/86yfria7jc?branch=master" "Mozilla/5.0 (Macintosh; Intel Mac OS X 10_15_7) AppleWebKit/537.36 (KHTML, like Gecko) Chrome/112.0.0.0 Safari/537.36"
127.0.0.1 - - [18/Apr/2023:23:35:09 +0000] "GET / HTTP/1.1" 200 4263 "-" "curl/7.68.0"
172.20.0.1 - - [18/Apr/2023:23:35:16 +0000] "GET /api/v1/pages/643f284afbcecc56f0478b58 HTTP/1.1" 200 7673 "http://localhost:8080/app/healthheroappsmith-2/doctor-page-2-643f284afbcecc56f0478b58/edit?branch=master" "Mozilla/5.0 (Macintosh; Intel Mac OS X 10_15_7) AppleWebKit/537.36 (KHTML, like Gecko) Chrome/112.0.0.0 Safari/537.36"
172.20.0.1 - - [18/Apr/2023:23:35:17 +0000] "POST /api/v1/actions/execute HTTP/1.1" 200 7571 "http://localhost:8080/app/healthheroappsmith-2/doctor-page-2-643f284afbcecc56f0478b58/edit?branch=master" "Mozilla/5.0 (Macintosh; Intel Mac OS X 10_15_7) AppleWebKit/537.36 (KHTML, like Gecko) Chrome/112.0.0.0 Safari/537.36"
127.0.0.1 - - [18/Apr/2023:23:35:24 +0000] "GET / HTTP/1.1" 200 4263 "-" "curl/7.68.0"
172.20.0.1 - - [18/Apr/2023:23:35:25 +0000] "POST /api/v1/actions/execute HTTP/1.1" 200 7576 "http://localhost:8080/app/healthheroappsmith-2/doctor-page-2-643f284afbcecc56f0478b58/edit/widgets/66a2hxpzrk?branch=master" "Mozilla/5.0 (Macintosh; Intel Mac OS X 10_15_7) AppleWebKit/537.36 (KHTML, like Gecko) Chrome/112.0.0.0 Safari/537.36"
172.20.0.1 - - [18/Apr/2023:23:35:36 +0000] "PUT /api/v1/layouts/643f2849fbcecc56f0478b4e/pages/643f284afbcecc56f0478b58?applicationId=643f2841fbcecc56f0478b4b HTTP/1.1" 200 7431 "http://localhost:8080/app/healthheroappsmith-2/doctor-page-2-643f284afbcecc56f0478b58/edit/widgets/66a2hxpzrk?branch=master" "Mozilla/5.0 (Macintosh; Intel Mac OS X 10_15_7) AppleWebKit/537.36 (KHTML, like Gecko) Chrome/112.0.0.0 Safari/537.36"
172.20.0.1 - - [18/Apr/2023:23:35:38 +0000] "PUT /api/v1/layouts/643f2849fbcecc56f0478b4e/pages/643f284afbcecc56f0478b58?applicationId=643f2841fbcecc56f0478b4b HTTP/1.1" 200 7428 "http://localhost:8080/app/healthheroappsmith-2/doctor-page-2-643f284afbcecc56f0478b58/edit/widgets/66a2hxpzrk?branch=master" "Mozilla/5.0 (Macintosh; Intel Mac OS X 10_15_7) AppleWebKit/537.36 (KHTML, like Gecko) Chrome/112.0.0.0 Safari/537.36"
127.0.0.1 - - [18/Apr/2023:23:35:39 +0000] "GET / HTTP/1.1" 200 4263 "-" "curl/7.68.0"
172.20.0.1 - - [18/Apr/2023:23:35:40 +0000] "PUT /api/v1/layouts/643f2849fbcecc56f0478b4e/pages/643f284afbcecc56f0478b58?applicationId=643f2841fbcecc56f0478b4b HTTP/1.1" 200 7431 "http://localhost:8080/app/healthheroappsmith-2/doctor-page-2-643f284afbcecc56f0478b58/edit/widgets/66a2hxpzrk?branch=master" "Mozilla/5.0 (Macintosh; Intel Mac OS X 10_15_7) AppleWebKit/537.36 (KHTML, like Gecko) Chrome/112.0.0.0 Safari/537.36"
172.20.0.1 - - [18/Apr/2023:23:35:44 +0000] "PUT /api/v1/layouts/643f2849fbcecc56f0478b4e/pages/643f284afbcecc56f0478b58?applicationId=643f2841fbcecc56f0478b4b HTTP/1.1" 200 7433 "http://localhost:8080/app/healthheroappsmith-2/doctor-page-2-643f284afbcecc56f0478b58/edit/widgets/66a2hxpzrk?branch=master" "Mozilla/5.0 (Macintosh; Intel Mac OS X 10_15_7) AppleWebKit/537.36 (KHTML, like Gecko) Chrome/112.0.0.0 Safari/537.36"
172.20.0.1 - - [18/Apr/2023:23:35:45 +0000] "PUT /api/v1/layouts/643f2849fbcecc56f0478b4e/pages/643f284afbcecc56f0478b58?applicationId=643f2841fbcecc56f0478b4b HTTP/1.1" 200 7434 "http://localhost:8080/app/healthheroappsmith-2/doctor-page-2-643f284afbcecc56f0478b58/edit/widgets/66a2hxpzrk?branch=master" "Mozilla/5.0 (Macintosh; Intel Mac OS X 10_15_7) AppleWebKit/537.36 (KHTML, like Gecko) Chrome/112.0.0.0 Safari/537.36"
172.20.0.1 - - [18/Apr/2023:23:35:48 +0000] "POST /api/v1/actions/execute HTTP/1.1" 200 6925 "http://localhost:8080/app/healthheroappsmith-2/doctor-page-2-643f284afbcecc56f0478b58/edit/widgets/66a2hxpzrk?branch=master" "Mozilla/5.0 (Macintosh; Intel Mac OS X 10_15_7) AppleWebKit/537.36 (KHTML, like Gecko) Chrome/112.0.0.0 Safari/537.36"
127.0.0.1 - - [18/Apr/2023:23:35:55 +0000] "GET / HTTP/1.1" 200 4263 "-" "curl/7.68.0"
127.0.0.1 - - [18/Apr/2023:23:36:10 +0000] "GET / HTTP/1.1" 200 4263 "-" "curl/7.68.0"
172.20.0.1 - - [18/Apr/2023:23:36:17 +0000] "GET /api/v1/pages/643f284afbcecc56f0478b55 HTTP/1.1" 200 6381 "http://localhost:8080/app/healthheroappsmith-2/doctor-page-1-643f284afbcecc56f0478b55/edit?branch=master" "Mozilla/5.0 (Macintosh; Intel Mac OS X 10_15_7) AppleWebKit/537.36 (KHTML, like Gecko) Chrome/112.0.0.0 Safari/537.36"
172.20.0.1 - - [18/Apr/2023:23:36:18 +0000] "POST /api/v1/actions/execute HTTP/1.1" 200 4055 "http://localhost:8080/app/healthheroappsmith-2/doctor-page-1-643f284afbcecc56f0478b55/edit/widgets/5gxww551lr?branch=master" "Mozilla/5.0 (Macintosh; Intel Mac OS X 10_15_7) AppleWebKit/537.36 (KHTML, like Gecko) Chrome/112.0.0.0 Safari/537.36"
172.20.0.1 - - [18/Apr/2023:23:36:24 +0000] "POST /api/v1/usage-pulse HTTP/1.1" 201 76 "http://localhost:8080/app/healthheroappsmith-2/doctor-page-1-643f284afbcecc56f0478b55/edit/widgets/5gxww551lr?branch=master" "Mozilla/5.0 (Macintosh; Intel Mac OS X 10_15_7) AppleWebKit/537.36 (KHTML, like Gecko) Chrome/112.0.0.0 Safari/537.36"
172.20.0.1 - - [18/Apr/2023:23:36:24 +0000] "POST /api/v1/actions HTTP/1.1" 201 1363 "http://localhost:8080/app/healthheroappsmith-2/doctor-page-1-643f284afbcecc56f0478b55/edit/widgets/5gxww551lr?branch=master" "Mozilla/5.0 (Macintosh; Intel Mac OS X 10_15_7) AppleWebKit/537.36 (KHTML, like Gecko) Chrome/112.0.0.0 Safari/537.36"
172.20.0.1 - - [18/Apr/2023:23:36:24 +0000] "GET /api/v1/pages/643f284afbcecc56f0478b58 HTTP/1.1" 200 7603 "http://localhost:8080/app/healthheroappsmith-2/doctor-page-2-643f284afbcecc56f0478b58/edit/api/643f2978fbcecc56f0478b77?branch=master" "Mozilla/5.0 (Macintosh; Intel Mac OS X 10_15_7) AppleWebKit/537.36 (KHTML, like Gecko) Chrome/112.0.0.0 Safari/537.36"
172.20.0.1 - - [18/Apr/2023:23:36:25 +0000] "PUT /api/v1/actions/643f2978fbcecc56f0478b77 HTTP/1.1" 200 691 "http://localhost:8080/app/healthheroappsmith-2/doctor-page-2-643f284afbcecc56f0478b58/edit/api/643f2978fbcecc56f0478b77?branch=master" "Mozilla/5.0 (Macintosh; Intel Mac OS X 10_15_7) AppleWebKit/537.36 (KHTML, like Gecko) Chrome/112.0.0.0 Safari/537.36"
172.20.0.1 - - [18/Apr/2023:23:36:25 +0000] "POST /api/v1/actions/execute HTTP/1.1" 200 7578 "http://localhost:8080/app/healthheroappsmith-2/doctor-page-2-643f284afbcecc56f0478b58/edit/api/643f2978fbcecc56f0478b77?branch=master" "Mozilla/5.0 (Macintosh; Intel Mac OS X 10_15_7) AppleWebKit/537.36 (KHTML, like Gecko) Chrome/112.0.0.0 Safari/537.36"
127.0.0.1 - - [18/Apr/2023:23:36:25 +0000] "GET / HTTP/1.1" 200 4263 "-" "curl/7.68.0"
172.20.0.1 - - [18/Apr/2023:23:36:28 +0000] "POST /api/v1/actions/execute HTTP/1.1" 200 6911 "http://localhost:8080/app/healthheroappsmith-2/doctor-page-2-643f284afbcecc56f0478b58/edit/widgets/66a2hxpzrk?branch=master" "Mozilla/5.0 (Macintosh; Intel Mac OS X 10_15_7) AppleWebKit/537.36 (KHTML, like Gecko) Chrome/112.0.0.0 Safari/537.36"
172.20.0.1 - - [18/Apr/2023:23:36:35 +0000] "PUT /api/v1/layouts/643f2849fbcecc56f0478b4e/pages/643f284afbcecc56f0478b58?applicationId=643f2841fbcecc56f0478b4b HTTP/1.1" 200 7464 "http://localhost:8080/app/healthheroappsmith-2/doctor-page-2-643f284afbcecc56f0478b58/edit/widgets/66a2hxpzrk?branch=master" "Mozilla/5.0 (Macintosh; Intel Mac OS X 10_15_7) AppleWebKit/537.36 (KHTML, like Gecko) Chrome/112.0.0.0 Safari/537.36"
172.20.0.1 - - [18/Apr/2023:23:36:37 +0000] "PUT /api/v1/layouts/643f2849fbcecc56f0478b4e/pages/643f284afbcecc56f0478b58?applicationId=643f2841fbcecc56f0478b4b HTTP/1.1" 200 7461 "http://localhost:8080/app/healthheroappsmith-2/doctor-page-2-643f284afbcecc56f0478b58/edit/widgets/66a2hxpzrk?branch=master" "Mozilla/5.0 (Macintosh; Intel Mac OS X 10_15_7) AppleWebKit/537.36 (KHTML, like Gecko) Chrome/112.0.0.0 Safari/537.36"
172.20.0.1 - - [18/Apr/2023:23:36:40 +0000] "PUT /api/v1/layouts/643f2849fbcecc56f0478b4e/pages/643f284afbcecc56f0478b58?applicationId=643f2841fbcecc56f0478b4b HTTP/1.1" 200 7466 "http://localhost:8080/app/healthheroappsmith-2/doctor-page-2-643f284afbcecc56f0478b58/edit/widgets/66a2hxpzrk?branch=master" "Mozilla/5.0 (Macintosh; Intel Mac OS X 10_15_7) AppleWebKit/537.36 (KHTML, like Gecko) Chrome/112.0.0.0 Safari/537.36"
127.0.0.1 - - [18/Apr/2023:23:36:41 +0000] "GET / HTTP/1.1" 200 4263 "-" "curl/7.68.0"
172.20.0.1 - - [18/Apr/2023:23:36:42 +0000] "PUT /api/v1/layouts/643f2849fbcecc56f0478b4e/pages/643f284afbcecc56f0478b58?applicationId=643f2841fbcecc56f0478b4b HTTP/1.1" 200 7468 "http://localhost:8080/app/healthheroappsmith-2/doctor-page-2-643f284afbcecc56f0478b58/edit/widgets/66a2hxpzrk?branch=master" "Mozilla/5.0 (Macintosh; Intel Mac OS X 10_15_7) AppleWebKit/537.36 (KHTML, like Gecko) Chrome/112.0.0.0 Safari/537.36"
127.0.0.1 - - [18/Apr/2023:23:36:56 +0000] "GET / HTTP/1.1" 200 4263 "-" "curl/7.68.0"
127.0.0.1 - - [18/Apr/2023:23:37:11 +0000] "GET / HTTP/1.1" 200 4263 "-" "curl/7.68.0"
172.20.0.1 - - [18/Apr/2023:23:37:17 +0000] "PUT /api/v1/layouts/643f2849fbcecc56f0478b4e/pages/643f284afbcecc56f0478b58?applicationId=643f2841fbcecc56f0478b4b HTTP/1.1" 200 7550 "http://localhost:8080/app/healthheroappsmith-2/doctor-page-2-643f284afbcecc56f0478b58/edit/widgets/etjg01ztmk?branch=master" "Mozilla/5.0 (Macintosh; Intel Mac OS X 10_15_7) AppleWebKit/537.36 (KHTML, like Gecko) Chrome/112.0.0.0 Safari/537.36"
172.20.0.1 - - [18/Apr/2023:23:37:18 +0000] "PUT /api/v1/layouts/643f2849fbcecc56f0478b4e/pages/643f284afbcecc56f0478b58?applicationId=643f2841fbcecc56f0478b4b HTTP/1.1" 200 7554 "http://localhost:8080/app/healthheroappsmith-2/doctor-page-2-643f284afbcecc56f0478b58/edit/widgets/etjg01ztmk?branch=master" "Mozilla/5.0 (Macintosh; Intel Mac OS X 10_15_7) AppleWebKit/537.36 (KHTML, like Gecko) Chrome/112.0.0.0 Safari/537.36"
172.20.0.1 - - [18/Apr/2023:23:37:21 +0000] "PUT /api/v1/layouts/643f2849fbcecc56f0478b4e/pages/643f284afbcecc56f0478b58?applicationId=643f2841fbcecc56f0478b4b HTTP/1.1" 200 7563 "http://localhost:8080/app/healthheroappsmith-2/doctor-page-2-643f284afbcecc56f0478b58/edit/widgets/etjg01ztmk?branch=master" "Mozilla/5.0 (Macintosh; Intel Mac OS X 10_15_7) AppleWebKit/537.36 (KHTML, like Gecko) Chrome/112.0.0.0 Safari/537.36"
172.20.0.1 - - [18/Apr/2023:23:37:22 +0000] "PUT /api/v1/layouts/643f2849fbcecc56f0478b4e/pages/643f284afbcecc56f0478b58?applicationId=643f2841fbcecc56f0478b4b HTTP/1.1" 200 7561 "http://localhost:8080/app/healthheroappsmith-2/doctor-page-2-643f284afbcecc56f0478b58/edit/widgets/etjg01ztmk?branch=master" "Mozilla/5.0 (Macintosh; Intel Mac OS X 10_15_7) AppleWebKit/537.36 (KHTML, like Gecko) Chrome/112.0.0.0 Safari/537.36"
172.20.0.1 - - [18/Apr/2023:23:37:26 +0000] "PUT /api/v1/layouts/643f2849fbcecc56f0478b4e/pages/643f284afbcecc56f0478b58?applicationId=643f2841fbcecc56f0478b4b HTTP/1.1" 200 7564 "http://localhost:8080/app/healthheroappsmith-2/doctor-page-2-643f284afbcecc56f0478b58/edit/widgets/etjg01ztmk?branch=master" "Mozilla/5.0 (Macintosh; Intel Mac OS X 10_15_7) AppleWebKit/537.36 (KHTML, like Gecko) Chrome/112.0.0.0 Safari/537.36"
127.0.0.1 - - [18/Apr/2023:23:37:26 +0000] "GET / HTTP/1.1" 200 4263 "-" "curl/7.68.0"
172.20.0.1 - - [18/Apr/2023:23:37:33 +0000] "PUT /api/v1/layouts/643f2849fbcecc56f0478b4e/pages/643f284afbcecc56f0478b58?applicationId=643f2841fbcecc56f0478b4b HTTP/1.1" 200 7561 "http://localhost:8080/app/healthheroappsmith-2/doctor-page-2-643f284afbcecc56f0478b58/edit/widgets/etjg01ztmk?branch=master" "Mozilla/5.0 (Macintosh; Intel Mac OS X 10_15_7) AppleWebKit/537.36 (KHTML, like Gecko) Chrome/112.0.0.0 Safari/537.36"
172.20.0.1 - - [18/Apr/2023:23:37:36 +0000] "PUT /api/v1/layouts/643f2849fbcecc56f0478b4e/pages/643f284afbcecc56f0478b58?applicationId=643f2841fbcecc56f0478b4b HTTP/1.1" 200 7552 "http://localhost:8080/app/healthheroappsmith-2/doctor-page-2-643f284afbcecc56f0478b58/edit/widgets/etjg01ztmk?branch=master" "Mozilla/5.0 (Macintosh; Intel Mac OS X 10_15_7) AppleWebKit/537.36 (KHTML, like Gecko) Chrome/112.0.0.0 Safari/537.36"
172.20.0.1 - - [18/Apr/2023:23:37:39 +0000] "PUT /api/v1/layouts/643f2849fbcecc56f0478b4e/pages/643f284afbcecc56f0478b58?applicationId=643f2841fbcecc56f0478b4b HTTP/1.1" 200 7555 "http://localhost:8080/app/healthheroappsmith-2/doctor-page-2-643f284afbcecc56f0478b58/edit/widgets/etjg01ztmk?branch=master" "Mozilla/5.0 (Macintosh; Intel Mac OS X 10_15_7) AppleWebKit/537.36 (KHTML, like Gecko) Chrome/112.0.0.0 Safari/537.36"
127.0.0.1 - - [18/Apr/2023:23:37:42 +0000] "GET / HTTP/1.1" 200 4263 "-" "curl/7.68.0"
172.20.0.1 - - [18/Apr/2023:23:37:42 +0000] "PUT /api/v1/layouts/643f2849fbcecc56f0478b4e/pages/643f284afbcecc56f0478b58?applicationId=643f2841fbcecc56f0478b4b HTTP/1.1" 200 7561 "http://localhost:8080/app/healthheroappsmith-2/doctor-page-2-643f284afbcecc56f0478b58/edit/widgets/etjg01ztmk?branch=master" "Mozilla/5.0 (Macintosh; Intel Mac OS X 10_15_7) AppleWebKit/537.36 (KHTML, like Gecko) Chrome/112.0.0.0 Safari/537.36"
172.20.0.1 - - [18/Apr/2023:23:37:44 +0000] "PUT /api/v1/layouts/643f2849fbcecc56f0478b4e/pages/643f284afbcecc56f0478b58?applicationId=643f2841fbcecc56f0478b4b HTTP/1.1" 200 7652 "http://localhost:8080/app/healthheroappsmith-2/doctor-page-2-643f284afbcecc56f0478b58/edit/widgets/etjg01ztmk?branch=master" "Mozilla/5.0 (Macintosh; Intel Mac OS X 10_15_7) AppleWebKit/537.36 (KHTML, like Gecko) Chrome/112.0.0.0 Safari/537.36"
172.20.0.1 - - [18/Apr/2023:23:37:46 +0000] "POST /api/v1/actions/execute HTTP/1.1" 200 9063 "http://localhost:8080/app/healthheroappsmith-2/doctor-page-2-643f284afbcecc56f0478b58/edit/widgets/66a2hxpzrk?branch=master" "Mozilla/5.0 (Macintosh; Intel Mac OS X 10_15_7) AppleWebKit/537.36 (KHTML, like Gecko) Chrome/112.0.0.0 Safari/537.36"
172.20.0.1 - - [18/Apr/2023:23:37:48 +0000] "PUT /api/v1/layouts/643f2849fbcecc56f0478b4e/pages/643f284afbcecc56f0478b58?applicationId=643f2841fbcecc56f0478b4b HTTP/1.1" 200 7345 "http://localhost:8080/app/healthheroappsmith-2/doctor-page-2-643f284afbcecc56f0478b58/edit/widgets/66a2hxpzrk?branch=master" "Mozilla/5.0 (Macintosh; Intel Mac OS X 10_15_7) AppleWebKit/537.36 (KHTML, like Gecko) Chrome/112.0.0.0 Safari/537.36"
172.20.0.1 - - [18/Apr/2023:23:37:53 +0000] "PUT /api/v1/actions/643f2978fbcecc56f0478b77 HTTP/1.1" 200 691 "http://localhost:8080/app/healthheroappsmith-2/doctor-page-2-643f284afbcecc56f0478b58/edit/api/643f2978fbcecc56f0478b77?branch=master" "Mozilla/5.0 (Macintosh; Intel Mac OS X 10_15_7) AppleWebKit/537.36 (KHTML, like Gecko) Chrome/112.0.0.0 Safari/537.36"
172.20.0.1 - - [18/Apr/2023:23:37:56 +0000] "PUT /api/v1/actions/executeOnLoad/643f2978fbcecc56f0478b77?flag=false HTTP/1.1" 200 665 "http://localhost:8080/app/healthheroappsmith-2/doctor-page-2-643f284afbcecc56f0478b58/edit/api/643f2978fbcecc56f0478b77?branch=master" "Mozilla/5.0 (Macintosh; Intel Mac OS X 10_15_7) AppleWebKit/537.36 (KHTML, like Gecko) Chrome/112.0.0.0 Safari/537.36"
127.0.0.1 - - [18/Apr/2023:23:37:57 +0000] "GET / HTTP/1.1" 200 4263 "-" "curl/7.68.0"
172.20.0.1 - - [18/Apr/2023:23:38:09 +0000] "POST /api/v1/actions/execute HTTP/1.1" 200 558 "http://localhost:8080/app/healthheroappsmith-2/doctor-page-2-643f284afbcecc56f0478b58/edit/widgets/9ajgb3a0zx?branch=master" "Mozilla/5.0 (Macintosh; Intel Mac OS X 10_15_7) AppleWebKit/537.36 (KHTML, like Gecko) Chrome/112.0.0.0 Safari/537.36"
127.0.0.1 - - [18/Apr/2023:23:38:12 +0000] "GET / HTTP/1.1" 200 4263 "-" "curl/7.68.0"
172.20.0.1 - - [18/Apr/2023:23:38:17 +0000] "POST /api/v1/actions/execute HTTP/1.1" 200 7570 "http://localhost:8080/app/healthheroappsmith-2/doctor-page-2-643f284afbcecc56f0478b58/edit/widgets/n1k9bwlfxo?branch=master" "Mozilla/5.0 (Macintosh; Intel Mac OS X 10_15_7) AppleWebKit/537.36 (KHTML, like Gecko) Chrome/112.0.0.0 Safari/537.36"
172.20.0.1 - - [18/Apr/2023:23:38:25 +0000] "DELETE /api/v1/actions/643f284afbcecc56f0478b5a HTTP/1.1" 200 662 "http://localhost:8080/app/healthheroappsmith-2/doctor-page-2-643f284afbcecc56f0478b58/edit/widgets/n1k9bwlfxo?branch=master" "Mozilla/5.0 (Macintosh; Intel Mac OS X 10_15_7) AppleWebKit/537.36 (KHTML, like Gecko) Chrome/112.0.0.0 Safari/537.36"
127.0.0.1 - - [18/Apr/2023:23:38:28 +0000] "GET / HTTP/1.1" 200 4263 "-" "curl/7.68.0"
172.20.0.1 - - [18/Apr/2023:23:38:34 +0000] "GET /api/v1/pages/643f284afbcecc56f0478b55 HTTP/1.1" 200 6381 "http://localhost:8080/app/healthheroappsmith-2/doctor-page-1-643f284afbcecc56f0478b55/edit?branch=master" "Mozilla/5.0 (Macintosh; Intel Mac OS X 10_15_7) AppleWebKit/537.36 (KHTML, like Gecko) Chrome/112.0.0.0 Safari/537.36"
172.20.0.1 - - [18/Apr/2023:23:38:34 +0000] "POST /api/v1/actions/execute HTTP/1.1" 200 4045 "http://localhost:8080/app/healthheroappsmith-2/doctor-page-1-643f284afbcecc56f0478b55/edit/widgets/5gxww551lr?branch=master" "Mozilla/5.0 (Macintosh; Intel Mac OS X 10_15_7) AppleWebKit/537.36 (KHTML, like Gecko) Chrome/112.0.0.0 Safari/537.36"
172.20.0.1 - - [18/Apr/2023:23:38:39 +0000] "PUT /api/v1/actions/643f290bfbcecc56f0478b74 HTTP/1.1" 200 671 "http://localhost:8080/app/healthheroappsmith-2/doctor-page-1-643f284afbcecc56f0478b55/edit/api/643f290bfbcecc56f0478b74?branch=master" "Mozilla/5.0 (Macintosh; Intel Mac OS X 10_15_7) AppleWebKit/537.36 (KHTML, like Gecko) Chrome/112.0.0.0 Safari/537.36"
172.20.0.1 - - [18/Apr/2023:23:38:41 +0000] "PUT /api/v1/actions/executeOnLoad/643f290bfbcecc56f0478b74?flag=true HTTP/1.1" 200 643 "http://localhost:8080/app/healthheroappsmith-2/doctor-page-1-643f284afbcecc56f0478b55/edit/api/643f290bfbcecc56f0478b74?branch=master" "Mozilla/5.0 (Macintosh; Intel Mac OS X 10_15_7) AppleWebKit/537.36 (KHTML, like Gecko) Chrome/112.0.0.0 Safari/537.36"
127.0.0.1 - - [18/Apr/2023:23:38:43 +0000] "GET / HTTP/1.1" 200 4263 "-" "curl/7.68.0"
172.20.0.1 - - [18/Apr/2023:23:38:45 +0000] "GET /api/v1/pages/643f284afbcecc56f0478b58 HTTP/1.1" 200 7512 "http://localhost:8080/app/healthheroappsmith-2/doctor-page-2-643f284afbcecc56f0478b58/edit?branch=master" "Mozilla/5.0 (Macintosh; Intel Mac OS X 10_15_7) AppleWebKit/537.36 (KHTML, like Gecko) Chrome/112.0.0.0 Safari/537.36"
172.20.0.1 - - [18/Apr/2023:23:38:46 +0000] "POST /api/v1/actions/execute HTTP/1.1" 200 7575 "http://localhost:8080/app/healthheroappsmith-2/doctor-page-2-643f284afbcecc56f0478b58/edit/widgets/09uemd8eko?branch=master" "Mozilla/5.0 (Macintosh; Intel Mac OS X 10_15_7) AppleWebKit/537.36 (KHTML, like Gecko) Chrome/112.0.0.0 Safari/537.36"
172.20.0.1 - - [18/Apr/2023:23:38:47 +0000] "GET /api/v1/pages/643f284afbcecc56f0478b55 HTTP/1.1" 200 6381 "http://localhost:8080/app/healthheroappsmith-2/doctor-page-1-643f284afbcecc56f0478b55/edit?branch=master" "Mozilla/5.0 (Macintosh; Intel Mac OS X 10_15_7) AppleWebKit/537.36 (KHTML, like Gecko) Chrome/112.0.0.0 Safari/537.36"
172.20.0.1 - - [18/Apr/2023:23:38:48 +0000] "POST /api/v1/actions/execute HTTP/1.1" 200 4049 "http://localhost:8080/app/healthheroappsmith-2/doctor-page-1-643f284afbcecc56f0478b55/edit/widgets/xu132ubfa7?branch=master" "Mozilla/5.0 (Macintosh; Intel Mac OS X 10_15_7) AppleWebKit/537.36 (KHTML, like Gecko) Chrome/112.0.0.0 Safari/537.36"
172.20.0.1 - - [18/Apr/2023:23:38:51 +0000] "PUT /api/v1/actions/executeOnLoad/643f290bfbcecc56f0478b74?flag=false HTTP/1.1" 200 643 "http://localhost:8080/app/healthheroappsmith-2/doctor-page-1-643f284afbcecc56f0478b55/edit/api/643f290bfbcecc56f0478b74?branch=master" "Mozilla/5.0 (Macintosh; Intel Mac OS X 10_15_7) AppleWebKit/537.36 (KHTML, like Gecko) Chrome/112.0.0.0 Safari/537.36"
172.20.0.1 - - [18/Apr/2023:23:38:54 +0000] "GET /api/v1/pages/643f284afbcecc56f0478b58 HTTP/1.1" 200 7512 "http://localhost:8080/app/healthheroappsmith-2/doctor-page-2-643f284afbcecc56f0478b58/edit?branch=master" "Mozilla/5.0 (Macintosh; Intel Mac OS X 10_15_7) AppleWebKit/537.36 (KHTML, like Gecko) Chrome/112.0.0.0 Safari/537.36"
172.20.0.1 - - [18/Apr/2023:23:38:55 +0000] "POST /api/v1/actions/execute HTTP/1.1" 200 7575 "http://localhost:8080/app/healthheroappsmith-2/doctor-page-2-643f284afbcecc56f0478b58/edit/widgets/09uemd8eko?branch=master" "Mozilla/5.0 (Macintosh; Intel Mac OS X 10_15_7) AppleWebKit/537.36 (KHTML, like Gecko) Chrome/112.0.0.0 Safari/537.36"
172.20.0.1 - - [18/Apr/2023:23:38:56 +0000] "GET /api/v1/pages/643f284afbcecc56f0478b55 HTTP/1.1" 200 6277 "http://localhost:8080/app/healthheroappsmith-2/doctor-page-1-643f284afbcecc56f0478b55/edit?branch=master" "Mozilla/5.0 (Macintosh; Intel Mac OS X 10_15_7) AppleWebKit/537.36 (KHTML, like Gecko) Chrome/112.0.0.0 Safari/537.36"
127.0.0.1 - - [18/Apr/2023:23:38:58 +0000] "GET / HTTP/1.1" 200 4263 "-" "curl/7.68.0"
172.20.0.1 - - [18/Apr/2023:23:39:02 +0000] "POST /api/v1/actions/execute HTTP/1.1" 200 509 "http://localhost:8080/app/healthheroappsmith-2/doctor-page-1-643f284afbcecc56f0478b55/edit/widgets/86yfria7jc?branch=master" "Mozilla/5.0 (Macintosh; Intel Mac OS X 10_15_7) AppleWebKit/537.36 (KHTML, like Gecko) Chrome/112.0.0.0 Safari/537.36"
172.20.0.1 - - [18/Apr/2023:23:39:04 +0000] "POST /api/v1/actions/execute HTTP/1.1" 200 696 "http://localhost:8080/app/healthheroappsmith-2/doctor-page-1-643f284afbcecc56f0478b55/edit/widgets/86yfria7jc?branch=master" "Mozilla/5.0 (Macintosh; Intel Mac OS X 10_15_7) AppleWebKit/537.36 (KHTML, like Gecko) Chrome/112.0.0.0 Safari/537.36"
127.0.0.1 - - [18/Apr/2023:23:39:13 +0000] "GET / HTTP/1.1" 200 4263 "-" "curl/7.68.0"
172.20.0.1 - - [18/Apr/2023:23:39:15 +0000] "GET /api/v1/pages/643f284afbcecc56f0478b58 HTTP/1.1" 200 7512 "http://localhost:8080/app/healthheroappsmith-2/doctor-page-2-643f284afbcecc56f0478b58/edit?branch=master" "Mozilla/5.0 (Macintosh; Intel Mac OS X 10_15_7) AppleWebKit/537.36 (KHTML, like Gecko) Chrome/112.0.0.0 Safari/537.36"
172.20.0.1 - - [18/Apr/2023:23:39:16 +0000] "POST /api/v1/actions/execute HTTP/1.1" 200 7572 "http://localhost:8080/app/healthheroappsmith-2/doctor-page-2-643f284afbcecc56f0478b58/edit/widgets/09uemd8eko?branch=master" "Mozilla/5.0 (Macintosh; Intel Mac OS X 10_15_7) AppleWebKit/537.36 (KHTML, like Gecko) Chrome/112.0.0.0 Safari/537.36"
127.0.0.1 - - [18/Apr/2023:23:39:29 +0000] "GET / HTTP/1.1" 200 4263 "-" "curl/7.68.0"
172.20.0.1 - - [18/Apr/2023:23:39:39 +0000] "POST /api/v1/actions/execute HTTP/1.1" 200 926 "http://localhost:8080/app/healthheroappsmith-2/doctor-page-2-643f284afbcecc56f0478b58/edit/widgets/quqbwphxmv?branch=master" "Mozilla/5.0 (Macintosh; Intel Mac OS X 10_15_7) AppleWebKit/537.36 (KHTML, like Gecko) Chrome/112.0.0.0 Safari/537.36"
127.0.0.1 - - [18/Apr/2023:23:39:44 +0000] "GET / HTTP/1.1" 200 4263 "-" "curl/7.68.0"
172.20.0.1 - - [18/Apr/2023:23:39:47 +0000] "POST /api/v1/actions/execute HTTP/1.1" 200 9065 "http://localhost:8080/app/healthheroappsmith-2/doctor-page-2-643f284afbcecc56f0478b58/edit/widgets/66a2hxpzrk?branch=master" "Mozilla/5.0 (Macintosh; Intel Mac OS X 10_15_7) AppleWebKit/537.36 (KHTML, like Gecko) Chrome/112.0.0.0 Safari/537.36"
172.20.0.1 - - [18/Apr/2023:23:39:55 +0000] "POST /api/v1/actions/execute HTTP/1.1" 200 7575 "http://localhost:8080/app/healthheroappsmith-2/doctor-page-2-643f284afbcecc56f0478b58/edit/widgets/n1k9bwlfxo?branch=master" "Mozilla/5.0 (Macintosh; Intel Mac OS X 10_15_7) AppleWebKit/537.36 (KHTML, like Gecko) Chrome/112.0.0.0 Safari/537.36"
127.0.0.1 - - [18/Apr/2023:23:39:59 +0000] "GET / HTTP/1.1" 200 4263 "-" "curl/7.68.0"
172.20.0.1 - - [18/Apr/2023:23:40:09 +0000] "PUT /api/v1/layouts/643f2849fbcecc56f0478b4e/pages/643f284afbcecc56f0478b58?applicationId=643f2841fbcecc56f0478b4b HTTP/1.1" 200 7771 "http://localhost:8080/app/healthheroappsmith-2/doctor-page-2-643f284afbcecc56f0478b58/edit/widgets/hx5zv8dcpy?branch=master" "Mozilla/5.0 (Macintosh; Intel Mac OS X 10_15_7) AppleWebKit/537.36 (KHTML, like Gecko) Chrome/112.0.0.0 Safari/537.36"
