172.18.0.1 - - [18/Apr/2023:16:02:52 +0000] "PUT /api/v1/layouts/643ebc2d180a343b72610036/pages/643ebc2d180a343b7261003c?applicationId=643ebc26180a343b72610033 HTTP/1.1" 200 7267 "http://localhost:8080/app/healthheroappsmith/doctor-page-2-643ebc2d180a343b7261003c/edit/widgets/etjg01ztmk?branch=master" "Mozilla/5.0 (Macintosh; Intel Mac OS X 10_15_7) AppleWebKit/537.36 (KHTML, like Gecko) Chrome/112.0.0.0 Safari/537.36"
127.0.0.1 - - [18/Apr/2023:16:02:54 +0000] "GET / HTTP/1.1" 200 4263 "-" "curl/7.68.0"
172.18.0.1 - - [18/Apr/2023:16:02:55 +0000] "PUT /api/v1/layouts/643ebc2d180a343b72610036/pages/643ebc2d180a343b7261003c?applicationId=643ebc26180a343b72610033 HTTP/1.1" 200 7484 "http://localhost:8080/app/healthheroappsmith/doctor-page-2-643ebc2d180a343b7261003c/edit?branch=master" "Mozilla/5.0 (Macintosh; Intel Mac OS X 10_15_7) AppleWebKit/537.36 (KHTML, like Gecko) Chrome/112.0.0.0 Safari/537.36"
172.18.0.1 - - [18/Apr/2023:16:02:59 +0000] "POST /api/v1/actions/execute HTTP/1.1" 200 7586 "http://localhost:8080/app/healthheroappsmith/doctor-page-2-643ebc2d180a343b7261003c/edit/widgets/66a2hxpzrk?branch=master" "Mozilla/5.0 (Macintosh; Intel Mac OS X 10_15_7) AppleWebKit/537.36 (KHTML, like Gecko) Chrome/112.0.0.0 Safari/537.36"
172.18.0.1 - - [18/Apr/2023:16:03:02 +0000] "GET /api/v1/pages/643ebc2d180a343b72610040 HTTP/1.1" 200 1905 "http://localhost:8080/app/healthheroappsmith/pharmacist-page-1-643ebc2d180a343b72610040/edit?branch=master" "Mozilla/5.0 (Macintosh; Intel Mac OS X 10_15_7) AppleWebKit/537.36 (KHTML, like Gecko) Chrome/112.0.0.0 Safari/537.36"
172.18.0.1 - - [18/Apr/2023:16:03:05 +0000] "PUT /api/v1/layouts/643ebc2d180a343b7261003a/pages/643ebc2d180a343b72610040?applicationId=643ebc26180a343b72610033 HTTP/1.1" 200 1755 "http://localhost:8080/app/healthheroappsmith/pharmacist-page-1-643ebc2d180a343b72610040/edit/widgets/6qd7gr2r3f?branch=master" "Mozilla/5.0 (Macintosh; Intel Mac OS X 10_15_7) AppleWebKit/537.36 (KHTML, like Gecko) Chrome/112.0.0.0 Safari/537.36"
127.0.0.1 - - [18/Apr/2023:16:03:10 +0000] "GET / HTTP/1.1" 200 4263 "-" "curl/7.68.0"
172.18.0.1 - - [18/Apr/2023:16:03:11 +0000] "PUT /api/v1/layouts/643ebc2d180a343b7261003a/pages/643ebc2d180a343b72610040?applicationId=643ebc26180a343b72610033 HTTP/1.1" 200 2447 "http://localhost:8080/app/healthheroappsmith/pharmacist-page-1-643ebc2d180a343b72610040/edit/widgets/wzuw0ajrmb?branch=master" "Mozilla/5.0 (Macintosh; Intel Mac OS X 10_15_7) AppleWebKit/537.36 (KHTML, like Gecko) Chrome/112.0.0.0 Safari/537.36"
172.18.0.1 - - [18/Apr/2023:16:03:14 +0000] "PUT /api/v1/layouts/643ebc2d180a343b7261003a/pages/643ebc2d180a343b72610040?applicationId=643ebc26180a343b72610033 HTTP/1.1" 200 2465 "http://localhost:8080/app/healthheroappsmith/pharmacist-page-1-643ebc2d180a343b72610040/edit/widgets/wzuw0ajrmb?branch=master" "Mozilla/5.0 (Macintosh; Intel Mac OS X 10_15_7) AppleWebKit/537.36 (KHTML, like Gecko) Chrome/112.0.0.0 Safari/537.36"
172.18.0.1 - - [18/Apr/2023:16:03:15 +0000] "PUT /api/v1/layouts/643ebc2d180a343b7261003a/pages/643ebc2d180a343b72610040?applicationId=643ebc26180a343b72610033 HTTP/1.1" 200 2437 "http://localhost:8080/app/healthheroappsmith/pharmacist-page-1-643ebc2d180a343b72610040/edit/widgets/wzuw0ajrmb?branch=master" "Mozilla/5.0 (Macintosh; Intel Mac OS X 10_15_7) AppleWebKit/537.36 (KHTML, like Gecko) Chrome/112.0.0.0 Safari/537.36"
172.18.0.1 - - [18/Apr/2023:16:03:17 +0000] "PUT /api/v1/layouts/643ebc2d180a343b7261003a/pages/643ebc2d180a343b72610040?applicationId=643ebc26180a343b72610033 HTTP/1.1" 200 2441 "http://localhost:8080/app/healthheroappsmith/pharmacist-page-1-643ebc2d180a343b72610040/edit/widgets/wzuw0ajrmb?branch=master" "Mozilla/5.0 (Macintosh; Intel Mac OS X 10_15_7) AppleWebKit/537.36 (KHTML, like Gecko) Chrome/112.0.0.0 Safari/537.36"
172.18.0.1 - - [18/Apr/2023:16:03:18 +0000] "PUT /api/v1/layouts/643ebc2d180a343b7261003a/pages/643ebc2d180a343b72610040?applicationId=643ebc26180a343b72610033 HTTP/1.1" 200 2361 "http://localhost:8080/app/healthheroappsmith/pharmacist-page-1-643ebc2d180a343b72610040/edit?branch=master" "Mozilla/5.0 (Macintosh; Intel Mac OS X 10_15_7) AppleWebKit/537.36 (KHTML, like Gecko) Chrome/112.0.0.0 Safari/537.36"
172.18.0.1 - - [18/Apr/2023:16:03:20 +0000] "PUT /api/v1/layouts/643ebc2d180a343b7261003a/pages/643ebc2d180a343b72610040?applicationId=643ebc26180a343b72610033 HTTP/1.1" 200 2360 "http://localhost:8080/app/healthheroappsmith/pharmacist-page-1-643ebc2d180a343b72610040/edit/widgets/wzuw0ajrmb?branch=master" "Mozilla/5.0 (Macintosh; Intel Mac OS X 10_15_7) AppleWebKit/537.36 (KHTML, like Gecko) Chrome/112.0.0.0 Safari/537.36"
127.0.0.1 - - [18/Apr/2023:16:03:25 +0000] "GET / HTTP/1.1" 200 4263 "-" "curl/7.68.0"
172.18.0.1 - - [18/Apr/2023:16:03:36 +0000] "PUT /api/v1/layouts/refactor HTTP/1.1" 200 2371 "http://localhost:8080/app/healthheroappsmith/pharmacist-page-1-643ebc2d180a343b72610040/edit/widgets/wzuw0ajrmb?branch=master" "Mozilla/5.0 (Macintosh; Intel Mac OS X 10_15_7) AppleWebKit/537.36 (KHTML, like Gecko) Chrome/112.0.0.0 Safari/537.36"
172.18.0.1 - - [18/Apr/2023:16:03:36 +0000] "GET /api/v1/collections/actions?pageId=643ebc2d180a343b72610040 HTTP/1.1" 200 101 "http://localhost:8080/app/healthheroappsmith/pharmacist-page-1-643ebc2d180a343b72610040/edit/widgets/wzuw0ajrmb?branch=master" "Mozilla/5.0 (Macintosh; Intel Mac OS X 10_15_7) AppleWebKit/537.36 (KHTML, like Gecko) Chrome/112.0.0.0 Safari/537.36"
172.18.0.1 - - [18/Apr/2023:16:03:36 +0000] "GET /api/v1/actions?pageId=643ebc2d180a343b72610040 HTTP/1.1" 200 101 "http://localhost:8080/app/healthheroappsmith/pharmacist-page-1-643ebc2d180a343b72610040/edit/widgets/wzuw0ajrmb?branch=master" "Mozilla/5.0 (Macintosh; Intel Mac OS X 10_15_7) AppleWebKit/537.36 (KHTML, like Gecko) Chrome/112.0.0.0 Safari/537.36"
172.18.0.1 - - [18/Apr/2023:16:03:40 +0000] "PUT /api/v1/layouts/643ebc2d180a343b7261003a/pages/643ebc2d180a343b72610040?applicationId=643ebc26180a343b72610033 HTTP/1.1" 200 2372 "http://localhost:8080/app/healthheroappsmith/pharmacist-page-1-643ebc2d180a343b72610040/edit/widgets/vmweybmm6h?branch=master" "Mozilla/5.0 (Macintosh; Intel Mac OS X 10_15_7) AppleWebKit/537.36 (KHTML, like Gecko) Chrome/112.0.0.0 Safari/537.36"
127.0.0.1 - - [18/Apr/2023:16:03:40 +0000] "GET / HTTP/1.1" 200 4263 "-" "curl/7.68.0"
172.18.0.1 - - [18/Apr/2023:16:03:51 +0000] "PUT /api/v1/layouts/643ebc2d180a343b7261003a/pages/643ebc2d180a343b72610040?applicationId=643ebc26180a343b72610033 HTTP/1.1" 200 2375 "http://localhost:8080/app/healthheroappsmith/pharmacist-page-1-643ebc2d180a343b72610040/edit/widgets/vmweybmm6h?branch=master" "Mozilla/5.0 (Macintosh; Intel Mac OS X 10_15_7) AppleWebKit/537.36 (KHTML, like Gecko) Chrome/112.0.0.0 Safari/537.36"
127.0.0.1 - - [18/Apr/2023:16:03:56 +0000] "GET / HTTP/1.1" 200 4263 "-" "curl/7.68.0"
172.18.0.1 - - [18/Apr/2023:16:03:59 +0000] "PUT /api/v1/layouts/643ebc2d180a343b7261003a/pages/643ebc2d180a343b72610040?applicationId=643ebc26180a343b72610033 HTTP/1.1" 200 2382 "http://localhost:8080/app/healthheroappsmith/pharmacist-page-1-643ebc2d180a343b72610040/edit/widgets/vmweybmm6h?branch=master" "Mozilla/5.0 (Macintosh; Intel Mac OS X 10_15_7) AppleWebKit/537.36 (KHTML, like Gecko) Chrome/112.0.0.0 Safari/537.36"
172.18.0.1 - - [18/Apr/2023:16:04:01 +0000] "PUT /api/v1/layouts/643ebc2d180a343b7261003a/pages/643ebc2d180a343b72610040?applicationId=643ebc26180a343b72610033 HTTP/1.1" 200 2395 "http://localhost:8080/app/healthheroappsmith/pharmacist-page-1-643ebc2d180a343b72610040/edit/widgets/vmweybmm6h?branch=master" "Mozilla/5.0 (Macintosh; Intel Mac OS X 10_15_7) AppleWebKit/537.36 (KHTML, like Gecko) Chrome/112.0.0.0 Safari/537.36"
172.18.0.1 - - [18/Apr/2023:16:04:04 +0000] "PUT /api/v1/layouts/643ebc2d180a343b7261003a/pages/643ebc2d180a343b72610040?applicationId=643ebc26180a343b72610033 HTTP/1.1" 200 2404 "http://localhost:8080/app/healthheroappsmith/pharmacist-page-1-643ebc2d180a343b72610040/edit/widgets/vmweybmm6h?branch=master" "Mozilla/5.0 (Macintosh; Intel Mac OS X 10_15_7) AppleWebKit/537.36 (KHTML, like Gecko) Chrome/112.0.0.0 Safari/537.36"
172.18.0.1 - - [18/Apr/2023:16:04:04 +0000] "PUT /api/v1/layouts/643ebc2d180a343b7261003a/pages/643ebc2d180a343b72610040?applicationId=643ebc26180a343b72610033 HTTP/1.1" 200 2404 "http://localhost:8080/app/healthheroappsmith/pharmacist-page-1-643ebc2d180a343b72610040/edit/widgets/vmweybmm6h?branch=master" "Mozilla/5.0 (Macintosh; Intel Mac OS X 10_15_7) AppleWebKit/537.36 (KHTML, like Gecko) Chrome/112.0.0.0 Safari/537.36"
172.18.0.1 - - [18/Apr/2023:16:04:08 +0000] "PUT /api/v1/layouts/643ebc2d180a343b7261003a/pages/643ebc2d180a343b72610040?applicationId=643ebc26180a343b72610033 HTTP/1.1" 200 2412 "http://localhost:8080/app/healthheroappsmith/pharmacist-page-1-643ebc2d180a343b72610040/edit/widgets/vmweybmm6h?branch=master" "Mozilla/5.0 (Macintosh; Intel Mac OS X 10_15_7) AppleWebKit/537.36 (KHTML, like Gecko) Chrome/112.0.0.0 Safari/537.36"
172.18.0.1 - - [18/Apr/2023:16:04:10 +0000] "PUT /api/v1/layouts/643ebc2d180a343b7261003a/pages/643ebc2d180a343b72610040?applicationId=643ebc26180a343b72610033 HTTP/1.1" 200 2421 "http://localhost:8080/app/healthheroappsmith/pharmacist-page-1-643ebc2d180a343b72610040/edit/widgets/vmweybmm6h?branch=master" "Mozilla/5.0 (Macintosh; Intel Mac OS X 10_15_7) AppleWebKit/537.36 (KHTML, like Gecko) Chrome/112.0.0.0 Safari/537.36"
127.0.0.1 - - [18/Apr/2023:16:04:11 +0000] "GET / HTTP/1.1" 200 4263 "-" "curl/7.68.0"
172.18.0.1 - - [18/Apr/2023:16:04:13 +0000] "PUT /api/v1/layouts/643ebc2d180a343b7261003a/pages/643ebc2d180a343b72610040?applicationId=643ebc26180a343b72610033 HTTP/1.1" 200 2417 "http://localhost:8080/app/healthheroappsmith/pharmacist-page-1-643ebc2d180a343b72610040/edit?branch=master" "Mozilla/5.0 (Macintosh; Intel Mac OS X 10_15_7) AppleWebKit/537.36 (KHTML, like Gecko) Chrome/112.0.0.0 Safari/537.36"
172.18.0.1 - - [18/Apr/2023:16:04:19 +0000] "PUT /api/v1/layouts/643ebc2d180a343b7261003a/pages/643ebc2d180a343b72610040?applicationId=643ebc26180a343b72610033 HTTP/1.1" 200 2727 "http://localhost:8080/app/healthheroappsmith/pharmacist-page-1-643ebc2d180a343b72610040/edit/widgets/ll04x6fwvr?branch=master" "Mozilla/5.0 (Macintosh; Intel Mac OS X 10_15_7) AppleWebKit/537.36 (KHTML, like Gecko) Chrome/112.0.0.0 Safari/537.36"
127.0.0.1 - - [18/Apr/2023:16:04:26 +0000] "GET / HTTP/1.1" 200 4263 "-" "curl/7.68.0"
172.18.0.1 - - [18/Apr/2023:16:04:34 +0000] "PUT /api/v1/layouts/refactor HTTP/1.1" 200 2738 "http://localhost:8080/app/healthheroappsmith/pharmacist-page-1-643ebc2d180a343b72610040/edit/widgets/ll04x6fwvr?branch=master" "Mozilla/5.0 (Macintosh; Intel Mac OS X 10_15_7) AppleWebKit/537.36 (KHTML, like Gecko) Chrome/112.0.0.0 Safari/537.36"
172.18.0.1 - - [18/Apr/2023:16:04:34 +0000] "GET /api/v1/collections/actions?pageId=643ebc2d180a343b72610040 HTTP/1.1" 200 101 "http://localhost:8080/app/healthheroappsmith/pharmacist-page-1-643ebc2d180a343b72610040/edit/widgets/ll04x6fwvr?branch=master" "Mozilla/5.0 (Macintosh; Intel Mac OS X 10_15_7) AppleWebKit/537.36 (KHTML, like Gecko) Chrome/112.0.0.0 Safari/537.36"
172.18.0.1 - - [18/Apr/2023:16:04:34 +0000] "GET /api/v1/actions?pageId=643ebc2d180a343b72610040 HTTP/1.1" 200 101 "http://localhost:8080/app/healthheroappsmith/pharmacist-page-1-643ebc2d180a343b72610040/edit/widgets/ll04x6fwvr?branch=master" "Mozilla/5.0 (Macintosh; Intel Mac OS X 10_15_7) AppleWebKit/537.36 (KHTML, like Gecko) Chrome/112.0.0.0 Safari/537.36"
172.18.0.1 - - [18/Apr/2023:16:04:38 +0000] "PUT /api/v1/layouts/643ebc2d180a343b7261003a/pages/643ebc2d180a343b72610040?applicationId=643ebc26180a343b72610033 HTTP/1.1" 200 2747 "http://localhost:8080/app/healthheroappsmith/pharmacist-page-1-643ebc2d180a343b72610040/edit?branch=master" "Mozilla/5.0 (Macintosh; Intel Mac OS X 10_15_7) AppleWebKit/537.36 (KHTML, like Gecko) Chrome/112.0.0.0 Safari/537.36"
172.18.0.1 - - [18/Apr/2023:16:04:40 +0000] "PUT /api/v1/layouts/643ebc2d180a343b7261003a/pages/643ebc2d180a343b72610040?applicationId=643ebc26180a343b72610033 HTTP/1.1" 200 2739 "http://localhost:8080/app/healthheroappsmith/pharmacist-page-1-643ebc2d180a343b72610040/edit/widgets/wzuw0ajrmb?branch=master" "Mozilla/5.0 (Macintosh; Intel Mac OS X 10_15_7) AppleWebKit/537.36 (KHTML, like Gecko) Chrome/112.0.0.0 Safari/537.36"
127.0.0.1 - - [18/Apr/2023:16:04:41 +0000] "GET / HTTP/1.1" 200 4263 "-" "curl/7.68.0"
172.18.0.1 - - [18/Apr/2023:16:04:45 +0000] "PUT /api/v1/layouts/643ebc2d180a343b7261003a/pages/643ebc2d180a343b72610040?applicationId=643ebc26180a343b72610033 HTTP/1.1" 200 4005 "http://localhost:8080/app/healthheroappsmith/pharmacist-page-1-643ebc2d180a343b72610040/edit/widgets/vvfhewi6jr?branch=master" "Mozilla/5.0 (Macintosh; Intel Mac OS X 10_15_7) AppleWebKit/537.36 (KHTML, like Gecko) Chrome/112.0.0.0 Safari/537.36"
172.18.0.1 - - [18/Apr/2023:16:04:48 +0000] "PUT /api/v1/layouts/643ebc2d180a343b7261003a/pages/643ebc2d180a343b72610040?applicationId=643ebc26180a343b72610033 HTTP/1.1" 200 4016 "http://localhost:8080/app/healthheroappsmith/pharmacist-page-1-643ebc2d180a343b72610040/edit/widgets/wzuw0ajrmb?branch=master" "Mozilla/5.0 (Macintosh; Intel Mac OS X 10_15_7) AppleWebKit/537.36 (KHTML, like Gecko) Chrome/112.0.0.0 Safari/537.36"
172.18.0.1 - - [18/Apr/2023:16:04:50 +0000] "PUT /api/v1/layouts/643ebc2d180a343b7261003a/pages/643ebc2d180a343b72610040?applicationId=643ebc26180a343b72610033 HTTP/1.1" 200 4014 "http://localhost:8080/app/healthheroappsmith/pharmacist-page-1-643ebc2d180a343b72610040/edit/widgets/wzuw0ajrmb?branch=master" "Mozilla/5.0 (Macintosh; Intel Mac OS X 10_15_7) AppleWebKit/537.36 (KHTML, like Gecko) Chrome/112.0.0.0 Safari/537.36"
172.18.0.1 - - [18/Apr/2023:16:04:52 +0000] "PUT /api/v1/layouts/643ebc2d180a343b7261003a/pages/643ebc2d180a343b72610040?applicationId=643ebc26180a343b72610033 HTTP/1.1" 200 4014 "http://localhost:8080/app/healthheroappsmith/pharmacist-page-1-643ebc2d180a343b72610040/edit/widgets/wzuw0ajrmb?branch=master" "Mozilla/5.0 (Macintosh; Intel Mac OS X 10_15_7) AppleWebKit/537.36 (KHTML, like Gecko) Chrome/112.0.0.0 Safari/537.36"
172.18.0.1 - - [18/Apr/2023:16:04:54 +0000] "PUT /api/v1/layouts/643ebc2d180a343b7261003a/pages/643ebc2d180a343b72610040?applicationId=643ebc26180a343b72610033 HTTP/1.1" 200 4015 "http://localhost:8080/app/healthheroappsmith/pharmacist-page-1-643ebc2d180a343b72610040/edit/widgets/wzuw0ajrmb?branch=master" "Mozilla/5.0 (Macintosh; Intel Mac OS X 10_15_7) AppleWebKit/537.36 (KHTML, like Gecko) Chrome/112.0.0.0 Safari/537.36"
127.0.0.1 - - [18/Apr/2023:16:04:57 +0000] "GET / HTTP/1.1" 200 4263 "-" "curl/7.68.0"
172.18.0.1 - - [18/Apr/2023:16:05:00 +0000] "PUT /api/v1/layouts/643ebc2d180a343b7261003a/pages/643ebc2d180a343b72610040?applicationId=643ebc26180a343b72610033 HTTP/1.1" 200 4013 "http://localhost:8080/app/healthheroappsmith/pharmacist-page-1-643ebc2d180a343b72610040/edit/widgets/ll04x6fwvr?branch=master" "Mozilla/5.0 (Macintosh; Intel Mac OS X 10_15_7) AppleWebKit/537.36 (KHTML, like Gecko) Chrome/112.0.0.0 Safari/537.36"
172.18.0.1 - - [18/Apr/2023:16:05:03 +0000] "PUT /api/v1/layouts/643ebc2d180a343b7261003a/pages/643ebc2d180a343b72610040?applicationId=643ebc26180a343b72610033 HTTP/1.1" 200 4013 "http://localhost:8080/app/healthheroappsmith/pharmacist-page-1-643ebc2d180a343b72610040/edit/widgets/vvfhewi6jr?branch=master" "Mozilla/5.0 (Macintosh; Intel Mac OS X 10_15_7) AppleWebKit/537.36 (KHTML, like Gecko) Chrome/112.0.0.0 Safari/537.36"
172.18.0.1 - - [18/Apr/2023:16:05:06 +0000] "PUT /api/v1/layouts/643ebc2d180a343b7261003a/pages/643ebc2d180a343b72610040?applicationId=643ebc26180a343b72610033 HTTP/1.1" 200 4014 "http://localhost:8080/app/healthheroappsmith/pharmacist-page-1-643ebc2d180a343b72610040/edit/widgets/wzuw0ajrmb?branch=master" "Mozilla/5.0 (Macintosh; Intel Mac OS X 10_15_7) AppleWebKit/537.36 (KHTML, like Gecko) Chrome/112.0.0.0 Safari/537.36"
172.18.0.1 - - [18/Apr/2023:16:05:08 +0000] "PUT /api/v1/layouts/643ebc2d180a343b7261003a/pages/643ebc2d180a343b72610040?applicationId=643ebc26180a343b72610033 HTTP/1.1" 200 4008 "http://localhost:8080/app/healthheroappsmith/pharmacist-page-1-643ebc2d180a343b72610040/edit/widgets/wzuw0ajrmb?branch=master" "Mozilla/5.0 (Macintosh; Intel Mac OS X 10_15_7) AppleWebKit/537.36 (KHTML, like Gecko) Chrome/112.0.0.0 Safari/537.36"
172.18.0.1 - - [18/Apr/2023:16:05:10 +0000] "PUT /api/v1/layouts/643ebc2d180a343b7261003a/pages/643ebc2d180a343b72610040?applicationId=643ebc26180a343b72610033 HTTP/1.1" 200 4008 "http://localhost:8080/app/healthheroappsmith/pharmacist-page-1-643ebc2d180a343b72610040/edit/widgets/wzuw0ajrmb?branch=master" "Mozilla/5.0 (Macintosh; Intel Mac OS X 10_15_7) AppleWebKit/537.36 (KHTML, like Gecko) Chrome/112.0.0.0 Safari/537.36"
172.18.0.1 - - [18/Apr/2023:16:05:12 +0000] "PUT /api/v1/layouts/643ebc2d180a343b7261003a/pages/643ebc2d180a343b72610040?applicationId=643ebc26180a343b72610033 HTTP/1.1" 200 4015 "http://localhost:8080/app/healthheroappsmith/pharmacist-page-1-643ebc2d180a343b72610040/edit/widgets/wzuw0ajrmb?branch=master" "Mozilla/5.0 (Macintosh; Intel Mac OS X 10_15_7) AppleWebKit/537.36 (KHTML, like Gecko) Chrome/112.0.0.0 Safari/537.36"
127.0.0.1 - - [18/Apr/2023:16:05:12 +0000] "GET / HTTP/1.1" 200 4263 "-" "curl/7.68.0"
172.18.0.1 - - [18/Apr/2023:16:05:15 +0000] "PUT /api/v1/layouts/643ebc2d180a343b7261003a/pages/643ebc2d180a343b72610040?applicationId=643ebc26180a343b72610033 HTTP/1.1" 200 4013 "http://localhost:8080/app/healthheroappsmith/pharmacist-page-1-643ebc2d180a343b72610040/edit/widgets/vvfhewi6jr?branch=master" "Mozilla/5.0 (Macintosh; Intel Mac OS X 10_15_7) AppleWebKit/537.36 (KHTML, like Gecko) Chrome/112.0.0.0 Safari/537.36"
172.18.0.1 - - [18/Apr/2023:16:05:17 +0000] "PUT /api/v1/layouts/643ebc2d180a343b7261003a/pages/643ebc2d180a343b72610040?applicationId=643ebc26180a343b72610033 HTTP/1.1" 200 4012 "http://localhost:8080/app/healthheroappsmith/pharmacist-page-1-643ebc2d180a343b72610040/edit/widgets/wzuw0ajrmb?branch=master" "Mozilla/5.0 (Macintosh; Intel Mac OS X 10_15_7) AppleWebKit/537.36 (KHTML, like Gecko) Chrome/112.0.0.0 Safari/537.36"
172.18.0.1 - - [18/Apr/2023:16:05:19 +0000] "PUT /api/v1/layouts/643ebc2d180a343b7261003a/pages/643ebc2d180a343b72610040?applicationId=643ebc26180a343b72610033 HTTP/1.1" 200 4012 "http://localhost:8080/app/healthheroappsmith/pharmacist-page-1-643ebc2d180a343b72610040/edit/widgets/wzuw0ajrmb?branch=master" "Mozilla/5.0 (Macintosh; Intel Mac OS X 10_15_7) AppleWebKit/537.36 (KHTML, like Gecko) Chrome/112.0.0.0 Safari/537.36"
172.18.0.1 - - [18/Apr/2023:16:05:24 +0000] "PUT /api/v1/layouts/643ebc2d180a343b7261003a/pages/643ebc2d180a343b72610040?applicationId=643ebc26180a343b72610033 HTTP/1.1" 200 4014 "http://localhost:8080/app/healthheroappsmith/pharmacist-page-1-643ebc2d180a343b72610040/edit/widgets/wzuw0ajrmb?branch=master" "Mozilla/5.0 (Macintosh; Intel Mac OS X 10_15_7) AppleWebKit/537.36 (KHTML, like Gecko) Chrome/112.0.0.0 Safari/537.36"
127.0.0.1 - - [18/Apr/2023:16:05:27 +0000] "GET / HTTP/1.1" 200 4263 "-" "curl/7.68.0"
172.18.0.1 - - [18/Apr/2023:16:05:30 +0000] "PUT /api/v1/layouts/643ebc2d180a343b7261003a/pages/643ebc2d180a343b72610040?applicationId=643ebc26180a343b72610033 HTTP/1.1" 200 4016 "http://localhost:8080/app/healthheroappsmith/pharmacist-page-1-643ebc2d180a343b72610040/edit/widgets/ll04x6fwvr?branch=master" "Mozilla/5.0 (Macintosh; Intel Mac OS X 10_15_7) AppleWebKit/537.36 (KHTML, like Gecko) Chrome/112.0.0.0 Safari/537.36"
172.18.0.1 - - [18/Apr/2023:16:05:31 +0000] "POST /api/v1/usage-pulse HTTP/1.1" 201 76 "http://localhost:8080/app/healthheroappsmith/pharmacist-page-1-643ebc2d180a343b72610040/edit/widgets/ll04x6fwvr?branch=master" "Mozilla/5.0 (Macintosh; Intel Mac OS X 10_15_7) AppleWebKit/537.36 (KHTML, like Gecko) Chrome/112.0.0.0 Safari/537.36"
172.18.0.1 - - [18/Apr/2023:16:05:34 +0000] "PUT /api/v1/layouts/643ebc2d180a343b7261003a/pages/643ebc2d180a343b72610040?applicationId=643ebc26180a343b72610033 HTTP/1.1" 200 4018 "http://localhost:8080/app/healthheroappsmith/pharmacist-page-1-643ebc2d180a343b72610040/edit/widgets/x7cdg45dbz?branch=master" "Mozilla/5.0 (Macintosh; Intel Mac OS X 10_15_7) AppleWebKit/537.36 (KHTML, like Gecko) Chrome/112.0.0.0 Safari/537.36"
172.18.0.1 - - [18/Apr/2023:16:05:36 +0000] "PUT /api/v1/layouts/643ebc2d180a343b7261003a/pages/643ebc2d180a343b72610040?applicationId=643ebc26180a343b72610033 HTTP/1.1" 200 4015 "http://localhost:8080/app/healthheroappsmith/pharmacist-page-1-643ebc2d180a343b72610040/edit/widgets/wzuw0ajrmb?branch=master" "Mozilla/5.0 (Macintosh; Intel Mac OS X 10_15_7) AppleWebKit/537.36 (KHTML, like Gecko) Chrome/112.0.0.0 Safari/537.36"
172.18.0.1 - - [18/Apr/2023:16:05:37 +0000] "PUT /api/v1/layouts/643ebc2d180a343b7261003a/pages/643ebc2d180a343b72610040?applicationId=643ebc26180a343b72610033 HTTP/1.1" 200 4019 "http://localhost:8080/app/healthheroappsmith/pharmacist-page-1-643ebc2d180a343b72610040/edit/widgets/wzuw0ajrmb?branch=master" "Mozilla/5.0 (Macintosh; Intel Mac OS X 10_15_7) AppleWebKit/537.36 (KHTML, like Gecko) Chrome/112.0.0.0 Safari/537.36"
172.18.0.1 - - [18/Apr/2023:16:05:39 +0000] "PUT /api/v1/layouts/643ebc2d180a343b7261003a/pages/643ebc2d180a343b72610040?applicationId=643ebc26180a343b72610033 HTTP/1.1" 200 4015 "http://localhost:8080/app/healthheroappsmith/pharmacist-page-1-643ebc2d180a343b72610040/edit/widgets/wzuw0ajrmb?branch=master" "Mozilla/5.0 (Macintosh; Intel Mac OS X 10_15_7) AppleWebKit/537.36 (KHTML, like Gecko) Chrome/112.0.0.0 Safari/537.36"
172.18.0.1 - - [18/Apr/2023:16:05:41 +0000] "PUT /api/v1/layouts/643ebc2d180a343b7261003a/pages/643ebc2d180a343b72610040?applicationId=643ebc26180a343b72610033 HTTP/1.1" 200 4005 "http://localhost:8080/app/healthheroappsmith/pharmacist-page-1-643ebc2d180a343b72610040/edit/widgets/wzuw0ajrmb?branch=master" "Mozilla/5.0 (Macintosh; Intel Mac OS X 10_15_7) AppleWebKit/537.36 (KHTML, like Gecko) Chrome/112.0.0.0 Safari/537.36"
127.0.0.1 - - [18/Apr/2023:16:05:43 +0000] "GET / HTTP/1.1" 200 4263 "-" "curl/7.68.0"
172.18.0.1 - - [18/Apr/2023:16:05:43 +0000] "PUT /api/v1/layouts/643ebc2d180a343b7261003a/pages/643ebc2d180a343b72610040?applicationId=643ebc26180a343b72610033 HTTP/1.1" 200 4000 "http://localhost:8080/app/healthheroappsmith/pharmacist-page-1-643ebc2d180a343b72610040/edit/widgets/wzuw0ajrmb?branch=master" "Mozilla/5.0 (Macintosh; Intel Mac OS X 10_15_7) AppleWebKit/537.36 (KHTML, like Gecko) Chrome/112.0.0.0 Safari/537.36"
172.18.0.1 - - [18/Apr/2023:16:05:49 +0000] "PUT /api/v1/layouts/643ebc2d180a343b7261003a/pages/643ebc2d180a343b72610040?applicationId=643ebc26180a343b72610033 HTTP/1.1" 200 4001 "http://localhost:8080/app/healthheroappsmith/pharmacist-page-1-643ebc2d180a343b72610040/edit/widgets/vvfhewi6jr?branch=master" "Mozilla/5.0 (Macintosh; Intel Mac OS X 10_15_7) AppleWebKit/537.36 (KHTML, like Gecko) Chrome/112.0.0.0 Safari/537.36"
172.18.0.1 - - [18/Apr/2023:16:05:52 +0000] "PUT /api/v1/layouts/643ebc2d180a343b7261003a/pages/643ebc2d180a343b72610040?applicationId=643ebc26180a343b72610033 HTTP/1.1" 200 4000 "http://localhost:8080/app/healthheroappsmith/pharmacist-page-1-643ebc2d180a343b72610040/edit/widgets/vvfhewi6jr?branch=master" "Mozilla/5.0 (Macintosh; Intel Mac OS X 10_15_7) AppleWebKit/537.36 (KHTML, like Gecko) Chrome/112.0.0.0 Safari/537.36"
172.18.0.1 - - [18/Apr/2023:16:05:55 +0000] "PUT /api/v1/layouts/643ebc2d180a343b7261003a/pages/643ebc2d180a343b72610040?applicationId=643ebc26180a343b72610033 HTTP/1.1" 200 3999 "http://localhost:8080/app/healthheroappsmith/pharmacist-page-1-643ebc2d180a343b72610040/edit/widgets/wzuw0ajrmb?branch=master" "Mozilla/5.0 (Macintosh; Intel Mac OS X 10_15_7) AppleWebKit/537.36 (KHTML, like Gecko) Chrome/112.0.0.0 Safari/537.36"
127.0.0.1 - - [18/Apr/2023:16:05:58 +0000] "GET / HTTP/1.1" 200 4263 "-" "curl/7.68.0"
172.18.0.1 - - [18/Apr/2023:16:05:58 +0000] "PUT /api/v1/layouts/643ebc2d180a343b7261003a/pages/643ebc2d180a343b72610040?applicationId=643ebc26180a343b72610033 HTTP/1.1" 200 1755 "http://localhost:8080/app/healthheroappsmith/pharmacist-page-1-643ebc2d180a343b72610040/edit?branch=master" "Mozilla/5.0 (Macintosh; Intel Mac OS X 10_15_7) AppleWebKit/537.36 (KHTML, like Gecko) Chrome/112.0.0.0 Safari/537.36"
172.18.0.1 - - [18/Apr/2023:16:06:04 +0000] "PUT /api/v1/layouts/643ebc2d180a343b7261003a/pages/643ebc2d180a343b72610040?applicationId=643ebc26180a343b72610033 HTTP/1.1" 200 2444 "http://localhost:8080/app/healthheroappsmith/pharmacist-page-1-643ebc2d180a343b72610040/edit/widgets/gy3vjst5b9?branch=master" "Mozilla/5.0 (Macintosh; Intel Mac OS X 10_15_7) AppleWebKit/537.36 (KHTML, like Gecko) Chrome/112.0.0.0 Safari/537.36"
127.0.0.1 - - [18/Apr/2023:16:06:13 +0000] "GET / HTTP/1.1" 200 4263 "-" "curl/7.68.0"
127.0.0.1 - - [18/Apr/2023:16:06:28 +0000] "GET / HTTP/1.1" 200 4263 "-" "curl/7.68.0"
127.0.0.1 - - [18/Apr/2023:16:06:44 +0000] "GET / HTTP/1.1" 200 4263 "-" "curl/7.68.0"
127.0.0.1 - - [18/Apr/2023:16:06:59 +0000] "GET / HTTP/1.1" 200 4263 "-" "curl/7.68.0"
172.18.0.1 - - [18/Apr/2023:16:07:09 +0000] "PUT /api/v1/layouts/643ebc2d180a343b7261003a/pages/643ebc2d180a343b72610040?applicationId=643ebc26180a343b72610033 HTTP/1.1" 200 2431 "http://localhost:8080/app/healthheroappsmith/pharmacist-page-1-643ebc2d180a343b72610040/edit/widgets/gy3vjst5b9?branch=master" "Mozilla/5.0 (Macintosh; Intel Mac OS X 10_15_7) AppleWebKit/537.36 (KHTML, like Gecko) Chrome/112.0.0.0 Safari/537.36"
172.18.0.1 - - [18/Apr/2023:16:07:11 +0000] "PUT /api/v1/layouts/643ebc2d180a343b7261003a/pages/643ebc2d180a343b72610040?applicationId=643ebc26180a343b72610033 HTTP/1.1" 200 2432 "http://localhost:8080/app/healthheroappsmith/pharmacist-page-1-643ebc2d180a343b72610040/edit/widgets/gy3vjst5b9?branch=master" "Mozilla/5.0 (Macintosh; Intel Mac OS X 10_15_7) AppleWebKit/537.36 (KHTML, like Gecko) Chrome/112.0.0.0 Safari/537.36"
172.18.0.1 - - [18/Apr/2023:16:07:13 +0000] "PUT /api/v1/layouts/643ebc2d180a343b7261003a/pages/643ebc2d180a343b72610040?applicationId=643ebc26180a343b72610033 HTTP/1.1" 200 2429 "http://localhost:8080/app/healthheroappsmith/pharmacist-page-1-643ebc2d180a343b72610040/edit/widgets/gy3vjst5b9?branch=master" "Mozilla/5.0 (Macintosh; Intel Mac OS X 10_15_7) AppleWebKit/537.36 (KHTML, like Gecko) Chrome/112.0.0.0 Safari/537.36"
127.0.0.1 - - [18/Apr/2023:16:07:14 +0000] "GET / HTTP/1.1" 200 4263 "-" "curl/7.68.0"
172.18.0.1 - - [18/Apr/2023:16:07:14 +0000] "PUT /api/v1/layouts/643ebc2d180a343b7261003a/pages/643ebc2d180a343b72610040?applicationId=643ebc26180a343b72610033 HTTP/1.1" 200 2353 "http://localhost:8080/app/healthheroappsmith/pharmacist-page-1-643ebc2d180a343b72610040/edit?branch=master" "Mozilla/5.0 (Macintosh; Intel Mac OS X 10_15_7) AppleWebKit/537.36 (KHTML, like Gecko) Chrome/112.0.0.0 Safari/537.36"
172.18.0.1 - - [18/Apr/2023:16:07:24 +0000] "PUT /api/v1/layouts/refactor HTTP/1.1" 200 2365 "http://localhost:8080/app/healthheroappsmith/pharmacist-page-1-643ebc2d180a343b72610040/edit/widgets/gy3vjst5b9?branch=master" "Mozilla/5.0 (Macintosh; Intel Mac OS X 10_15_7) AppleWebKit/537.36 (KHTML, like Gecko) Chrome/112.0.0.0 Safari/537.36"
172.18.0.1 - - [18/Apr/2023:16:07:24 +0000] "GET /api/v1/collections/actions?pageId=643ebc2d180a343b72610040 HTTP/1.1" 200 101 "http://localhost:8080/app/healthheroappsmith/pharmacist-page-1-643ebc2d180a343b72610040/edit?branch=master" "Mozilla/5.0 (Macintosh; Intel Mac OS X 10_15_7) AppleWebKit/537.36 (KHTML, like Gecko) Chrome/112.0.0.0 Safari/537.36"
172.18.0.1 - - [18/Apr/2023:16:07:24 +0000] "GET /api/v1/actions?pageId=643ebc2d180a343b72610040 HTTP/1.1" 200 101 "http://localhost:8080/app/healthheroappsmith/pharmacist-page-1-643ebc2d180a343b72610040/edit?branch=master" "Mozilla/5.0 (Macintosh; Intel Mac OS X 10_15_7) AppleWebKit/537.36 (KHTML, like Gecko) Chrome/112.0.0.0 Safari/537.36"
127.0.0.1 - - [18/Apr/2023:16:07:29 +0000] "GET / HTTP/1.1" 200 4263 "-" "curl/7.68.0"
172.18.0.1 - - [18/Apr/2023:16:07:30 +0000] "PUT /api/v1/layouts/refactor HTTP/1.1" 200 2365 "http://localhost:8080/app/healthheroappsmith/pharmacist-page-1-643ebc2d180a343b72610040/edit/widgets/ckby7zn881?branch=master" "Mozilla/5.0 (Macintosh; Intel Mac OS X 10_15_7) AppleWebKit/537.36 (KHTML, like Gecko) Chrome/112.0.0.0 Safari/537.36"
172.18.0.1 - - [18/Apr/2023:16:07:30 +0000] "GET /api/v1/collections/actions?pageId=643ebc2d180a343b72610040 HTTP/1.1" 200 101 "http://localhost:8080/app/healthheroappsmith/pharmacist-page-1-643ebc2d180a343b72610040/edit/widgets/ckby7zn881?branch=master" "Mozilla/5.0 (Macintosh; Intel Mac OS X 10_15_7) AppleWebKit/537.36 (KHTML, like Gecko) Chrome/112.0.0.0 Safari/537.36"
172.18.0.1 - - [18/Apr/2023:16:07:30 +0000] "GET /api/v1/actions?pageId=643ebc2d180a343b72610040 HTTP/1.1" 200 101 "http://localhost:8080/app/healthheroappsmith/pharmacist-page-1-643ebc2d180a343b72610040/edit/widgets/ckby7zn881?branch=master" "Mozilla/5.0 (Macintosh; Intel Mac OS X 10_15_7) AppleWebKit/537.36 (KHTML, like Gecko) Chrome/112.0.0.0 Safari/537.36"
172.18.0.1 - - [18/Apr/2023:16:07:32 +0000] "PUT /api/v1/layouts/643ebc2d180a343b7261003a/pages/643ebc2d180a343b72610040?applicationId=643ebc26180a343b72610033 HTTP/1.1" 200 2366 "http://localhost:8080/app/healthheroappsmith/pharmacist-page-1-643ebc2d180a343b72610040/edit/widgets/ckby7zn881?branch=master" "Mozilla/5.0 (Macintosh; Intel Mac OS X 10_15_7) AppleWebKit/537.36 (KHTML, like Gecko) Chrome/112.0.0.0 Safari/537.36"
172.18.0.1 - - [18/Apr/2023:16:07:36 +0000] "PUT /api/v1/layouts/643ebc2d180a343b7261003a/pages/643ebc2d180a343b72610040?applicationId=643ebc26180a343b72610033 HTTP/1.1" 200 2383 "http://localhost:8080/app/healthheroappsmith/pharmacist-page-1-643ebc2d180a343b72610040/edit/widgets/ckby7zn881?branch=master" "Mozilla/5.0 (Macintosh; Intel Mac OS X 10_15_7) AppleWebKit/537.36 (KHTML, like Gecko) Chrome/112.0.0.0 Safari/537.36"
172.18.0.1 - - [18/Apr/2023:16:07:38 +0000] "PUT /api/v1/layouts/643ebc2d180a343b7261003a/pages/643ebc2d180a343b72610040?applicationId=643ebc26180a343b72610033 HTTP/1.1" 200 2388 "http://localhost:8080/app/healthheroappsmith/pharmacist-page-1-643ebc2d180a343b72610040/edit/widgets/ckby7zn881?branch=master" "Mozilla/5.0 (Macintosh; Intel Mac OS X 10_15_7) AppleWebKit/537.36 (KHTML, like Gecko) Chrome/112.0.0.0 Safari/537.36"
172.18.0.1 - - [18/Apr/2023:16:07:43 +0000] "PUT /api/v1/layouts/643ebc2d180a343b7261003a/pages/643ebc2d180a343b72610040?applicationId=643ebc26180a343b72610033 HTTP/1.1" 200 2410 "http://localhost:8080/app/healthheroappsmith/pharmacist-page-1-643ebc2d180a343b72610040/edit?branch=master" "Mozilla/5.0 (Macintosh; Intel Mac OS X 10_15_7) AppleWebKit/537.36 (KHTML, like Gecko) Chrome/112.0.0.0 Safari/537.36"
127.0.0.1 - - [18/Apr/2023:16:07:45 +0000] "GET / HTTP/1.1" 200 4263 "-" "curl/7.68.0"
172.18.0.1 - - [18/Apr/2023:16:07:46 +0000] "PUT /api/v1/layouts/643ebc2d180a343b7261003a/pages/643ebc2d180a343b72610040?applicationId=643ebc26180a343b72610033 HTTP/1.1" 200 2416 "http://localhost:8080/app/healthheroappsmith/pharmacist-page-1-643ebc2d180a343b72610040/edit/widgets/ckby7zn881?branch=master" "Mozilla/5.0 (Macintosh; Intel Mac OS X 10_15_7) AppleWebKit/537.36 (KHTML, like Gecko) Chrome/112.0.0.0 Safari/537.36"
172.18.0.1 - - [18/Apr/2023:16:07:49 +0000] "PUT /api/v1/layouts/643ebc2d180a343b7261003a/pages/643ebc2d180a343b72610040?applicationId=643ebc26180a343b72610033 HTTP/1.1" 200 2720 "http://localhost:8080/app/healthheroappsmith/pharmacist-page-1-643ebc2d180a343b72610040/edit/widgets/pv0xxxe1m5?branch=master" "Mozilla/5.0 (Macintosh; Intel Mac OS X 10_15_7) AppleWebKit/537.36 (KHTML, like Gecko) Chrome/112.0.0.0 Safari/537.36"
172.18.0.1 - - [18/Apr/2023:16:07:52 +0000] "PUT /api/v1/layouts/643ebc2d180a343b7261003a/pages/643ebc2d180a343b72610040?applicationId=643ebc26180a343b72610033 HTTP/1.1" 200 2723 "http://localhost:8080/app/healthheroappsmith/pharmacist-page-1-643ebc2d180a343b72610040/edit/widgets/2a5plysabn?branch=master" "Mozilla/5.0 (Macintosh; Intel Mac OS X 10_15_7) AppleWebKit/537.36 (KHTML, like Gecko) Chrome/112.0.0.0 Safari/537.36"
172.18.0.1 - - [18/Apr/2023:16:07:53 +0000] "PUT /api/v1/layouts/643ebc2d180a343b7261003a/pages/643ebc2d180a343b72610040?applicationId=643ebc26180a343b72610033 HTTP/1.1" 200 2725 "http://localhost:8080/app/healthheroappsmith/pharmacist-page-1-643ebc2d180a343b72610040/edit/widgets/gy3vjst5b9?branch=master" "Mozilla/5.0 (Macintosh; Intel Mac OS X 10_15_7) AppleWebKit/537.36 (KHTML, like Gecko) Chrome/112.0.0.0 Safari/537.36"
127.0.0.1 - - [18/Apr/2023:16:08:00 +0000] "GET / HTTP/1.1" 200 4263 "-" "curl/7.68.0"
172.18.0.1 - - [18/Apr/2023:16:08:04 +0000] "PUT /api/v1/layouts/643ebc2d180a343b7261003a/pages/643ebc2d180a343b72610040?applicationId=643ebc26180a343b72610033 HTTP/1.1" 200 4005 "http://localhost:8080/app/healthheroappsmith/pharmacist-page-1-643ebc2d180a343b72610040/edit/widgets/1zy75biue9?branch=master" "Mozilla/5.0 (Macintosh; Intel Mac OS X 10_15_7) AppleWebKit/537.36 (KHTML, like Gecko) Chrome/112.0.0.0 Safari/537.36"
172.18.0.1 - - [18/Apr/2023:16:08:06 +0000] "PUT /api/v1/layouts/643ebc2d180a343b7261003a/pages/643ebc2d180a343b72610040?applicationId=643ebc26180a343b72610033 HTTP/1.1" 200 4010 "http://localhost:8080/app/healthheroappsmith/pharmacist-page-1-643ebc2d180a343b72610040/edit/widgets/gy3vjst5b9?branch=master" "Mozilla/5.0 (Macintosh; Intel Mac OS X 10_15_7) AppleWebKit/537.36 (KHTML, like Gecko) Chrome/112.0.0.0 Safari/537.36"
172.18.0.1 - - [18/Apr/2023:16:08:09 +0000] "PUT /api/v1/layouts/643ebc2d180a343b7261003a/pages/643ebc2d180a343b72610040?applicationId=643ebc26180a343b72610033 HTTP/1.1" 200 4007 "http://localhost:8080/app/healthheroappsmith/pharmacist-page-1-643ebc2d180a343b72610040/edit/widgets/1zy75biue9?branch=master" "Mozilla/5.0 (Macintosh; Intel Mac OS X 10_15_7) AppleWebKit/537.36 (KHTML, like Gecko) Chrome/112.0.0.0 Safari/537.36"
172.18.0.1 - - [18/Apr/2023:16:08:11 +0000] "PUT /api/v1/layouts/643ebc2d180a343b7261003a/pages/643ebc2d180a343b72610040?applicationId=643ebc26180a343b72610033 HTTP/1.1" 200 4006 "http://localhost:8080/app/healthheroappsmith/pharmacist-page-1-643ebc2d180a343b72610040/edit/widgets/1zy75biue9?branch=master" "Mozilla/5.0 (Macintosh; Intel Mac OS X 10_15_7) AppleWebKit/537.36 (KHTML, like Gecko) Chrome/112.0.0.0 Safari/537.36"
172.18.0.1 - - [18/Apr/2023:16:08:14 +0000] "PUT /api/v1/layouts/643ebc2d180a343b7261003a/pages/643ebc2d180a343b72610040?applicationId=643ebc26180a343b72610033 HTTP/1.1" 200 4007 "http://localhost:8080/app/healthheroappsmith/pharmacist-page-1-643ebc2d180a343b72610040/edit/widgets/1zy75biue9?branch=master" "Mozilla/5.0 (Macintosh; Intel Mac OS X 10_15_7) AppleWebKit/537.36 (KHTML, like Gecko) Chrome/112.0.0.0 Safari/537.36"
127.0.0.1 - - [18/Apr/2023:16:08:15 +0000] "GET / HTTP/1.1" 200 4263 "-" "curl/7.68.0"
172.18.0.1 - - [18/Apr/2023:16:08:16 +0000] "PUT /api/v1/layouts/643ebc2d180a343b7261003a/pages/643ebc2d180a343b72610040?applicationId=643ebc26180a343b72610033 HTTP/1.1" 200 4008 "http://localhost:8080/app/healthheroappsmith/pharmacist-page-1-643ebc2d180a343b72610040/edit/widgets/1zy75biue9?branch=master" "Mozilla/5.0 (Macintosh; Intel Mac OS X 10_15_7) AppleWebKit/537.36 (KHTML, like Gecko) Chrome/112.0.0.0 Safari/537.36"
172.18.0.1 - - [18/Apr/2023:16:08:25 +0000] "PUT /api/v1/layouts/refactor HTTP/1.1" 200 4018 "http://localhost:8080/app/healthheroappsmith/pharmacist-page-1-643ebc2d180a343b72610040/edit/widgets/pv0xxxe1m5?branch=master" "Mozilla/5.0 (Macintosh; Intel Mac OS X 10_15_7) AppleWebKit/537.36 (KHTML, like Gecko) Chrome/112.0.0.0 Safari/537.36"
172.18.0.1 - - [18/Apr/2023:16:08:25 +0000] "GET /api/v1/collections/actions?pageId=643ebc2d180a343b72610040 HTTP/1.1" 200 101 "http://localhost:8080/app/healthheroappsmith/pharmacist-page-1-643ebc2d180a343b72610040/edit/widgets/pv0xxxe1m5?branch=master" "Mozilla/5.0 (Macintosh; Intel Mac OS X 10_15_7) AppleWebKit/537.36 (KHTML, like Gecko) Chrome/112.0.0.0 Safari/537.36"
172.18.0.1 - - [18/Apr/2023:16:08:25 +0000] "GET /api/v1/actions?pageId=643ebc2d180a343b72610040 HTTP/1.1" 200 101 "http://localhost:8080/app/healthheroappsmith/pharmacist-page-1-643ebc2d180a343b72610040/edit/widgets/pv0xxxe1m5?branch=master" "Mozilla/5.0 (Macintosh; Intel Mac OS X 10_15_7) AppleWebKit/537.36 (KHTML, like Gecko) Chrome/112.0.0.0 Safari/537.36"
172.18.0.1 - - [18/Apr/2023:16:08:30 +0000] "PUT /api/v1/layouts/643ebc2d180a343b7261003a/pages/643ebc2d180a343b72610040?applicationId=643ebc26180a343b72610033 HTTP/1.1" 200 4021 "http://localhost:8080/app/healthheroappsmith/pharmacist-page-1-643ebc2d180a343b72610040/edit?branch=master" "Mozilla/5.0 (Macintosh; Intel Mac OS X 10_15_7) AppleWebKit/537.36 (KHTML, like Gecko) Chrome/112.0.0.0 Safari/537.36"
127.0.0.1 - - [18/Apr/2023:16:08:31 +0000] "GET / HTTP/1.1" 200 4263 "-" "curl/7.68.0"
172.18.0.1 - - [18/Apr/2023:16:08:37 +0000] "POST /api/v1/actions HTTP/1.1" 201 1217 "http://localhost:8080/app/healthheroappsmith/pharmacist-page-1-643ebc2d180a343b72610040/edit?branch=master" "Mozilla/5.0 (Macintosh; Intel Mac OS X 10_15_7) AppleWebKit/537.36 (KHTML, like Gecko) Chrome/112.0.0.0 Safari/537.36"
172.18.0.1 - - [18/Apr/2023:16:08:46 +0000] "GET /api/v1/pages/643ebc2d180a343b72610040 HTTP/1.1" 200 4148 "http://localhost:8080/app/healthheroappsmith/pharmacist-page-1-643ebc2d180a343b72610040/edit/api/643ec085180a343b72610055?branch=master&editName=true&from=datasources" "Mozilla/5.0 (Macintosh; Intel Mac OS X 10_15_7) AppleWebKit/537.36 (KHTML, like Gecko) Chrome/112.0.0.0 Safari/537.36"
127.0.0.1 - - [18/Apr/2023:16:08:46 +0000] "GET / HTTP/1.1" 200 4263 "-" "curl/7.68.0"
172.18.0.1 - - [18/Apr/2023:16:08:46 +0000] "PUT /api/v1/actions/refactor HTTP/1.1" 200 4021 "http://localhost:8080/app/healthheroappsmith/pharmacist-page-1-643ebc2d180a343b72610040/edit/api/643ec085180a343b72610055?branch=master&editName=true&from=datasources" "Mozilla/5.0 (Macintosh; Intel Mac OS X 10_15_7) AppleWebKit/537.36 (KHTML, like Gecko) Chrome/112.0.0.0 Safari/537.36"
172.18.0.1 - - [18/Apr/2023:16:08:46 +0000] "GET /api/v1/collections/actions?pageId=643ebc2d180a343b72610040 HTTP/1.1" 200 101 "http://localhost:8080/app/healthheroappsmith/pharmacist-page-1-643ebc2d180a343b72610040/edit/api/643ec085180a343b72610055?branch=master&editName=false&from=datasources" "Mozilla/5.0 (Macintosh; Intel Mac OS X 10_15_7) AppleWebKit/537.36 (KHTML, like Gecko) Chrome/112.0.0.0 Safari/537.36"
172.18.0.1 - - [18/Apr/2023:16:08:46 +0000] "GET /api/v1/actions?pageId=643ebc2d180a343b72610040 HTTP/1.1" 200 602 "http://localhost:8080/app/healthheroappsmith/pharmacist-page-1-643ebc2d180a343b72610040/edit/api/643ec085180a343b72610055?branch=master&editName=false&from=datasources" "Mozilla/5.0 (Macintosh; Intel Mac OS X 10_15_7) AppleWebKit/537.36 (KHTML, like Gecko) Chrome/112.0.0.0 Safari/537.36"
172.18.0.1 - - [18/Apr/2023:16:08:49 +0000] "PUT /api/v1/actions/643ec085180a343b72610055 HTTP/1.1" 200 590 "http://localhost:8080/app/healthheroappsmith/pharmacist-page-1-643ebc2d180a343b72610040/edit/api/643ec085180a343b72610055?branch=master&editName=false&from=datasources" "Mozilla/5.0 (Macintosh; Intel Mac OS X 10_15_7) AppleWebKit/537.36 (KHTML, like Gecko) Chrome/112.0.0.0 Safari/537.36"
172.18.0.1 - - [18/Apr/2023:16:08:50 +0000] "PUT /api/v1/actions/643ec085180a343b72610055 HTTP/1.1" 200 598 "http://localhost:8080/app/healthheroappsmith/pharmacist-page-1-643ebc2d180a343b72610040/edit/api/643ec085180a343b72610055?branch=master&editName=false&from=datasources" "Mozilla/5.0 (Macintosh; Intel Mac OS X 10_15_7) AppleWebKit/537.36 (KHTML, like Gecko) Chrome/112.0.0.0 Safari/537.36"
172.18.0.1 - - [18/Apr/2023:16:08:52 +0000] "PUT /api/v1/actions/643ec085180a343b72610055 HTTP/1.1" 200 611 "http://localhost:8080/app/healthheroappsmith/pharmacist-page-1-643ebc2d180a343b72610040/edit/api/643ec085180a343b72610055?branch=master&editName=false&from=datasources" "Mozilla/5.0 (Macintosh; Intel Mac OS X 10_15_7) AppleWebKit/537.36 (KHTML, like Gecko) Chrome/112.0.0.0 Safari/537.36"
172.18.0.1 - - [18/Apr/2023:16:08:53 +0000] "PUT /api/v1/actions/643ec085180a343b72610055 HTTP/1.1" 200 634 "http://localhost:8080/app/healthheroappsmith/pharmacist-page-1-643ebc2d180a343b72610040/edit/api/643ec085180a343b72610055?branch=master&editName=false&from=datasources" "Mozilla/5.0 (Macintosh; Intel Mac OS X 10_15_7) AppleWebKit/537.36 (KHTML, like Gecko) Chrome/112.0.0.0 Safari/537.36"
172.18.0.1 - - [18/Apr/2023:16:08:55 +0000] "PUT /api/v1/actions/643ec085180a343b72610055 HTTP/1.1" 200 659 "http://localhost:8080/app/healthheroappsmith/pharmacist-page-1-643ebc2d180a343b72610040/edit/api/643ec085180a343b72610055?branch=master&editName=false&from=datasources" "Mozilla/5.0 (Macintosh; Intel Mac OS X 10_15_7) AppleWebKit/537.36 (KHTML, like Gecko) Chrome/112.0.0.0 Safari/537.36"
172.18.0.1 - - [18/Apr/2023:16:08:58 +0000] "PUT /api/v1/actions/643ec085180a343b72610055 HTTP/1.1" 200 667 "http://localhost:8080/app/healthheroappsmith/pharmacist-page-1-643ebc2d180a343b72610040/edit/api/643ec085180a343b72610055?branch=master&editName=false&from=datasources" "Mozilla/5.0 (Macintosh; Intel Mac OS X 10_15_7) AppleWebKit/537.36 (KHTML, like Gecko) Chrome/112.0.0.0 Safari/537.36"
127.0.0.1 - - [18/Apr/2023:16:09:01 +0000] "GET / HTTP/1.1" 200 4263 "-" "curl/7.68.0"
172.18.0.1 - - [18/Apr/2023:16:09:08 +0000] "PUT /api/v1/layouts/643ebc2d180a343b7261003a/pages/643ebc2d180a343b72610040?applicationId=643ebc26180a343b72610033 HTTP/1.1" 200 3923 "http://localhost:8080/app/healthheroappsmith/pharmacist-page-1-643ebc2d180a343b72610040/edit/widgets/1zy75biue9?branch=master" "Mozilla/5.0 (Macintosh; Intel Mac OS X 10_15_7) AppleWebKit/537.36 (KHTML, like Gecko) Chrome/112.0.0.0 Safari/537.36"
172.18.0.1 - - [18/Apr/2023:16:09:11 +0000] "PUT /api/v1/layouts/643ebc2d180a343b7261003a/pages/643ebc2d180a343b72610040?applicationId=643ebc26180a343b72610033 HTTP/1.1" 200 3926 "http://localhost:8080/app/healthheroappsmith/pharmacist-page-1-643ebc2d180a343b72610040/edit/widgets/1zy75biue9?branch=master" "Mozilla/5.0 (Macintosh; Intel Mac OS X 10_15_7) AppleWebKit/537.36 (KHTML, like Gecko) Chrome/112.0.0.0 Safari/537.36"
172.18.0.1 - - [18/Apr/2023:16:09:12 +0000] "PUT /api/v1/layouts/643ebc2d180a343b7261003a/pages/643ebc2d180a343b72610040?applicationId=643ebc26180a343b72610033 HTTP/1.1" 200 4082 "http://localhost:8080/app/healthheroappsmith/pharmacist-page-1-643ebc2d180a343b72610040/edit?branch=master" "Mozilla/5.0 (Macintosh; Intel Mac OS X 10_15_7) AppleWebKit/537.36 (KHTML, like Gecko) Chrome/112.0.0.0 Safari/537.36"
172.18.0.1 - - [18/Apr/2023:16:09:16 +0000] "PUT /api/v1/actions/643ec085180a343b72610055 HTTP/1.1" 200 666 "http://localhost:8080/app/healthheroappsmith/pharmacist-page-1-643ebc2d180a343b72610040/edit/api/643ec085180a343b72610055?branch=master" "Mozilla/5.0 (Macintosh; Intel Mac OS X 10_15_7) AppleWebKit/537.36 (KHTML, like Gecko) Chrome/112.0.0.0 Safari/537.36"
127.0.0.1 - - [18/Apr/2023:16:09:17 +0000] "GET / HTTP/1.1" 200 4263 "-" "curl/7.68.0"
172.18.0.1 - - [18/Apr/2023:16:09:18 +0000] "PUT /api/v1/actions/executeOnLoad/643ec085180a343b72610055?flag=false HTTP/1.1" 200 640 "http://localhost:8080/app/healthheroappsmith/pharmacist-page-1-643ebc2d180a343b72610040/edit/api/643ec085180a343b72610055?branch=master" "Mozilla/5.0 (Macintosh; Intel Mac OS X 10_15_7) AppleWebKit/537.36 (KHTML, like Gecko) Chrome/112.0.0.0 Safari/537.36"
127.0.0.1 - - [18/Apr/2023:16:09:32 +0000] "GET / HTTP/1.1" 200 4263 "-" "curl/7.68.0"
172.18.0.1 - - [18/Apr/2023:16:09:42 +0000] "PUT /api/v1/layouts/643ebc2d180a343b7261003a/pages/643ebc2d180a343b72610040?applicationId=643ebc26180a343b72610033 HTTP/1.1" 200 3940 "http://localhost:8080/app/healthheroappsmith/pharmacist-page-1-643ebc2d180a343b72610040/edit/widgets/2a5plysabn?branch=master" "Mozilla/5.0 (Macintosh; Intel Mac OS X 10_15_7) AppleWebKit/537.36 (KHTML, like Gecko) Chrome/112.0.0.0 Safari/537.36"
172.18.0.1 - - [18/Apr/2023:16:09:45 +0000] "PUT /api/v1/layouts/643ebc2d180a343b7261003a/pages/643ebc2d180a343b72610040?applicationId=643ebc26180a343b72610033 HTTP/1.1" 200 3953 "http://localhost:8080/app/healthheroappsmith/pharmacist-page-1-643ebc2d180a343b72610040/edit/widgets/2a5plysabn?branch=master" "Mozilla/5.0 (Macintosh; Intel Mac OS X 10_15_7) AppleWebKit/537.36 (KHTML, like Gecko) Chrome/112.0.0.0 Safari/537.36"
127.0.0.1 - - [18/Apr/2023:16:09:47 +0000] "GET / HTTP/1.1" 200 4263 "-" "curl/7.68.0"
172.18.0.1 - - [18/Apr/2023:16:09:49 +0000] "PUT /api/v1/layouts/643ebc2d180a343b7261003a/pages/643ebc2d180a343b72610040?applicationId=643ebc26180a343b72610033 HTTP/1.1" 200 3961 "http://localhost:8080/app/healthheroappsmith/pharmacist-page-1-643ebc2d180a343b72610040/edit/widgets/2a5plysabn?branch=master" "Mozilla/5.0 (Macintosh; Intel Mac OS X 10_15_7) AppleWebKit/537.36 (KHTML, like Gecko) Chrome/112.0.0.0 Safari/537.36"
172.18.0.1 - - [18/Apr/2023:16:09:54 +0000] "PUT /api/v1/layouts/643ebc2d180a343b7261003a/pages/643ebc2d180a343b72610040?applicationId=643ebc26180a343b72610033 HTTP/1.1" 200 3966 "http://localhost:8080/app/healthheroappsmith/pharmacist-page-1-643ebc2d180a343b72610040/edit/widgets/2a5plysabn?branch=master" "Mozilla/5.0 (Macintosh; Intel Mac OS X 10_15_7) AppleWebKit/537.36 (KHTML, like Gecko) Chrome/112.0.0.0 Safari/537.36"
172.18.0.1 - - [18/Apr/2023:16:09:58 +0000] "PUT /api/v1/layouts/643ebc2d180a343b7261003a/pages/643ebc2d180a343b72610040?applicationId=643ebc26180a343b72610033 HTTP/1.1" 200 3975 "http://localhost:8080/app/healthheroappsmith/pharmacist-page-1-643ebc2d180a343b72610040/edit/widgets/2a5plysabn?branch=master" "Mozilla/5.0 (Macintosh; Intel Mac OS X 10_15_7) AppleWebKit/537.36 (KHTML, like Gecko) Chrome/112.0.0.0 Safari/537.36"
172.18.0.1 - - [18/Apr/2023:16:10:00 +0000] "PUT /api/v1/layouts/643ebc2d180a343b7261003a/pages/643ebc2d180a343b72610040?applicationId=643ebc26180a343b72610033 HTTP/1.1" 200 3977 "http://localhost:8080/app/healthheroappsmith/pharmacist-page-1-643ebc2d180a343b72610040/edit/widgets/2a5plysabn?branch=master" "Mozilla/5.0 (Macintosh; Intel Mac OS X 10_15_7) AppleWebKit/537.36 (KHTML, like Gecko) Chrome/112.0.0.0 Safari/537.36"
172.18.0.1 - - [18/Apr/2023:16:10:02 +0000] "POST /api/v1/actions/execute HTTP/1.1" 200 732 "http://localhost:8080/app/healthheroappsmith/pharmacist-page-1-643ebc2d180a343b72610040/edit/widgets/2a5plysabn?branch=master" "Mozilla/5.0 (Macintosh; Intel Mac OS X 10_15_7) AppleWebKit/537.36 (KHTML, like Gecko) Chrome/112.0.0.0 Safari/537.36"
172.18.0.1 - - [18/Apr/2023:16:10:03 +0000] "PUT /api/v1/layouts/643ebc2d180a343b7261003a/pages/643ebc2d180a343b72610040?applicationId=643ebc26180a343b72610033 HTTP/1.1" 200 3894 "http://localhost:8080/app/healthheroappsmith/pharmacist-page-1-643ebc2d180a343b72610040/edit/widgets/2a5plysabn?branch=master" "Mozilla/5.0 (Macintosh; Intel Mac OS X 10_15_7) AppleWebKit/537.36 (KHTML, like Gecko) Chrome/112.0.0.0 Safari/537.36"
127.0.0.1 - - [18/Apr/2023:16:10:03 +0000] "GET / HTTP/1.1" 200 4263 "-" "curl/7.68.0"
172.18.0.1 - - [18/Apr/2023:16:10:06 +0000] "PUT /api/v1/layouts/643ebc2d180a343b7261003a/pages/643ebc2d180a343b72610040?applicationId=643ebc26180a343b72610033 HTTP/1.1" 200 3888 "http://localhost:8080/app/healthheroappsmith/pharmacist-page-1-643ebc2d180a343b72610040/edit/widgets/gy3vjst5b9?branch=master" "Mozilla/5.0 (Macintosh; Intel Mac OS X 10_15_7) AppleWebKit/537.36 (KHTML, like Gecko) Chrome/112.0.0.0 Safari/537.36"
172.18.0.1 - - [18/Apr/2023:16:10:09 +0000] "PUT /api/v1/layouts/643ebc2d180a343b7261003a/pages/643ebc2d180a343b72610040?applicationId=643ebc26180a343b72610033 HTTP/1.1" 200 3888 "http://localhost:8080/app/healthheroappsmith/pharmacist-page-1-643ebc2d180a343b72610040/edit?branch=master" "Mozilla/5.0 (Macintosh; Intel Mac OS X 10_15_7) AppleWebKit/537.36 (KHTML, like Gecko) Chrome/112.0.0.0 Safari/537.36"
172.18.0.1 - - [18/Apr/2023:16:10:13 +0000] "PUT /api/v1/layouts/643ebc2d180a343b7261003a/pages/643ebc2d180a343b72610040?applicationId=643ebc26180a343b72610033 HTTP/1.1" 200 3892 "http://localhost:8080/app/healthheroappsmith/pharmacist-page-1-643ebc2d180a343b72610040/edit/widgets/1zy75biue9?branch=master" "Mozilla/5.0 (Macintosh; Intel Mac OS X 10_15_7) AppleWebKit/537.36 (KHTML, like Gecko) Chrome/112.0.0.0 Safari/537.36"
172.18.0.1 - - [18/Apr/2023:16:10:16 +0000] "PUT /api/v1/layouts/643ebc2d180a343b7261003a/pages/643ebc2d180a343b72610040?applicationId=643ebc26180a343b72610033 HTTP/1.1" 200 3892 "http://localhost:8080/app/healthheroappsmith/pharmacist-page-1-643ebc2d180a343b72610040/edit/widgets/1zy75biue9?branch=master" "Mozilla/5.0 (Macintosh; Intel Mac OS X 10_15_7) AppleWebKit/537.36 (KHTML, like Gecko) Chrome/112.0.0.0 Safari/537.36"
127.0.0.1 - - [18/Apr/2023:16:10:18 +0000] "GET / HTTP/1.1" 200 4263 "-" "curl/7.68.0"
172.18.0.1 - - [18/Apr/2023:16:10:18 +0000] "PUT /api/v1/layouts/643ebc2d180a343b7261003a/pages/643ebc2d180a343b72610040?applicationId=643ebc26180a343b72610033 HTTP/1.1" 200 3896 "http://localhost:8080/app/healthheroappsmith/pharmacist-page-1-643ebc2d180a343b72610040/edit/widgets/1zy75biue9?branch=master" "Mozilla/5.0 (Macintosh; Intel Mac OS X 10_15_7) AppleWebKit/537.36 (KHTML, like Gecko) Chrome/112.0.0.0 Safari/537.36"
172.18.0.1 - - [18/Apr/2023:16:10:21 +0000] "PUT /api/v1/layouts/643ebc2d180a343b7261003a/pages/643ebc2d180a343b72610040?applicationId=643ebc26180a343b72610033 HTTP/1.1" 200 3897 "http://localhost:8080/app/healthheroappsmith/pharmacist-page-1-643ebc2d180a343b72610040/edit/widgets/gy3vjst5b9?branch=master" "Mozilla/5.0 (Macintosh; Intel Mac OS X 10_15_7) AppleWebKit/537.36 (KHTML, like Gecko) Chrome/112.0.0.0 Safari/537.36"
172.18.0.1 - - [18/Apr/2023:16:10:31 +0000] "POST /api/v1/usage-pulse HTTP/1.1" 201 76 "http://localhost:8080/app/healthheroappsmith/pharmacist-page-1-643ebc2d180a343b72610040/edit?branch=master" "Mozilla/5.0 (Macintosh; Intel Mac OS X 10_15_7) AppleWebKit/537.36 (KHTML, like Gecko) Chrome/112.0.0.0 Safari/537.36"
