172.18.0.1 - - [18/Apr/2023:16:32:08 +0000] "PUT /api/v1/layouts/643ebc2d180a343b72610039/pages/643ebc2d180a343b72610041?applicationId=643ebc26180a343b72610033 HTTP/1.1" 200 5747 "http://localhost:8080/app/healthheroappsmith/pharmacist-page-2-643ebc2d180a343b72610041/edit/widgets/m8zvo46j5w?branch=master" "Mozilla/5.0 (Macintosh; Intel Mac OS X 10_15_7) AppleWebKit/537.36 (KHTML, like Gecko) Chrome/112.0.0.0 Safari/537.36"
172.18.0.1 - - [18/Apr/2023:16:32:12 +0000] "PUT /api/v1/layouts/643ebc2d180a343b72610039/pages/643ebc2d180a343b72610041?applicationId=643ebc26180a343b72610033 HTTP/1.1" 200 5747 "http://localhost:8080/app/healthheroappsmith/pharmacist-page-2-643ebc2d180a343b72610041/edit?branch=master" "Mozilla/5.0 (Macintosh; Intel Mac OS X 10_15_7) AppleWebKit/537.36 (KHTML, like Gecko) Chrome/112.0.0.0 Safari/537.36"
172.18.0.1 - - [18/Apr/2023:16:32:15 +0000] "PUT /api/v1/layouts/643ebc2d180a343b72610039/pages/643ebc2d180a343b72610041?applicationId=643ebc26180a343b72610033 HTTP/1.1" 200 5759 "http://localhost:8080/app/healthheroappsmith/pharmacist-page-2-643ebc2d180a343b72610041/edit/widgets/m8zvo46j5w?branch=master" "Mozilla/5.0 (Macintosh; Intel Mac OS X 10_15_7) AppleWebKit/537.36 (KHTML, like Gecko) Chrome/112.0.0.0 Safari/537.36"
127.0.0.1 - - [18/Apr/2023:16:32:15 +0000] "GET / HTTP/1.1" 200 4263 "-" "curl/7.68.0"
172.18.0.1 - - [18/Apr/2023:16:32:17 +0000] "PUT /api/v1/layouts/643ebc2d180a343b72610039/pages/643ebc2d180a343b72610041?applicationId=643ebc26180a343b72610033 HTTP/1.1" 200 5758 "http://localhost:8080/app/healthheroappsmith/pharmacist-page-2-643ebc2d180a343b72610041/edit/widgets/0ni9lp07m0?branch=master" "Mozilla/5.0 (Macintosh; Intel Mac OS X 10_15_7) AppleWebKit/537.36 (KHTML, like Gecko) Chrome/112.0.0.0 Safari/537.36"
172.18.0.1 - - [18/Apr/2023:16:32:24 +0000] "PUT /api/v1/layouts/643ebc2d180a343b72610039/pages/643ebc2d180a343b72610041?applicationId=643ebc26180a343b72610033 HTTP/1.1" 200 5748 "http://localhost:8080/app/healthheroappsmith/pharmacist-page-2-643ebc2d180a343b72610041/edit/widgets/lsfmgj20kl?branch=master" "Mozilla/5.0 (Macintosh; Intel Mac OS X 10_15_7) AppleWebKit/537.36 (KHTML, like Gecko) Chrome/112.0.0.0 Safari/537.36"
172.18.0.1 - - [18/Apr/2023:16:32:26 +0000] "POST /api/v1/actions HTTP/1.1" 201 1217 "http://localhost:8080/app/healthheroappsmith/pharmacist-page-2-643ebc2d180a343b72610041/edit/widgets/lsfmgj20kl?branch=master" "Mozilla/5.0 (Macintosh; Intel Mac OS X 10_15_7) AppleWebKit/537.36 (KHTML, like Gecko) Chrome/112.0.0.0 Safari/537.36"
172.18.0.1 - - [18/Apr/2023:16:32:27 +0000] "PUT /api/v1/actions/643ec61a180a343b72610066 HTTP/1.1" 200 617 "http://localhost:8080/app/healthheroappsmith/pharmacist-page-2-643ebc2d180a343b72610041/edit/api/643ec61a180a343b72610066?branch=master&editName=true&from=datasources" "Mozilla/5.0 (Macintosh; Intel Mac OS X 10_15_7) AppleWebKit/537.36 (KHTML, like Gecko) Chrome/112.0.0.0 Safari/537.36"
172.18.0.1 - - [18/Apr/2023:16:32:29 +0000] "GET /api/v1/pages/643ebc2d180a343b72610041 HTTP/1.1" 200 5901 "http://localhost:8080/app/healthheroappsmith/pharmacist-page-2-643ebc2d180a343b72610041/edit/api/643ec61a180a343b72610066?branch=master&editName=true&from=datasources" "Mozilla/5.0 (Macintosh; Intel Mac OS X 10_15_7) AppleWebKit/537.36 (KHTML, like Gecko) Chrome/112.0.0.0 Safari/537.36"
172.18.0.1 - - [18/Apr/2023:16:32:30 +0000] "PUT /api/v1/actions/refactor HTTP/1.1" 200 5748 "http://localhost:8080/app/healthheroappsmith/pharmacist-page-2-643ebc2d180a343b72610041/edit/api/643ec61a180a343b72610066?branch=master&editName=true&from=datasources" "Mozilla/5.0 (Macintosh; Intel Mac OS X 10_15_7) AppleWebKit/537.36 (KHTML, like Gecko) Chrome/112.0.0.0 Safari/537.36"
172.18.0.1 - - [18/Apr/2023:16:32:30 +0000] "GET /api/v1/collections/actions?pageId=643ebc2d180a343b72610041 HTTP/1.1" 200 101 "http://localhost:8080/app/healthheroappsmith/pharmacist-page-2-643ebc2d180a343b72610041/edit/api/643ec61a180a343b72610066?branch=master&editName=false&from=datasources" "Mozilla/5.0 (Macintosh; Intel Mac OS X 10_15_7) AppleWebKit/537.36 (KHTML, like Gecko) Chrome/112.0.0.0 Safari/537.36"
172.18.0.1 - - [18/Apr/2023:16:32:30 +0000] "GET /api/v1/actions?pageId=643ebc2d180a343b72610041 HTTP/1.1" 200 838 "http://localhost:8080/app/healthheroappsmith/pharmacist-page-2-643ebc2d180a343b72610041/edit/api/643ec61a180a343b72610066?branch=master&editName=false&from=datasources" "Mozilla/5.0 (Macintosh; Intel Mac OS X 10_15_7) AppleWebKit/537.36 (KHTML, like Gecko) Chrome/112.0.0.0 Safari/537.36"
127.0.0.1 - - [18/Apr/2023:16:32:30 +0000] "GET / HTTP/1.1" 200 4263 "-" "curl/7.68.0"
172.18.0.1 - - [18/Apr/2023:16:32:33 +0000] "PUT /api/v1/actions/643ec61a180a343b72610066 HTTP/1.1" 200 617 "http://localhost:8080/app/healthheroappsmith/pharmacist-page-2-643ebc2d180a343b72610041/edit/api/643ec61a180a343b72610066?branch=master&editName=false&from=datasources" "Mozilla/5.0 (Macintosh; Intel Mac OS X 10_15_7) AppleWebKit/537.36 (KHTML, like Gecko) Chrome/112.0.0.0 Safari/537.36"
172.18.0.1 - - [18/Apr/2023:16:32:33 +0000] "PUT /api/v1/actions/643ec61a180a343b72610066 HTTP/1.1" 200 617 "http://localhost:8080/app/healthheroappsmith/pharmacist-page-2-643ebc2d180a343b72610041/edit/api/643ec61a180a343b72610066?branch=master&editName=false&from=datasources" "Mozilla/5.0 (Macintosh; Intel Mac OS X 10_15_7) AppleWebKit/537.36 (KHTML, like Gecko) Chrome/112.0.0.0 Safari/537.36"
127.0.0.1 - - [18/Apr/2023:16:32:46 +0000] "GET / HTTP/1.1" 200 4263 "-" "curl/7.68.0"
172.18.0.1 - - [18/Apr/2023:16:32:49 +0000] "PUT /api/v1/layouts/643ebc2d180a343b72610039/pages/643ebc2d180a343b72610041?applicationId=643ebc26180a343b72610033 HTTP/1.1" 200 5855 "http://localhost:8080/app/healthheroappsmith/pharmacist-page-2-643ebc2d180a343b72610041/edit/widgets/le3k13wcyu?branch=master" "Mozilla/5.0 (Macintosh; Intel Mac OS X 10_15_7) AppleWebKit/537.36 (KHTML, like Gecko) Chrome/112.0.0.0 Safari/537.36"
172.18.0.1 - - [18/Apr/2023:16:32:52 +0000] "PUT /api/v1/layouts/refactor HTTP/1.1" 200 5869 "http://localhost:8080/app/healthheroappsmith/pharmacist-page-2-643ebc2d180a343b72610041/edit/widgets/le3k13wcyu?branch=master" "Mozilla/5.0 (Macintosh; Intel Mac OS X 10_15_7) AppleWebKit/537.36 (KHTML, like Gecko) Chrome/112.0.0.0 Safari/537.36"
172.18.0.1 - - [18/Apr/2023:16:32:52 +0000] "GET /api/v1/collections/actions?pageId=643ebc2d180a343b72610041 HTTP/1.1" 200 101 "http://localhost:8080/app/healthheroappsmith/pharmacist-page-2-643ebc2d180a343b72610041/edit/widgets/le3k13wcyu?branch=master" "Mozilla/5.0 (Macintosh; Intel Mac OS X 10_15_7) AppleWebKit/537.36 (KHTML, like Gecko) Chrome/112.0.0.0 Safari/537.36"
172.18.0.1 - - [18/Apr/2023:16:32:52 +0000] "GET /api/v1/actions?pageId=643ebc2d180a343b72610041 HTTP/1.1" 200 790 "http://localhost:8080/app/healthheroappsmith/pharmacist-page-2-643ebc2d180a343b72610041/edit/widgets/le3k13wcyu?branch=master" "Mozilla/5.0 (Macintosh; Intel Mac OS X 10_15_7) AppleWebKit/537.36 (KHTML, like Gecko) Chrome/112.0.0.0 Safari/537.36"
172.18.0.1 - - [18/Apr/2023:16:32:59 +0000] "PUT /api/v1/layouts/643ebc2d180a343b72610039/pages/643ebc2d180a343b72610041?applicationId=643ebc26180a343b72610033 HTTP/1.1" 200 5861 "http://localhost:8080/app/healthheroappsmith/pharmacist-page-2-643ebc2d180a343b72610041/edit/widgets/le3k13wcyu?branch=master" "Mozilla/5.0 (Macintosh; Intel Mac OS X 10_15_7) AppleWebKit/537.36 (KHTML, like Gecko) Chrome/112.0.0.0 Safari/537.36"
172.18.0.1 - - [18/Apr/2023:16:33:00 +0000] "PUT /api/v1/layouts/643ebc2d180a343b72610039/pages/643ebc2d180a343b72610041?applicationId=643ebc26180a343b72610033 HTTP/1.1" 200 5862 "http://localhost:8080/app/healthheroappsmith/pharmacist-page-2-643ebc2d180a343b72610041/edit/widgets/lsfmgj20kl?branch=master" "Mozilla/5.0 (Macintosh; Intel Mac OS X 10_15_7) AppleWebKit/537.36 (KHTML, like Gecko) Chrome/112.0.0.0 Safari/537.36"
127.0.0.1 - - [18/Apr/2023:16:33:01 +0000] "GET / HTTP/1.1" 200 4263 "-" "curl/7.68.0"
172.18.0.1 - - [18/Apr/2023:16:33:04 +0000] "PUT /api/v1/layouts/643ebc2d180a343b72610039/pages/643ebc2d180a343b72610041?applicationId=643ebc26180a343b72610033 HTTP/1.1" 200 5879 "http://localhost:8080/app/healthheroappsmith/pharmacist-page-2-643ebc2d180a343b72610041/edit/widgets/d393bdhprr?branch=master" "Mozilla/5.0 (Macintosh; Intel Mac OS X 10_15_7) AppleWebKit/537.36 (KHTML, like Gecko) Chrome/112.0.0.0 Safari/537.36"
127.0.0.1 - - [18/Apr/2023:16:33:16 +0000] "GET / HTTP/1.1" 200 4263 "-" "curl/7.68.0"
172.18.0.1 - - [18/Apr/2023:16:33:17 +0000] "PUT /api/v1/layouts/refactor HTTP/1.1" 200 5907 "http://localhost:8080/app/healthheroappsmith/pharmacist-page-2-643ebc2d180a343b72610041/edit/widgets/guqbqvwm8y?branch=master" "Mozilla/5.0 (Macintosh; Intel Mac OS X 10_15_7) AppleWebKit/537.36 (KHTML, like Gecko) Chrome/112.0.0.0 Safari/537.36"
172.18.0.1 - - [18/Apr/2023:16:33:17 +0000] "GET /api/v1/collections/actions?pageId=643ebc2d180a343b72610041 HTTP/1.1" 200 101 "http://localhost:8080/app/healthheroappsmith/pharmacist-page-2-643ebc2d180a343b72610041/edit/widgets/guqbqvwm8y?branch=master" "Mozilla/5.0 (Macintosh; Intel Mac OS X 10_15_7) AppleWebKit/537.36 (KHTML, like Gecko) Chrome/112.0.0.0 Safari/537.36"
172.18.0.1 - - [18/Apr/2023:16:33:17 +0000] "GET /api/v1/actions?pageId=643ebc2d180a343b72610041 HTTP/1.1" 200 792 "http://localhost:8080/app/healthheroappsmith/pharmacist-page-2-643ebc2d180a343b72610041/edit/widgets/guqbqvwm8y?branch=master" "Mozilla/5.0 (Macintosh; Intel Mac OS X 10_15_7) AppleWebKit/537.36 (KHTML, like Gecko) Chrome/112.0.0.0 Safari/537.36"
172.18.0.1 - - [18/Apr/2023:16:33:21 +0000] "PUT /api/v1/layouts/643ebc2d180a343b72610039/pages/643ebc2d180a343b72610041?applicationId=643ebc26180a343b72610033 HTTP/1.1" 200 5962 "http://localhost:8080/app/healthheroappsmith/pharmacist-page-2-643ebc2d180a343b72610041/edit/widgets/guqbqvwm8y?branch=master" "Mozilla/5.0 (Macintosh; Intel Mac OS X 10_15_7) AppleWebKit/537.36 (KHTML, like Gecko) Chrome/112.0.0.0 Safari/537.36"
172.18.0.1 - - [18/Apr/2023:16:33:27 +0000] "PUT /api/v1/layouts/643ebc2d180a343b72610039/pages/643ebc2d180a343b72610041?applicationId=643ebc26180a343b72610033 HTTP/1.1" 200 5961 "http://localhost:8080/app/healthheroappsmith/pharmacist-page-2-643ebc2d180a343b72610041/edit/widgets/guqbqvwm8y?branch=master" "Mozilla/5.0 (Macintosh; Intel Mac OS X 10_15_7) AppleWebKit/537.36 (KHTML, like Gecko) Chrome/112.0.0.0 Safari/537.36"
127.0.0.1 - - [18/Apr/2023:16:33:32 +0000] "GET / HTTP/1.1" 200 4263 "-" "curl/7.68.0"
172.18.0.1 - - [18/Apr/2023:16:33:39 +0000] "PUT /api/v1/layouts/643ebc2d180a343b72610039/pages/643ebc2d180a343b72610041?applicationId=643ebc26180a343b72610033 HTTP/1.1" 200 5967 "http://localhost:8080/app/healthheroappsmith/pharmacist-page-2-643ebc2d180a343b72610041/edit/widgets/guqbqvwm8y?branch=master" "Mozilla/5.0 (Macintosh; Intel Mac OS X 10_15_7) AppleWebKit/537.36 (KHTML, like Gecko) Chrome/112.0.0.0 Safari/537.36"
172.18.0.1 - - [18/Apr/2023:16:33:47 +0000] "PUT /api/v1/layouts/643ebc2d180a343b72610039/pages/643ebc2d180a343b72610041?applicationId=643ebc26180a343b72610033 HTTP/1.1" 200 5996 "http://localhost:8080/app/healthheroappsmith/pharmacist-page-2-643ebc2d180a343b72610041/edit/widgets/guqbqvwm8y?branch=master" "Mozilla/5.0 (Macintosh; Intel Mac OS X 10_15_7) AppleWebKit/537.36 (KHTML, like Gecko) Chrome/112.0.0.0 Safari/537.36"
127.0.0.1 - - [18/Apr/2023:16:33:47 +0000] "GET / HTTP/1.1" 200 4263 "-" "curl/7.68.0"
172.18.0.1 - - [18/Apr/2023:16:33:50 +0000] "PUT /api/v1/layouts/643ebc2d180a343b72610039/pages/643ebc2d180a343b72610041?applicationId=643ebc26180a343b72610033 HTTP/1.1" 200 5987 "http://localhost:8080/app/healthheroappsmith/pharmacist-page-2-643ebc2d180a343b72610041/edit/widgets/guqbqvwm8y?branch=master" "Mozilla/5.0 (Macintosh; Intel Mac OS X 10_15_7) AppleWebKit/537.36 (KHTML, like Gecko) Chrome/112.0.0.0 Safari/537.36"
172.18.0.1 - - [18/Apr/2023:16:33:52 +0000] "PUT /api/v1/layouts/643ebc2d180a343b72610039/pages/643ebc2d180a343b72610041?applicationId=643ebc26180a343b72610033 HTTP/1.1" 200 5941 "http://localhost:8080/app/healthheroappsmith/pharmacist-page-2-643ebc2d180a343b72610041/edit?branch=master" "Mozilla/5.0 (Macintosh; Intel Mac OS X 10_15_7) AppleWebKit/537.36 (KHTML, like Gecko) Chrome/112.0.0.0 Safari/537.36"
172.18.0.1 - - [18/Apr/2023:16:33:57 +0000] "PUT /api/v1/layouts/643ebc2d180a343b72610039/pages/643ebc2d180a343b72610041?applicationId=643ebc26180a343b72610033 HTTP/1.1" 200 5957 "http://localhost:8080/app/healthheroappsmith/pharmacist-page-2-643ebc2d180a343b72610041/edit/widgets/lsfmgj20kl?branch=master" "Mozilla/5.0 (Macintosh; Intel Mac OS X 10_15_7) AppleWebKit/537.36 (KHTML, like Gecko) Chrome/112.0.0.0 Safari/537.36"
172.18.0.1 - - [18/Apr/2023:16:34:01 +0000] "PUT /api/v1/layouts/643ebc2d180a343b72610039/pages/643ebc2d180a343b72610041?applicationId=643ebc26180a343b72610033 HTTP/1.1" 200 5970 "http://localhost:8080/app/healthheroappsmith/pharmacist-page-2-643ebc2d180a343b72610041/edit/widgets/d393bdhprr?branch=master" "Mozilla/5.0 (Macintosh; Intel Mac OS X 10_15_7) AppleWebKit/537.36 (KHTML, like Gecko) Chrome/112.0.0.0 Safari/537.36"
172.18.0.1 - - [18/Apr/2023:16:34:02 +0000] "PUT /api/v1/layouts/643ebc2d180a343b72610039/pages/643ebc2d180a343b72610041?applicationId=643ebc26180a343b72610033 HTTP/1.1" 200 5954 "http://localhost:8080/app/healthheroappsmith/pharmacist-page-2-643ebc2d180a343b72610041/edit/widgets/d393bdhprr?branch=master" "Mozilla/5.0 (Macintosh; Intel Mac OS X 10_15_7) AppleWebKit/537.36 (KHTML, like Gecko) Chrome/112.0.0.0 Safari/537.36"
127.0.0.1 - - [18/Apr/2023:16:34:02 +0000] "GET / HTTP/1.1" 200 4263 "-" "curl/7.68.0"
172.18.0.1 - - [18/Apr/2023:16:34:04 +0000] "PUT /api/v1/layouts/643ebc2d180a343b72610039/pages/643ebc2d180a343b72610041?applicationId=643ebc26180a343b72610033 HTTP/1.1" 200 5960 "http://localhost:8080/app/healthheroappsmith/pharmacist-page-2-643ebc2d180a343b72610041/edit/widgets/lsfmgj20kl?branch=master" "Mozilla/5.0 (Macintosh; Intel Mac OS X 10_15_7) AppleWebKit/537.36 (KHTML, like Gecko) Chrome/112.0.0.0 Safari/537.36"
172.18.0.1 - - [18/Apr/2023:16:34:07 +0000] "PUT /api/v1/layouts/643ebc2d180a343b72610039/pages/643ebc2d180a343b72610041?applicationId=643ebc26180a343b72610033 HTTP/1.1" 200 5958 "http://localhost:8080/app/healthheroappsmith/pharmacist-page-2-643ebc2d180a343b72610041/edit/widgets/lsfmgj20kl?branch=master" "Mozilla/5.0 (Macintosh; Intel Mac OS X 10_15_7) AppleWebKit/537.36 (KHTML, like Gecko) Chrome/112.0.0.0 Safari/537.36"
172.18.0.1 - - [18/Apr/2023:16:34:09 +0000] "PUT /api/v1/layouts/643ebc2d180a343b72610039/pages/643ebc2d180a343b72610041?applicationId=643ebc26180a343b72610033 HTTP/1.1" 200 5946 "http://localhost:8080/app/healthheroappsmith/pharmacist-page-2-643ebc2d180a343b72610041/edit/widgets/d393bdhprr?branch=master" "Mozilla/5.0 (Macintosh; Intel Mac OS X 10_15_7) AppleWebKit/537.36 (KHTML, like Gecko) Chrome/112.0.0.0 Safari/537.36"
172.18.0.1 - - [18/Apr/2023:16:34:12 +0000] "PUT /api/v1/layouts/643ebc2d180a343b72610039/pages/643ebc2d180a343b72610041?applicationId=643ebc26180a343b72610033 HTTP/1.1" 200 5918 "http://localhost:8080/app/healthheroappsmith/pharmacist-page-2-643ebc2d180a343b72610041/edit/widgets/le3k13wcyu?branch=master" "Mozilla/5.0 (Macintosh; Intel Mac OS X 10_15_7) AppleWebKit/537.36 (KHTML, like Gecko) Chrome/112.0.0.0 Safari/537.36"
127.0.0.1 - - [18/Apr/2023:16:34:18 +0000] "GET / HTTP/1.1" 200 4263 "-" "curl/7.68.0"
172.18.0.1 - - [18/Apr/2023:16:34:18 +0000] "PUT /api/v1/layouts/643ebc2d180a343b72610039/pages/643ebc2d180a343b72610041?applicationId=643ebc26180a343b72610033 HTTP/1.1" 200 6934 "http://localhost:8080/app/healthheroappsmith/pharmacist-page-2-643ebc2d180a343b72610041/edit/widgets/vplot5ni1k?branch=master" "Mozilla/5.0 (Macintosh; Intel Mac OS X 10_15_7) AppleWebKit/537.36 (KHTML, like Gecko) Chrome/112.0.0.0 Safari/537.36"
172.18.0.1 - - [18/Apr/2023:16:34:20 +0000] "PUT /api/v1/layouts/643ebc2d180a343b72610039/pages/643ebc2d180a343b72610041?applicationId=643ebc26180a343b72610033 HTTP/1.1" 200 6906 "http://localhost:8080/app/healthheroappsmith/pharmacist-page-2-643ebc2d180a343b72610041/edit/widgets/lsfmgj20kl?branch=master" "Mozilla/5.0 (Macintosh; Intel Mac OS X 10_15_7) AppleWebKit/537.36 (KHTML, like Gecko) Chrome/112.0.0.0 Safari/537.36"
172.18.0.1 - - [18/Apr/2023:16:34:23 +0000] "PUT /api/v1/layouts/643ebc2d180a343b72610039/pages/643ebc2d180a343b72610041?applicationId=643ebc26180a343b72610033 HTTP/1.1" 200 6894 "http://localhost:8080/app/healthheroappsmith/pharmacist-page-2-643ebc2d180a343b72610041/edit/widgets/lsfmgj20kl?branch=master" "Mozilla/5.0 (Macintosh; Intel Mac OS X 10_15_7) AppleWebKit/537.36 (KHTML, like Gecko) Chrome/112.0.0.0 Safari/537.36"
172.18.0.1 - - [18/Apr/2023:16:34:28 +0000] "PUT /api/v1/layouts/643ebc2d180a343b72610039/pages/643ebc2d180a343b72610041?applicationId=643ebc26180a343b72610033 HTTP/1.1" 200 6911 "http://localhost:8080/app/healthheroappsmith/pharmacist-page-2-643ebc2d180a343b72610041/edit/widgets/lsfmgj20kl?branch=master" "Mozilla/5.0 (Macintosh; Intel Mac OS X 10_15_7) AppleWebKit/537.36 (KHTML, like Gecko) Chrome/112.0.0.0 Safari/537.36"
172.18.0.1 - - [18/Apr/2023:16:34:30 +0000] "PUT /api/v1/layouts/643ebc2d180a343b72610039/pages/643ebc2d180a343b72610041?applicationId=643ebc26180a343b72610033 HTTP/1.1" 200 6923 "http://localhost:8080/app/healthheroappsmith/pharmacist-page-2-643ebc2d180a343b72610041/edit/widgets/d393bdhprr?branch=master" "Mozilla/5.0 (Macintosh; Intel Mac OS X 10_15_7) AppleWebKit/537.36 (KHTML, like Gecko) Chrome/112.0.0.0 Safari/537.36"
127.0.0.1 - - [18/Apr/2023:16:34:33 +0000] "GET / HTTP/1.1" 200 4263 "-" "curl/7.68.0"
172.18.0.1 - - [18/Apr/2023:16:34:40 +0000] "PUT /api/v1/layouts/643ebc2d180a343b72610039/pages/643ebc2d180a343b72610041?applicationId=643ebc26180a343b72610033 HTTP/1.1" 200 6780 "http://localhost:8080/app/healthheroappsmith/pharmacist-page-2-643ebc2d180a343b72610041/edit/widgets/vplot5ni1k?branch=master" "Mozilla/5.0 (Macintosh; Intel Mac OS X 10_15_7) AppleWebKit/537.36 (KHTML, like Gecko) Chrome/112.0.0.0 Safari/537.36"
172.18.0.1 - - [18/Apr/2023:16:34:44 +0000] "PUT /api/v1/layouts/643ebc2d180a343b72610039/pages/643ebc2d180a343b72610041?applicationId=643ebc26180a343b72610033 HTTP/1.1" 200 6786 "http://localhost:8080/app/healthheroappsmith/pharmacist-page-2-643ebc2d180a343b72610041/edit?branch=master" "Mozilla/5.0 (Macintosh; Intel Mac OS X 10_15_7) AppleWebKit/537.36 (KHTML, like Gecko) Chrome/112.0.0.0 Safari/537.36"
172.18.0.1 - - [18/Apr/2023:16:34:47 +0000] "PUT /api/v1/layouts/643ebc2d180a343b72610039/pages/643ebc2d180a343b72610041?applicationId=643ebc26180a343b72610033 HTTP/1.1" 200 6771 "http://localhost:8080/app/healthheroappsmith/pharmacist-page-2-643ebc2d180a343b72610041/edit/widgets/vplot5ni1k?branch=master" "Mozilla/5.0 (Macintosh; Intel Mac OS X 10_15_7) AppleWebKit/537.36 (KHTML, like Gecko) Chrome/112.0.0.0 Safari/537.36"
127.0.0.1 - - [18/Apr/2023:16:34:48 +0000] "GET / HTTP/1.1" 200 4263 "-" "curl/7.68.0"
172.18.0.1 - - [18/Apr/2023:16:34:50 +0000] "PUT /api/v1/layouts/643ebc2d180a343b72610039/pages/643ebc2d180a343b72610041?applicationId=643ebc26180a343b72610033 HTTP/1.1" 200 6800 "http://localhost:8080/app/healthheroappsmith/pharmacist-page-2-643ebc2d180a343b72610041/edit/widgets/lsfmgj20kl?branch=master" "Mozilla/5.0 (Macintosh; Intel Mac OS X 10_15_7) AppleWebKit/537.36 (KHTML, like Gecko) Chrome/112.0.0.0 Safari/537.36"
127.0.0.1 - - [18/Apr/2023:16:35:04 +0000] "GET / HTTP/1.1" 200 4263 "-" "curl/7.68.0"
172.18.0.1 - - [18/Apr/2023:16:35:04 +0000] "PUT /api/v1/layouts/643ebc2d180a343b72610039/pages/643ebc2d180a343b72610041?applicationId=643ebc26180a343b72610033 HTTP/1.1" 200 6857 "http://localhost:8080/app/healthheroappsmith/pharmacist-page-2-643ebc2d180a343b72610041/edit/widgets/d393bdhprr?branch=master" "Mozilla/5.0 (Macintosh; Intel Mac OS X 10_15_7) AppleWebKit/537.36 (KHTML, like Gecko) Chrome/112.0.0.0 Safari/537.36"
172.18.0.1 - - [18/Apr/2023:16:35:06 +0000] "PUT /api/v1/layouts/643ebc2d180a343b72610039/pages/643ebc2d180a343b72610041?applicationId=643ebc26180a343b72610033 HTTP/1.1" 200 6858 "http://localhost:8080/app/healthheroappsmith/pharmacist-page-2-643ebc2d180a343b72610041/edit/widgets/d393bdhprr?branch=master" "Mozilla/5.0 (Macintosh; Intel Mac OS X 10_15_7) AppleWebKit/537.36 (KHTML, like Gecko) Chrome/112.0.0.0 Safari/537.36"
172.18.0.1 - - [18/Apr/2023:16:35:11 +0000] "PUT /api/v1/layouts/643ebc2d180a343b72610039/pages/643ebc2d180a343b72610041?applicationId=643ebc26180a343b72610033 HTTP/1.1" 200 6861 "http://localhost:8080/app/healthheroappsmith/pharmacist-page-2-643ebc2d180a343b72610041/edit/widgets/d393bdhprr?branch=master" "Mozilla/5.0 (Macintosh; Intel Mac OS X 10_15_7) AppleWebKit/537.36 (KHTML, like Gecko) Chrome/112.0.0.0 Safari/537.36"
172.18.0.1 - - [18/Apr/2023:16:35:12 +0000] "PUT /api/v1/layouts/643ebc2d180a343b72610039/pages/643ebc2d180a343b72610041?applicationId=643ebc26180a343b72610033 HTTP/1.1" 200 6861 "http://localhost:8080/app/healthheroappsmith/pharmacist-page-2-643ebc2d180a343b72610041/edit/widgets/d393bdhprr?branch=master" "Mozilla/5.0 (Macintosh; Intel Mac OS X 10_15_7) AppleWebKit/537.36 (KHTML, like Gecko) Chrome/112.0.0.0 Safari/537.36"
172.18.0.1 - - [18/Apr/2023:16:35:15 +0000] "PUT /api/v1/layouts/643ebc2d180a343b72610039/pages/643ebc2d180a343b72610041?applicationId=643ebc26180a343b72610033 HTTP/1.1" 200 6863 "http://localhost:8080/app/healthheroappsmith/pharmacist-page-2-643ebc2d180a343b72610041/edit/widgets/d393bdhprr?branch=master" "Mozilla/5.0 (Macintosh; Intel Mac OS X 10_15_7) AppleWebKit/537.36 (KHTML, like Gecko) Chrome/112.0.0.0 Safari/537.36"
172.18.0.1 - - [18/Apr/2023:16:35:15 +0000] "PUT /api/v1/layouts/643ebc2d180a343b72610039/pages/643ebc2d180a343b72610041?applicationId=643ebc26180a343b72610033 HTTP/1.1" 200 6858 "http://localhost:8080/app/healthheroappsmith/pharmacist-page-2-643ebc2d180a343b72610041/edit/widgets/d393bdhprr?branch=master" "Mozilla/5.0 (Macintosh; Intel Mac OS X 10_15_7) AppleWebKit/537.36 (KHTML, like Gecko) Chrome/112.0.0.0 Safari/537.36"
127.0.0.1 - - [18/Apr/2023:16:35:19 +0000] "GET / HTTP/1.1" 200 4263 "-" "curl/7.68.0"
172.18.0.1 - - [18/Apr/2023:16:35:23 +0000] "PUT /api/v1/layouts/643ebc2d180a343b72610039/pages/643ebc2d180a343b72610041?applicationId=643ebc26180a343b72610033 HTTP/1.1" 200 6864 "http://localhost:8080/app/healthheroappsmith/pharmacist-page-2-643ebc2d180a343b72610041/edit/widgets/d393bdhprr?branch=master" "Mozilla/5.0 (Macintosh; Intel Mac OS X 10_15_7) AppleWebKit/537.36 (KHTML, like Gecko) Chrome/112.0.0.0 Safari/537.36"
172.18.0.1 - - [18/Apr/2023:16:35:25 +0000] "PUT /api/v1/layouts/643ebc2d180a343b72610039/pages/643ebc2d180a343b72610041?applicationId=643ebc26180a343b72610033 HTTP/1.1" 200 6861 "http://localhost:8080/app/healthheroappsmith/pharmacist-page-2-643ebc2d180a343b72610041/edit/widgets/d393bdhprr?branch=master" "Mozilla/5.0 (Macintosh; Intel Mac OS X 10_15_7) AppleWebKit/537.36 (KHTML, like Gecko) Chrome/112.0.0.0 Safari/537.36"
172.18.0.1 - - [18/Apr/2023:16:35:31 +0000] "PUT /api/v1/layouts/643ebc2d180a343b72610039/pages/643ebc2d180a343b72610041?applicationId=643ebc26180a343b72610033 HTTP/1.1" 200 6868 "http://localhost:8080/app/healthheroappsmith/pharmacist-page-2-643ebc2d180a343b72610041/edit/widgets/d393bdhprr?branch=master" "Mozilla/5.0 (Macintosh; Intel Mac OS X 10_15_7) AppleWebKit/537.36 (KHTML, like Gecko) Chrome/112.0.0.0 Safari/537.36"
172.18.0.1 - - [18/Apr/2023:16:35:33 +0000] "PUT /api/v1/layouts/643ebc2d180a343b72610039/pages/643ebc2d180a343b72610041?applicationId=643ebc26180a343b72610033 HTTP/1.1" 200 6870 "http://localhost:8080/app/healthheroappsmith/pharmacist-page-2-643ebc2d180a343b72610041/edit/widgets/d393bdhprr?branch=master" "Mozilla/5.0 (Macintosh; Intel Mac OS X 10_15_7) AppleWebKit/537.36 (KHTML, like Gecko) Chrome/112.0.0.0 Safari/537.36"
172.18.0.1 - - [18/Apr/2023:16:35:34 +0000] "PUT /api/v1/layouts/643ebc2d180a343b72610039/pages/643ebc2d180a343b72610041?applicationId=643ebc26180a343b72610033 HTTP/1.1" 200 6870 "http://localhost:8080/app/healthheroappsmith/pharmacist-page-2-643ebc2d180a343b72610041/edit?branch=master" "Mozilla/5.0 (Macintosh; Intel Mac OS X 10_15_7) AppleWebKit/537.36 (KHTML, like Gecko) Chrome/112.0.0.0 Safari/537.36"
127.0.0.1 - - [18/Apr/2023:16:35:34 +0000] "GET / HTTP/1.1" 200 4263 "-" "curl/7.68.0"
172.18.0.1 - - [18/Apr/2023:16:35:37 +0000] "POST /api/v1/actions/execute HTTP/1.1" 200 705 "http://localhost:8080/app/healthheroappsmith/pharmacist-page-2-643ebc2d180a343b72610041/edit/widgets/d393bdhprr?branch=master" "Mozilla/5.0 (Macintosh; Intel Mac OS X 10_15_7) AppleWebKit/537.36 (KHTML, like Gecko) Chrome/112.0.0.0 Safari/537.36"
172.18.0.1 - - [18/Apr/2023:16:35:41 +0000] "PUT /api/v1/actions/643ec61a180a343b72610066 HTTP/1.1" 200 617 "http://localhost:8080/app/healthheroappsmith/pharmacist-page-2-643ebc2d180a343b72610041/edit/api/643ec61a180a343b72610066?branch=master" "Mozilla/5.0 (Macintosh; Intel Mac OS X 10_15_7) AppleWebKit/537.36 (KHTML, like Gecko) Chrome/112.0.0.0 Safari/537.36"
172.18.0.1 - - [18/Apr/2023:16:35:43 +0000] "POST /api/v1/usage-pulse HTTP/1.1" 201 76 "http://localhost:8080/app/healthheroappsmith/pharmacist-page-2-643ebc2d180a343b72610041/edit/api/643ec61a180a343b72610066?branch=master" "Mozilla/5.0 (Macintosh; Intel Mac OS X 10_15_7) AppleWebKit/537.36 (KHTML, like Gecko) Chrome/112.0.0.0 Safari/537.36"
172.18.0.1 - - [18/Apr/2023:16:35:43 +0000] "PUT /api/v1/actions/643ec61a180a343b72610066 HTTP/1.1" 200 641 "http://localhost:8080/app/healthheroappsmith/pharmacist-page-2-643ebc2d180a343b72610041/edit/api/643ec61a180a343b72610066?branch=master" "Mozilla/5.0 (Macintosh; Intel Mac OS X 10_15_7) AppleWebKit/537.36 (KHTML, like Gecko) Chrome/112.0.0.0 Safari/537.36"
172.18.0.1 - - [18/Apr/2023:16:35:45 +0000] "PUT /api/v1/actions/643ec61a180a343b72610066 HTTP/1.1" 200 658 "http://localhost:8080/app/healthheroappsmith/pharmacist-page-2-643ebc2d180a343b72610041/edit/api/643ec61a180a343b72610066?branch=master" "Mozilla/5.0 (Macintosh; Intel Mac OS X 10_15_7) AppleWebKit/537.36 (KHTML, like Gecko) Chrome/112.0.0.0 Safari/537.36"
127.0.0.1 - - [18/Apr/2023:16:35:50 +0000] "GET / HTTP/1.1" 200 4263 "-" "curl/7.68.0"
172.18.0.1 - - [18/Apr/2023:16:35:51 +0000] "PUT /api/v1/layouts/refactor HTTP/1.1" 200 6873 "http://localhost:8080/app/healthheroappsmith/pharmacist-page-2-643ebc2d180a343b72610041/edit/widgets/lsfmgj20kl?branch=master" "Mozilla/5.0 (Macintosh; Intel Mac OS X 10_15_7) AppleWebKit/537.36 (KHTML, like Gecko) Chrome/112.0.0.0 Safari/537.36"
172.18.0.1 - - [18/Apr/2023:16:35:51 +0000] "GET /api/v1/collections/actions?pageId=643ebc2d180a343b72610041 HTTP/1.1" 200 101 "http://localhost:8080/app/healthheroappsmith/pharmacist-page-2-643ebc2d180a343b72610041/edit/widgets/lsfmgj20kl?branch=master" "Mozilla/5.0 (Macintosh; Intel Mac OS X 10_15_7) AppleWebKit/537.36 (KHTML, like Gecko) Chrome/112.0.0.0 Safari/537.36"
172.18.0.1 - - [18/Apr/2023:16:35:51 +0000] "GET /api/v1/actions?pageId=643ebc2d180a343b72610041 HTTP/1.1" 200 776 "http://localhost:8080/app/healthheroappsmith/pharmacist-page-2-643ebc2d180a343b72610041/edit/widgets/lsfmgj20kl?branch=master" "Mozilla/5.0 (Macintosh; Intel Mac OS X 10_15_7) AppleWebKit/537.36 (KHTML, like Gecko) Chrome/112.0.0.0 Safari/537.36"
172.18.0.1 - - [18/Apr/2023:16:35:58 +0000] "PUT /api/v1/layouts/refactor HTTP/1.1" 200 6925 "http://localhost:8080/app/healthheroappsmith/pharmacist-page-2-643ebc2d180a343b72610041/edit/widgets/lsfmgj20kl?branch=master" "Mozilla/5.0 (Macintosh; Intel Mac OS X 10_15_7) AppleWebKit/537.36 (KHTML, like Gecko) Chrome/112.0.0.0 Safari/537.36"
172.18.0.1 - - [18/Apr/2023:16:35:58 +0000] "GET /api/v1/collections/actions?pageId=643ebc2d180a343b72610041 HTTP/1.1" 200 101 "http://localhost:8080/app/healthheroappsmith/pharmacist-page-2-643ebc2d180a343b72610041/edit/api/643ec57f180a343b72610063?branch=master" "Mozilla/5.0 (Macintosh; Intel Mac OS X 10_15_7) AppleWebKit/537.36 (KHTML, like Gecko) Chrome/112.0.0.0 Safari/537.36"
172.18.0.1 - - [18/Apr/2023:16:35:58 +0000] "GET /api/v1/actions?pageId=643ebc2d180a343b72610041 HTTP/1.1" 200 774 "http://localhost:8080/app/healthheroappsmith/pharmacist-page-2-643ebc2d180a343b72610041/edit/api/643ec57f180a343b72610063?branch=master" "Mozilla/5.0 (Macintosh; Intel Mac OS X 10_15_7) AppleWebKit/537.36 (KHTML, like Gecko) Chrome/112.0.0.0 Safari/537.36"
172.18.0.1 - - [18/Apr/2023:16:35:58 +0000] "PUT /api/v1/actions/643ec57f180a343b72610063 HTTP/1.1" 200 666 "http://localhost:8080/app/healthheroappsmith/pharmacist-page-2-643ebc2d180a343b72610041/edit/api/643ec57f180a343b72610063?branch=master" "Mozilla/5.0 (Macintosh; Intel Mac OS X 10_15_7) AppleWebKit/537.36 (KHTML, like Gecko) Chrome/112.0.0.0 Safari/537.36"
172.18.0.1 - - [18/Apr/2023:16:36:01 +0000] "PUT /api/v1/actions/643ec61a180a343b72610066 HTTP/1.1" 200 668 "http://localhost:8080/app/healthheroappsmith/pharmacist-page-2-643ebc2d180a343b72610041/edit/api/643ec61a180a343b72610066?branch=master" "Mozilla/5.0 (Macintosh; Intel Mac OS X 10_15_7) AppleWebKit/537.36 (KHTML, like Gecko) Chrome/112.0.0.0 Safari/537.36"
172.18.0.1 - - [18/Apr/2023:16:36:02 +0000] "PUT /api/v1/actions/643ec61a180a343b72610066 HTTP/1.1" 200 671 "http://localhost:8080/app/healthheroappsmith/pharmacist-page-2-643ebc2d180a343b72610041/edit/api/643ec61a180a343b72610066?branch=master" "Mozilla/5.0 (Macintosh; Intel Mac OS X 10_15_7) AppleWebKit/537.36 (KHTML, like Gecko) Chrome/112.0.0.0 Safari/537.36"
127.0.0.1 - - [18/Apr/2023:16:36:05 +0000] "GET / HTTP/1.1" 200 4263 "-" "curl/7.68.0"
172.18.0.1 - - [18/Apr/2023:16:36:11 +0000] "POST /api/v1/actions/execute HTTP/1.1" 200 498 "http://localhost:8080/app/healthheroappsmith/pharmacist-page-2-643ebc2d180a343b72610041/edit/widgets/d393bdhprr?branch=master" "Mozilla/5.0 (Macintosh; Intel Mac OS X 10_15_7) AppleWebKit/537.36 (KHTML, like Gecko) Chrome/112.0.0.0 Safari/537.36"
127.0.0.1 - - [18/Apr/2023:16:36:20 +0000] "GET / HTTP/1.1" 200 4263 "-" "curl/7.68.0"
172.18.0.1 - - [18/Apr/2023:16:36:21 +0000] "PUT /api/v1/layouts/643ebc2d180a343b72610039/pages/643ebc2d180a343b72610041?applicationId=643ebc26180a343b72610033 HTTP/1.1" 200 6930 "http://localhost:8080/app/healthheroappsmith/pharmacist-page-2-643ebc2d180a343b72610041/edit/widgets/vplot5ni1k?branch=master" "Mozilla/5.0 (Macintosh; Intel Mac OS X 10_15_7) AppleWebKit/537.36 (KHTML, like Gecko) Chrome/112.0.0.0 Safari/537.36"
172.18.0.1 - - [18/Apr/2023:16:36:22 +0000] "PUT /api/v1/layouts/643ebc2d180a343b72610039/pages/643ebc2d180a343b72610041?applicationId=643ebc26180a343b72610033 HTTP/1.1" 200 7017 "http://localhost:8080/app/healthheroappsmith/pharmacist-page-2-643ebc2d180a343b72610041/edit/widgets/vplot5ni1k?branch=master" "Mozilla/5.0 (Macintosh; Intel Mac OS X 10_15_7) AppleWebKit/537.36 (KHTML, like Gecko) Chrome/112.0.0.0 Safari/537.36"
172.18.0.1 - - [18/Apr/2023:16:36:24 +0000] "PUT /api/v1/layouts/643ebc2d180a343b72610039/pages/643ebc2d180a343b72610041?applicationId=643ebc26180a343b72610033 HTTP/1.1" 200 6998 "http://localhost:8080/app/healthheroappsmith/pharmacist-page-2-643ebc2d180a343b72610041/edit/widgets/vplot5ni1k?branch=master" "Mozilla/5.0 (Macintosh; Intel Mac OS X 10_15_7) AppleWebKit/537.36 (KHTML, like Gecko) Chrome/112.0.0.0 Safari/537.36"
172.18.0.1 - - [18/Apr/2023:16:36:26 +0000] "PUT /api/v1/layouts/643ebc2d180a343b72610039/pages/643ebc2d180a343b72610041?applicationId=643ebc26180a343b72610033 HTTP/1.1" 200 7009 "http://localhost:8080/app/healthheroappsmith/pharmacist-page-2-643ebc2d180a343b72610041/edit/widgets/d393bdhprr?branch=master" "Mozilla/5.0 (Macintosh; Intel Mac OS X 10_15_7) AppleWebKit/537.36 (KHTML, like Gecko) Chrome/112.0.0.0 Safari/537.36"
172.18.0.1 - - [18/Apr/2023:16:36:28 +0000] "POST /api/v1/actions/execute HTTP/1.1" 200 785 "http://localhost:8080/app/healthheroappsmith/pharmacist-page-2-643ebc2d180a343b72610041/edit/widgets/d393bdhprr?branch=master" "Mozilla/5.0 (Macintosh; Intel Mac OS X 10_15_7) AppleWebKit/537.36 (KHTML, like Gecko) Chrome/112.0.0.0 Safari/537.36"
172.18.0.1 - - [18/Apr/2023:16:36:29 +0000] "PUT /api/v1/layouts/643ebc2d180a343b72610039/pages/643ebc2d180a343b72610041?applicationId=643ebc26180a343b72610033 HTTP/1.1" 200 6698 "http://localhost:8080/app/healthheroappsmith/pharmacist-page-2-643ebc2d180a343b72610041/edit/widgets/d393bdhprr?branch=master" "Mozilla/5.0 (Macintosh; Intel Mac OS X 10_15_7) AppleWebKit/537.36 (KHTML, like Gecko) Chrome/112.0.0.0 Safari/537.36"
172.18.0.1 - - [18/Apr/2023:16:36:32 +0000] "PUT /api/v1/actions/643ec61a180a343b72610066 HTTP/1.1" 200 671 "http://localhost:8080/app/healthheroappsmith/pharmacist-page-2-643ebc2d180a343b72610041/edit/api/643ec61a180a343b72610066?branch=master" "Mozilla/5.0 (Macintosh; Intel Mac OS X 10_15_7) AppleWebKit/537.36 (KHTML, like Gecko) Chrome/112.0.0.0 Safari/537.36"
172.18.0.1 - - [18/Apr/2023:16:36:33 +0000] "PUT /api/v1/actions/executeOnLoad/643ec61a180a343b72610066?flag=false HTTP/1.1" 200 648 "http://localhost:8080/app/healthheroappsmith/pharmacist-page-2-643ebc2d180a343b72610041/edit/api/643ec61a180a343b72610066?branch=master" "Mozilla/5.0 (Macintosh; Intel Mac OS X 10_15_7) AppleWebKit/537.36 (KHTML, like Gecko) Chrome/112.0.0.0 Safari/537.36"
172.18.0.1 - - [18/Apr/2023:16:36:34 +0000] "PUT /api/v1/actions/643ec57f180a343b72610063 HTTP/1.1" 200 666 "http://localhost:8080/app/healthheroappsmith/pharmacist-page-2-643ebc2d180a343b72610041/edit/api/643ec57f180a343b72610063?branch=master" "Mozilla/5.0 (Macintosh; Intel Mac OS X 10_15_7) AppleWebKit/537.36 (KHTML, like Gecko) Chrome/112.0.0.0 Safari/537.36"
127.0.0.1 - - [18/Apr/2023:16:36:36 +0000] "GET / HTTP/1.1" 200 4263 "-" "curl/7.68.0"
172.18.0.1 - - [18/Apr/2023:16:36:36 +0000] "PUT /api/v1/actions/executeOnLoad/643ec57f180a343b72610063?flag=false HTTP/1.1" 200 642 "http://localhost:8080/app/healthheroappsmith/pharmacist-page-2-643ebc2d180a343b72610041/edit/api/643ec57f180a343b72610063?branch=master" "Mozilla/5.0 (Macintosh; Intel Mac OS X 10_15_7) AppleWebKit/537.36 (KHTML, like Gecko) Chrome/112.0.0.0 Safari/537.36"
172.18.0.1 - - [18/Apr/2023:16:36:37 +0000] "PUT /api/v1/actions/643ec4c4180a343b72610061 HTTP/1.1" 200 663 "http://localhost:8080/app/healthheroappsmith/pharmacist-page-2-643ebc2d180a343b72610041/edit/api/643ec4c4180a343b72610061?branch=master" "Mozilla/5.0 (Macintosh; Intel Mac OS X 10_15_7) AppleWebKit/537.36 (KHTML, like Gecko) Chrome/112.0.0.0 Safari/537.36"
172.18.0.1 - - [18/Apr/2023:16:36:39 +0000] "GET /api/v1/pages/643ebc2d180a343b7261003e HTTP/1.1" 200 2402 "http://localhost:8080/app/healthheroappsmith/welcome-page-643ebc2d180a343b7261003e/edit?branch=master" "Mozilla/5.0 (Macintosh; Intel Mac OS X 10_15_7) AppleWebKit/537.36 (KHTML, like Gecko) Chrome/112.0.0.0 Safari/537.36"
172.18.0.1 - - [18/Apr/2023:16:36:42 +0000] "GET /api/v1/pages/643ebc2d180a343b72610040 HTTP/1.1" 200 5701 "http://localhost:8080/app/healthheroappsmith/pharmacist-page-1-643ebc2d180a343b72610040/edit?branch=master" "Mozilla/5.0 (Macintosh; Intel Mac OS X 10_15_7) AppleWebKit/537.36 (KHTML, like Gecko) Chrome/112.0.0.0 Safari/537.36"
172.18.0.1 - - [18/Apr/2023:16:36:45 +0000] "GET /api/v1/pages/643ebc2d180a343b72610041 HTTP/1.1" 200 6741 "http://localhost:8080/app/healthheroappsmith/pharmacist-page-2-643ebc2d180a343b72610041/edit?branch=master" "Mozilla/5.0 (Macintosh; Intel Mac OS X 10_15_7) AppleWebKit/537.36 (KHTML, like Gecko) Chrome/112.0.0.0 Safari/537.36"
172.18.0.1 - - [18/Apr/2023:16:36:46 +0000] "PUT /api/v1/actions/643ec4c4180a343b72610061 HTTP/1.1" 200 663 "http://localhost:8080/app/healthheroappsmith/pharmacist-page-2-643ebc2d180a343b72610041/edit/api/643ec4c4180a343b72610061?branch=master" "Mozilla/5.0 (Macintosh; Intel Mac OS X 10_15_7) AppleWebKit/537.36 (KHTML, like Gecko) Chrome/112.0.0.0 Safari/537.36"
127.0.0.1 - - [18/Apr/2023:16:36:51 +0000] "GET / HTTP/1.1" 200 4263 "-" "curl/7.68.0"
172.18.0.1 - - [18/Apr/2023:16:36:51 +0000] "PUT /api/v1/layouts/643ebc2d180a343b72610039/pages/643ebc2d180a343b72610041?applicationId=643ebc26180a343b72610033 HTTP/1.1" 200 6566 "http://localhost:8080/app/healthheroappsmith/pharmacist-page-2-643ebc2d180a343b72610041/edit/widgets/ixr4c9haqj?branch=master" "Mozilla/5.0 (Macintosh; Intel Mac OS X 10_15_7) AppleWebKit/537.36 (KHTML, like Gecko) Chrome/112.0.0.0 Safari/537.36"
172.18.0.1 - - [18/Apr/2023:16:37:00 +0000] "PUT /api/v1/layouts/refactor HTTP/1.1" 200 6459 "http://localhost:8080/app/healthheroappsmith/pharmacist-page-2-643ebc2d180a343b72610041/edit/widgets/ixr4c9haqj?branch=master" "Mozilla/5.0 (Macintosh; Intel Mac OS X 10_15_7) AppleWebKit/537.36 (KHTML, like Gecko) Chrome/112.0.0.0 Safari/537.36"
172.18.0.1 - - [18/Apr/2023:16:37:00 +0000] "GET /api/v1/collections/actions?pageId=643ebc2d180a343b72610041 HTTP/1.1" 200 101 "http://localhost:8080/app/healthheroappsmith/pharmacist-page-2-643ebc2d180a343b72610041/edit/widgets/ixr4c9haqj?branch=master" "Mozilla/5.0 (Macintosh; Intel Mac OS X 10_15_7) AppleWebKit/537.36 (KHTML, like Gecko) Chrome/112.0.0.0 Safari/537.36"
172.18.0.1 - - [18/Apr/2023:16:37:00 +0000] "GET /api/v1/actions?pageId=643ebc2d180a343b72610041 HTTP/1.1" 200 776 "http://localhost:8080/app/healthheroappsmith/pharmacist-page-2-643ebc2d180a343b72610041/edit/widgets/ixr4c9haqj?branch=master" "Mozilla/5.0 (Macintosh; Intel Mac OS X 10_15_7) AppleWebKit/537.36 (KHTML, like Gecko) Chrome/112.0.0.0 Safari/537.36"
127.0.0.1 - - [18/Apr/2023:16:37:06 +0000] "GET / HTTP/1.1" 200 4263 "-" "curl/7.68.0"
172.18.0.1 - - [18/Apr/2023:16:37:07 +0000] "PUT /api/v1/layouts/643ebc2d180a343b72610039/pages/643ebc2d180a343b72610041?applicationId=643ebc26180a343b72610033 HTTP/1.1" 200 6471 "http://localhost:8080/app/healthheroappsmith/pharmacist-page-2-643ebc2d180a343b72610041/edit/widgets/u1m3qeip9o?branch=master" "Mozilla/5.0 (Macintosh; Intel Mac OS X 10_15_7) AppleWebKit/537.36 (KHTML, like Gecko) Chrome/112.0.0.0 Safari/537.36"
172.18.0.1 - - [18/Apr/2023:16:37:11 +0000] "PUT /api/v1/layouts/643ebc2d180a343b72610039/pages/643ebc2d180a343b72610041?applicationId=643ebc26180a343b72610033 HTTP/1.1" 200 6569 "http://localhost:8080/app/healthheroappsmith/pharmacist-page-2-643ebc2d180a343b72610041/edit/widgets/u1m3qeip9o?branch=master" "Mozilla/5.0 (Macintosh; Intel Mac OS X 10_15_7) AppleWebKit/537.36 (KHTML, like Gecko) Chrome/112.0.0.0 Safari/537.36"
172.18.0.1 - - [18/Apr/2023:16:37:13 +0000] "PUT /api/v1/layouts/643ebc2d180a343b72610039/pages/643ebc2d180a343b72610041?applicationId=643ebc26180a343b72610033 HTTP/1.1" 200 6571 "http://localhost:8080/app/healthheroappsmith/pharmacist-page-2-643ebc2d180a343b72610041/edit/widgets/ixr4c9haqj?branch=master" "Mozilla/5.0 (Macintosh; Intel Mac OS X 10_15_7) AppleWebKit/537.36 (KHTML, like Gecko) Chrome/112.0.0.0 Safari/537.36"
172.18.0.1 - - [18/Apr/2023:16:37:15 +0000] "PUT /api/v1/layouts/643ebc2d180a343b72610039/pages/643ebc2d180a343b72610041?applicationId=643ebc26180a343b72610033 HTTP/1.1" 200 6518 "http://localhost:8080/app/healthheroappsmith/pharmacist-page-2-643ebc2d180a343b72610041/edit/widgets/ixr4c9haqj?branch=master" "Mozilla/5.0 (Macintosh; Intel Mac OS X 10_15_7) AppleWebKit/537.36 (KHTML, like Gecko) Chrome/112.0.0.0 Safari/537.36"
172.18.0.1 - - [18/Apr/2023:16:37:17 +0000] "PUT /api/v1/layouts/643ebc2d180a343b72610039/pages/643ebc2d180a343b72610041?applicationId=643ebc26180a343b72610033 HTTP/1.1" 200 6400 "http://localhost:8080/app/healthheroappsmith/pharmacist-page-2-643ebc2d180a343b72610041/edit/widgets/ixr4c9haqj?branch=master" "Mozilla/5.0 (Macintosh; Intel Mac OS X 10_15_7) AppleWebKit/537.36 (KHTML, like Gecko) Chrome/112.0.0.0 Safari/537.36"
172.18.0.1 - - [18/Apr/2023:16:37:19 +0000] "PUT /api/v1/layouts/643ebc2d180a343b72610039/pages/643ebc2d180a343b72610041?applicationId=643ebc26180a343b72610033 HTTP/1.1" 200 6347 "http://localhost:8080/app/healthheroappsmith/pharmacist-page-2-643ebc2d180a343b72610041/edit/widgets/ixr4c9haqj?branch=master" "Mozilla/5.0 (Macintosh; Intel Mac OS X 10_15_7) AppleWebKit/537.36 (KHTML, like Gecko) Chrome/112.0.0.0 Safari/537.36"
172.18.0.1 - - [18/Apr/2023:16:37:21 +0000] "PUT /api/v1/layouts/643ebc2d180a343b72610039/pages/643ebc2d180a343b72610041?applicationId=643ebc26180a343b72610033 HTTP/1.1" 200 6343 "http://localhost:8080/app/healthheroappsmith/pharmacist-page-2-643ebc2d180a343b72610041/edit/widgets/ixr4c9haqj?branch=master" "Mozilla/5.0 (Macintosh; Intel Mac OS X 10_15_7) AppleWebKit/537.36 (KHTML, like Gecko) Chrome/112.0.0.0 Safari/537.36"
127.0.0.1 - - [18/Apr/2023:16:37:21 +0000] "GET / HTTP/1.1" 200 4263 "-" "curl/7.68.0"
172.18.0.1 - - [18/Apr/2023:16:37:23 +0000] "PUT /api/v1/layouts/643ebc2d180a343b72610039/pages/643ebc2d180a343b72610041?applicationId=643ebc26180a343b72610033 HTTP/1.1" 200 6355 "http://localhost:8080/app/healthheroappsmith/pharmacist-page-2-643ebc2d180a343b72610041/edit/widgets/ixr4c9haqj?branch=master" "Mozilla/5.0 (Macintosh; Intel Mac OS X 10_15_7) AppleWebKit/537.36 (KHTML, like Gecko) Chrome/112.0.0.0 Safari/537.36"
172.18.0.1 - - [18/Apr/2023:16:37:25 +0000] "PUT /api/v1/layouts/643ebc2d180a343b72610039/pages/643ebc2d180a343b72610041?applicationId=643ebc26180a343b72610033 HTTP/1.1" 200 6357 "http://localhost:8080/app/healthheroappsmith/pharmacist-page-2-643ebc2d180a343b72610041/edit?branch=master" "Mozilla/5.0 (Macintosh; Intel Mac OS X 10_15_7) AppleWebKit/537.36 (KHTML, like Gecko) Chrome/112.0.0.0 Safari/537.36"
127.0.0.1 - - [18/Apr/2023:16:37:37 +0000] "GET / HTTP/1.1" 200 4263 "-" "curl/7.68.0"
172.18.0.1 - - [18/Apr/2023:16:37:40 +0000] "PUT /api/v1/layouts/643ebc2d180a343b72610039/pages/643ebc2d180a343b72610041?applicationId=643ebc26180a343b72610033 HTTP/1.1" 200 6475 "http://localhost:8080/app/healthheroappsmith/pharmacist-page-2-643ebc2d180a343b72610041/edit/widgets/hvct850rpg?branch=master" "Mozilla/5.0 (Macintosh; Intel Mac OS X 10_15_7) AppleWebKit/537.36 (KHTML, like Gecko) Chrome/112.0.0.0 Safari/537.36"
172.18.0.1 - - [18/Apr/2023:16:37:42 +0000] "PUT /api/v1/layouts/643ebc2d180a343b72610039/pages/643ebc2d180a343b72610041?applicationId=643ebc26180a343b72610033 HTTP/1.1" 200 6541 "http://localhost:8080/app/healthheroappsmith/pharmacist-page-2-643ebc2d180a343b72610041/edit/widgets/f3837w8p63?branch=master" "Mozilla/5.0 (Macintosh; Intel Mac OS X 10_15_7) AppleWebKit/537.36 (KHTML, like Gecko) Chrome/112.0.0.0 Safari/537.36"
172.18.0.1 - - [18/Apr/2023:16:37:45 +0000] "PUT /api/v1/layouts/643ebc2d180a343b72610039/pages/643ebc2d180a343b72610041?applicationId=643ebc26180a343b72610033 HTTP/1.1" 200 6608 "http://localhost:8080/app/healthheroappsmith/pharmacist-page-2-643ebc2d180a343b72610041/edit/widgets/dmg9er0vfo?branch=master" "Mozilla/5.0 (Macintosh; Intel Mac OS X 10_15_7) AppleWebKit/537.36 (KHTML, like Gecko) Chrome/112.0.0.0 Safari/537.36"
172.18.0.1 - - [18/Apr/2023:16:37:48 +0000] "PUT /api/v1/layouts/643ebc2d180a343b72610039/pages/643ebc2d180a343b72610041?applicationId=643ebc26180a343b72610033 HTTP/1.1" 200 6683 "http://localhost:8080/app/healthheroappsmith/pharmacist-page-2-643ebc2d180a343b72610041/edit/widgets/kijl4vbclh?branch=master" "Mozilla/5.0 (Macintosh; Intel Mac OS X 10_15_7) AppleWebKit/537.36 (KHTML, like Gecko) Chrome/112.0.0.0 Safari/537.36"
172.18.0.1 - - [18/Apr/2023:16:37:52 +0000] "PUT /api/v1/layouts/643ebc2d180a343b72610039/pages/643ebc2d180a343b72610041?applicationId=643ebc26180a343b72610033 HTTP/1.1" 200 6645 "http://localhost:8080/app/healthheroappsmith/pharmacist-page-2-643ebc2d180a343b72610041/edit/widgets/ixr4c9haqj?branch=master" "Mozilla/5.0 (Macintosh; Intel Mac OS X 10_15_7) AppleWebKit/537.36 (KHTML, like Gecko) Chrome/112.0.0.0 Safari/537.36"
127.0.0.1 - - [18/Apr/2023:16:37:52 +0000] "GET / HTTP/1.1" 200 4263 "-" "curl/7.68.0"
172.18.0.1 - - [18/Apr/2023:16:37:55 +0000] "PUT /api/v1/layouts/643ebc2d180a343b72610039/pages/643ebc2d180a343b72610041?applicationId=643ebc26180a343b72610033 HTTP/1.1" 200 6688 "http://localhost:8080/app/healthheroappsmith/pharmacist-page-2-643ebc2d180a343b72610041/edit/widgets/ltendn9so4?branch=master" "Mozilla/5.0 (Macintosh; Intel Mac OS X 10_15_7) AppleWebKit/537.36 (KHTML, like Gecko) Chrome/112.0.0.0 Safari/537.36"
172.18.0.1 - - [18/Apr/2023:16:38:01 +0000] "PUT /api/v1/layouts/643ebc2d180a343b72610039/pages/643ebc2d180a343b72610041?applicationId=643ebc26180a343b72610033 HTTP/1.1" 200 6680 "http://localhost:8080/app/healthheroappsmith/pharmacist-page-2-643ebc2d180a343b72610041/edit/widgets/jk9cauxnpc?branch=master" "Mozilla/5.0 (Macintosh; Intel Mac OS X 10_15_7) AppleWebKit/537.36 (KHTML, like Gecko) Chrome/112.0.0.0 Safari/537.36"
172.18.0.1 - - [18/Apr/2023:16:38:02 +0000] "PUT /api/v1/layouts/643ebc2d180a343b72610039/pages/643ebc2d180a343b72610041?applicationId=643ebc26180a343b72610033 HTTP/1.1" 200 6685 "http://localhost:8080/app/healthheroappsmith/pharmacist-page-2-643ebc2d180a343b72610041/edit/widgets/jk9cauxnpc?branch=master" "Mozilla/5.0 (Macintosh; Intel Mac OS X 10_15_7) AppleWebKit/537.36 (KHTML, like Gecko) Chrome/112.0.0.0 Safari/537.36"
172.18.0.1 - - [18/Apr/2023:16:38:05 +0000] "PUT /api/v1/layouts/643ebc2d180a343b72610039/pages/643ebc2d180a343b72610041?applicationId=643ebc26180a343b72610033 HTTP/1.1" 200 6673 "http://localhost:8080/app/healthheroappsmith/pharmacist-page-2-643ebc2d180a343b72610041/edit?branch=master" "Mozilla/5.0 (Macintosh; Intel Mac OS X 10_15_7) AppleWebKit/537.36 (KHTML, like Gecko) Chrome/112.0.0.0 Safari/537.36"
127.0.0.1 - - [18/Apr/2023:16:38:08 +0000] "GET / HTTP/1.1" 200 4263 "-" "curl/7.68.0"
172.18.0.1 - - [18/Apr/2023:16:38:08 +0000] "PUT /api/v1/layouts/643ebc2d180a343b72610039/pages/643ebc2d180a343b72610041?applicationId=643ebc26180a343b72610033 HTTP/1.1" 200 6678 "http://localhost:8080/app/healthheroappsmith/pharmacist-page-2-643ebc2d180a343b72610041/edit/widgets/f3837w8p63?branch=master" "Mozilla/5.0 (Macintosh; Intel Mac OS X 10_15_7) AppleWebKit/537.36 (KHTML, like Gecko) Chrome/112.0.0.0 Safari/537.36"
172.18.0.1 - - [18/Apr/2023:16:38:15 +0000] "PUT /api/v1/layouts/refactor HTTP/1.1" 200 6685 "http://localhost:8080/app/healthheroappsmith/pharmacist-page-2-643ebc2d180a343b72610041/edit/widgets/hvct850rpg?branch=master" "Mozilla/5.0 (Macintosh; Intel Mac OS X 10_15_7) AppleWebKit/537.36 (KHTML, like Gecko) Chrome/112.0.0.0 Safari/537.36"
172.18.0.1 - - [18/Apr/2023:16:38:16 +0000] "GET /api/v1/collections/actions?pageId=643ebc2d180a343b72610041 HTTP/1.1" 200 101 "http://localhost:8080/app/healthheroappsmith/pharmacist-page-2-643ebc2d180a343b72610041/edit/widgets/hvct850rpg?branch=master" "Mozilla/5.0 (Macintosh; Intel Mac OS X 10_15_7) AppleWebKit/537.36 (KHTML, like Gecko) Chrome/112.0.0.0 Safari/537.36"
172.18.0.1 - - [18/Apr/2023:16:38:16 +0000] "GET /api/v1/actions?pageId=643ebc2d180a343b72610041 HTTP/1.1" 200 776 "http://localhost:8080/app/healthheroappsmith/pharmacist-page-2-643ebc2d180a343b72610041/edit/widgets/hvct850rpg?branch=master" "Mozilla/5.0 (Macintosh; Intel Mac OS X 10_15_7) AppleWebKit/537.36 (KHTML, like Gecko) Chrome/112.0.0.0 Safari/537.36"
172.18.0.1 - - [18/Apr/2023:16:38:18 +0000] "PUT /api/v1/layouts/643ebc2d180a343b72610039/pages/643ebc2d180a343b72610041?applicationId=643ebc26180a343b72610033 HTTP/1.1" 200 6715 "http://localhost:8080/app/healthheroappsmith/pharmacist-page-2-643ebc2d180a343b72610041/edit/widgets/hvct850rpg?branch=master" "Mozilla/5.0 (Macintosh; Intel Mac OS X 10_15_7) AppleWebKit/537.36 (KHTML, like Gecko) Chrome/112.0.0.0 Safari/537.36"
172.18.0.1 - - [18/Apr/2023:16:38:20 +0000] "PUT /api/v1/layouts/643ebc2d180a343b72610039/pages/643ebc2d180a343b72610041?applicationId=643ebc26180a343b72610033 HTTP/1.1" 200 6710 "http://localhost:8080/app/healthheroappsmith/pharmacist-page-2-643ebc2d180a343b72610041/edit/widgets/hvct850rpg?branch=master" "Mozilla/5.0 (Macintosh; Intel Mac OS X 10_15_7) AppleWebKit/537.36 (KHTML, like Gecko) Chrome/112.0.0.0 Safari/537.36"
172.18.0.1 - - [18/Apr/2023:16:38:21 +0000] "PUT /api/v1/layouts/643ebc2d180a343b72610039/pages/643ebc2d180a343b72610041?applicationId=643ebc26180a343b72610033 HTTP/1.1" 200 6708 "http://localhost:8080/app/healthheroappsmith/pharmacist-page-2-643ebc2d180a343b72610041/edit?branch=master" "Mozilla/5.0 (Macintosh; Intel Mac OS X 10_15_7) AppleWebKit/537.36 (KHTML, like Gecko) Chrome/112.0.0.0 Safari/537.36"
127.0.0.1 - - [18/Apr/2023:16:38:23 +0000] "GET / HTTP/1.1" 200 4263 "-" "curl/7.68.0"
172.18.0.1 - - [18/Apr/2023:16:38:28 +0000] "PUT /api/v1/layouts/refactor HTTP/1.1" 200 6702 "http://localhost:8080/app/healthheroappsmith/pharmacist-page-2-643ebc2d180a343b72610041/edit/widgets/f3837w8p63?branch=master" "Mozilla/5.0 (Macintosh; Intel Mac OS X 10_15_7) AppleWebKit/537.36 (KHTML, like Gecko) Chrome/112.0.0.0 Safari/537.36"
172.18.0.1 - - [18/Apr/2023:16:38:28 +0000] "GET /api/v1/collections/actions?pageId=643ebc2d180a343b72610041 HTTP/1.1" 200 101 "http://localhost:8080/app/healthheroappsmith/pharmacist-page-2-643ebc2d180a343b72610041/edit/widgets/f3837w8p63?branch=master" "Mozilla/5.0 (Macintosh; Intel Mac OS X 10_15_7) AppleWebKit/537.36 (KHTML, like Gecko) Chrome/112.0.0.0 Safari/537.36"
172.18.0.1 - - [18/Apr/2023:16:38:28 +0000] "GET /api/v1/actions?pageId=643ebc2d180a343b72610041 HTTP/1.1" 200 775 "http://localhost:8080/app/healthheroappsmith/pharmacist-page-2-643ebc2d180a343b72610041/edit/widgets/f3837w8p63?branch=master" "Mozilla/5.0 (Macintosh; Intel Mac OS X 10_15_7) AppleWebKit/537.36 (KHTML, like Gecko) Chrome/112.0.0.0 Safari/537.36"
172.18.0.1 - - [18/Apr/2023:16:38:30 +0000] "PUT /api/v1/layouts/643ebc2d180a343b72610039/pages/643ebc2d180a343b72610041?applicationId=643ebc26180a343b72610033 HTTP/1.1" 200 6729 "http://localhost:8080/app/healthheroappsmith/pharmacist-page-2-643ebc2d180a343b72610041/edit/widgets/f3837w8p63?branch=master" "Mozilla/5.0 (Macintosh; Intel Mac OS X 10_15_7) AppleWebKit/537.36 (KHTML, like Gecko) Chrome/112.0.0.0 Safari/537.36"
