172.20.0.1 - - [18/Apr/2023:23:53:11 +0000] "GET /api/v1/pages/643f284afbcecc56f0478b53 HTTP/1.1" 200 5805 "http://localhost:8080/app/healthheroappsmith-2/pharmacist-page-1-643f284afbcecc56f0478b53/edit?branch=master" "Mozilla/5.0 (Macintosh; Intel Mac OS X 10_15_7) AppleWebKit/537.36 (KHTML, like Gecko) Chrome/112.0.0.0 Safari/537.36"
127.0.0.1 - - [18/Apr/2023:23:53:13 +0000] "GET / HTTP/1.1" 200 4263 "-" "curl/7.68.0"
172.20.0.1 - - [18/Apr/2023:23:53:18 +0000] "PUT /api/v1/layouts/643f2849fbcecc56f0478b52/pages/643f284afbcecc56f0478b53?applicationId=643f2841fbcecc56f0478b4b HTTP/1.1" 200 5662 "http://localhost:8080/app/healthheroappsmith-2/pharmacist-page-1-643f284afbcecc56f0478b53/edit/widgets/j4zeaixtst?branch=master" "Mozilla/5.0 (Macintosh; Intel Mac OS X 10_15_7) AppleWebKit/537.36 (KHTML, like Gecko) Chrome/112.0.0.0 Safari/537.36"
172.20.0.1 - - [18/Apr/2023:23:53:23 +0000] "PUT /api/v1/layouts/643f2849fbcecc56f0478b52/pages/643f284afbcecc56f0478b53?applicationId=643f2841fbcecc56f0478b4b HTTP/1.1" 200 5624 "http://localhost:8080/app/healthheroappsmith-2/pharmacist-page-1-643f284afbcecc56f0478b53/edit/widgets/j4zeaixtst?branch=master" "Mozilla/5.0 (Macintosh; Intel Mac OS X 10_15_7) AppleWebKit/537.36 (KHTML, like Gecko) Chrome/112.0.0.0 Safari/537.36"
172.20.0.1 - - [18/Apr/2023:23:53:25 +0000] "GET /api/v1/pages/643f284afbcecc56f0478b56 HTTP/1.1" 200 7087 "http://localhost:8080/app/healthheroappsmith-2/pharmacist-page-2-643f284afbcecc56f0478b56/edit?branch=master" "Mozilla/5.0 (Macintosh; Intel Mac OS X 10_15_7) AppleWebKit/537.36 (KHTML, like Gecko) Chrome/112.0.0.0 Safari/537.36"
172.20.0.1 - - [18/Apr/2023:23:53:27 +0000] "GET /api/v1/pages/643f284afbcecc56f0478b53 HTTP/1.1" 200 5808 "http://localhost:8080/app/healthheroappsmith-2/pharmacist-page-1-643f284afbcecc56f0478b53/edit?branch=master" "Mozilla/5.0 (Macintosh; Intel Mac OS X 10_15_7) AppleWebKit/537.36 (KHTML, like Gecko) Chrome/112.0.0.0 Safari/537.36"
127.0.0.1 - - [18/Apr/2023:23:53:29 +0000] "GET / HTTP/1.1" 200 4263 "-" "curl/7.68.0"
172.20.0.1 - - [18/Apr/2023:23:53:31 +0000] "GET /api/v1/pages/643f284afbcecc56f0478b56 HTTP/1.1" 200 7087 "http://localhost:8080/app/healthheroappsmith-2/pharmacist-page-2-643f284afbcecc56f0478b56/edit?branch=master" "Mozilla/5.0 (Macintosh; Intel Mac OS X 10_15_7) AppleWebKit/537.36 (KHTML, like Gecko) Chrome/112.0.0.0 Safari/537.36"
172.20.0.1 - - [18/Apr/2023:23:53:41 +0000] "PUT /api/v1/layouts/643f2849fbcecc56f0478b51/pages/643f284afbcecc56f0478b56?applicationId=643f2841fbcecc56f0478b4b HTTP/1.1" 200 6922 "http://localhost:8080/app/healthheroappsmith-2/pharmacist-page-2-643f284afbcecc56f0478b56/edit/widgets/bzvi30o4gs?branch=master" "Mozilla/5.0 (Macintosh; Intel Mac OS X 10_15_7) AppleWebKit/537.36 (KHTML, like Gecko) Chrome/112.0.0.0 Safari/537.36"
172.20.0.1 - - [18/Apr/2023:23:53:42 +0000] "PUT /api/v1/layouts/643f2849fbcecc56f0478b51/pages/643f284afbcecc56f0478b56?applicationId=643f2841fbcecc56f0478b4b HTTP/1.1" 200 6922 "http://localhost:8080/app/healthheroappsmith-2/pharmacist-page-2-643f284afbcecc56f0478b56/edit/widgets/bzvi30o4gs?branch=master" "Mozilla/5.0 (Macintosh; Intel Mac OS X 10_15_7) AppleWebKit/537.36 (KHTML, like Gecko) Chrome/112.0.0.0 Safari/537.36"
172.20.0.1 - - [18/Apr/2023:23:53:42 +0000] "PUT /api/v1/layouts/643f2849fbcecc56f0478b51/pages/643f284afbcecc56f0478b56?applicationId=643f2841fbcecc56f0478b4b HTTP/1.1" 200 6922 "http://localhost:8080/app/healthheroappsmith-2/pharmacist-page-2-643f284afbcecc56f0478b56/edit/widgets/bzvi30o4gs?branch=master" "Mozilla/5.0 (Macintosh; Intel Mac OS X 10_15_7) AppleWebKit/537.36 (KHTML, like Gecko) Chrome/112.0.0.0 Safari/537.36"
172.20.0.1 - - [18/Apr/2023:23:53:43 +0000] "PUT /api/v1/layouts/643f2849fbcecc56f0478b51/pages/643f284afbcecc56f0478b56?applicationId=643f2841fbcecc56f0478b4b HTTP/1.1" 200 6922 "http://localhost:8080/app/healthheroappsmith-2/pharmacist-page-2-643f284afbcecc56f0478b56/edit/widgets/bzvi30o4gs?branch=master" "Mozilla/5.0 (Macintosh; Intel Mac OS X 10_15_7) AppleWebKit/537.36 (KHTML, like Gecko) Chrome/112.0.0.0 Safari/537.36"
127.0.0.1 - - [18/Apr/2023:23:53:44 +0000] "GET / HTTP/1.1" 200 4263 "-" "curl/7.68.0"
172.20.0.1 - - [18/Apr/2023:23:53:50 +0000] "GET /api/v1/pages/643f284afbcecc56f0478b53 HTTP/1.1" 200 5808 "http://localhost:8080/app/healthheroappsmith-2/pharmacist-page-1-643f284afbcecc56f0478b53/edit?branch=master" "Mozilla/5.0 (Macintosh; Intel Mac OS X 10_15_7) AppleWebKit/537.36 (KHTML, like Gecko) Chrome/112.0.0.0 Safari/537.36"
172.20.0.1 - - [18/Apr/2023:23:53:56 +0000] "PUT /api/v1/layouts/643f2849fbcecc56f0478b52/pages/643f284afbcecc56f0478b53?applicationId=643f2841fbcecc56f0478b4b HTTP/1.1" 200 5622 "http://localhost:8080/app/healthheroappsmith-2/pharmacist-page-1-643f284afbcecc56f0478b53/edit/widgets/j4zeaixtst?branch=master" "Mozilla/5.0 (Macintosh; Intel Mac OS X 10_15_7) AppleWebKit/537.36 (KHTML, like Gecko) Chrome/112.0.0.0 Safari/537.36"
127.0.0.1 - - [18/Apr/2023:23:53:59 +0000] "GET / HTTP/1.1" 200 4263 "-" "curl/7.68.0"
172.20.0.1 - - [18/Apr/2023:23:53:59 +0000] "GET /api/v1/pages/643f284afbcecc56f0478b56 HTTP/1.1" 200 7084 "http://localhost:8080/app/healthheroappsmith-2/pharmacist-page-2-643f284afbcecc56f0478b56/edit?branch=master" "Mozilla/5.0 (Macintosh; Intel Mac OS X 10_15_7) AppleWebKit/537.36 (KHTML, like Gecko) Chrome/112.0.0.0 Safari/537.36"
172.20.0.1 - - [18/Apr/2023:23:54:08 +0000] "GET /api/v1/pages/643f284afbcecc56f0478b54 HTTP/1.1" 200 2399 "http://localhost:8080/app/healthheroappsmith-2/welcome-page-643f284afbcecc56f0478b54/edit?branch=master" "Mozilla/5.0 (Macintosh; Intel Mac OS X 10_15_7) AppleWebKit/537.36 (KHTML, like Gecko) Chrome/112.0.0.0 Safari/537.36"
172.20.0.1 - - [18/Apr/2023:23:54:12 +0000] "PUT /api/v1/layouts/643f2849fbcecc56f0478b4f/pages/643f284afbcecc56f0478b54?applicationId=643f2841fbcecc56f0478b4b HTTP/1.1" 200 2264 "http://localhost:8080/app/healthheroappsmith-2/welcome-page-643f284afbcecc56f0478b54/edit/widgets/nxq271jlwn?branch=master" "Mozilla/5.0 (Macintosh; Intel Mac OS X 10_15_7) AppleWebKit/537.36 (KHTML, like Gecko) Chrome/112.0.0.0 Safari/537.36"
172.20.0.1 - - [18/Apr/2023:23:54:14 +0000] "PUT /api/v1/layouts/643f2849fbcecc56f0478b4f/pages/643f284afbcecc56f0478b54?applicationId=643f2841fbcecc56f0478b4b HTTP/1.1" 200 2264 "http://localhost:8080/app/healthheroappsmith-2/welcome-page-643f284afbcecc56f0478b54/edit/widgets/u6fupjk2r3?branch=master" "Mozilla/5.0 (Macintosh; Intel Mac OS X 10_15_7) AppleWebKit/537.36 (KHTML, like Gecko) Chrome/112.0.0.0 Safari/537.36"
172.20.0.1 - - [18/Apr/2023:23:54:14 +0000] "POST /api/v1/usage-pulse HTTP/1.1" 201 76 "http://localhost:8080/app/healthheroappsmith-2/welcome-page-643f284afbcecc56f0478b54/edit/widgets/u6fupjk2r3?branch=master" "Mozilla/5.0 (Macintosh; Intel Mac OS X 10_15_7) AppleWebKit/537.36 (KHTML, like Gecko) Chrome/112.0.0.0 Safari/537.36"
127.0.0.1 - - [18/Apr/2023:23:54:15 +0000] "GET / HTTP/1.1" 200 4263 "-" "curl/7.68.0"
172.20.0.1 - - [18/Apr/2023:23:54:16 +0000] "PUT /api/v1/layouts/643f2849fbcecc56f0478b4f/pages/643f284afbcecc56f0478b54?applicationId=643f2841fbcecc56f0478b4b HTTP/1.1" 200 2254 "http://localhost:8080/app/healthheroappsmith-2/welcome-page-643f284afbcecc56f0478b54/edit?branch=master" "Mozilla/5.0 (Macintosh; Intel Mac OS X 10_15_7) AppleWebKit/537.36 (KHTML, like Gecko) Chrome/112.0.0.0 Safari/537.36"
172.20.0.1 - - [18/Apr/2023:23:54:17 +0000] "GET /api/v1/pages/643f284afbcecc56f0478b55 HTTP/1.1" 200 6278 "http://localhost:8080/app/healthheroappsmith-2/doctor-page-1-643f284afbcecc56f0478b55/edit?branch=master" "Mozilla/5.0 (Macintosh; Intel Mac OS X 10_15_7) AppleWebKit/537.36 (KHTML, like Gecko) Chrome/112.0.0.0 Safari/537.36"
127.0.0.1 - - [18/Apr/2023:23:54:30 +0000] "GET / HTTP/1.1" 200 4263 "-" "curl/7.68.0"
172.20.0.1 - - [18/Apr/2023:23:54:32 +0000] "POST /api/v1/actions/execute HTTP/1.1" 200 6855 "http://localhost:8080/app/healthheroappsmith-2/doctor-page-1-643f284afbcecc56f0478b55/edit/widgets/9whdqzdr0a?branch=master" "Mozilla/5.0 (Macintosh; Intel Mac OS X 10_15_7) AppleWebKit/537.36 (KHTML, like Gecko) Chrome/112.0.0.0 Safari/537.36"
172.20.0.1 - - [18/Apr/2023:23:54:45 +0000] "PUT /api/v1/layouts/643f2849fbcecc56f0478b4c/pages/643f284afbcecc56f0478b55?applicationId=643f2841fbcecc56f0478b4b HTTP/1.1" 200 6074 "http://localhost:8080/app/healthheroappsmith-2/doctor-page-1-643f284afbcecc56f0478b55/edit/widgets/9whdqzdr0a?branch=master" "Mozilla/5.0 (Macintosh; Intel Mac OS X 10_15_7) AppleWebKit/537.36 (KHTML, like Gecko) Chrome/112.0.0.0 Safari/537.36"
127.0.0.1 - - [18/Apr/2023:23:54:45 +0000] "GET / HTTP/1.1" 200 4263 "-" "curl/7.68.0"
172.20.0.1 - - [18/Apr/2023:23:54:48 +0000] "POST /api/v1/actions/execute HTTP/1.1" 200 4054 "http://localhost:8080/app/healthheroappsmith-2/doctor-page-1-643f284afbcecc56f0478b55/edit/widgets/cdzm2g9diu?branch=master" "Mozilla/5.0 (Macintosh; Intel Mac OS X 10_15_7) AppleWebKit/537.36 (KHTML, like Gecko) Chrome/112.0.0.0 Safari/537.36"
172.20.0.1 - - [18/Apr/2023:23:54:55 +0000] "PUT /api/v1/layouts/643f2849fbcecc56f0478b4c/pages/643f284afbcecc56f0478b55?applicationId=643f2841fbcecc56f0478b4b HTTP/1.1" 200 6072 "http://localhost:8080/app/healthheroappsmith-2/doctor-page-1-643f284afbcecc56f0478b55/edit/widgets/cdzm2g9diu?branch=master" "Mozilla/5.0 (Macintosh; Intel Mac OS X 10_15_7) AppleWebKit/537.36 (KHTML, like Gecko) Chrome/112.0.0.0 Safari/537.36"
172.20.0.1 - - [18/Apr/2023:23:54:56 +0000] "POST /api/v1/actions/execute HTTP/1.1" 200 4088 "http://localhost:8080/app/healthheroappsmith-2/doctor-page-1-643f284afbcecc56f0478b55/edit/widgets/84iebf5znr?branch=master" "Mozilla/5.0 (Macintosh; Intel Mac OS X 10_15_7) AppleWebKit/537.36 (KHTML, like Gecko) Chrome/112.0.0.0 Safari/537.36"
127.0.0.1 - - [18/Apr/2023:23:55:01 +0000] "GET / HTTP/1.1" 200 4263 "-" "curl/7.68.0"
172.20.0.1 - - [18/Apr/2023:23:55:01 +0000] "PUT /api/v1/layouts/643f2849fbcecc56f0478b4c/pages/643f284afbcecc56f0478b55?applicationId=643f2841fbcecc56f0478b4b HTTP/1.1" 200 6069 "http://localhost:8080/app/healthheroappsmith-2/doctor-page-1-643f284afbcecc56f0478b55/edit?branch=master" "Mozilla/5.0 (Macintosh; Intel Mac OS X 10_15_7) AppleWebKit/537.36 (KHTML, like Gecko) Chrome/112.0.0.0 Safari/537.36"
172.20.0.1 - - [18/Apr/2023:23:55:04 +0000] "POST /api/v1/actions/execute HTTP/1.1" 200 4090 "http://localhost:8080/app/healthheroappsmith-2/doctor-page-1-643f284afbcecc56f0478b55/edit/widgets/86yfria7jc?branch=master" "Mozilla/5.0 (Macintosh; Intel Mac OS X 10_15_7) AppleWebKit/537.36 (KHTML, like Gecko) Chrome/112.0.0.0 Safari/537.36"
172.20.0.1 - - [18/Apr/2023:23:55:10 +0000] "PUT /api/v1/layouts/643f2849fbcecc56f0478b4c/pages/643f284afbcecc56f0478b55?applicationId=643f2841fbcecc56f0478b4b HTTP/1.1" 200 6060 "http://localhost:8080/app/healthheroappsmith-2/doctor-page-1-643f284afbcecc56f0478b55/edit/widgets/86yfria7jc?branch=master" "Mozilla/5.0 (Macintosh; Intel Mac OS X 10_15_7) AppleWebKit/537.36 (KHTML, like Gecko) Chrome/112.0.0.0 Safari/537.36"
127.0.0.1 - - [18/Apr/2023:23:55:16 +0000] "GET / HTTP/1.1" 200 4263 "-" "curl/7.68.0"
172.20.0.1 - - [18/Apr/2023:23:55:22 +0000] "GET /api/v1/pages/643f284afbcecc56f0478b58 HTTP/1.1" 200 8612 "http://localhost:8080/app/healthheroappsmith-2/doctor-page-2-643f284afbcecc56f0478b58/edit?branch=master" "Mozilla/5.0 (Macintosh; Intel Mac OS X 10_15_7) AppleWebKit/537.36 (KHTML, like Gecko) Chrome/112.0.0.0 Safari/537.36"
172.20.0.1 - - [18/Apr/2023:23:55:23 +0000] "POST /api/v1/actions/execute HTTP/1.1" 200 7574 "http://localhost:8080/app/healthheroappsmith-2/doctor-page-2-643f284afbcecc56f0478b58/edit/widgets/yg2jbqckq0?branch=master" "Mozilla/5.0 (Macintosh; Intel Mac OS X 10_15_7) AppleWebKit/537.36 (KHTML, like Gecko) Chrome/112.0.0.0 Safari/537.36"
172.20.0.1 - - [18/Apr/2023:23:55:31 +0000] "PUT /api/v1/layouts/643f2849fbcecc56f0478b4e/pages/643f284afbcecc56f0478b58?applicationId=643f2841fbcecc56f0478b4b HTTP/1.1" 200 8442 "http://localhost:8080/app/healthheroappsmith-2/doctor-page-2-643f284afbcecc56f0478b58/edit/widgets/66a2hxpzrk?branch=master" "Mozilla/5.0 (Macintosh; Intel Mac OS X 10_15_7) AppleWebKit/537.36 (KHTML, like Gecko) Chrome/112.0.0.0 Safari/537.36"
127.0.0.1 - - [18/Apr/2023:23:55:31 +0000] "GET / HTTP/1.1" 200 4263 "-" "curl/7.68.0"
172.20.0.1 - - [18/Apr/2023:23:55:41 +0000] "PUT /api/v1/layouts/643f2849fbcecc56f0478b4e/pages/643f284afbcecc56f0478b58?applicationId=643f2841fbcecc56f0478b4b HTTP/1.1" 200 8447 "http://localhost:8080/app/healthheroappsmith-2/doctor-page-2-643f284afbcecc56f0478b58/edit?branch=master" "Mozilla/5.0 (Macintosh; Intel Mac OS X 10_15_7) AppleWebKit/537.36 (KHTML, like Gecko) Chrome/112.0.0.0 Safari/537.36"
127.0.0.1 - - [18/Apr/2023:23:55:47 +0000] "GET / HTTP/1.1" 200 4263 "-" "curl/7.68.0"
172.20.0.1 - - [18/Apr/2023:23:55:50 +0000] "PUT /api/v1/layouts/643f2849fbcecc56f0478b4e/pages/643f284afbcecc56f0478b58?applicationId=643f2841fbcecc56f0478b4b HTTP/1.1" 200 8422 "http://localhost:8080/app/healthheroappsmith-2/doctor-page-2-643f284afbcecc56f0478b58/edit/widgets/n1k9bwlfxo?branch=master" "Mozilla/5.0 (Macintosh; Intel Mac OS X 10_15_7) AppleWebKit/537.36 (KHTML, like Gecko) Chrome/112.0.0.0 Safari/537.36"
172.20.0.1 - - [18/Apr/2023:23:55:57 +0000] "PUT /api/v1/layouts/643f2849fbcecc56f0478b4e/pages/643f284afbcecc56f0478b58?applicationId=643f2841fbcecc56f0478b4b HTTP/1.1" 200 8424 "http://localhost:8080/app/healthheroappsmith-2/doctor-page-2-643f284afbcecc56f0478b58/edit?branch=master" "Mozilla/5.0 (Macintosh; Intel Mac OS X 10_15_7) AppleWebKit/537.36 (KHTML, like Gecko) Chrome/112.0.0.0 Safari/537.36"
127.0.0.1 - - [18/Apr/2023:23:56:02 +0000] "GET / HTTP/1.1" 200 4263 "-" "curl/7.68.0"
172.20.0.1 - - [18/Apr/2023:23:56:03 +0000] "PUT /api/v1/layouts/643f2849fbcecc56f0478b4e/pages/643f284afbcecc56f0478b58?applicationId=643f2841fbcecc56f0478b4b HTTP/1.1" 200 8393 "http://localhost:8080/app/healthheroappsmith-2/doctor-page-2-643f284afbcecc56f0478b58/edit?branch=master" "Mozilla/5.0 (Macintosh; Intel Mac OS X 10_15_7) AppleWebKit/537.36 (KHTML, like Gecko) Chrome/112.0.0.0 Safari/537.36"
172.20.0.1 - - [18/Apr/2023:23:56:07 +0000] "GET /api/v1/pages/643f284afbcecc56f0478b54 HTTP/1.1" 200 2396 "http://localhost:8080/app/healthheroappsmith-2/welcome-page-643f284afbcecc56f0478b54/edit?branch=master" "Mozilla/5.0 (Macintosh; Intel Mac OS X 10_15_7) AppleWebKit/537.36 (KHTML, like Gecko) Chrome/112.0.0.0 Safari/537.36"
172.20.0.1 - - [18/Apr/2023:23:56:09 +0000] "GET /api/v1/pages/643f284afbcecc56f0478b57 HTTP/1.1" 200 6896 "http://localhost:8080/app/healthheroappsmith-2/patient-page-1-643f284afbcecc56f0478b57/edit?branch=master" "Mozilla/5.0 (Macintosh; Intel Mac OS X 10_15_7) AppleWebKit/537.36 (KHTML, like Gecko) Chrome/112.0.0.0 Safari/537.36"
127.0.0.1 - - [18/Apr/2023:23:56:17 +0000] "GET / HTTP/1.1" 200 4263 "-" "curl/7.68.0"
172.20.0.1 - - [18/Apr/2023:23:56:18 +0000] "PUT /api/v1/layouts/643f2849fbcecc56f0478b50/pages/643f284afbcecc56f0478b57?applicationId=643f2841fbcecc56f0478b4b HTTP/1.1" 200 6605 "http://localhost:8080/app/healthheroappsmith-2/patient-page-1-643f284afbcecc56f0478b57/edit/widgets/e9vi3uhzrq?branch=master" "Mozilla/5.0 (Macintosh; Intel Mac OS X 10_15_7) AppleWebKit/537.36 (KHTML, like Gecko) Chrome/112.0.0.0 Safari/537.36"
172.20.0.1 - - [18/Apr/2023:23:56:25 +0000] "PUT /api/v1/layouts/643f2849fbcecc56f0478b50/pages/643f284afbcecc56f0478b57?applicationId=643f2841fbcecc56f0478b4b HTTP/1.1" 200 6647 "http://localhost:8080/app/healthheroappsmith-2/patient-page-1-643f284afbcecc56f0478b57/edit?branch=master" "Mozilla/5.0 (Macintosh; Intel Mac OS X 10_15_7) AppleWebKit/537.36 (KHTML, like Gecko) Chrome/112.0.0.0 Safari/537.36"
127.0.0.1 - - [18/Apr/2023:23:56:32 +0000] "GET / HTTP/1.1" 200 4263 "-" "curl/7.68.0"
172.20.0.1 - - [18/Apr/2023:23:56:33 +0000] "PUT /api/v1/layouts/643f2849fbcecc56f0478b50/pages/643f284afbcecc56f0478b57?applicationId=643f2841fbcecc56f0478b4b HTTP/1.1" 200 6610 "http://localhost:8080/app/healthheroappsmith-2/patient-page-1-643f284afbcecc56f0478b57/edit/widgets/ugglh6nnip?branch=master" "Mozilla/5.0 (Macintosh; Intel Mac OS X 10_15_7) AppleWebKit/537.36 (KHTML, like Gecko) Chrome/112.0.0.0 Safari/537.36"
172.20.0.1 - - [18/Apr/2023:23:56:41 +0000] "PUT /api/v1/layouts/643f2849fbcecc56f0478b50/pages/643f284afbcecc56f0478b57?applicationId=643f2841fbcecc56f0478b4b HTTP/1.1" 200 6609 "http://localhost:8080/app/healthheroappsmith-2/patient-page-1-643f284afbcecc56f0478b57/edit/widgets/uky7ov3ijp?branch=master" "Mozilla/5.0 (Macintosh; Intel Mac OS X 10_15_7) AppleWebKit/537.36 (KHTML, like Gecko) Chrome/112.0.0.0 Safari/537.36"
172.20.0.1 - - [18/Apr/2023:23:56:47 +0000] "PUT /api/v1/layouts/643f2849fbcecc56f0478b50/pages/643f284afbcecc56f0478b57?applicationId=643f2841fbcecc56f0478b4b HTTP/1.1" 200 6635 "http://localhost:8080/app/healthheroappsmith-2/patient-page-1-643f284afbcecc56f0478b57/edit/widgets/rjopdexk0u?branch=master" "Mozilla/5.0 (Macintosh; Intel Mac OS X 10_15_7) AppleWebKit/537.36 (KHTML, like Gecko) Chrome/112.0.0.0 Safari/537.36"
127.0.0.1 - - [18/Apr/2023:23:56:48 +0000] "GET / HTTP/1.1" 200 4263 "-" "curl/7.68.0"
172.20.0.1 - - [18/Apr/2023:23:56:59 +0000] "GET /api/v1/pages/643f284afbcecc56f0478b54 HTTP/1.1" 200 2396 "http://localhost:8080/app/healthheroappsmith-2/welcome-page-643f284afbcecc56f0478b54/edit?branch=master" "Mozilla/5.0 (Macintosh; Intel Mac OS X 10_15_7) AppleWebKit/537.36 (KHTML, like Gecko) Chrome/112.0.0.0 Safari/537.36"
172.20.0.1 - - [18/Apr/2023:23:57:01 +0000] "GET /api/v1/pages/643f284afbcecc56f0478b55 HTTP/1.1" 200 6230 "http://localhost:8080/app/healthheroappsmith-2/doctor-page-1-643f284afbcecc56f0478b55/edit?branch=master" "Mozilla/5.0 (Macintosh; Intel Mac OS X 10_15_7) AppleWebKit/537.36 (KHTML, like Gecko) Chrome/112.0.0.0 Safari/537.36"
127.0.0.1 - - [18/Apr/2023:23:57:03 +0000] "GET / HTTP/1.1" 200 4263 "-" "curl/7.68.0"
172.20.0.1 - - [18/Apr/2023:23:57:05 +0000] "GET /api/v1/pages/643f284afbcecc56f0478b58 HTTP/1.1" 200 8582 "http://localhost:8080/app/healthheroappsmith-2/doctor-page-2-643f284afbcecc56f0478b58/edit?branch=master" "Mozilla/5.0 (Macintosh; Intel Mac OS X 10_15_7) AppleWebKit/537.36 (KHTML, like Gecko) Chrome/112.0.0.0 Safari/537.36"
172.20.0.1 - - [18/Apr/2023:23:57:06 +0000] "POST /api/v1/actions/execute HTTP/1.1" 200 7572 "http://localhost:8080/app/healthheroappsmith-2/doctor-page-2-643f284afbcecc56f0478b58/edit/widgets/yg2jbqckq0?branch=master" "Mozilla/5.0 (Macintosh; Intel Mac OS X 10_15_7) AppleWebKit/537.36 (KHTML, like Gecko) Chrome/112.0.0.0 Safari/537.36"
172.20.0.1 - - [18/Apr/2023:23:57:11 +0000] "GET /api/v1/pages/643f284afbcecc56f0478b54 HTTP/1.1" 200 2396 "http://localhost:8080/app/healthheroappsmith-2/welcome-page-643f284afbcecc56f0478b54/edit?branch=master" "Mozilla/5.0 (Macintosh; Intel Mac OS X 10_15_7) AppleWebKit/537.36 (KHTML, like Gecko) Chrome/112.0.0.0 Safari/537.36"
172.20.0.1 - - [18/Apr/2023:23:57:13 +0000] "GET /api/v1/pages/643f284afbcecc56f0478b57 HTTP/1.1" 200 6821 "http://localhost:8080/app/healthheroappsmith-2/patient-page-1-643f284afbcecc56f0478b57/edit?branch=master" "Mozilla/5.0 (Macintosh; Intel Mac OS X 10_15_7) AppleWebKit/537.36 (KHTML, like Gecko) Chrome/112.0.0.0 Safari/537.36"
172.20.0.1 - - [18/Apr/2023:23:57:16 +0000] "GET /api/v1/pages/643f284afbcecc56f0478b59 HTTP/1.1" 200 5745 "http://localhost:8080/app/healthheroappsmith-2/patient-page-2-643f284afbcecc56f0478b59/edit?branch=master" "Mozilla/5.0 (Macintosh; Intel Mac OS X 10_15_7) AppleWebKit/537.36 (KHTML, like Gecko) Chrome/112.0.0.0 Safari/537.36"
127.0.0.1 - - [18/Apr/2023:23:57:18 +0000] "GET / HTTP/1.1" 200 4263 "-" "curl/7.68.0"
127.0.0.1 - - [18/Apr/2023:23:57:34 +0000] "GET / HTTP/1.1" 200 4263 "-" "curl/7.68.0"
172.20.0.1 - - [18/Apr/2023:23:57:45 +0000] "PUT /api/v1/layouts/643f2849fbcecc56f0478b4d/pages/643f284afbcecc56f0478b59?applicationId=643f2841fbcecc56f0478b4b HTTP/1.1" 200 5972 "http://localhost:8080/app/healthheroappsmith-2/patient-page-2-643f284afbcecc56f0478b59/edit/widgets/pt0xynjoyq?branch=master" "Mozilla/5.0 (Macintosh; Intel Mac OS X 10_15_7) AppleWebKit/537.36 (KHTML, like Gecko) Chrome/112.0.0.0 Safari/537.36"
172.20.0.1 - - [18/Apr/2023:23:57:48 +0000] "PUT /api/v1/layouts/643f2849fbcecc56f0478b4d/pages/643f284afbcecc56f0478b59?applicationId=643f2841fbcecc56f0478b4b HTTP/1.1" 200 5939 "http://localhost:8080/app/healthheroappsmith-2/patient-page-2-643f284afbcecc56f0478b59/edit/widgets/pt0xynjoyq?branch=master" "Mozilla/5.0 (Macintosh; Intel Mac OS X 10_15_7) AppleWebKit/537.36 (KHTML, like Gecko) Chrome/112.0.0.0 Safari/537.36"
127.0.0.1 - - [18/Apr/2023:23:57:49 +0000] "GET / HTTP/1.1" 200 4263 "-" "curl/7.68.0"
172.20.0.1 - - [18/Apr/2023:23:57:49 +0000] "PUT /api/v1/layouts/643f2849fbcecc56f0478b4d/pages/643f284afbcecc56f0478b59?applicationId=643f2841fbcecc56f0478b4b HTTP/1.1" 200 5938 "http://localhost:8080/app/healthheroappsmith-2/patient-page-2-643f284afbcecc56f0478b59/edit/widgets/pt0xynjoyq?branch=master" "Mozilla/5.0 (Macintosh; Intel Mac OS X 10_15_7) AppleWebKit/537.36 (KHTML, like Gecko) Chrome/112.0.0.0 Safari/537.36"
172.20.0.1 - - [18/Apr/2023:23:57:51 +0000] "PUT /api/v1/layouts/643f2849fbcecc56f0478b4d/pages/643f284afbcecc56f0478b59?applicationId=643f2841fbcecc56f0478b4b HTTP/1.1" 200 5944 "http://localhost:8080/app/healthheroappsmith-2/patient-page-2-643f284afbcecc56f0478b59/edit/widgets/pt0xynjoyq?branch=master" "Mozilla/5.0 (Macintosh; Intel Mac OS X 10_15_7) AppleWebKit/537.36 (KHTML, like Gecko) Chrome/112.0.0.0 Safari/537.36"
172.20.0.1 - - [18/Apr/2023:23:57:53 +0000] "PUT /api/v1/layouts/643f2849fbcecc56f0478b4d/pages/643f284afbcecc56f0478b59?applicationId=643f2841fbcecc56f0478b4b HTTP/1.1" 200 5940 "http://localhost:8080/app/healthheroappsmith-2/patient-page-2-643f284afbcecc56f0478b59/edit/widgets/pt0xynjoyq?branch=master" "Mozilla/5.0 (Macintosh; Intel Mac OS X 10_15_7) AppleWebKit/537.36 (KHTML, like Gecko) Chrome/112.0.0.0 Safari/537.36"
172.20.0.1 - - [18/Apr/2023:23:57:54 +0000] "PUT /api/v1/layouts/643f2849fbcecc56f0478b4d/pages/643f284afbcecc56f0478b59?applicationId=643f2841fbcecc56f0478b4b HTTP/1.1" 200 5853 "http://localhost:8080/app/healthheroappsmith-2/patient-page-2-643f284afbcecc56f0478b59/edit?branch=master" "Mozilla/5.0 (Macintosh; Intel Mac OS X 10_15_7) AppleWebKit/537.36 (KHTML, like Gecko) Chrome/112.0.0.0 Safari/537.36"
172.20.0.1 - - [18/Apr/2023:23:57:59 +0000] "PUT /api/v1/layouts/refactor HTTP/1.1" 200 5865 "http://localhost:8080/app/healthheroappsmith-2/patient-page-2-643f284afbcecc56f0478b59/edit/widgets/pt0xynjoyq?branch=master" "Mozilla/5.0 (Macintosh; Intel Mac OS X 10_15_7) AppleWebKit/537.36 (KHTML, like Gecko) Chrome/112.0.0.0 Safari/537.36"
172.20.0.1 - - [18/Apr/2023:23:58:00 +0000] "GET /api/v1/collections/actions?pageId=643f284afbcecc56f0478b59 HTTP/1.1" 200 101 "http://localhost:8080/app/healthheroappsmith-2/patient-page-2-643f284afbcecc56f0478b59/edit/widgets/6s2hyw3gg6?branch=master" "Mozilla/5.0 (Macintosh; Intel Mac OS X 10_15_7) AppleWebKit/537.36 (KHTML, like Gecko) Chrome/112.0.0.0 Safari/537.36"
172.20.0.1 - - [18/Apr/2023:23:58:00 +0000] "GET /api/v1/actions?pageId=643f284afbcecc56f0478b59 HTTP/1.1" 200 838 "http://localhost:8080/app/healthheroappsmith-2/patient-page-2-643f284afbcecc56f0478b59/edit/widgets/6s2hyw3gg6?branch=master" "Mozilla/5.0 (Macintosh; Intel Mac OS X 10_15_7) AppleWebKit/537.36 (KHTML, like Gecko) Chrome/112.0.0.0 Safari/537.36"
127.0.0.1 - - [18/Apr/2023:23:58:04 +0000] "GET / HTTP/1.1" 200 4263 "-" "curl/7.68.0"
172.20.0.1 - - [18/Apr/2023:23:58:05 +0000] "PUT /api/v1/layouts/643f2849fbcecc56f0478b4d/pages/643f284afbcecc56f0478b59?applicationId=643f2841fbcecc56f0478b4b HTTP/1.1" 200 5864 "http://localhost:8080/app/healthheroappsmith-2/patient-page-2-643f284afbcecc56f0478b59/edit/widgets/6s2hyw3gg6?branch=master" "Mozilla/5.0 (Macintosh; Intel Mac OS X 10_15_7) AppleWebKit/537.36 (KHTML, like Gecko) Chrome/112.0.0.0 Safari/537.36"
172.20.0.1 - - [18/Apr/2023:23:58:06 +0000] "PUT /api/v1/layouts/643f2849fbcecc56f0478b4d/pages/643f284afbcecc56f0478b59?applicationId=643f2841fbcecc56f0478b4b HTTP/1.1" 200 5868 "http://localhost:8080/app/healthheroappsmith-2/patient-page-2-643f284afbcecc56f0478b59/edit/widgets/6s2hyw3gg6?branch=master" "Mozilla/5.0 (Macintosh; Intel Mac OS X 10_15_7) AppleWebKit/537.36 (KHTML, like Gecko) Chrome/112.0.0.0 Safari/537.36"
172.20.0.1 - - [18/Apr/2023:23:58:13 +0000] "PUT /api/v1/layouts/643f2849fbcecc56f0478b4d/pages/643f284afbcecc56f0478b59?applicationId=643f2841fbcecc56f0478b4b HTTP/1.1" 200 5877 "http://localhost:8080/app/healthheroappsmith-2/patient-page-2-643f284afbcecc56f0478b59/edit/widgets/6s2hyw3gg6?branch=master" "Mozilla/5.0 (Macintosh; Intel Mac OS X 10_15_7) AppleWebKit/537.36 (KHTML, like Gecko) Chrome/112.0.0.0 Safari/537.36"
172.20.0.1 - - [18/Apr/2023:23:58:17 +0000] "PUT /api/v1/layouts/643f2849fbcecc56f0478b4d/pages/643f284afbcecc56f0478b59?applicationId=643f2841fbcecc56f0478b4b HTTP/1.1" 200 5877 "http://localhost:8080/app/healthheroappsmith-2/patient-page-2-643f284afbcecc56f0478b59/edit/widgets/pt0xynjoyq?branch=master" "Mozilla/5.0 (Macintosh; Intel Mac OS X 10_15_7) AppleWebKit/537.36 (KHTML, like Gecko) Chrome/112.0.0.0 Safari/537.36"
127.0.0.1 - - [18/Apr/2023:23:58:20 +0000] "GET / HTTP/1.1" 200 4263 "-" "curl/7.68.0"
172.20.0.1 - - [18/Apr/2023:23:58:20 +0000] "PUT /api/v1/layouts/643f2849fbcecc56f0478b4d/pages/643f284afbcecc56f0478b59?applicationId=643f2841fbcecc56f0478b4b HTTP/1.1" 200 5878 "http://localhost:8080/app/healthheroappsmith-2/patient-page-2-643f284afbcecc56f0478b59/edit/widgets/pt0xynjoyq?branch=master" "Mozilla/5.0 (Macintosh; Intel Mac OS X 10_15_7) AppleWebKit/537.36 (KHTML, like Gecko) Chrome/112.0.0.0 Safari/537.36"
172.20.0.1 - - [18/Apr/2023:23:58:23 +0000] "PUT /api/v1/layouts/643f2849fbcecc56f0478b4d/pages/643f284afbcecc56f0478b59?applicationId=643f2841fbcecc56f0478b4b HTTP/1.1" 200 5888 "http://localhost:8080/app/healthheroappsmith-2/patient-page-2-643f284afbcecc56f0478b59/edit/widgets/pt0xynjoyq?branch=master" "Mozilla/5.0 (Macintosh; Intel Mac OS X 10_15_7) AppleWebKit/537.36 (KHTML, like Gecko) Chrome/112.0.0.0 Safari/537.36"
172.20.0.1 - - [18/Apr/2023:23:58:27 +0000] "PUT /api/v1/layouts/643f2849fbcecc56f0478b4d/pages/643f284afbcecc56f0478b59?applicationId=643f2841fbcecc56f0478b4b HTTP/1.1" 200 5885 "http://localhost:8080/app/healthheroappsmith-2/patient-page-2-643f284afbcecc56f0478b59/edit/widgets/pt0xynjoyq?branch=master" "Mozilla/5.0 (Macintosh; Intel Mac OS X 10_15_7) AppleWebKit/537.36 (KHTML, like Gecko) Chrome/112.0.0.0 Safari/537.36"
172.20.0.1 - - [18/Apr/2023:23:58:31 +0000] "PUT /api/v1/layouts/643f2849fbcecc56f0478b4d/pages/643f284afbcecc56f0478b59?applicationId=643f2841fbcecc56f0478b4b HTTP/1.1" 200 5885 "http://localhost:8080/app/healthheroappsmith-2/patient-page-2-643f284afbcecc56f0478b59/edit/widgets/tmep9r6ext?branch=master" "Mozilla/5.0 (Macintosh; Intel Mac OS X 10_15_7) AppleWebKit/537.36 (KHTML, like Gecko) Chrome/112.0.0.0 Safari/537.36"
172.20.0.1 - - [18/Apr/2023:23:58:35 +0000] "PUT /api/v1/layouts/643f2849fbcecc56f0478b4d/pages/643f284afbcecc56f0478b59?applicationId=643f2841fbcecc56f0478b4b HTTP/1.1" 200 6019 "http://localhost:8080/app/healthheroappsmith-2/patient-page-2-643f284afbcecc56f0478b59/edit/widgets/qz6f6qy8a2?branch=master" "Mozilla/5.0 (Macintosh; Intel Mac OS X 10_15_7) AppleWebKit/537.36 (KHTML, like Gecko) Chrome/112.0.0.0 Safari/537.36"
127.0.0.1 - - [18/Apr/2023:23:58:35 +0000] "GET / HTTP/1.1" 200 4263 "-" "curl/7.68.0"
172.20.0.1 - - [18/Apr/2023:23:58:37 +0000] "PUT /api/v1/layouts/643f2849fbcecc56f0478b4d/pages/643f284afbcecc56f0478b59?applicationId=643f2841fbcecc56f0478b4b HTTP/1.1" 200 6086 "http://localhost:8080/app/healthheroappsmith-2/patient-page-2-643f284afbcecc56f0478b59/edit/widgets/hmzegz2k74?branch=master" "Mozilla/5.0 (Macintosh; Intel Mac OS X 10_15_7) AppleWebKit/537.36 (KHTML, like Gecko) Chrome/112.0.0.0 Safari/537.36"
172.20.0.1 - - [18/Apr/2023:23:58:40 +0000] "PUT /api/v1/layouts/643f2849fbcecc56f0478b4d/pages/643f284afbcecc56f0478b59?applicationId=643f2841fbcecc56f0478b4b HTTP/1.1" 200 6140 "http://localhost:8080/app/healthheroappsmith-2/patient-page-2-643f284afbcecc56f0478b59/edit/widgets/n47j5b4zf2?branch=master" "Mozilla/5.0 (Macintosh; Intel Mac OS X 10_15_7) AppleWebKit/537.36 (KHTML, like Gecko) Chrome/112.0.0.0 Safari/537.36"
172.20.0.1 - - [18/Apr/2023:23:58:42 +0000] "PUT /api/v1/layouts/643f2849fbcecc56f0478b4d/pages/643f284afbcecc56f0478b59?applicationId=643f2841fbcecc56f0478b4b HTTP/1.1" 200 6136 "http://localhost:8080/app/healthheroappsmith-2/patient-page-2-643f284afbcecc56f0478b59/edit/widgets/tmep9r6ext?branch=master" "Mozilla/5.0 (Macintosh; Intel Mac OS X 10_15_7) AppleWebKit/537.36 (KHTML, like Gecko) Chrome/112.0.0.0 Safari/537.36"
127.0.0.1 - - [18/Apr/2023:23:58:51 +0000] "GET / HTTP/1.1" 200 4263 "-" "curl/7.68.0"
172.20.0.1 - - [18/Apr/2023:23:58:51 +0000] "PUT /api/v1/layouts/643f2849fbcecc56f0478b4d/pages/643f284afbcecc56f0478b59?applicationId=643f2841fbcecc56f0478b4b HTTP/1.1" 200 6142 "http://localhost:8080/app/healthheroappsmith-2/patient-page-2-643f284afbcecc56f0478b59/edit/widgets/rxmze7lm5y?branch=master" "Mozilla/5.0 (Macintosh; Intel Mac OS X 10_15_7) AppleWebKit/537.36 (KHTML, like Gecko) Chrome/112.0.0.0 Safari/537.36"
172.20.0.1 - - [18/Apr/2023:23:58:55 +0000] "PUT /api/v1/layouts/643f2849fbcecc56f0478b4d/pages/643f284afbcecc56f0478b59?applicationId=643f2841fbcecc56f0478b4b HTTP/1.1" 200 6139 "http://localhost:8080/app/healthheroappsmith-2/patient-page-2-643f284afbcecc56f0478b59/edit/widgets/rxmze7lm5y?branch=master" "Mozilla/5.0 (Macintosh; Intel Mac OS X 10_15_7) AppleWebKit/537.36 (KHTML, like Gecko) Chrome/112.0.0.0 Safari/537.36"
172.20.0.1 - - [18/Apr/2023:23:59:03 +0000] "PUT /api/v1/layouts/643f2849fbcecc56f0478b4d/pages/643f284afbcecc56f0478b59?applicationId=643f2841fbcecc56f0478b4b HTTP/1.1" 200 6143 "http://localhost:8080/app/healthheroappsmith-2/patient-page-2-643f284afbcecc56f0478b59/edit/widgets/kopzoj55ny?branch=master" "Mozilla/5.0 (Macintosh; Intel Mac OS X 10_15_7) AppleWebKit/537.36 (KHTML, like Gecko) Chrome/112.0.0.0 Safari/537.36"
127.0.0.1 - - [18/Apr/2023:23:59:06 +0000] "GET / HTTP/1.1" 200 4263 "-" "curl/7.68.0"
172.20.0.1 - - [18/Apr/2023:23:59:10 +0000] "PUT /api/v1/layouts/643f2849fbcecc56f0478b4d/pages/643f284afbcecc56f0478b59?applicationId=643f2841fbcecc56f0478b4b HTTP/1.1" 200 6148 "http://localhost:8080/app/healthheroappsmith-2/patient-page-2-643f284afbcecc56f0478b59/edit/widgets/8x0j5puwzz?branch=master" "Mozilla/5.0 (Macintosh; Intel Mac OS X 10_15_7) AppleWebKit/537.36 (KHTML, like Gecko) Chrome/112.0.0.0 Safari/537.36"
172.20.0.1 - - [18/Apr/2023:23:59:14 +0000] "POST /api/v1/usage-pulse HTTP/1.1" 201 76 "http://localhost:8080/app/healthheroappsmith-2/patient-page-2-643f284afbcecc56f0478b59/edit/widgets/e6e8w9776n?branch=master" "Mozilla/5.0 (Macintosh; Intel Mac OS X 10_15_7) AppleWebKit/537.36 (KHTML, like Gecko) Chrome/112.0.0.0 Safari/537.36"
172.20.0.1 - - [18/Apr/2023:23:59:16 +0000] "PUT /api/v1/layouts/643f2849fbcecc56f0478b4d/pages/643f284afbcecc56f0478b59?applicationId=643f2841fbcecc56f0478b4b HTTP/1.1" 200 6135 "http://localhost:8080/app/healthheroappsmith-2/patient-page-2-643f284afbcecc56f0478b59/edit/widgets/e6e8w9776n?branch=master" "Mozilla/5.0 (Macintosh; Intel Mac OS X 10_15_7) AppleWebKit/537.36 (KHTML, like Gecko) Chrome/112.0.0.0 Safari/537.36"
172.20.0.1 - - [18/Apr/2023:23:59:19 +0000] "PUT /api/v1/layouts/643f2849fbcecc56f0478b4d/pages/643f284afbcecc56f0478b59?applicationId=643f2841fbcecc56f0478b4b HTTP/1.1" 200 6122 "http://localhost:8080/app/healthheroappsmith-2/patient-page-2-643f284afbcecc56f0478b59/edit/widgets/n47j5b4zf2?branch=master" "Mozilla/5.0 (Macintosh; Intel Mac OS X 10_15_7) AppleWebKit/537.36 (KHTML, like Gecko) Chrome/112.0.0.0 Safari/537.36"
172.20.0.1 - - [18/Apr/2023:23:59:21 +0000] "PUT /api/v1/layouts/643f2849fbcecc56f0478b4d/pages/643f284afbcecc56f0478b59?applicationId=643f2841fbcecc56f0478b4b HTTP/1.1" 200 6132 "http://localhost:8080/app/healthheroappsmith-2/patient-page-2-643f284afbcecc56f0478b59/edit/widgets/qz6f6qy8a2?branch=master" "Mozilla/5.0 (Macintosh; Intel Mac OS X 10_15_7) AppleWebKit/537.36 (KHTML, like Gecko) Chrome/112.0.0.0 Safari/537.36"
127.0.0.1 - - [18/Apr/2023:23:59:21 +0000] "GET / HTTP/1.1" 200 4263 "-" "curl/7.68.0"
172.20.0.1 - - [18/Apr/2023:23:59:27 +0000] "PUT /api/v1/layouts/refactor HTTP/1.1" 200 6141 "http://localhost:8080/app/healthheroappsmith-2/patient-page-2-643f284afbcecc56f0478b59/edit/widgets/qz6f6qy8a2?branch=master" "Mozilla/5.0 (Macintosh; Intel Mac OS X 10_15_7) AppleWebKit/537.36 (KHTML, like Gecko) Chrome/112.0.0.0 Safari/537.36"
172.20.0.1 - - [18/Apr/2023:23:59:28 +0000] "GET /api/v1/actions?pageId=643f284afbcecc56f0478b59 HTTP/1.1" 200 841 "http://localhost:8080/app/healthheroappsmith-2/patient-page-2-643f284afbcecc56f0478b59/edit/widgets/qz6f6qy8a2?branch=master" "Mozilla/5.0 (Macintosh; Intel Mac OS X 10_15_7) AppleWebKit/537.36 (KHTML, like Gecko) Chrome/112.0.0.0 Safari/537.36"
172.20.0.1 - - [18/Apr/2023:23:59:28 +0000] "GET /api/v1/collections/actions?pageId=643f284afbcecc56f0478b59 HTTP/1.1" 200 101 "http://localhost:8080/app/healthheroappsmith-2/patient-page-2-643f284afbcecc56f0478b59/edit/widgets/qz6f6qy8a2?branch=master" "Mozilla/5.0 (Macintosh; Intel Mac OS X 10_15_7) AppleWebKit/537.36 (KHTML, like Gecko) Chrome/112.0.0.0 Safari/537.36"
172.20.0.1 - - [18/Apr/2023:23:59:31 +0000] "PUT /api/v1/layouts/643f2849fbcecc56f0478b4d/pages/643f284afbcecc56f0478b59?applicationId=643f2841fbcecc56f0478b4b HTTP/1.1" 200 6143 "http://localhost:8080/app/healthheroappsmith-2/patient-page-2-643f284afbcecc56f0478b59/edit/widgets/qz6f6qy8a2?branch=master" "Mozilla/5.0 (Macintosh; Intel Mac OS X 10_15_7) AppleWebKit/537.36 (KHTML, like Gecko) Chrome/112.0.0.0 Safari/537.36"
172.20.0.1 - - [18/Apr/2023:23:59:36 +0000] "PUT /api/v1/layouts/refactor HTTP/1.1" 200 6146 "http://localhost:8080/app/healthheroappsmith-2/patient-page-2-643f284afbcecc56f0478b59/edit/widgets/n47j5b4zf2?branch=master" "Mozilla/5.0 (Macintosh; Intel Mac OS X 10_15_7) AppleWebKit/537.36 (KHTML, like Gecko) Chrome/112.0.0.0 Safari/537.36"
127.0.0.1 - - [18/Apr/2023:23:59:36 +0000] "GET / HTTP/1.1" 200 4263 "-" "curl/7.68.0"
172.20.0.1 - - [18/Apr/2023:23:59:37 +0000] "GET /api/v1/collections/actions?pageId=643f284afbcecc56f0478b59 HTTP/1.1" 200 101 "http://localhost:8080/app/healthheroappsmith-2/patient-page-2-643f284afbcecc56f0478b59/edit/widgets/n47j5b4zf2?branch=master" "Mozilla/5.0 (Macintosh; Intel Mac OS X 10_15_7) AppleWebKit/537.36 (KHTML, like Gecko) Chrome/112.0.0.0 Safari/537.36"
172.20.0.1 - - [18/Apr/2023:23:59:37 +0000] "GET /api/v1/actions?pageId=643f284afbcecc56f0478b59 HTTP/1.1" 200 841 "http://localhost:8080/app/healthheroappsmith-2/patient-page-2-643f284afbcecc56f0478b59/edit/widgets/n47j5b4zf2?branch=master" "Mozilla/5.0 (Macintosh; Intel Mac OS X 10_15_7) AppleWebKit/537.36 (KHTML, like Gecko) Chrome/112.0.0.0 Safari/537.36"
172.20.0.1 - - [18/Apr/2023:23:59:42 +0000] "PUT /api/v1/layouts/643f2849fbcecc56f0478b4d/pages/643f284afbcecc56f0478b59?applicationId=643f2841fbcecc56f0478b4b HTTP/1.1" 200 6157 "http://localhost:8080/app/healthheroappsmith-2/patient-page-2-643f284afbcecc56f0478b59/edit/widgets/n47j5b4zf2?branch=master" "Mozilla/5.0 (Macintosh; Intel Mac OS X 10_15_7) AppleWebKit/537.36 (KHTML, like Gecko) Chrome/112.0.0.0 Safari/537.36"
172.20.0.1 - - [18/Apr/2023:23:59:43 +0000] "PUT /api/v1/layouts/643f2849fbcecc56f0478b4d/pages/643f284afbcecc56f0478b59?applicationId=643f2841fbcecc56f0478b4b HTTP/1.1" 200 6158 "http://localhost:8080/app/healthheroappsmith-2/patient-page-2-643f284afbcecc56f0478b59/edit/widgets/n47j5b4zf2?branch=master" "Mozilla/5.0 (Macintosh; Intel Mac OS X 10_15_7) AppleWebKit/537.36 (KHTML, like Gecko) Chrome/112.0.0.0 Safari/537.36"
172.20.0.1 - - [18/Apr/2023:23:59:44 +0000] "PUT /api/v1/layouts/643f2849fbcecc56f0478b4d/pages/643f284afbcecc56f0478b59?applicationId=643f2841fbcecc56f0478b4b HTTP/1.1" 200 6158 "http://localhost:8080/app/healthheroappsmith-2/patient-page-2-643f284afbcecc56f0478b59/edit/widgets/n47j5b4zf2?branch=master" "Mozilla/5.0 (Macintosh; Intel Mac OS X 10_15_7) AppleWebKit/537.36 (KHTML, like Gecko) Chrome/112.0.0.0 Safari/537.36"
172.20.0.1 - - [18/Apr/2023:23:59:45 +0000] "PUT /api/v1/layouts/643f2849fbcecc56f0478b4d/pages/643f284afbcecc56f0478b59?applicationId=643f2841fbcecc56f0478b4b HTTP/1.1" 200 6157 "http://localhost:8080/app/healthheroappsmith-2/patient-page-2-643f284afbcecc56f0478b59/edit/widgets/n47j5b4zf2?branch=master" "Mozilla/5.0 (Macintosh; Intel Mac OS X 10_15_7) AppleWebKit/537.36 (KHTML, like Gecko) Chrome/112.0.0.0 Safari/537.36"
127.0.0.1 - - [18/Apr/2023:23:59:52 +0000] "GET / HTTP/1.1" 200 4263 "-" "curl/7.68.0"
172.20.0.1 - - [18/Apr/2023:23:59:52 +0000] "PUT /api/v1/layouts/refactor HTTP/1.1" 200 6163 "http://localhost:8080/app/healthheroappsmith-2/patient-page-2-643f284afbcecc56f0478b59/edit/widgets/n47j5b4zf2?branch=master" "Mozilla/5.0 (Macintosh; Intel Mac OS X 10_15_7) AppleWebKit/537.36 (KHTML, like Gecko) Chrome/112.0.0.0 Safari/537.36"
172.20.0.1 - - [18/Apr/2023:23:59:52 +0000] "GET /api/v1/collections/actions?pageId=643f284afbcecc56f0478b59 HTTP/1.1" 200 101 "http://localhost:8080/app/healthheroappsmith-2/patient-page-2-643f284afbcecc56f0478b59/edit/widgets/n47j5b4zf2?branch=master" "Mozilla/5.0 (Macintosh; Intel Mac OS X 10_15_7) AppleWebKit/537.36 (KHTML, like Gecko) Chrome/112.0.0.0 Safari/537.36"
172.20.0.1 - - [18/Apr/2023:23:59:52 +0000] "GET /api/v1/actions?pageId=643f284afbcecc56f0478b59 HTTP/1.1" 200 838 "http://localhost:8080/app/healthheroappsmith-2/patient-page-2-643f284afbcecc56f0478b59/edit/widgets/n47j5b4zf2?branch=master" "Mozilla/5.0 (Macintosh; Intel Mac OS X 10_15_7) AppleWebKit/537.36 (KHTML, like Gecko) Chrome/112.0.0.0 Safari/537.36"
172.20.0.1 - - [18/Apr/2023:23:59:58 +0000] "PUT /api/v1/layouts/refactor HTTP/1.1" 200 6154 "http://localhost:8080/app/healthheroappsmith-2/patient-page-2-643f284afbcecc56f0478b59/edit/widgets/n47j5b4zf2?branch=master" "Mozilla/5.0 (Macintosh; Intel Mac OS X 10_15_7) AppleWebKit/537.36 (KHTML, like Gecko) Chrome/112.0.0.0 Safari/537.36"
172.20.0.1 - - [18/Apr/2023:23:59:59 +0000] "GET /api/v1/collections/actions?pageId=643f284afbcecc56f0478b59 HTTP/1.1" 200 101 "http://localhost:8080/app/healthheroappsmith-2/patient-page-2-643f284afbcecc56f0478b59/edit/widgets/pt0xynjoyq?branch=master" "Mozilla/5.0 (Macintosh; Intel Mac OS X 10_15_7) AppleWebKit/537.36 (KHTML, like Gecko) Chrome/112.0.0.0 Safari/537.36"
172.20.0.1 - - [18/Apr/2023:23:59:59 +0000] "GET /api/v1/actions?pageId=643f284afbcecc56f0478b59 HTTP/1.1" 200 841 "http://localhost:8080/app/healthheroappsmith-2/patient-page-2-643f284afbcecc56f0478b59/edit/widgets/pt0xynjoyq?branch=master" "Mozilla/5.0 (Macintosh; Intel Mac OS X 10_15_7) AppleWebKit/537.36 (KHTML, like Gecko) Chrome/112.0.0.0 Safari/537.36"
127.0.0.1 - - [19/Apr/2023:00:00:07 +0000] "GET / HTTP/1.1" 200 4263 "-" "curl/7.68.0"
172.20.0.1 - - [19/Apr/2023:00:00:18 +0000] "PUT /api/v1/layouts/refactor HTTP/1.1" 200 6157 "http://localhost:8080/app/healthheroappsmith-2/patient-page-2-643f284afbcecc56f0478b59/edit/widgets/n47j5b4zf2?branch=master" "Mozilla/5.0 (Macintosh; Intel Mac OS X 10_15_7) AppleWebKit/537.36 (KHTML, like Gecko) Chrome/112.0.0.0 Safari/537.36"
172.20.0.1 - - [19/Apr/2023:00:00:19 +0000] "GET /api/v1/collections/actions?pageId=643f284afbcecc56f0478b59 HTTP/1.1" 200 101 "http://localhost:8080/app/healthheroappsmith-2/patient-page-2-643f284afbcecc56f0478b59/edit/widgets/n47j5b4zf2?branch=master" "Mozilla/5.0 (Macintosh; Intel Mac OS X 10_15_7) AppleWebKit/537.36 (KHTML, like Gecko) Chrome/112.0.0.0 Safari/537.36"
172.20.0.1 - - [19/Apr/2023:00:00:19 +0000] "GET /api/v1/actions?pageId=643f284afbcecc56f0478b59 HTTP/1.1" 200 842 "http://localhost:8080/app/healthheroappsmith-2/patient-page-2-643f284afbcecc56f0478b59/edit/widgets/n47j5b4zf2?branch=master" "Mozilla/5.0 (Macintosh; Intel Mac OS X 10_15_7) AppleWebKit/537.36 (KHTML, like Gecko) Chrome/112.0.0.0 Safari/537.36"
127.0.0.1 - - [19/Apr/2023:00:00:22 +0000] "GET / HTTP/1.1" 200 4263 "-" "curl/7.68.0"
172.20.0.1 - - [19/Apr/2023:00:00:25 +0000] "PUT /api/v1/layouts/refactor HTTP/1.1" 200 6163 "http://localhost:8080/app/healthheroappsmith-2/patient-page-2-643f284afbcecc56f0478b59/edit/widgets/hmzegz2k74?branch=master" "Mozilla/5.0 (Macintosh; Intel Mac OS X 10_15_7) AppleWebKit/537.36 (KHTML, like Gecko) Chrome/112.0.0.0 Safari/537.36"
172.20.0.1 - - [19/Apr/2023:00:00:25 +0000] "GET /api/v1/collections/actions?pageId=643f284afbcecc56f0478b59 HTTP/1.1" 200 101 "http://localhost:8080/app/healthheroappsmith-2/patient-page-2-643f284afbcecc56f0478b59/edit/widgets/hmzegz2k74?branch=master" "Mozilla/5.0 (Macintosh; Intel Mac OS X 10_15_7) AppleWebKit/537.36 (KHTML, like Gecko) Chrome/112.0.0.0 Safari/537.36"
172.20.0.1 - - [19/Apr/2023:00:00:25 +0000] "GET /api/v1/actions?pageId=643f284afbcecc56f0478b59 HTTP/1.1" 200 841 "http://localhost:8080/app/healthheroappsmith-2/patient-page-2-643f284afbcecc56f0478b59/edit/widgets/hmzegz2k74?branch=master" "Mozilla/5.0 (Macintosh; Intel Mac OS X 10_15_7) AppleWebKit/537.36 (KHTML, like Gecko) Chrome/112.0.0.0 Safari/537.36"
172.20.0.1 - - [19/Apr/2023:00:00:30 +0000] "PUT /api/v1/layouts/643f2849fbcecc56f0478b4d/pages/643f284afbcecc56f0478b59?applicationId=643f2841fbcecc56f0478b4b HTTP/1.1" 200 6143 "http://localhost:8080/app/healthheroappsmith-2/patient-page-2-643f284afbcecc56f0478b59/edit/widgets/hmzegz2k74?branch=master" "Mozilla/5.0 (Macintosh; Intel Mac OS X 10_15_7) AppleWebKit/537.36 (KHTML, like Gecko) Chrome/112.0.0.0 Safari/537.36"
172.20.0.1 - - [19/Apr/2023:00:00:34 +0000] "PUT /api/v1/layouts/643f2849fbcecc56f0478b4d/pages/643f284afbcecc56f0478b59?applicationId=643f2841fbcecc56f0478b4b HTTP/1.1" 200 6156 "http://localhost:8080/app/healthheroappsmith-2/patient-page-2-643f284afbcecc56f0478b59/edit?branch=master" "Mozilla/5.0 (Macintosh; Intel Mac OS X 10_15_7) AppleWebKit/537.36 (KHTML, like Gecko) Chrome/112.0.0.0 Safari/537.36"
172.20.0.1 - - [19/Apr/2023:00:00:37 +0000] "PUT /api/v1/layouts/643f2849fbcecc56f0478b4d/pages/643f284afbcecc56f0478b59?applicationId=643f2841fbcecc56f0478b4b HTTP/1.1" 200 6160 "http://localhost:8080/app/healthheroappsmith-2/patient-page-2-643f284afbcecc56f0478b59/edit/widgets/tmep9r6ext?branch=master" "Mozilla/5.0 (Macintosh; Intel Mac OS X 10_15_7) AppleWebKit/537.36 (KHTML, like Gecko) Chrome/112.0.0.0 Safari/537.36"
127.0.0.1 - - [19/Apr/2023:00:00:38 +0000] "GET / HTTP/1.1" 200 4263 "-" "curl/7.68.0"
172.20.0.1 - - [19/Apr/2023:00:00:40 +0000] "PUT /api/v1/layouts/643f2849fbcecc56f0478b4d/pages/643f284afbcecc56f0478b59?applicationId=643f2841fbcecc56f0478b4b HTTP/1.1" 200 6154 "http://localhost:8080/app/healthheroappsmith-2/patient-page-2-643f284afbcecc56f0478b59/edit?branch=master" "Mozilla/5.0 (Macintosh; Intel Mac OS X 10_15_7) AppleWebKit/537.36 (KHTML, like Gecko) Chrome/112.0.0.0 Safari/537.36"
172.20.0.1 - - [19/Apr/2023:00:00:42 +0000] "PUT /api/v1/layouts/643f2849fbcecc56f0478b4d/pages/643f284afbcecc56f0478b59?applicationId=643f2841fbcecc56f0478b4b HTTP/1.1" 200 6136 "http://localhost:8080/app/healthheroappsmith-2/patient-page-2-643f284afbcecc56f0478b59/edit/widgets/pt0xynjoyq?branch=master" "Mozilla/5.0 (Macintosh; Intel Mac OS X 10_15_7) AppleWebKit/537.36 (KHTML, like Gecko) Chrome/112.0.0.0 Safari/537.36"
172.20.0.1 - - [19/Apr/2023:00:00:43 +0000] "PUT /api/v1/layouts/643f2849fbcecc56f0478b4d/pages/643f284afbcecc56f0478b59?applicationId=643f2841fbcecc56f0478b4b HTTP/1.1" 200 6127 "http://localhost:8080/app/healthheroappsmith-2/patient-page-2-643f284afbcecc56f0478b59/edit/widgets/6s2hyw3gg6?branch=master" "Mozilla/5.0 (Macintosh; Intel Mac OS X 10_15_7) AppleWebKit/537.36 (KHTML, like Gecko) Chrome/112.0.0.0 Safari/537.36"
127.0.0.1 - - [19/Apr/2023:00:00:53 +0000] "GET / HTTP/1.1" 200 4263 "-" "curl/7.68.0"
172.20.0.1 - - [19/Apr/2023:00:00:55 +0000] "PUT /api/v1/layouts/643f2849fbcecc56f0478b4d/pages/643f284afbcecc56f0478b59?applicationId=643f2841fbcecc56f0478b4b HTTP/1.1" 200 6127 "http://localhost:8080/app/healthheroappsmith-2/patient-page-2-643f284afbcecc56f0478b59/edit/widgets/tmep9r6ext?branch=master" "Mozilla/5.0 (Macintosh; Intel Mac OS X 10_15_7) AppleWebKit/537.36 (KHTML, like Gecko) Chrome/112.0.0.0 Safari/537.36"
172.20.0.1 - - [19/Apr/2023:00:00:59 +0000] "POST /api/v1/actions HTTP/1.1" 201 1217 "http://localhost:8080/app/healthheroappsmith-2/patient-page-2-643f284afbcecc56f0478b59/edit/widgets/tmep9r6ext?branch=master" "Mozilla/5.0 (Macintosh; Intel Mac OS X 10_15_7) AppleWebKit/537.36 (KHTML, like Gecko) Chrome/112.0.0.0 Safari/537.36"
172.20.0.1 - - [19/Apr/2023:00:01:02 +0000] "GET /api/v1/pages/643f284afbcecc56f0478b59 HTTP/1.1" 200 6308 "http://localhost:8080/app/healthheroappsmith-2/patient-page-2-643f284afbcecc56f0478b59/edit/api/643f2f3bfbcecc56f0478b7f?branch=master&editName=true&from=datasources" "Mozilla/5.0 (Macintosh; Intel Mac OS X 10_15_7) AppleWebKit/537.36 (KHTML, like Gecko) Chrome/112.0.0.0 Safari/537.36"
172.20.0.1 - - [19/Apr/2023:00:01:03 +0000] "PUT /api/v1/actions/refactor HTTP/1.1" 200 6127 "http://localhost:8080/app/healthheroappsmith-2/patient-page-2-643f284afbcecc56f0478b59/edit/api/643f2f3bfbcecc56f0478b7f?branch=master&editName=true&from=datasources" "Mozilla/5.0 (Macintosh; Intel Mac OS X 10_15_7) AppleWebKit/537.36 (KHTML, like Gecko) Chrome/112.0.0.0 Safari/537.36"
172.20.0.1 - - [19/Apr/2023:00:01:03 +0000] "GET /api/v1/collections/actions?pageId=643f284afbcecc56f0478b59 HTTP/1.1" 200 101 "http://localhost:8080/app/healthheroappsmith-2/patient-page-2-643f284afbcecc56f0478b59/edit/api/643f2f3bfbcecc56f0478b7f?branch=master&editName=false&from=datasources" "Mozilla/5.0 (Macintosh; Intel Mac OS X 10_15_7) AppleWebKit/537.36 (KHTML, like Gecko) Chrome/112.0.0.0 Safari/537.36"
172.20.0.1 - - [19/Apr/2023:00:01:03 +0000] "GET /api/v1/actions?pageId=643f284afbcecc56f0478b59 HTTP/1.1" 200 952 "http://localhost:8080/app/healthheroappsmith-2/patient-page-2-643f284afbcecc56f0478b59/edit/api/643f2f3bfbcecc56f0478b7f?branch=master&editName=false&from=datasources" "Mozilla/5.0 (Macintosh; Intel Mac OS X 10_15_7) AppleWebKit/537.36 (KHTML, like Gecko) Chrome/112.0.0.0 Safari/537.36"
172.20.0.1 - - [19/Apr/2023:00:01:05 +0000] "PUT /api/v1/actions/643f2f3bfbcecc56f0478b7f HTTP/1.1" 200 605 "http://localhost:8080/app/healthheroappsmith-2/patient-page-2-643f284afbcecc56f0478b59/edit/api/643f2f3bfbcecc56f0478b7f?branch=master&editName=false&from=datasources" "Mozilla/5.0 (Macintosh; Intel Mac OS X 10_15_7) AppleWebKit/537.36 (KHTML, like Gecko) Chrome/112.0.0.0 Safari/537.36"
172.20.0.1 - - [19/Apr/2023:00:01:08 +0000] "PUT /api/v1/actions/643f2f3bfbcecc56f0478b7f HTTP/1.1" 200 611 "http://localhost:8080/app/healthheroappsmith-2/patient-page-2-643f284afbcecc56f0478b59/edit/api/643f2f3bfbcecc56f0478b7f?branch=master&editName=false&from=datasources" "Mozilla/5.0 (Macintosh; Intel Mac OS X 10_15_7) AppleWebKit/537.36 (KHTML, like Gecko) Chrome/112.0.0.0 Safari/537.36"
127.0.0.1 - - [19/Apr/2023:00:01:08 +0000] "GET / HTTP/1.1" 200 4263 "-" "curl/7.68.0"
172.20.0.1 - - [19/Apr/2023:00:01:09 +0000] "PUT /api/v1/actions/643f2f3bfbcecc56f0478b7f HTTP/1.1" 200 623 "http://localhost:8080/app/healthheroappsmith-2/patient-page-2-643f284afbcecc56f0478b59/edit/api/643f2f3bfbcecc56f0478b7f?branch=master&editName=false&from=datasources" "Mozilla/5.0 (Macintosh; Intel Mac OS X 10_15_7) AppleWebKit/537.36 (KHTML, like Gecko) Chrome/112.0.0.0 Safari/537.36"
172.20.0.1 - - [19/Apr/2023:00:01:09 +0000] "PUT /api/v1/actions/643f2f3bfbcecc56f0478b7f HTTP/1.1" 200 648 "http://localhost:8080/app/healthheroappsmith-2/patient-page-2-643f284afbcecc56f0478b59/edit/api/643f2f3bfbcecc56f0478b7f?branch=master&editName=false&from=datasources" "Mozilla/5.0 (Macintosh; Intel Mac OS X 10_15_7) AppleWebKit/537.36 (KHTML, like Gecko) Chrome/112.0.0.0 Safari/537.36"
172.20.0.1 - - [19/Apr/2023:00:01:11 +0000] "PUT /api/v1/actions/643f2f3bfbcecc56f0478b7f HTTP/1.1" 200 671 "http://localhost:8080/app/healthheroappsmith-2/patient-page-2-643f284afbcecc56f0478b59/edit/api/643f2f3bfbcecc56f0478b7f?branch=master&editName=false&from=datasources" "Mozilla/5.0 (Macintosh; Intel Mac OS X 10_15_7) AppleWebKit/537.36 (KHTML, like Gecko) Chrome/112.0.0.0 Safari/537.36"
172.20.0.1 - - [19/Apr/2023:00:01:13 +0000] "PUT /api/v1/actions/643f2f3bfbcecc56f0478b7f HTTP/1.1" 200 679 "http://localhost:8080/app/healthheroappsmith-2/patient-page-2-643f284afbcecc56f0478b59/edit/api/643f2f3bfbcecc56f0478b7f?branch=master&editName=false&from=datasources" "Mozilla/5.0 (Macintosh; Intel Mac OS X 10_15_7) AppleWebKit/537.36 (KHTML, like Gecko) Chrome/112.0.0.0 Safari/537.36"
127.0.0.1 - - [19/Apr/2023:00:01:24 +0000] "GET / HTTP/1.1" 200 4263 "-" "curl/7.68.0"
172.20.0.1 - - [19/Apr/2023:00:01:24 +0000] "PUT /api/v1/layouts/643f2849fbcecc56f0478b4d/pages/643f284afbcecc56f0478b59?applicationId=643f2841fbcecc56f0478b4b HTTP/1.1" 200 6140 "http://localhost:8080/app/healthheroappsmith-2/patient-page-2-643f284afbcecc56f0478b59/edit/widgets/tmep9r6ext?branch=master" "Mozilla/5.0 (Macintosh; Intel Mac OS X 10_15_7) AppleWebKit/537.36 (KHTML, like Gecko) Chrome/112.0.0.0 Safari/537.36"
172.20.0.1 - - [19/Apr/2023:00:01:26 +0000] "PUT /api/v1/actions/643f2f3bfbcecc56f0478b7f HTTP/1.1" 200 679 "http://localhost:8080/app/healthheroappsmith-2/patient-page-2-643f284afbcecc56f0478b59/edit/api/643f2f3bfbcecc56f0478b7f?branch=master" "Mozilla/5.0 (Macintosh; Intel Mac OS X 10_15_7) AppleWebKit/537.36 (KHTML, like Gecko) Chrome/112.0.0.0 Safari/537.36"
