172.18.0.1 - - [18/Apr/2023:16:18:30 +0000] "PUT /api/v1/layouts/643ebc2d180a343b7261003a/pages/643ebc2d180a343b72610040?applicationId=643ebc26180a343b72610033 HTTP/1.1" 200 4935 "http://localhost:8080/app/healthheroappsmith/pharmacist-page-1-643ebc2d180a343b72610040/edit/widgets/053ri4nx7a?branch=master" "Mozilla/5.0 (Macintosh; Intel Mac OS X 10_15_7) AppleWebKit/537.36 (KHTML, like Gecko) Chrome/112.0.0.0 Safari/537.36"
172.18.0.1 - - [18/Apr/2023:16:18:36 +0000] "PUT /api/v1/layouts/643ebc2d180a343b7261003a/pages/643ebc2d180a343b72610040?applicationId=643ebc26180a343b72610033 HTTP/1.1" 200 4939 "http://localhost:8080/app/healthheroappsmith/pharmacist-page-1-643ebc2d180a343b72610040/edit/widgets/053ri4nx7a?branch=master" "Mozilla/5.0 (Macintosh; Intel Mac OS X 10_15_7) AppleWebKit/537.36 (KHTML, like Gecko) Chrome/112.0.0.0 Safari/537.36"
172.18.0.1 - - [18/Apr/2023:16:18:38 +0000] "PUT /api/v1/layouts/643ebc2d180a343b7261003a/pages/643ebc2d180a343b72610040?applicationId=643ebc26180a343b72610033 HTTP/1.1" 200 4937 "http://localhost:8080/app/healthheroappsmith/pharmacist-page-1-643ebc2d180a343b72610040/edit/widgets/053ri4nx7a?branch=master" "Mozilla/5.0 (Macintosh; Intel Mac OS X 10_15_7) AppleWebKit/537.36 (KHTML, like Gecko) Chrome/112.0.0.0 Safari/537.36"
172.18.0.1 - - [18/Apr/2023:16:18:40 +0000] "POST /api/v1/actions/execute HTTP/1.1" 200 523 "http://localhost:8080/app/healthheroappsmith/pharmacist-page-1-643ebc2d180a343b72610040/edit/widgets/053ri4nx7a?branch=master" "Mozilla/5.0 (Macintosh; Intel Mac OS X 10_15_7) AppleWebKit/537.36 (KHTML, like Gecko) Chrome/112.0.0.0 Safari/537.36"
172.18.0.1 - - [18/Apr/2023:16:18:42 +0000] "PUT /api/v1/layouts/643ebc2d180a343b7261003a/pages/643ebc2d180a343b72610040?applicationId=643ebc26180a343b72610033 HTTP/1.1" 200 4939 "http://localhost:8080/app/healthheroappsmith/pharmacist-page-1-643ebc2d180a343b72610040/edit/widgets/y5kpm8z6xl?branch=master" "Mozilla/5.0 (Macintosh; Intel Mac OS X 10_15_7) AppleWebKit/537.36 (KHTML, like Gecko) Chrome/112.0.0.0 Safari/537.36"
127.0.0.1 - - [18/Apr/2023:16:18:43 +0000] "GET / HTTP/1.1" 200 4263 "-" "curl/7.68.0"
172.18.0.1 - - [18/Apr/2023:16:18:55 +0000] "POST /api/v1/actions HTTP/1.1" 201 1217 "http://localhost:8080/app/healthheroappsmith/pharmacist-page-1-643ebc2d180a343b72610040/edit?branch=master" "Mozilla/5.0 (Macintosh; Intel Mac OS X 10_15_7) AppleWebKit/537.36 (KHTML, like Gecko) Chrome/112.0.0.0 Safari/537.36"
127.0.0.1 - - [18/Apr/2023:16:18:59 +0000] "GET / HTTP/1.1" 200 4263 "-" "curl/7.68.0"
172.18.0.1 - - [18/Apr/2023:16:18:59 +0000] "GET /api/v1/pages/643ebc2d180a343b72610040 HTTP/1.1" 200 5071 "http://localhost:8080/app/healthheroappsmith/pharmacist-page-1-643ebc2d180a343b72610040/edit/api/643ec2ef180a343b7261005d?branch=master&editName=true&from=datasources" "Mozilla/5.0 (Macintosh; Intel Mac OS X 10_15_7) AppleWebKit/537.36 (KHTML, like Gecko) Chrome/112.0.0.0 Safari/537.36"
172.18.0.1 - - [18/Apr/2023:16:18:59 +0000] "PUT /api/v1/actions/refactor HTTP/1.1" 200 4939 "http://localhost:8080/app/healthheroappsmith/pharmacist-page-1-643ebc2d180a343b72610040/edit/api/643ec2ef180a343b7261005d?branch=master&editName=true&from=datasources" "Mozilla/5.0 (Macintosh; Intel Mac OS X 10_15_7) AppleWebKit/537.36 (KHTML, like Gecko) Chrome/112.0.0.0 Safari/537.36"
172.18.0.1 - - [18/Apr/2023:16:18:59 +0000] "GET /api/v1/collections/actions?pageId=643ebc2d180a343b72610040 HTTP/1.1" 200 101 "http://localhost:8080/app/healthheroappsmith/pharmacist-page-1-643ebc2d180a343b72610040/edit/api/643ec2ef180a343b7261005d?branch=master&editName=false&from=datasources" "Mozilla/5.0 (Macintosh; Intel Mac OS X 10_15_7) AppleWebKit/537.36 (KHTML, like Gecko) Chrome/112.0.0.0 Safari/537.36"
172.18.0.1 - - [18/Apr/2023:16:18:59 +0000] "GET /api/v1/actions?pageId=643ebc2d180a343b72610040 HTTP/1.1" 200 911 "http://localhost:8080/app/healthheroappsmith/pharmacist-page-1-643ebc2d180a343b72610040/edit/api/643ec2ef180a343b7261005d?branch=master&editName=false&from=datasources" "Mozilla/5.0 (Macintosh; Intel Mac OS X 10_15_7) AppleWebKit/537.36 (KHTML, like Gecko) Chrome/112.0.0.0 Safari/537.36"
172.18.0.1 - - [18/Apr/2023:16:19:06 +0000] "PUT /api/v1/actions/643ec2ef180a343b7261005d HTTP/1.1" 200 603 "http://localhost:8080/app/healthheroappsmith/pharmacist-page-1-643ebc2d180a343b72610040/edit/api/643ec2ef180a343b7261005d?branch=master&editName=false&from=datasources" "Mozilla/5.0 (Macintosh; Intel Mac OS X 10_15_7) AppleWebKit/537.36 (KHTML, like Gecko) Chrome/112.0.0.0 Safari/537.36"
172.18.0.1 - - [18/Apr/2023:16:19:06 +0000] "PUT /api/v1/actions/643ec2ef180a343b7261005d HTTP/1.1" 200 613 "http://localhost:8080/app/healthheroappsmith/pharmacist-page-1-643ebc2d180a343b72610040/edit/api/643ec2ef180a343b7261005d?branch=master&editName=false&from=datasources" "Mozilla/5.0 (Macintosh; Intel Mac OS X 10_15_7) AppleWebKit/537.36 (KHTML, like Gecko) Chrome/112.0.0.0 Safari/537.36"
172.18.0.1 - - [18/Apr/2023:16:19:07 +0000] "PUT /api/v1/actions/643ec2ef180a343b7261005d HTTP/1.1" 200 638 "http://localhost:8080/app/healthheroappsmith/pharmacist-page-1-643ebc2d180a343b72610040/edit/api/643ec2ef180a343b7261005d?branch=master&editName=false&from=datasources" "Mozilla/5.0 (Macintosh; Intel Mac OS X 10_15_7) AppleWebKit/537.36 (KHTML, like Gecko) Chrome/112.0.0.0 Safari/537.36"
172.18.0.1 - - [18/Apr/2023:16:19:09 +0000] "PUT /api/v1/actions/643ec2ef180a343b7261005d HTTP/1.1" 200 654 "http://localhost:8080/app/healthheroappsmith/pharmacist-page-1-643ebc2d180a343b72610040/edit/api/643ec2ef180a343b7261005d?branch=master&editName=false&from=datasources" "Mozilla/5.0 (Macintosh; Intel Mac OS X 10_15_7) AppleWebKit/537.36 (KHTML, like Gecko) Chrome/112.0.0.0 Safari/537.36"
172.18.0.1 - - [18/Apr/2023:16:19:10 +0000] "GET /api/v1/pages/643ebc2d180a343b72610041 HTTP/1.1" 200 1947 "http://localhost:8080/app/healthheroappsmith/pharmacist-page-2-643ebc2d180a343b72610041/edit?branch=master" "Mozilla/5.0 (Macintosh; Intel Mac OS X 10_15_7) AppleWebKit/537.36 (KHTML, like Gecko) Chrome/112.0.0.0 Safari/537.36"
172.18.0.1 - - [18/Apr/2023:16:19:13 +0000] "GET /api/v1/pages/643ebc2d180a343b72610040 HTTP/1.1" 200 5072 "http://localhost:8080/app/healthheroappsmith/pharmacist-page-1-643ebc2d180a343b72610040/edit?branch=master" "Mozilla/5.0 (Macintosh; Intel Mac OS X 10_15_7) AppleWebKit/537.36 (KHTML, like Gecko) Chrome/112.0.0.0 Safari/537.36"
172.18.0.1 - - [18/Apr/2023:16:19:14 +0000] "PUT /api/v1/actions/643ec2ef180a343b7261005d HTTP/1.1" 200 654 "http://localhost:8080/app/healthheroappsmith/pharmacist-page-1-643ebc2d180a343b72610040/edit/api/643ec2ef180a343b7261005d?branch=master" "Mozilla/5.0 (Macintosh; Intel Mac OS X 10_15_7) AppleWebKit/537.36 (KHTML, like Gecko) Chrome/112.0.0.0 Safari/537.36"
127.0.0.1 - - [18/Apr/2023:16:19:14 +0000] "GET / HTTP/1.1" 200 4263 "-" "curl/7.68.0"
172.18.0.1 - - [18/Apr/2023:16:19:23 +0000] "PUT /api/v1/layouts/643ebc2d180a343b7261003a/pages/643ebc2d180a343b72610040?applicationId=643ebc26180a343b72610033 HTTP/1.1" 200 5299 "http://localhost:8080/app/healthheroappsmith/pharmacist-page-1-643ebc2d180a343b72610040/edit/widgets/0m27oxrlg3?branch=master" "Mozilla/5.0 (Macintosh; Intel Mac OS X 10_15_7) AppleWebKit/537.36 (KHTML, like Gecko) Chrome/112.0.0.0 Safari/537.36"
172.18.0.1 - - [18/Apr/2023:16:19:26 +0000] "PUT /api/v1/layouts/643ebc2d180a343b7261003a/pages/643ebc2d180a343b72610040?applicationId=643ebc26180a343b72610033 HTTP/1.1" 200 5298 "http://localhost:8080/app/healthheroappsmith/pharmacist-page-1-643ebc2d180a343b72610040/edit/widgets/0m27oxrlg3?branch=master" "Mozilla/5.0 (Macintosh; Intel Mac OS X 10_15_7) AppleWebKit/537.36 (KHTML, like Gecko) Chrome/112.0.0.0 Safari/537.36"
172.18.0.1 - - [18/Apr/2023:16:19:27 +0000] "PUT /api/v1/layouts/643ebc2d180a343b7261003a/pages/643ebc2d180a343b72610040?applicationId=643ebc26180a343b72610033 HTTP/1.1" 200 5294 "http://localhost:8080/app/healthheroappsmith/pharmacist-page-1-643ebc2d180a343b72610040/edit/widgets/0m27oxrlg3?branch=master" "Mozilla/5.0 (Macintosh; Intel Mac OS X 10_15_7) AppleWebKit/537.36 (KHTML, like Gecko) Chrome/112.0.0.0 Safari/537.36"
172.18.0.1 - - [18/Apr/2023:16:19:29 +0000] "PUT /api/v1/layouts/643ebc2d180a343b7261003a/pages/643ebc2d180a343b72610040?applicationId=643ebc26180a343b72610033 HTTP/1.1" 200 5293 "http://localhost:8080/app/healthheroappsmith/pharmacist-page-1-643ebc2d180a343b72610040/edit/widgets/0m27oxrlg3?branch=master" "Mozilla/5.0 (Macintosh; Intel Mac OS X 10_15_7) AppleWebKit/537.36 (KHTML, like Gecko) Chrome/112.0.0.0 Safari/537.36"
127.0.0.1 - - [18/Apr/2023:16:19:29 +0000] "GET / HTTP/1.1" 200 4263 "-" "curl/7.68.0"
172.18.0.1 - - [18/Apr/2023:16:19:31 +0000] "PUT /api/v1/layouts/643ebc2d180a343b7261003a/pages/643ebc2d180a343b72610040?applicationId=643ebc26180a343b72610033 HTTP/1.1" 200 5290 "http://localhost:8080/app/healthheroappsmith/pharmacist-page-1-643ebc2d180a343b72610040/edit/widgets/0m27oxrlg3?branch=master" "Mozilla/5.0 (Macintosh; Intel Mac OS X 10_15_7) AppleWebKit/537.36 (KHTML, like Gecko) Chrome/112.0.0.0 Safari/537.36"
172.18.0.1 - - [18/Apr/2023:16:19:32 +0000] "PUT /api/v1/layouts/643ebc2d180a343b7261003a/pages/643ebc2d180a343b72610040?applicationId=643ebc26180a343b72610033 HTTP/1.1" 200 5210 "http://localhost:8080/app/healthheroappsmith/pharmacist-page-1-643ebc2d180a343b72610040/edit?branch=master" "Mozilla/5.0 (Macintosh; Intel Mac OS X 10_15_7) AppleWebKit/537.36 (KHTML, like Gecko) Chrome/112.0.0.0 Safari/537.36"
172.18.0.1 - - [18/Apr/2023:16:19:39 +0000] "PUT /api/v1/layouts/refactor HTTP/1.1" 200 5208 "http://localhost:8080/app/healthheroappsmith/pharmacist-page-1-643ebc2d180a343b72610040/edit/widgets/0m27oxrlg3?branch=master" "Mozilla/5.0 (Macintosh; Intel Mac OS X 10_15_7) AppleWebKit/537.36 (KHTML, like Gecko) Chrome/112.0.0.0 Safari/537.36"
172.18.0.1 - - [18/Apr/2023:16:19:39 +0000] "GET /api/v1/collections/actions?pageId=643ebc2d180a343b72610040 HTTP/1.1" 200 101 "http://localhost:8080/app/healthheroappsmith/pharmacist-page-1-643ebc2d180a343b72610040/edit/widgets/0m27oxrlg3?branch=master" "Mozilla/5.0 (Macintosh; Intel Mac OS X 10_15_7) AppleWebKit/537.36 (KHTML, like Gecko) Chrome/112.0.0.0 Safari/537.36"
172.18.0.1 - - [18/Apr/2023:16:19:39 +0000] "GET /api/v1/actions?pageId=643ebc2d180a343b72610040 HTTP/1.1" 200 823 "http://localhost:8080/app/healthheroappsmith/pharmacist-page-1-643ebc2d180a343b72610040/edit/widgets/0m27oxrlg3?branch=master" "Mozilla/5.0 (Macintosh; Intel Mac OS X 10_15_7) AppleWebKit/537.36 (KHTML, like Gecko) Chrome/112.0.0.0 Safari/537.36"
127.0.0.1 - - [18/Apr/2023:16:19:45 +0000] "GET / HTTP/1.1" 200 4263 "-" "curl/7.68.0"
172.18.0.1 - - [18/Apr/2023:16:19:50 +0000] "PUT /api/v1/layouts/643ebc2d180a343b7261003a/pages/643ebc2d180a343b72610040?applicationId=643ebc26180a343b72610033 HTTP/1.1" 200 5199 "http://localhost:8080/app/healthheroappsmith/pharmacist-page-1-643ebc2d180a343b72610040/edit/widgets/a12d02s388?branch=master" "Mozilla/5.0 (Macintosh; Intel Mac OS X 10_15_7) AppleWebKit/537.36 (KHTML, like Gecko) Chrome/112.0.0.0 Safari/537.36"
172.18.0.1 - - [18/Apr/2023:16:19:53 +0000] "PUT /api/v1/layouts/643ebc2d180a343b7261003a/pages/643ebc2d180a343b72610040?applicationId=643ebc26180a343b72610033 HTTP/1.1" 200 5206 "http://localhost:8080/app/healthheroappsmith/pharmacist-page-1-643ebc2d180a343b72610040/edit/widgets/a12d02s388?branch=master" "Mozilla/5.0 (Macintosh; Intel Mac OS X 10_15_7) AppleWebKit/537.36 (KHTML, like Gecko) Chrome/112.0.0.0 Safari/537.36"
172.18.0.1 - - [18/Apr/2023:16:19:54 +0000] "PUT /api/v1/layouts/643ebc2d180a343b7261003a/pages/643ebc2d180a343b72610040?applicationId=643ebc26180a343b72610033 HTTP/1.1" 200 5204 "http://localhost:8080/app/healthheroappsmith/pharmacist-page-1-643ebc2d180a343b72610040/edit/widgets/a12d02s388?branch=master" "Mozilla/5.0 (Macintosh; Intel Mac OS X 10_15_7) AppleWebKit/537.36 (KHTML, like Gecko) Chrome/112.0.0.0 Safari/537.36"
172.18.0.1 - - [18/Apr/2023:16:19:56 +0000] "PUT /api/v1/layouts/643ebc2d180a343b7261003a/pages/643ebc2d180a343b72610040?applicationId=643ebc26180a343b72610033 HTTP/1.1" 200 5187 "http://localhost:8080/app/healthheroappsmith/pharmacist-page-1-643ebc2d180a343b72610040/edit/widgets/a12d02s388?branch=master" "Mozilla/5.0 (Macintosh; Intel Mac OS X 10_15_7) AppleWebKit/537.36 (KHTML, like Gecko) Chrome/112.0.0.0 Safari/537.36"
127.0.0.1 - - [18/Apr/2023:16:20:00 +0000] "GET / HTTP/1.1" 200 4263 "-" "curl/7.68.0"
172.18.0.1 - - [18/Apr/2023:16:20:01 +0000] "PUT /api/v1/layouts/643ebc2d180a343b7261003a/pages/643ebc2d180a343b72610040?applicationId=643ebc26180a343b72610033 HTTP/1.1" 200 5186 "http://localhost:8080/app/healthheroappsmith/pharmacist-page-1-643ebc2d180a343b72610040/edit/widgets/a12d02s388?branch=master" "Mozilla/5.0 (Macintosh; Intel Mac OS X 10_15_7) AppleWebKit/537.36 (KHTML, like Gecko) Chrome/112.0.0.0 Safari/537.36"
172.18.0.1 - - [18/Apr/2023:16:20:03 +0000] "PUT /api/v1/layouts/643ebc2d180a343b7261003a/pages/643ebc2d180a343b72610040?applicationId=643ebc26180a343b72610033 HTTP/1.1" 200 5190 "http://localhost:8080/app/healthheroappsmith/pharmacist-page-1-643ebc2d180a343b72610040/edit/widgets/a12d02s388?branch=master" "Mozilla/5.0 (Macintosh; Intel Mac OS X 10_15_7) AppleWebKit/537.36 (KHTML, like Gecko) Chrome/112.0.0.0 Safari/537.36"
172.18.0.1 - - [18/Apr/2023:16:20:08 +0000] "PUT /api/v1/layouts/643ebc2d180a343b7261003a/pages/643ebc2d180a343b72610040?applicationId=643ebc26180a343b72610033 HTTP/1.1" 200 5290 "http://localhost:8080/app/healthheroappsmith/pharmacist-page-1-643ebc2d180a343b72610040/edit/widgets/byhrus9qmt?branch=master" "Mozilla/5.0 (Macintosh; Intel Mac OS X 10_15_7) AppleWebKit/537.36 (KHTML, like Gecko) Chrome/112.0.0.0 Safari/537.36"
127.0.0.1 - - [18/Apr/2023:16:20:15 +0000] "GET / HTTP/1.1" 200 4263 "-" "curl/7.68.0"
172.18.0.1 - - [18/Apr/2023:16:20:19 +0000] "PUT /api/v1/layouts/refactor HTTP/1.1" 200 5294 "http://localhost:8080/app/healthheroappsmith/pharmacist-page-1-643ebc2d180a343b72610040/edit/widgets/byhrus9qmt?branch=master" "Mozilla/5.0 (Macintosh; Intel Mac OS X 10_15_7) AppleWebKit/537.36 (KHTML, like Gecko) Chrome/112.0.0.0 Safari/537.36"
172.18.0.1 - - [18/Apr/2023:16:20:19 +0000] "GET /api/v1/collections/actions?pageId=643ebc2d180a343b72610040 HTTP/1.1" 200 101 "http://localhost:8080/app/healthheroappsmith/pharmacist-page-1-643ebc2d180a343b72610040/edit/widgets/byhrus9qmt?branch=master" "Mozilla/5.0 (Macintosh; Intel Mac OS X 10_15_7) AppleWebKit/537.36 (KHTML, like Gecko) Chrome/112.0.0.0 Safari/537.36"
172.18.0.1 - - [18/Apr/2023:16:20:19 +0000] "GET /api/v1/actions?pageId=643ebc2d180a343b72610040 HTTP/1.1" 200 832 "http://localhost:8080/app/healthheroappsmith/pharmacist-page-1-643ebc2d180a343b72610040/edit/widgets/byhrus9qmt?branch=master" "Mozilla/5.0 (Macintosh; Intel Mac OS X 10_15_7) AppleWebKit/537.36 (KHTML, like Gecko) Chrome/112.0.0.0 Safari/537.36"
172.18.0.1 - - [18/Apr/2023:16:20:21 +0000] "PUT /api/v1/layouts/643ebc2d180a343b7261003a/pages/643ebc2d180a343b72610040?applicationId=643ebc26180a343b72610033 HTTP/1.1" 200 5307 "http://localhost:8080/app/healthheroappsmith/pharmacist-page-1-643ebc2d180a343b72610040/edit/widgets/byhrus9qmt?branch=master" "Mozilla/5.0 (Macintosh; Intel Mac OS X 10_15_7) AppleWebKit/537.36 (KHTML, like Gecko) Chrome/112.0.0.0 Safari/537.36"
172.18.0.1 - - [18/Apr/2023:16:20:22 +0000] "PUT /api/v1/layouts/643ebc2d180a343b7261003a/pages/643ebc2d180a343b72610040?applicationId=643ebc26180a343b72610033 HTTP/1.1" 200 5309 "http://localhost:8080/app/healthheroappsmith/pharmacist-page-1-643ebc2d180a343b72610040/edit/widgets/byhrus9qmt?branch=master" "Mozilla/5.0 (Macintosh; Intel Mac OS X 10_15_7) AppleWebKit/537.36 (KHTML, like Gecko) Chrome/112.0.0.0 Safari/537.36"
172.18.0.1 - - [18/Apr/2023:16:20:23 +0000] "PUT /api/v1/layouts/643ebc2d180a343b7261003a/pages/643ebc2d180a343b72610040?applicationId=643ebc26180a343b72610033 HTTP/1.1" 200 5311 "http://localhost:8080/app/healthheroappsmith/pharmacist-page-1-643ebc2d180a343b72610040/edit/widgets/byhrus9qmt?branch=master" "Mozilla/5.0 (Macintosh; Intel Mac OS X 10_15_7) AppleWebKit/537.36 (KHTML, like Gecko) Chrome/112.0.0.0 Safari/537.36"
172.18.0.1 - - [18/Apr/2023:16:20:27 +0000] "PUT /api/v1/layouts/643ebc2d180a343b7261003a/pages/643ebc2d180a343b72610040?applicationId=643ebc26180a343b72610033 HTTP/1.1" 200 5311 "http://localhost:8080/app/healthheroappsmith/pharmacist-page-1-643ebc2d180a343b72610040/edit/widgets/byhrus9qmt?branch=master" "Mozilla/5.0 (Macintosh; Intel Mac OS X 10_15_7) AppleWebKit/537.36 (KHTML, like Gecko) Chrome/112.0.0.0 Safari/537.36"
172.18.0.1 - - [18/Apr/2023:16:20:29 +0000] "PUT /api/v1/layouts/643ebc2d180a343b7261003a/pages/643ebc2d180a343b72610040?applicationId=643ebc26180a343b72610033 HTTP/1.1" 200 5301 "http://localhost:8080/app/healthheroappsmith/pharmacist-page-1-643ebc2d180a343b72610040/edit/widgets/1q96w9s3j6?branch=master" "Mozilla/5.0 (Macintosh; Intel Mac OS X 10_15_7) AppleWebKit/537.36 (KHTML, like Gecko) Chrome/112.0.0.0 Safari/537.36"
127.0.0.1 - - [18/Apr/2023:16:20:30 +0000] "GET / HTTP/1.1" 200 4263 "-" "curl/7.68.0"
172.18.0.1 - - [18/Apr/2023:16:20:32 +0000] "PUT /api/v1/layouts/643ebc2d180a343b7261003a/pages/643ebc2d180a343b72610040?applicationId=643ebc26180a343b72610033 HTTP/1.1" 200 5305 "http://localhost:8080/app/healthheroappsmith/pharmacist-page-1-643ebc2d180a343b72610040/edit/widgets/0m27oxrlg3?branch=master" "Mozilla/5.0 (Macintosh; Intel Mac OS X 10_15_7) AppleWebKit/537.36 (KHTML, like Gecko) Chrome/112.0.0.0 Safari/537.36"
172.18.0.1 - - [18/Apr/2023:16:20:36 +0000] "PUT /api/v1/layouts/643ebc2d180a343b7261003a/pages/643ebc2d180a343b72610040?applicationId=643ebc26180a343b72610033 HTTP/1.1" 200 5300 "http://localhost:8080/app/healthheroappsmith/pharmacist-page-1-643ebc2d180a343b72610040/edit/widgets/1q96w9s3j6?branch=master" "Mozilla/5.0 (Macintosh; Intel Mac OS X 10_15_7) AppleWebKit/537.36 (KHTML, like Gecko) Chrome/112.0.0.0 Safari/537.36"
172.18.0.1 - - [18/Apr/2023:16:20:38 +0000] "POST /api/v1/usage-pulse HTTP/1.1" 201 76 "http://localhost:8080/app/healthheroappsmith/pharmacist-page-1-643ebc2d180a343b72610040/edit/widgets/byhrus9qmt?branch=master" "Mozilla/5.0 (Macintosh; Intel Mac OS X 10_15_7) AppleWebKit/537.36 (KHTML, like Gecko) Chrome/112.0.0.0 Safari/537.36"
172.18.0.1 - - [18/Apr/2023:16:20:39 +0000] "PUT /api/v1/layouts/643ebc2d180a343b7261003a/pages/643ebc2d180a343b72610040?applicationId=643ebc26180a343b72610033 HTTP/1.1" 200 5282 "http://localhost:8080/app/healthheroappsmith/pharmacist-page-1-643ebc2d180a343b72610040/edit/widgets/byhrus9qmt?branch=master" "Mozilla/5.0 (Macintosh; Intel Mac OS X 10_15_7) AppleWebKit/537.36 (KHTML, like Gecko) Chrome/112.0.0.0 Safari/537.36"
172.18.0.1 - - [18/Apr/2023:16:20:40 +0000] "PUT /api/v1/layouts/643ebc2d180a343b7261003a/pages/643ebc2d180a343b72610040?applicationId=643ebc26180a343b72610033 HTTP/1.1" 200 5286 "http://localhost:8080/app/healthheroappsmith/pharmacist-page-1-643ebc2d180a343b72610040/edit/widgets/byhrus9qmt?branch=master" "Mozilla/5.0 (Macintosh; Intel Mac OS X 10_15_7) AppleWebKit/537.36 (KHTML, like Gecko) Chrome/112.0.0.0 Safari/537.36"
172.18.0.1 - - [18/Apr/2023:16:20:42 +0000] "PUT /api/v1/layouts/643ebc2d180a343b7261003a/pages/643ebc2d180a343b72610040?applicationId=643ebc26180a343b72610033 HTTP/1.1" 200 5282 "http://localhost:8080/app/healthheroappsmith/pharmacist-page-1-643ebc2d180a343b72610040/edit?branch=master" "Mozilla/5.0 (Macintosh; Intel Mac OS X 10_15_7) AppleWebKit/537.36 (KHTML, like Gecko) Chrome/112.0.0.0 Safari/537.36"
127.0.0.1 - - [18/Apr/2023:16:20:46 +0000] "GET / HTTP/1.1" 200 4263 "-" "curl/7.68.0"
172.18.0.1 - - [18/Apr/2023:16:20:47 +0000] "PUT /api/v1/layouts/643ebc2d180a343b7261003a/pages/643ebc2d180a343b72610040?applicationId=643ebc26180a343b72610033 HTTP/1.1" 200 5270 "http://localhost:8080/app/healthheroappsmith/pharmacist-page-1-643ebc2d180a343b72610040/edit/widgets/1q96w9s3j6?branch=master" "Mozilla/5.0 (Macintosh; Intel Mac OS X 10_15_7) AppleWebKit/537.36 (KHTML, like Gecko) Chrome/112.0.0.0 Safari/537.36"
172.18.0.1 - - [18/Apr/2023:16:20:49 +0000] "PUT /api/v1/layouts/643ebc2d180a343b7261003a/pages/643ebc2d180a343b72610040?applicationId=643ebc26180a343b72610033 HTTP/1.1" 200 5270 "http://localhost:8080/app/healthheroappsmith/pharmacist-page-1-643ebc2d180a343b72610040/edit/widgets/1q96w9s3j6?branch=master" "Mozilla/5.0 (Macintosh; Intel Mac OS X 10_15_7) AppleWebKit/537.36 (KHTML, like Gecko) Chrome/112.0.0.0 Safari/537.36"
127.0.0.1 - - [18/Apr/2023:16:21:01 +0000] "GET / HTTP/1.1" 200 4263 "-" "curl/7.68.0"
172.18.0.1 - - [18/Apr/2023:16:21:02 +0000] "PUT /api/v1/layouts/643ebc2d180a343b7261003a/pages/643ebc2d180a343b72610040?applicationId=643ebc26180a343b72610033 HTTP/1.1" 200 5280 "http://localhost:8080/app/healthheroappsmith/pharmacist-page-1-643ebc2d180a343b72610040/edit/widgets/1q96w9s3j6?branch=master" "Mozilla/5.0 (Macintosh; Intel Mac OS X 10_15_7) AppleWebKit/537.36 (KHTML, like Gecko) Chrome/112.0.0.0 Safari/537.36"
172.18.0.1 - - [18/Apr/2023:16:21:05 +0000] "PUT /api/v1/layouts/643ebc2d180a343b7261003a/pages/643ebc2d180a343b72610040?applicationId=643ebc26180a343b72610033 HTTP/1.1" 200 5278 "http://localhost:8080/app/healthheroappsmith/pharmacist-page-1-643ebc2d180a343b72610040/edit?branch=master" "Mozilla/5.0 (Macintosh; Intel Mac OS X 10_15_7) AppleWebKit/537.36 (KHTML, like Gecko) Chrome/112.0.0.0 Safari/537.36"
172.18.0.1 - - [18/Apr/2023:16:21:11 +0000] "PUT /api/v1/actions/643ec2ef180a343b7261005d HTTP/1.1" 200 654 "http://localhost:8080/app/healthheroappsmith/pharmacist-page-1-643ebc2d180a343b72610040/edit/api/643ec2ef180a343b7261005d?branch=master" "Mozilla/5.0 (Macintosh; Intel Mac OS X 10_15_7) AppleWebKit/537.36 (KHTML, like Gecko) Chrome/112.0.0.0 Safari/537.36"
172.18.0.1 - - [18/Apr/2023:16:21:13 +0000] "PUT /api/v1/actions/643ec2ef180a343b7261005d HTTP/1.1" 200 656 "http://localhost:8080/app/healthheroappsmith/pharmacist-page-1-643ebc2d180a343b72610040/edit/api/643ec2ef180a343b7261005d?branch=master" "Mozilla/5.0 (Macintosh; Intel Mac OS X 10_15_7) AppleWebKit/537.36 (KHTML, like Gecko) Chrome/112.0.0.0 Safari/537.36"
172.18.0.1 - - [18/Apr/2023:16:21:16 +0000] "PUT /api/v1/actions/643ec2ef180a343b7261005d HTTP/1.1" 200 664 "http://localhost:8080/app/healthheroappsmith/pharmacist-page-1-643ebc2d180a343b72610040/edit/api/643ec2ef180a343b7261005d?branch=master" "Mozilla/5.0 (Macintosh; Intel Mac OS X 10_15_7) AppleWebKit/537.36 (KHTML, like Gecko) Chrome/112.0.0.0 Safari/537.36"
127.0.0.1 - - [18/Apr/2023:16:21:17 +0000] "GET / HTTP/1.1" 200 4263 "-" "curl/7.68.0"
172.18.0.1 - - [18/Apr/2023:16:21:17 +0000] "PUT /api/v1/actions/643ec2ef180a343b7261005d HTTP/1.1" 200 656 "http://localhost:8080/app/healthheroappsmith/pharmacist-page-1-643ebc2d180a343b72610040/edit/api/643ec2ef180a343b7261005d?branch=master" "Mozilla/5.0 (Macintosh; Intel Mac OS X 10_15_7) AppleWebKit/537.36 (KHTML, like Gecko) Chrome/112.0.0.0 Safari/537.36"
172.18.0.1 - - [18/Apr/2023:16:21:20 +0000] "PUT /api/v1/actions/643ec2ef180a343b7261005d HTTP/1.1" 200 661 "http://localhost:8080/app/healthheroappsmith/pharmacist-page-1-643ebc2d180a343b72610040/edit/api/643ec2ef180a343b7261005d?branch=master" "Mozilla/5.0 (Macintosh; Intel Mac OS X 10_15_7) AppleWebKit/537.36 (KHTML, like Gecko) Chrome/112.0.0.0 Safari/537.36"
172.18.0.1 - - [18/Apr/2023:16:21:21 +0000] "PUT /api/v1/actions/643ec2ef180a343b7261005d HTTP/1.1" 200 668 "http://localhost:8080/app/healthheroappsmith/pharmacist-page-1-643ebc2d180a343b72610040/edit/api/643ec2ef180a343b7261005d?branch=master" "Mozilla/5.0 (Macintosh; Intel Mac OS X 10_15_7) AppleWebKit/537.36 (KHTML, like Gecko) Chrome/112.0.0.0 Safari/537.36"
172.18.0.1 - - [18/Apr/2023:16:21:24 +0000] "GET /api/v1/pages/643ebc2d180a343b72610041 HTTP/1.1" 200 1947 "http://localhost:8080/app/healthheroappsmith/pharmacist-page-2-643ebc2d180a343b72610041/edit?branch=master" "Mozilla/5.0 (Macintosh; Intel Mac OS X 10_15_7) AppleWebKit/537.36 (KHTML, like Gecko) Chrome/112.0.0.0 Safari/537.36"
172.18.0.1 - - [18/Apr/2023:16:21:24 +0000] "GET /api/v1/pages/643ebc2d180a343b72610040 HTTP/1.1" 200 5415 "http://localhost:8080/app/healthheroappsmith/pharmacist-page-1-643ebc2d180a343b72610040/edit?branch=master" "Mozilla/5.0 (Macintosh; Intel Mac OS X 10_15_7) AppleWebKit/537.36 (KHTML, like Gecko) Chrome/112.0.0.0 Safari/537.36"
172.18.0.1 - - [18/Apr/2023:16:21:25 +0000] "PUT /api/v1/actions/643ec2ef180a343b7261005d HTTP/1.1" 200 668 "http://localhost:8080/app/healthheroappsmith/pharmacist-page-1-643ebc2d180a343b72610040/edit/api/643ec2ef180a343b7261005d?branch=master" "Mozilla/5.0 (Macintosh; Intel Mac OS X 10_15_7) AppleWebKit/537.36 (KHTML, like Gecko) Chrome/112.0.0.0 Safari/537.36"
172.18.0.1 - - [18/Apr/2023:16:21:29 +0000] "PUT /api/v1/actions/643ec2ef180a343b7261005d HTTP/1.1" 200 668 "http://localhost:8080/app/healthheroappsmith/pharmacist-page-1-643ebc2d180a343b72610040/edit/api/643ec2ef180a343b7261005d?branch=master" "Mozilla/5.0 (Macintosh; Intel Mac OS X 10_15_7) AppleWebKit/537.36 (KHTML, like Gecko) Chrome/112.0.0.0 Safari/537.36"
127.0.0.1 - - [18/Apr/2023:16:21:32 +0000] "GET / HTTP/1.1" 200 4263 "-" "curl/7.68.0"
172.18.0.1 - - [18/Apr/2023:16:21:34 +0000] "POST /api/v1/actions/execute HTTP/1.1" 200 525 "http://localhost:8080/app/healthheroappsmith/pharmacist-page-1-643ebc2d180a343b72610040/edit/widgets/1q96w9s3j6?branch=master" "Mozilla/5.0 (Macintosh; Intel Mac OS X 10_15_7) AppleWebKit/537.36 (KHTML, like Gecko) Chrome/112.0.0.0 Safari/537.36"
172.18.0.1 - - [18/Apr/2023:16:21:43 +0000] "PUT /api/v1/layouts/643ebc2d180a343b7261003a/pages/643ebc2d180a343b72610040?applicationId=643ebc26180a343b72610033 HTTP/1.1" 200 5405 "http://localhost:8080/app/healthheroappsmith/pharmacist-page-1-643ebc2d180a343b72610040/edit/widgets/lj54251uus?branch=master" "Mozilla/5.0 (Macintosh; Intel Mac OS X 10_15_7) AppleWebKit/537.36 (KHTML, like Gecko) Chrome/112.0.0.0 Safari/537.36"
172.18.0.1 - - [18/Apr/2023:16:21:46 +0000] "PUT /api/v1/layouts/643ebc2d180a343b7261003a/pages/643ebc2d180a343b72610040?applicationId=643ebc26180a343b72610033 HTTP/1.1" 200 5448 "http://localhost:8080/app/healthheroappsmith/pharmacist-page-1-643ebc2d180a343b72610040/edit/widgets/r5fp3ghtqb?branch=master" "Mozilla/5.0 (Macintosh; Intel Mac OS X 10_15_7) AppleWebKit/537.36 (KHTML, like Gecko) Chrome/112.0.0.0 Safari/537.36"
127.0.0.1 - - [18/Apr/2023:16:21:47 +0000] "GET / HTTP/1.1" 200 4263 "-" "curl/7.68.0"
172.18.0.1 - - [18/Apr/2023:16:21:51 +0000] "PUT /api/v1/layouts/643ebc2d180a343b7261003a/pages/643ebc2d180a343b72610040?applicationId=643ebc26180a343b72610033 HTTP/1.1" 200 5461 "http://localhost:8080/app/healthheroappsmith/pharmacist-page-1-643ebc2d180a343b72610040/edit/widgets/lj54251uus?branch=master" "Mozilla/5.0 (Macintosh; Intel Mac OS X 10_15_7) AppleWebKit/537.36 (KHTML, like Gecko) Chrome/112.0.0.0 Safari/537.36"
172.18.0.1 - - [18/Apr/2023:16:21:55 +0000] "PUT /api/v1/layouts/643ebc2d180a343b7261003a/pages/643ebc2d180a343b72610040?applicationId=643ebc26180a343b72610033 HTTP/1.1" 200 5477 "http://localhost:8080/app/healthheroappsmith/pharmacist-page-1-643ebc2d180a343b72610040/edit/widgets/lj54251uus?branch=master" "Mozilla/5.0 (Macintosh; Intel Mac OS X 10_15_7) AppleWebKit/537.36 (KHTML, like Gecko) Chrome/112.0.0.0 Safari/537.36"
172.18.0.1 - - [18/Apr/2023:16:21:56 +0000] "PUT /api/v1/layouts/643ebc2d180a343b7261003a/pages/643ebc2d180a343b72610040?applicationId=643ebc26180a343b72610033 HTTP/1.1" 200 5476 "http://localhost:8080/app/healthheroappsmith/pharmacist-page-1-643ebc2d180a343b72610040/edit/widgets/lj54251uus?branch=master" "Mozilla/5.0 (Macintosh; Intel Mac OS X 10_15_7) AppleWebKit/537.36 (KHTML, like Gecko) Chrome/112.0.0.0 Safari/537.36"
127.0.0.1 - - [18/Apr/2023:16:22:02 +0000] "GET / HTTP/1.1" 200 4263 "-" "curl/7.68.0"
172.18.0.1 - - [18/Apr/2023:16:22:13 +0000] "PUT /api/v1/layouts/643ebc2d180a343b7261003a/pages/643ebc2d180a343b72610040?applicationId=643ebc26180a343b72610033 HTTP/1.1" 200 5498 "http://localhost:8080/app/healthheroappsmith/pharmacist-page-1-643ebc2d180a343b72610040/edit/widgets/lj54251uus?branch=master" "Mozilla/5.0 (Macintosh; Intel Mac OS X 10_15_7) AppleWebKit/537.36 (KHTML, like Gecko) Chrome/112.0.0.0 Safari/537.36"
172.18.0.1 - - [18/Apr/2023:16:22:16 +0000] "PUT /api/v1/layouts/643ebc2d180a343b7261003a/pages/643ebc2d180a343b72610040?applicationId=643ebc26180a343b72610033 HTTP/1.1" 200 5501 "http://localhost:8080/app/healthheroappsmith/pharmacist-page-1-643ebc2d180a343b72610040/edit/widgets/lj54251uus?branch=master" "Mozilla/5.0 (Macintosh; Intel Mac OS X 10_15_7) AppleWebKit/537.36 (KHTML, like Gecko) Chrome/112.0.0.0 Safari/537.36"
127.0.0.1 - - [18/Apr/2023:16:22:18 +0000] "GET / HTTP/1.1" 200 4263 "-" "curl/7.68.0"
172.18.0.1 - - [18/Apr/2023:16:22:22 +0000] "PUT /api/v1/layouts/643ebc2d180a343b7261003a/pages/643ebc2d180a343b72610040?applicationId=643ebc26180a343b72610033 HTTP/1.1" 200 5510 "http://localhost:8080/app/healthheroappsmith/pharmacist-page-1-643ebc2d180a343b72610040/edit/widgets/r5fp3ghtqb?branch=master" "Mozilla/5.0 (Macintosh; Intel Mac OS X 10_15_7) AppleWebKit/537.36 (KHTML, like Gecko) Chrome/112.0.0.0 Safari/537.36"
172.18.0.1 - - [18/Apr/2023:16:22:24 +0000] "PUT /api/v1/layouts/643ebc2d180a343b7261003a/pages/643ebc2d180a343b72610040?applicationId=643ebc26180a343b72610033 HTTP/1.1" 200 5506 "http://localhost:8080/app/healthheroappsmith/pharmacist-page-1-643ebc2d180a343b72610040/edit/widgets/r5fp3ghtqb?branch=master" "Mozilla/5.0 (Macintosh; Intel Mac OS X 10_15_7) AppleWebKit/537.36 (KHTML, like Gecko) Chrome/112.0.0.0 Safari/537.36"
172.18.0.1 - - [18/Apr/2023:16:22:26 +0000] "PUT /api/v1/layouts/643ebc2d180a343b7261003a/pages/643ebc2d180a343b72610040?applicationId=643ebc26180a343b72610033 HTTP/1.1" 200 5502 "http://localhost:8080/app/healthheroappsmith/pharmacist-page-1-643ebc2d180a343b72610040/edit/widgets/r5fp3ghtqb?branch=master" "Mozilla/5.0 (Macintosh; Intel Mac OS X 10_15_7) AppleWebKit/537.36 (KHTML, like Gecko) Chrome/112.0.0.0 Safari/537.36"
172.18.0.1 - - [18/Apr/2023:16:22:31 +0000] "PUT /api/v1/layouts/643ebc2d180a343b7261003a/pages/643ebc2d180a343b72610040?applicationId=643ebc26180a343b72610033 HTTP/1.1" 200 5506 "http://localhost:8080/app/healthheroappsmith/pharmacist-page-1-643ebc2d180a343b72610040/edit/widgets/r5fp3ghtqb?branch=master" "Mozilla/5.0 (Macintosh; Intel Mac OS X 10_15_7) AppleWebKit/537.36 (KHTML, like Gecko) Chrome/112.0.0.0 Safari/537.36"
172.18.0.1 - - [18/Apr/2023:16:22:32 +0000] "GET /api/v1/pages/643ebc2d180a343b72610041 HTTP/1.1" 200 1947 "http://localhost:8080/app/healthheroappsmith/pharmacist-page-2-643ebc2d180a343b72610041/edit?branch=master" "Mozilla/5.0 (Macintosh; Intel Mac OS X 10_15_7) AppleWebKit/537.36 (KHTML, like Gecko) Chrome/112.0.0.0 Safari/537.36"
127.0.0.1 - - [18/Apr/2023:16:22:33 +0000] "GET / HTTP/1.1" 200 4263 "-" "curl/7.68.0"
172.18.0.1 - - [18/Apr/2023:16:22:35 +0000] "GET /api/v1/pages/643ebc2d180a343b72610040 HTTP/1.1" 200 5672 "http://localhost:8080/app/healthheroappsmith/pharmacist-page-1-643ebc2d180a343b72610040/edit?branch=master" "Mozilla/5.0 (Macintosh; Intel Mac OS X 10_15_7) AppleWebKit/537.36 (KHTML, like Gecko) Chrome/112.0.0.0 Safari/537.36"
172.18.0.1 - - [18/Apr/2023:16:22:41 +0000] "PUT /api/v1/layouts/643ebc2d180a343b7261003a/pages/643ebc2d180a343b72610040?applicationId=643ebc26180a343b72610033 HTTP/1.1" 200 5523 "http://localhost:8080/app/healthheroappsmith/pharmacist-page-1-643ebc2d180a343b72610040/edit/widgets/lj54251uus?branch=master" "Mozilla/5.0 (Macintosh; Intel Mac OS X 10_15_7) AppleWebKit/537.36 (KHTML, like Gecko) Chrome/112.0.0.0 Safari/537.36"
127.0.0.1 - - [18/Apr/2023:16:22:48 +0000] "GET / HTTP/1.1" 200 4263 "-" "curl/7.68.0"
172.18.0.1 - - [18/Apr/2023:16:22:49 +0000] "PUT /api/v1/layouts/643ebc2d180a343b7261003a/pages/643ebc2d180a343b72610040?applicationId=643ebc26180a343b72610033 HTTP/1.1" 200 5538 "http://localhost:8080/app/healthheroappsmith/pharmacist-page-1-643ebc2d180a343b72610040/edit/widgets/lj54251uus?branch=master" "Mozilla/5.0 (Macintosh; Intel Mac OS X 10_15_7) AppleWebKit/537.36 (KHTML, like Gecko) Chrome/112.0.0.0 Safari/537.36"
172.18.0.1 - - [18/Apr/2023:16:22:50 +0000] "GET /api/v1/pages/643ebc2d180a343b7261003e HTTP/1.1" 200 2402 "http://localhost:8080/app/healthheroappsmith/welcome-page-643ebc2d180a343b7261003e/edit?branch=master" "Mozilla/5.0 (Macintosh; Intel Mac OS X 10_15_7) AppleWebKit/537.36 (KHTML, like Gecko) Chrome/112.0.0.0 Safari/537.36"
172.18.0.1 - - [18/Apr/2023:16:22:53 +0000] "GET /api/v1/pages/643ebc2d180a343b72610040 HTTP/1.1" 200 5701 "http://localhost:8080/app/healthheroappsmith/pharmacist-page-1-643ebc2d180a343b72610040/edit?branch=master" "Mozilla/5.0 (Macintosh; Intel Mac OS X 10_15_7) AppleWebKit/537.36 (KHTML, like Gecko) Chrome/112.0.0.0 Safari/537.36"
172.18.0.1 - - [18/Apr/2023:16:22:56 +0000] "GET /api/v1/pages/643ebc2d180a343b72610041 HTTP/1.1" 200 1947 "http://localhost:8080/app/healthheroappsmith/pharmacist-page-2-643ebc2d180a343b72610041/edit?branch=master" "Mozilla/5.0 (Macintosh; Intel Mac OS X 10_15_7) AppleWebKit/537.36 (KHTML, like Gecko) Chrome/112.0.0.0 Safari/537.36"
127.0.0.1 - - [18/Apr/2023:16:23:04 +0000] "GET / HTTP/1.1" 200 4263 "-" "curl/7.68.0"
172.18.0.1 - - [18/Apr/2023:16:23:10 +0000] "PUT /api/v1/layouts/643ebc2d180a343b72610039/pages/643ebc2d180a343b72610041?applicationId=643ebc26180a343b72610033 HTTP/1.1" 200 2482 "http://localhost:8080/app/healthheroappsmith/pharmacist-page-2-643ebc2d180a343b72610041/edit/widgets/pqahtcrusy?branch=master" "Mozilla/5.0 (Macintosh; Intel Mac OS X 10_15_7) AppleWebKit/537.36 (KHTML, like Gecko) Chrome/112.0.0.0 Safari/537.36"
172.18.0.1 - - [18/Apr/2023:16:23:14 +0000] "PUT /api/v1/layouts/643ebc2d180a343b72610039/pages/643ebc2d180a343b72610041?applicationId=643ebc26180a343b72610033 HTTP/1.1" 200 2728 "http://localhost:8080/app/healthheroappsmith/pharmacist-page-2-643ebc2d180a343b72610041/edit/widgets/0ni9lp07m0?branch=master" "Mozilla/5.0 (Macintosh; Intel Mac OS X 10_15_7) AppleWebKit/537.36 (KHTML, like Gecko) Chrome/112.0.0.0 Safari/537.36"
172.18.0.1 - - [18/Apr/2023:16:23:17 +0000] "PUT /api/v1/layouts/643ebc2d180a343b72610039/pages/643ebc2d180a343b72610041?applicationId=643ebc26180a343b72610033 HTTP/1.1" 200 2697 "http://localhost:8080/app/healthheroappsmith/pharmacist-page-2-643ebc2d180a343b72610041/edit/widgets/0ni9lp07m0?branch=master" "Mozilla/5.0 (Macintosh; Intel Mac OS X 10_15_7) AppleWebKit/537.36 (KHTML, like Gecko) Chrome/112.0.0.0 Safari/537.36"
127.0.0.1 - - [18/Apr/2023:16:23:19 +0000] "GET / HTTP/1.1" 200 4263 "-" "curl/7.68.0"
172.18.0.1 - - [18/Apr/2023:16:23:20 +0000] "PUT /api/v1/layouts/643ebc2d180a343b72610039/pages/643ebc2d180a343b72610041?applicationId=643ebc26180a343b72610033 HTTP/1.1" 200 2889 "http://localhost:8080/app/healthheroappsmith/pharmacist-page-2-643ebc2d180a343b72610041/edit/widgets/lsfmgj20kl?branch=master" "Mozilla/5.0 (Macintosh; Intel Mac OS X 10_15_7) AppleWebKit/537.36 (KHTML, like Gecko) Chrome/112.0.0.0 Safari/537.36"
172.18.0.1 - - [18/Apr/2023:16:23:23 +0000] "PUT /api/v1/layouts/643ebc2d180a343b72610039/pages/643ebc2d180a343b72610041?applicationId=643ebc26180a343b72610033 HTTP/1.1" 200 3091 "http://localhost:8080/app/healthheroappsmith/pharmacist-page-2-643ebc2d180a343b72610041/edit/widgets/ixr4c9haqj?branch=master" "Mozilla/5.0 (Macintosh; Intel Mac OS X 10_15_7) AppleWebKit/537.36 (KHTML, like Gecko) Chrome/112.0.0.0 Safari/537.36"
127.0.0.1 - - [18/Apr/2023:16:23:34 +0000] "GET / HTTP/1.1" 200 4263 "-" "curl/7.68.0"
172.18.0.1 - - [18/Apr/2023:16:23:40 +0000] "PUT /api/v1/layouts/refactor HTTP/1.1" 200 3103 "http://localhost:8080/app/healthheroappsmith/pharmacist-page-2-643ebc2d180a343b72610041/edit/widgets/pqahtcrusy?branch=master" "Mozilla/5.0 (Macintosh; Intel Mac OS X 10_15_7) AppleWebKit/537.36 (KHTML, like Gecko) Chrome/112.0.0.0 Safari/537.36"
172.18.0.1 - - [18/Apr/2023:16:23:41 +0000] "GET /api/v1/collections/actions?pageId=643ebc2d180a343b72610041 HTTP/1.1" 200 101 "http://localhost:8080/app/healthheroappsmith/pharmacist-page-2-643ebc2d180a343b72610041/edit/widgets/pqahtcrusy?branch=master" "Mozilla/5.0 (Macintosh; Intel Mac OS X 10_15_7) AppleWebKit/537.36 (KHTML, like Gecko) Chrome/112.0.0.0 Safari/537.36"
172.18.0.1 - - [18/Apr/2023:16:23:41 +0000] "GET /api/v1/actions?pageId=643ebc2d180a343b72610041 HTTP/1.1" 200 101 "http://localhost:8080/app/healthheroappsmith/pharmacist-page-2-643ebc2d180a343b72610041/edit/widgets/pqahtcrusy?branch=master" "Mozilla/5.0 (Macintosh; Intel Mac OS X 10_15_7) AppleWebKit/537.36 (KHTML, like Gecko) Chrome/112.0.0.0 Safari/537.36"
172.18.0.1 - - [18/Apr/2023:16:23:42 +0000] "PUT /api/v1/layouts/643ebc2d180a343b72610039/pages/643ebc2d180a343b72610041?applicationId=643ebc26180a343b72610033 HTTP/1.1" 200 3074 "http://localhost:8080/app/healthheroappsmith/pharmacist-page-2-643ebc2d180a343b72610041/edit?branch=master" "Mozilla/5.0 (Macintosh; Intel Mac OS X 10_15_7) AppleWebKit/537.36 (KHTML, like Gecko) Chrome/112.0.0.0 Safari/537.36"
127.0.0.1 - - [18/Apr/2023:16:23:50 +0000] "GET / HTTP/1.1" 200 4263 "-" "curl/7.68.0"
172.18.0.1 - - [18/Apr/2023:16:23:51 +0000] "PUT /api/v1/layouts/643ebc2d180a343b72610039/pages/643ebc2d180a343b72610041?applicationId=643ebc26180a343b72610033 HTTP/1.1" 200 3110 "http://localhost:8080/app/healthheroappsmith/pharmacist-page-2-643ebc2d180a343b72610041/edit?branch=master" "Mozilla/5.0 (Macintosh; Intel Mac OS X 10_15_7) AppleWebKit/537.36 (KHTML, like Gecko) Chrome/112.0.0.0 Safari/537.36"
172.18.0.1 - - [18/Apr/2023:16:23:53 +0000] "PUT /api/v1/layouts/643ebc2d180a343b72610039/pages/643ebc2d180a343b72610041?applicationId=643ebc26180a343b72610033 HTTP/1.1" 200 3157 "http://localhost:8080/app/healthheroappsmith/pharmacist-page-2-643ebc2d180a343b72610041/edit/widgets/zma5xpbvpe?branch=master" "Mozilla/5.0 (Macintosh; Intel Mac OS X 10_15_7) AppleWebKit/537.36 (KHTML, like Gecko) Chrome/112.0.0.0 Safari/537.36"
172.18.0.1 - - [18/Apr/2023:16:24:00 +0000] "PUT /api/v1/layouts/643ebc2d180a343b72610039/pages/643ebc2d180a343b72610041?applicationId=643ebc26180a343b72610033 HTTP/1.1" 200 3470 "http://localhost:8080/app/healthheroappsmith/pharmacist-page-2-643ebc2d180a343b72610041/edit/widgets/un50qk7e2x?branch=master" "Mozilla/5.0 (Macintosh; Intel Mac OS X 10_15_7) AppleWebKit/537.36 (KHTML, like Gecko) Chrome/112.0.0.0 Safari/537.36"
172.18.0.1 - - [18/Apr/2023:16:24:01 +0000] "PUT /api/v1/layouts/643ebc2d180a343b72610039/pages/643ebc2d180a343b72610041?applicationId=643ebc26180a343b72610033 HTTP/1.1" 200 3472 "http://localhost:8080/app/healthheroappsmith/pharmacist-page-2-643ebc2d180a343b72610041/edit/widgets/un50qk7e2x?branch=master" "Mozilla/5.0 (Macintosh; Intel Mac OS X 10_15_7) AppleWebKit/537.36 (KHTML, like Gecko) Chrome/112.0.0.0 Safari/537.36"
127.0.0.1 - - [18/Apr/2023:16:24:05 +0000] "GET / HTTP/1.1" 200 4263 "-" "curl/7.68.0"
172.18.0.1 - - [18/Apr/2023:16:24:11 +0000] "PUT /api/v1/layouts/refactor HTTP/1.1" 200 3479 "http://localhost:8080/app/healthheroappsmith/pharmacist-page-2-643ebc2d180a343b72610041/edit/widgets/un50qk7e2x?branch=master" "Mozilla/5.0 (Macintosh; Intel Mac OS X 10_15_7) AppleWebKit/537.36 (KHTML, like Gecko) Chrome/112.0.0.0 Safari/537.36"
172.18.0.1 - - [18/Apr/2023:16:24:11 +0000] "GET /api/v1/collections/actions?pageId=643ebc2d180a343b72610041 HTTP/1.1" 200 101 "http://localhost:8080/app/healthheroappsmith/pharmacist-page-2-643ebc2d180a343b72610041/edit/widgets/un50qk7e2x?branch=master" "Mozilla/5.0 (Macintosh; Intel Mac OS X 10_15_7) AppleWebKit/537.36 (KHTML, like Gecko) Chrome/112.0.0.0 Safari/537.36"
172.18.0.1 - - [18/Apr/2023:16:24:11 +0000] "GET /api/v1/actions?pageId=643ebc2d180a343b72610041 HTTP/1.1" 200 101 "http://localhost:8080/app/healthheroappsmith/pharmacist-page-2-643ebc2d180a343b72610041/edit/widgets/un50qk7e2x?branch=master" "Mozilla/5.0 (Macintosh; Intel Mac OS X 10_15_7) AppleWebKit/537.36 (KHTML, like Gecko) Chrome/112.0.0.0 Safari/537.36"
172.18.0.1 - - [18/Apr/2023:16:24:13 +0000] "PUT /api/v1/layouts/643ebc2d180a343b72610039/pages/643ebc2d180a343b72610041?applicationId=643ebc26180a343b72610033 HTTP/1.1" 200 3488 "http://localhost:8080/app/healthheroappsmith/pharmacist-page-2-643ebc2d180a343b72610041/edit/widgets/un50qk7e2x?branch=master" "Mozilla/5.0 (Macintosh; Intel Mac OS X 10_15_7) AppleWebKit/537.36 (KHTML, like Gecko) Chrome/112.0.0.0 Safari/537.36"
172.18.0.1 - - [18/Apr/2023:16:24:16 +0000] "PUT /api/v1/layouts/643ebc2d180a343b72610039/pages/643ebc2d180a343b72610041?applicationId=643ebc26180a343b72610033 HTTP/1.1" 200 3495 "http://localhost:8080/app/healthheroappsmith/pharmacist-page-2-643ebc2d180a343b72610041/edit/widgets/pqahtcrusy?branch=master" "Mozilla/5.0 (Macintosh; Intel Mac OS X 10_15_7) AppleWebKit/537.36 (KHTML, like Gecko) Chrome/112.0.0.0 Safari/537.36"
172.18.0.1 - - [18/Apr/2023:16:24:18 +0000] "PUT /api/v1/layouts/643ebc2d180a343b72610039/pages/643ebc2d180a343b72610041?applicationId=643ebc26180a343b72610033 HTTP/1.1" 200 3499 "http://localhost:8080/app/healthheroappsmith/pharmacist-page-2-643ebc2d180a343b72610041/edit/widgets/pqahtcrusy?branch=master" "Mozilla/5.0 (Macintosh; Intel Mac OS X 10_15_7) AppleWebKit/537.36 (KHTML, like Gecko) Chrome/112.0.0.0 Safari/537.36"
172.18.0.1 - - [18/Apr/2023:16:24:20 +0000] "PUT /api/v1/layouts/643ebc2d180a343b72610039/pages/643ebc2d180a343b72610041?applicationId=643ebc26180a343b72610033 HTTP/1.1" 200 3504 "http://localhost:8080/app/healthheroappsmith/pharmacist-page-2-643ebc2d180a343b72610041/edit/widgets/pqahtcrusy?branch=master" "Mozilla/5.0 (Macintosh; Intel Mac OS X 10_15_7) AppleWebKit/537.36 (KHTML, like Gecko) Chrome/112.0.0.0 Safari/537.36"
127.0.0.1 - - [18/Apr/2023:16:24:20 +0000] "GET / HTTP/1.1" 200 4263 "-" "curl/7.68.0"
172.18.0.1 - - [18/Apr/2023:16:24:23 +0000] "PUT /api/v1/layouts/643ebc2d180a343b72610039/pages/643ebc2d180a343b72610041?applicationId=643ebc26180a343b72610033 HTTP/1.1" 200 3504 "http://localhost:8080/app/healthheroappsmith/pharmacist-page-2-643ebc2d180a343b72610041/edit/widgets/pqahtcrusy?branch=master" "Mozilla/5.0 (Macintosh; Intel Mac OS X 10_15_7) AppleWebKit/537.36 (KHTML, like Gecko) Chrome/112.0.0.0 Safari/537.36"
172.18.0.1 - - [18/Apr/2023:16:24:26 +0000] "PUT /api/v1/layouts/643ebc2d180a343b72610039/pages/643ebc2d180a343b72610041?applicationId=643ebc26180a343b72610033 HTTP/1.1" 200 3504 "http://localhost:8080/app/healthheroappsmith/pharmacist-page-2-643ebc2d180a343b72610041/edit/widgets/pqahtcrusy?branch=master" "Mozilla/5.0 (Macintosh; Intel Mac OS X 10_15_7) AppleWebKit/537.36 (KHTML, like Gecko) Chrome/112.0.0.0 Safari/537.36"
172.18.0.1 - - [18/Apr/2023:16:24:28 +0000] "PUT /api/v1/layouts/643ebc2d180a343b72610039/pages/643ebc2d180a343b72610041?applicationId=643ebc26180a343b72610033 HTTP/1.1" 200 3525 "http://localhost:8080/app/healthheroappsmith/pharmacist-page-2-643ebc2d180a343b72610041/edit/widgets/4esko2oov5?branch=master" "Mozilla/5.0 (Macintosh; Intel Mac OS X 10_15_7) AppleWebKit/537.36 (KHTML, like Gecko) Chrome/112.0.0.0 Safari/537.36"
172.18.0.1 - - [18/Apr/2023:16:24:31 +0000] "PUT /api/v1/layouts/643ebc2d180a343b72610039/pages/643ebc2d180a343b72610041?applicationId=643ebc26180a343b72610033 HTTP/1.1" 200 3518 "http://localhost:8080/app/healthheroappsmith/pharmacist-page-2-643ebc2d180a343b72610041/edit/widgets/pqahtcrusy?branch=master" "Mozilla/5.0 (Macintosh; Intel Mac OS X 10_15_7) AppleWebKit/537.36 (KHTML, like Gecko) Chrome/112.0.0.0 Safari/537.36"
127.0.0.1 - - [18/Apr/2023:16:24:36 +0000] "GET / HTTP/1.1" 200 4263 "-" "curl/7.68.0"
172.18.0.1 - - [18/Apr/2023:16:24:36 +0000] "PUT /api/v1/layouts/643ebc2d180a343b72610039/pages/643ebc2d180a343b72610041?applicationId=643ebc26180a343b72610033 HTTP/1.1" 200 3652 "http://localhost:8080/app/healthheroappsmith/pharmacist-page-2-643ebc2d180a343b72610041/edit/widgets/57sueva119?branch=master" "Mozilla/5.0 (Macintosh; Intel Mac OS X 10_15_7) AppleWebKit/537.36 (KHTML, like Gecko) Chrome/112.0.0.0 Safari/537.36"
172.18.0.1 - - [18/Apr/2023:16:24:40 +0000] "PUT /api/v1/layouts/643ebc2d180a343b72610039/pages/643ebc2d180a343b72610041?applicationId=643ebc26180a343b72610033 HTTP/1.1" 200 3644 "http://localhost:8080/app/healthheroappsmith/pharmacist-page-2-643ebc2d180a343b72610041/edit/widgets/un50qk7e2x?branch=master" "Mozilla/5.0 (Macintosh; Intel Mac OS X 10_15_7) AppleWebKit/537.36 (KHTML, like Gecko) Chrome/112.0.0.0 Safari/537.36"
172.18.0.1 - - [18/Apr/2023:16:24:43 +0000] "PUT /api/v1/layouts/643ebc2d180a343b72610039/pages/643ebc2d180a343b72610041?applicationId=643ebc26180a343b72610033 HTTP/1.1" 200 3706 "http://localhost:8080/app/healthheroappsmith/pharmacist-page-2-643ebc2d180a343b72610041/edit/widgets/26wjxowqf1?branch=master" "Mozilla/5.0 (Macintosh; Intel Mac OS X 10_15_7) AppleWebKit/537.36 (KHTML, like Gecko) Chrome/112.0.0.0 Safari/537.36"
172.18.0.1 - - [18/Apr/2023:16:24:45 +0000] "PUT /api/v1/layouts/643ebc2d180a343b72610039/pages/643ebc2d180a343b72610041?applicationId=643ebc26180a343b72610033 HTTP/1.1" 200 3703 "http://localhost:8080/app/healthheroappsmith/pharmacist-page-2-643ebc2d180a343b72610041/edit/widgets/pqahtcrusy?branch=master" "Mozilla/5.0 (Macintosh; Intel Mac OS X 10_15_7) AppleWebKit/537.36 (KHTML, like Gecko) Chrome/112.0.0.0 Safari/537.36"
172.18.0.1 - - [18/Apr/2023:16:24:47 +0000] "PUT /api/v1/layouts/643ebc2d180a343b72610039/pages/643ebc2d180a343b72610041?applicationId=643ebc26180a343b72610033 HTTP/1.1" 200 3761 "http://localhost:8080/app/healthheroappsmith/pharmacist-page-2-643ebc2d180a343b72610041/edit/widgets/ec047k5xqa?branch=master" "Mozilla/5.0 (Macintosh; Intel Mac OS X 10_15_7) AppleWebKit/537.36 (KHTML, like Gecko) Chrome/112.0.0.0 Safari/537.36"
127.0.0.1 - - [18/Apr/2023:16:24:51 +0000] "GET / HTTP/1.1" 200 4263 "-" "curl/7.68.0"
172.18.0.1 - - [18/Apr/2023:16:24:59 +0000] "PUT /api/v1/layouts/refactor HTTP/1.1" 200 3769 "http://localhost:8080/app/healthheroappsmith/pharmacist-page-2-643ebc2d180a343b72610041/edit/widgets/26wjxowqf1?branch=master" "Mozilla/5.0 (Macintosh; Intel Mac OS X 10_15_7) AppleWebKit/537.36 (KHTML, like Gecko) Chrome/112.0.0.0 Safari/537.36"
172.18.0.1 - - [18/Apr/2023:16:25:00 +0000] "GET /api/v1/collections/actions?pageId=643ebc2d180a343b72610041 HTTP/1.1" 200 101 "http://localhost:8080/app/healthheroappsmith/pharmacist-page-2-643ebc2d180a343b72610041/edit/widgets/26wjxowqf1?branch=master" "Mozilla/5.0 (Macintosh; Intel Mac OS X 10_15_7) AppleWebKit/537.36 (KHTML, like Gecko) Chrome/112.0.0.0 Safari/537.36"
172.18.0.1 - - [18/Apr/2023:16:25:00 +0000] "GET /api/v1/actions?pageId=643ebc2d180a343b72610041 HTTP/1.1" 200 101 "http://localhost:8080/app/healthheroappsmith/pharmacist-page-2-643ebc2d180a343b72610041/edit/widgets/26wjxowqf1?branch=master" "Mozilla/5.0 (Macintosh; Intel Mac OS X 10_15_7) AppleWebKit/537.36 (KHTML, like Gecko) Chrome/112.0.0.0 Safari/537.36"
127.0.0.1 - - [18/Apr/2023:16:25:07 +0000] "GET / HTTP/1.1" 200 4263 "-" "curl/7.68.0"
127.0.0.1 - - [18/Apr/2023:16:25:22 +0000] "GET / HTTP/1.1" 200 4263 "-" "curl/7.68.0"
172.18.0.1 - - [18/Apr/2023:16:25:22 +0000] "PUT /api/v1/layouts/refactor HTTP/1.1" 200 3762 "http://localhost:8080/app/healthheroappsmith/pharmacist-page-2-643ebc2d180a343b72610041/edit/widgets/26wjxowqf1?branch=master" "Mozilla/5.0 (Macintosh; Intel Mac OS X 10_15_7) AppleWebKit/537.36 (KHTML, like Gecko) Chrome/112.0.0.0 Safari/537.36"
172.18.0.1 - - [18/Apr/2023:16:25:22 +0000] "GET /api/v1/collections/actions?pageId=643ebc2d180a343b72610041 HTTP/1.1" 200 101 "http://localhost:8080/app/healthheroappsmith/pharmacist-page-2-643ebc2d180a343b72610041/edit/widgets/26wjxowqf1?branch=master" "Mozilla/5.0 (Macintosh; Intel Mac OS X 10_15_7) AppleWebKit/537.36 (KHTML, like Gecko) Chrome/112.0.0.0 Safari/537.36"
172.18.0.1 - - [18/Apr/2023:16:25:22 +0000] "GET /api/v1/actions?pageId=643ebc2d180a343b72610041 HTTP/1.1" 200 101 "http://localhost:8080/app/healthheroappsmith/pharmacist-page-2-643ebc2d180a343b72610041/edit/widgets/26wjxowqf1?branch=master" "Mozilla/5.0 (Macintosh; Intel Mac OS X 10_15_7) AppleWebKit/537.36 (KHTML, like Gecko) Chrome/112.0.0.0 Safari/537.36"
172.18.0.1 - - [18/Apr/2023:16:25:25 +0000] "PUT /api/v1/layouts/643ebc2d180a343b72610039/pages/643ebc2d180a343b72610041?applicationId=643ebc26180a343b72610033 HTTP/1.1" 200 3764 "http://localhost:8080/app/healthheroappsmith/pharmacist-page-2-643ebc2d180a343b72610041/edit/widgets/26wjxowqf1?branch=master" "Mozilla/5.0 (Macintosh; Intel Mac OS X 10_15_7) AppleWebKit/537.36 (KHTML, like Gecko) Chrome/112.0.0.0 Safari/537.36"
172.18.0.1 - - [18/Apr/2023:16:25:27 +0000] "PUT /api/v1/layouts/643ebc2d180a343b72610039/pages/643ebc2d180a343b72610041?applicationId=643ebc26180a343b72610033 HTTP/1.1" 200 3766 "http://localhost:8080/app/healthheroappsmith/pharmacist-page-2-643ebc2d180a343b72610041/edit/widgets/26wjxowqf1?branch=master" "Mozilla/5.0 (Macintosh; Intel Mac OS X 10_15_7) AppleWebKit/537.36 (KHTML, like Gecko) Chrome/112.0.0.0 Safari/537.36"
172.18.0.1 - - [18/Apr/2023:16:25:30 +0000] "PUT /api/v1/layouts/643ebc2d180a343b72610039/pages/643ebc2d180a343b72610041?applicationId=643ebc26180a343b72610033 HTTP/1.1" 200 3765 "http://localhost:8080/app/healthheroappsmith/pharmacist-page-2-643ebc2d180a343b72610041/edit/widgets/57sueva119?branch=master" "Mozilla/5.0 (Macintosh; Intel Mac OS X 10_15_7) AppleWebKit/537.36 (KHTML, like Gecko) Chrome/112.0.0.0 Safari/537.36"
172.18.0.1 - - [18/Apr/2023:16:25:37 +0000] "PUT /api/v1/layouts/refactor HTTP/1.1" 200 3765 "http://localhost:8080/app/healthheroappsmith/pharmacist-page-2-643ebc2d180a343b72610041/edit/widgets/57sueva119?branch=master" "Mozilla/5.0 (Macintosh; Intel Mac OS X 10_15_7) AppleWebKit/537.36 (KHTML, like Gecko) Chrome/112.0.0.0 Safari/537.36"
